0:0:0:0:0:0:0:1 - - [19/Sep/2014:14:13:48 +0530] "GET /ceo-dash/apis/ues/layout/ HTTP/1.1" 200 4 "https://localhost:9443/ceo-dash/" "Mozilla/5.0 (Macintosh; Intel Mac OS X 10.9; rv:32.0) Gecko/20100101 Firefox/32.0"
127.0.0.1 - - [19/Sep/2014:14:13:48 +0530] "GET /portal/gadgets/show-assets/show-assets.xml HTTP/1.1" 200 1769 "-" "Apache Shindig"
127.0.0.1 - - [19/Sep/2014:14:13:48 +0530] "GET /portal/gadgets/line-chart/line-chart.xml HTTP/1.1" 200 1014 "-" "Apache Shindig"
127.0.0.1 - - [19/Sep/2014:14:13:48 +0530] "GET /portal/gadgets/bar-chart/bar-chart.xml HTTP/1.1" 200 885 "-" "Apache Shindig"
127.0.0.1 - - [19/Sep/2014:14:13:48 +0530] "GET /portal/gadgets/bubble-chart/bubble-chart.xml HTTP/1.1" 200 1044 "-" "Apache Shindig"
0:0:0:0:0:0:0:1 - - [19/Sep/2014:14:13:48 +0530] "GET //gadgets/ifr?url=http%3A%2F%2Flocalhost%3A9763%2Fportal%2Fgadgets%2Fshow-assets%2Fshow-assets.xml&container=default&view=default&lang=en&country=US&debug=1&nocache=1&sanitize=0&v=d8213105a7083aec18c9bce3596dddd0&testmode=0&parent=https%3A%2F%2Flocalhost%3A9443&mid=0 HTTP/1.1" 304 - "https://localhost:9443/ceo-dash/" "Mozilla/5.0 (Macintosh; Intel Mac OS X 10.9; rv:32.0) Gecko/20100101 Firefox/32.0"
127.0.0.1 - - [19/Sep/2014:14:13:48 +0530] "GET /portal/gadgets/horizontal-bar-chart/horizontal-bar-chart.xml HTTP/1.1" 200 1036 "-" "Apache Shindig"
127.0.0.1 - - [19/Sep/2014:14:13:48 +0530] "GET /portal/gadgets/stacked-chart/stacked-chart.xml HTTP/1.1" 200 1105 "-" "Apache Shindig"
0:0:0:0:0:0:0:1 - - [19/Sep/2014:14:13:48 +0530] "POST //rpc?st=-1%3A-1%3A*%3A*%3A*%3A0%3Adefault HTTP/1.1" 200 1588 "https://localhost:9443/ceo-dash/" "Mozilla/5.0 (Macintosh; Intel Mac OS X 10.9; rv:32.0) Gecko/20100101 Firefox/32.0"
0:0:0:0:0:0:0:1 - - [19/Sep/2014:14:13:48 +0530] "POST //rpc?st=-1%3A-1%3A*%3A*%3A*%3A0%3Adefault HTTP/1.1" 200 1583 "https://localhost:9443/ceo-dash/" "Mozilla/5.0 (Macintosh; Intel Mac OS X 10.9; rv:32.0) Gecko/20100101 Firefox/32.0"
0:0:0:0:0:0:0:1 - - [19/Sep/2014:14:13:48 +0530] "POST //rpc?st=-1%3A-1%3A*%3A*%3A*%3A0%3Adefault HTTP/1.1" 200 1600 "https://localhost:9443/ceo-dash/" "Mozilla/5.0 (Macintosh; Intel Mac OS X 10.9; rv:32.0) Gecko/20100101 Firefox/32.0"
0:0:0:0:0:0:0:1 - - [19/Sep/2014:14:13:48 +0530] "POST //rpc?st=-1%3A-1%3A*%3A*%3A*%3A0%3Adefault HTTP/1.1" 200 1648 "https://localhost:9443/ceo-dash/" "Mozilla/5.0 (Macintosh; Intel Mac OS X 10.9; rv:32.0) Gecko/20100101 Firefox/32.0"
127.0.0.1 - - [19/Sep/2014:14:13:48 +0530] "GET /portal/gadgets/show-assets/css/styles.css HTTP/1.1" 200 2062 "-" "Apache Shindig"
127.0.0.1 - - [19/Sep/2014:14:13:48 +0530] "GET /portal/gadgets/show-assets/css/bootstrap.min.css HTTP/1.1" 200 15959 "-" "Apache Shindig"
127.0.0.1 - - [19/Sep/2014:14:13:48 +0530] "GET /portal/gadgets/line-chart/line-chart.xml HTTP/1.1" 200 1014 "-" "Apache Shindig"
127.0.0.1 - - [19/Sep/2014:14:13:48 +0530] "GET /portal/gadgets/show-assets/show-assets.xml HTTP/1.1" 200 1769 "-" "Apache Shindig"
127.0.0.1 - - [19/Sep/2014:14:13:48 +0530] "GET /portal/gadgets/bar-chart/bar-chart.xml HTTP/1.1" 200 885 "-" "Apache Shindig"
0:0:0:0:0:0:0:1 - - [19/Sep/2014:14:13:48 +0530] "POST //rpc?st=-1%3A-1%3A*%3A*%3A*%3A0%3Adefault HTTP/1.1" 200 1604 "https://localhost:9443/ceo-dash/" "Mozilla/5.0 (Macintosh; Intel Mac OS X 10.9; rv:32.0) Gecko/20100101 Firefox/32.0"
127.0.0.1 - - [19/Sep/2014:14:13:48 +0530] "GET /portal/gadgets/bubble-chart/bubble-chart.xml HTTP/1.1" 200 1044 "-" "Apache Shindig"
0:0:0:0:0:0:0:1 - - [19/Sep/2014:14:13:48 +0530] "GET //gadgets/ifr?url=http%3A%2F%2Flocalhost%3A9763%2Fportal%2Fgadgets%2Fbar-chart%2Fbar-chart.xml&container=default&view=default&lang=en&country=US&debug=1&nocache=1&sanitize=0&v=d8213105a7083aec18c9bce3596dddd0&testmode=0&parent=https%3A%2F%2Flocalhost%3A9443&mid=0 HTTP/1.1" 304 - "https://localhost:9443/ceo-dash/" "Mozilla/5.0 (Macintosh; Intel Mac OS X 10.9; rv:32.0) Gecko/20100101 Firefox/32.0"
0:0:0:0:0:0:0:1 - - [19/Sep/2014:14:13:48 +0530] "GET //gadgets/ifr?url=http%3A%2F%2Flocalhost%3A9763%2Fportal%2Fgadgets%2Fline-chart%2Fline-chart.xml&container=default&view=default&lang=en&country=US&debug=1&nocache=1&sanitize=0&v=d8213105a7083aec18c9bce3596dddd0&testmode=0&parent=https%3A%2F%2Flocalhost%3A9443&mid=0 HTTP/1.1" 200 1425 "https://localhost:9443/ceo-dash/" "Mozilla/5.0 (Macintosh; Intel Mac OS X 10.9; rv:32.0) Gecko/20100101 Firefox/32.0"
0:0:0:0:0:0:0:1 - - [19/Sep/2014:14:13:48 +0530] "GET //gadgets/ifr?url=http%3A%2F%2Flocalhost%3A9763%2Fportal%2Fgadgets%2Fbubble-chart%2Fbubble-chart.xml&container=default&view=default&lang=en&country=US&debug=1&nocache=1&sanitize=0&v=d8213105a7083aec18c9bce3596dddd0&testmode=0&parent=https%3A%2F%2Flocalhost%3A9443&mid=0 HTTP/1.1" 200 1468 "https://localhost:9443/ceo-dash/" "Mozilla/5.0 (Macintosh; Intel Mac OS X 10.9; rv:32.0) Gecko/20100101 Firefox/32.0"
127.0.0.1 - - [19/Sep/2014:14:13:48 +0530] "GET /portal/gadgets/stacked-chart/stacked-chart.xml HTTP/1.1" 200 1105 "-" "Apache Shindig"
127.0.0.1 - - [19/Sep/2014:14:13:48 +0530] "GET /portal/gadgets/horizontal-bar-chart/horizontal-bar-chart.xml HTTP/1.1" 200 1036 "-" "Apache Shindig"
0:0:0:0:0:0:0:1 - - [19/Sep/2014:14:13:48 +0530] "GET //gadgets/ifr?url=http%3A%2F%2Flocalhost%3A9763%2Fportal%2Fgadgets%2Fhorizontal-bar-chart%2Fhorizontal-bar-chart.xml&container=default&view=default&lang=en&country=US&debug=1&nocache=1&sanitize=0&v=d8213105a7083aec18c9bce3596dddd0&testmode=0&parent=https%3A%2F%2Flocalhost%3A9443&mid=0 HTTP/1.1" 304 - "https://localhost:9443/ceo-dash/" "Mozilla/5.0 (Macintosh; Intel Mac OS X 10.9; rv:32.0) Gecko/20100101 Firefox/32.0"
0:0:0:0:0:0:0:1 - - [19/Sep/2014:14:13:48 +0530] "GET //gadgets/ifr?url=http%3A%2F%2Flocalhost%3A9763%2Fportal%2Fgadgets%2Fstacked-chart%2Fstacked-chart.xml&container=default&view=default&lang=en&country=US&debug=1&nocache=1&sanitize=0&v=d8213105a7083aec18c9bce3596dddd0&testmode=0&parent=https%3A%2F%2Flocalhost%3A9443&mid=0 HTTP/1.1" 200 1512 "https://localhost:9443/ceo-dash/" "Mozilla/5.0 (Macintosh; Intel Mac OS X 10.9; rv:32.0) Gecko/20100101 Firefox/32.0"
127.0.0.1 - - [19/Sep/2014:14:13:48 +0530] "GET /portal/themes/portal/css/flot-graph.css HTTP/1.1" 200 1294 "-" "Apache Shindig"
127.0.0.1 - - [19/Sep/2014:14:13:48 +0530] "GET /portal/gadgets/show-assets/show-assets.xml HTTP/1.1" 200 1769 "-" "Apache Shindig"
127.0.0.1 - - [19/Sep/2014:14:13:48 +0530] "GET /portal/themes/portal/css/flot-graph.css HTTP/1.1" 200 1294 "-" "Apache Shindig"
127.0.0.1 - - [19/Sep/2014:14:13:48 +0530] "GET /portal/gadgets/line-chart/line-chart.xml HTTP/1.1" 200 1014 "-" "Apache Shindig"
127.0.0.1 - - [19/Sep/2014:14:13:48 +0530] "GET /portal/themes/portal/css/bootstrap.min.css HTTP/1.1" 200 18754 "-" "Apache Shindig"
127.0.0.1 - - [19/Sep/2014:14:13:48 +0530] "GET /portal/themes/portal/css/bootstrap.min.css HTTP/1.1" 200 18754 "-" "Apache Shindig"
127.0.0.1 - - [19/Sep/2014:14:13:48 +0530] "GET /portal/gadgets/bubble-chart/bubble-chart.xml HTTP/1.1" 200 1044 "-" "Apache Shindig"
127.0.0.1 - - [19/Sep/2014:14:13:48 +0530] "GET /portal/gadgets/line-chart/line-chart.xml HTTP/1.1" 200 1014 "-" "Apache Shindig"
127.0.0.1 - - [19/Sep/2014:14:13:48 +0530] "GET /portal/gadgets/bubble-chart/bubble-chart.xml HTTP/1.1" 200 1044 "-" "Apache Shindig"
0:0:0:0:0:0:0:1 - - [19/Sep/2014:14:13:48 +0530] "GET //gadgets/concat?container=default&gadget=http%3A%2F%2Flocalhost%3A9763%2Fportal%2Fgadgets%2Fshow-assets%2Fshow-assets.xml&debug=1&nocache=1&type=css&1=http%3A%2F%2Flocalhost%3A9763%2Fportal%2Fgadgets%2Fshow-assets%2Fcss%2Fbootstrap.min.css&2=http%3A%2F%2Flocalhost%3A9763%2Fportal%2Fgadgets%2Fshow-assets%2Fcss%2Fstyles.css HTTP/1.1" 304 - "https://localhost:9443//gadgets/ifr?url=http%3A%2F%2Flocalhost%3A9763%2Fportal%2Fgadgets%2Fshow-assets%2Fshow-assets.xml&container=default&view=default&lang=en&country=US&debug=1&nocache=1&sanitize=0&v=d8213105a7083aec18c9bce3596dddd0&testmode=0&parent=https%3A%2F%2Flocalhost%3A9443&mid=0" "Mozilla/5.0 (Macintosh; Intel Mac OS X 10.9; rv:32.0) Gecko/20100101 Firefox/32.0"
127.0.0.1 - - [19/Sep/2014:14:13:48 +0530] "GET /portal/gadgets/show-assets/js/load-assets.js HTTP/1.1" 200 2901 "-" "Apache Shindig"
127.0.0.1 - - [19/Sep/2014:14:13:48 +0530] "GET /portal/gadgets/show-assets/js/bootstrap.min.js HTTP/1.1" 200 4218 "-" "Apache Shindig"
127.0.0.1 - - [19/Sep/2014:14:13:48 +0530] "GET /portal/gadgets/show-assets/js/jquery.validate.js HTTP/1.1" 200 10011 "-" "Apache Shindig"
127.0.0.1 - - [19/Sep/2014:14:13:48 +0530] "GET /portal/gadgets/show-assets/js/jquery.nicescroll.min.js HTTP/1.1" 200 14017 "-" "Apache Shindig"
127.0.0.1 - - [19/Sep/2014:14:13:48 +0530] "GET /portal/gadgets/show-assets/js/handlebars.js HTTP/1.1" 200 18303 "-" "Apache Shindig"
127.0.0.1 - - [19/Sep/2014:14:13:48 +0530] "GET /portal/gadgets/show-assets/js/jquery-1.8.3.min.js HTTP/1.1" 200 33942 "-" "Apache Shindig"
127.0.0.1 - - [19/Sep/2014:14:13:48 +0530] "GET /portal/gadgets/show-assets/show-assets.xml HTTP/1.1" 200 1769 "-" "Apache Shindig"
127.0.0.1 - - [19/Sep/2014:14:13:48 +0530] "GET /portal/themes/portal/css/flot-graph.css HTTP/1.1" 200 1294 "-" "Apache Shindig"
127.0.0.1 - - [19/Sep/2014:14:13:48 +0530] "GET /portal/gadgets/show-assets/show-assets.xml HTTP/1.1" 200 1769 "-" "Apache Shindig"
127.0.0.1 - - [19/Sep/2014:14:13:48 +0530] "GET /portal/themes/portal/css/flot-graph.css HTTP/1.1" 200 1294 "-" "Apache Shindig"
127.0.0.1 - - [19/Sep/2014:14:13:48 +0530] "GET /portal/themes/portal/css/bootstrap.min.css HTTP/1.1" 200 18754 "-" "Apache Shindig"
127.0.0.1 - - [19/Sep/2014:14:13:48 +0530] "GET /portal/gadgets/stacked-chart/stacked-chart.xml HTTP/1.1" 200 1105 "-" "Apache Shindig"
127.0.0.1 - - [19/Sep/2014:14:13:48 +0530] "GET /portal/gadgets/show-assets/show-assets.xml HTTP/1.1" 200 1769 "-" "Apache Shindig"
127.0.0.1 - - [19/Sep/2014:14:13:48 +0530] "GET /portal/themes/portal/css/bootstrap.min.css HTTP/1.1" 200 18754 "-" "Apache Shindig"
127.0.0.1 - - [19/Sep/2014:14:13:48 +0530] "GET /portal/gadgets/bar-chart/bar-chart.xml HTTP/1.1" 200 885 "-" "Apache Shindig"
127.0.0.1 - - [19/Sep/2014:14:13:48 +0530] "GET /portal/gadgets/show-assets/show-assets.xml HTTP/1.1" 200 1769 "-" "Apache Shindig"
127.0.0.1 - - [19/Sep/2014:14:13:48 +0530] "GET /portal/gadgets/stacked-chart/stacked-chart.xml HTTP/1.1" 200 1105 "-" "Apache Shindig"
127.0.0.1 - - [19/Sep/2014:14:13:48 +0530] "GET /portal/gadgets/show-assets/show-assets.xml HTTP/1.1" 200 1769 "-" "Apache Shindig"
127.0.0.1 - - [19/Sep/2014:14:13:48 +0530] "GET /portal/gadgets/bar-chart/bar-chart.xml HTTP/1.1" 200 885 "-" "Apache Shindig"
127.0.0.1 - - [19/Sep/2014:14:13:48 +0530] "GET /portal/gadgets/show-assets/show-assets.xml HTTP/1.1" 200 1769 "-" "Apache Shindig"
127.0.0.1 - - [19/Sep/2014:14:13:48 +0530] "GET /portal/themes/portal/css/flot-graph.css HTTP/1.1" 200 1294 "-" "Apache Shindig"
0:0:0:0:0:0:0:1 - - [19/Sep/2014:14:13:48 +0530] "GET //gadgets/concat?container=default&gadget=http%3A%2F%2Flocalhost%3A9763%2Fportal%2Fgadgets%2Fshow-assets%2Fshow-assets.xml&debug=1&nocache=1&type=js&1=http%3A%2F%2Flocalhost%3A9763%2Fportal%2Fgadgets%2Fshow-assets%2Fjs%2Fjquery-1.8.3.min.js&2=http%3A%2F%2Flocalhost%3A9763%2Fportal%2Fgadgets%2Fshow-assets%2Fjs%2Fjquery.validate.js&3=http%3A%2F%2Flocalhost%3A9763%2Fportal%2Fgadgets%2Fshow-assets%2Fjs%2Fhandlebars.js&4=http%3A%2F%2Flocalhost%3A9763%2Fportal%2Fgadgets%2Fshow-assets%2Fjs%2Fbootstrap.min.js&5=http%3A%2F%2Flocalhost%3A9763%2Fportal%2Fgadgets%2Fshow-assets%2Fjs%2Fload-assets.js&6=http%3A%2F%2Flocalhost%3A9763%2Fportal%2Fgadgets%2Fshow-assets%2Fjs%2Fjquery.nicescroll.min.js HTTP/1.1" 304 - "https://localhost:9443//gadgets/ifr?url=http%3A%2F%2Flocalhost%3A9763%2Fportal%2Fgadgets%2Fshow-assets%2Fshow-assets.xml&container=default&view=default&lang=en&country=US&debug=1&nocache=1&sanitize=0&v=d8213105a7083aec18c9bce3596dddd0&testmode=0&parent=https%3A%2F%2Flocalhost%3A9443&mid=0" "Mozilla/5.0 (Macintosh; Intel Mac OS X 10.9; rv:32.0) Gecko/20100101 Firefox/32.0"
127.0.0.1 - - [19/Sep/2014:14:13:48 +0530] "GET /portal/themes/portal/css/bootstrap.min.css HTTP/1.1" 200 18754 "-" "Apache Shindig"
127.0.0.1 - - [19/Sep/2014:14:13:48 +0530] "GET /portal/gadgets/horizontal-bar-chart/horizontal-bar-chart.xml HTTP/1.1" 200 1036 "-" "Apache Shindig"
127.0.0.1 - - [19/Sep/2014:14:13:48 +0530] "GET /portal/gadgets/horizontal-bar-chart/horizontal-bar-chart.xml HTTP/1.1" 200 1036 "-" "Apache Shindig"
0:0:0:0:0:0:0:1 - - [19/Sep/2014:14:13:48 +0530] "GET /store/apis/myAsset/ HTTP/1.1" 401 975 "https://localhost:9443//gadgets/ifr?url=http%3A%2F%2Flocalhost%3A9763%2Fportal%2Fgadgets%2Fshow-assets%2Fshow-assets.xml&container=default&view=default&lang=en&country=US&debug=1&nocache=1&sanitize=0&v=d8213105a7083aec18c9bce3596dddd0&testmode=0&parent=https%3A%2F%2Flocalhost%3A9443&mid=0" "Mozilla/5.0 (Macintosh; Intel Mac OS X 10.9; rv:32.0) Gecko/20100101 Firefox/32.0"
0:0:0:0:0:0:0:1 - - [19/Sep/2014:14:13:48 +0530] "GET /store/apis/tag/gadget HTTP/1.1" 200 462 "https://localhost:9443//gadgets/ifr?url=http%3A%2F%2Flocalhost%3A9763%2Fportal%2Fgadgets%2Fshow-assets%2Fshow-assets.xml&container=default&view=default&lang=en&country=US&debug=1&nocache=1&sanitize=0&v=d8213105a7083aec18c9bce3596dddd0&testmode=0&parent=https%3A%2F%2Flocalhost%3A9443&mid=0" "Mozilla/5.0 (Macintosh; Intel Mac OS X 10.9; rv:32.0) Gecko/20100101 Firefox/32.0"
0:0:0:0:0:0:0:1 - - [19/Sep/2014:14:13:48 +0530] "GET //gadgets/concat?container=default&gadget=http%3A%2F%2Flocalhost%3A9763%2Fportal%2Fgadgets%2Fbubble-chart%2Fbubble-chart.xml&debug=1&nocache=1&type=css&1=http%3A%2F%2Flocalhost%3A9763%2Fportal%2Fthemes%2Fportal%2Fcss%2Fflot-graph.css&2=http%3A%2F%2Flocalhost%3A9763%2Fportal%2Fthemes%2Fportal%2Fcss%2Fbootstrap.min.css HTTP/1.1" 200 16230 "https://localhost:9443//gadgets/ifr?url=http%3A%2F%2Flocalhost%3A9763%2Fportal%2Fgadgets%2Fbubble-chart%2Fbubble-chart.xml&container=default&view=default&lang=en&country=US&debug=1&nocache=1&sanitize=0&v=d8213105a7083aec18c9bce3596dddd0&testmode=0&parent=https%3A%2F%2Flocalhost%3A9443&mid=0" "Mozilla/5.0 (Macintosh; Intel Mac OS X 10.9; rv:32.0) Gecko/20100101 Firefox/32.0"
0:0:0:0:0:0:0:1 - - [19/Sep/2014:14:13:48 +0530] "GET //gadgets/concat?container=default&gadget=http%3A%2F%2Flocalhost%3A9763%2Fportal%2Fgadgets%2Fline-chart%2Fline-chart.xml&debug=1&nocache=1&type=css&1=http%3A%2F%2Flocalhost%3A9763%2Fportal%2Fthemes%2Fportal%2Fcss%2Fflot-graph.css&2=http%3A%2F%2Flocalhost%3A9763%2Fportal%2Fthemes%2Fportal%2Fcss%2Fbootstrap.min.css HTTP/1.1" 200 16230 "https://localhost:9443//gadgets/ifr?url=http%3A%2F%2Flocalhost%3A9763%2Fportal%2Fgadgets%2Fline-chart%2Fline-chart.xml&container=default&view=default&lang=en&country=US&debug=1&nocache=1&sanitize=0&v=d8213105a7083aec18c9bce3596dddd0&testmode=0&parent=https%3A%2F%2Flocalhost%3A9443&mid=0" "Mozilla/5.0 (Macintosh; Intel Mac OS X 10.9; rv:32.0) Gecko/20100101 Firefox/32.0"
127.0.0.1 - - [19/Sep/2014:14:13:48 +0530] "GET /portal/js/flot/excanvas.min.js HTTP/1.1" 200 8433 "-" "Apache Shindig"
127.0.0.1 - - [19/Sep/2014:14:13:48 +0530] "GET /portal/js/bootstrap.js HTTP/1.1" 200 10558 "-" "Apache Shindig"
127.0.0.1 - - [19/Sep/2014:14:13:48 +0530] "GET /portal/js/flot/jquery.flot.js HTTP/1.1" 200 26419 "-" "Apache Shindig"
127.0.0.1 - - [19/Sep/2014:14:13:48 +0530] "GET /portal/js/flot/jumflot/jquery.flot.JUMlib.js HTTP/1.1" 200 5243 "-" "Apache Shindig"
127.0.0.1 - - [19/Sep/2014:14:13:48 +0530] "GET /portal/js/flot/jquery.flot.selection.js HTTP/1.1" 200 3861 "-" "Apache Shindig"
127.0.0.1 - - [19/Sep/2014:14:13:48 +0530] "GET /portal/js/flot/jquery.flot.navigate.js HTTP/1.1" 200 4603 "-" "Apache Shindig"
127.0.0.1 - - [19/Sep/2014:14:13:49 +0530] "GET /portal/js/flot/jquery.flot.resize.js HTTP/1.1" 200 1178 "-" "Apache Shindig"
127.0.0.1 - - [19/Sep/2014:14:13:49 +0530] "GET /portal/gadgets/bubble-chart/js/options-bubble.js HTTP/1.1" 200 642 "-" "Apache Shindig"
127.0.0.1 - - [19/Sep/2014:14:13:49 +0530] "GET /portal/js/flot/excanvas.min.js HTTP/1.1" 200 8433 "-" "Apache Shindig"
127.0.0.1 - - [19/Sep/2014:14:13:49 +0530] "GET /portal/js/flot-chart-core.js HTTP/1.1" 200 1687 "-" "Apache Shindig"
127.0.0.1 - - [19/Sep/2014:14:13:49 +0530] "GET /portal/gadgets/bubble-chart/bubble-chart.xml HTTP/1.1" 200 1044 "-" "Apache Shindig"
127.0.0.1 - - [19/Sep/2014:14:13:49 +0530] "GET /portal/js/bootstrap.js HTTP/1.1" 200 10558 "-" "Apache Shindig"
127.0.0.1 - - [19/Sep/2014:14:13:49 +0530] "GET /portal/js/flot/jumflot/jquery.flot.bubbles.js HTTP/1.1" 200 2382 "-" "Apache Shindig"
127.0.0.1 - - [19/Sep/2014:14:13:49 +0530] "GET /portal/js/flot/jquery.flot.resize.js HTTP/1.1" 200 1178 "-" "Apache Shindig"
127.0.0.1 - - [19/Sep/2014:14:13:49 +0530] "GET /portal/js/flot/jquery.flot.selection.js HTTP/1.1" 200 3861 "-" "Apache Shindig"
127.0.0.1 - - [19/Sep/2014:14:13:49 +0530] "GET /portal/js/flot/jquery.flot.navigate.js HTTP/1.1" 200 4603 "-" "Apache Shindig"
127.0.0.1 - - [19/Sep/2014:14:13:49 +0530] "GET /portal/js/flot/jquery.flot.js HTTP/1.1" 200 26419 "-" "Apache Shindig"
127.0.0.1 - - [19/Sep/2014:14:13:49 +0530] "GET /portal/js/flot/jquery.js HTTP/1.1" 200 81076 "-" "Apache Shindig"
127.0.0.1 - - [19/Sep/2014:14:13:49 +0530] "GET /portal/js/flot/jumflot/jquery.flot.mouse.js HTTP/1.1" 200 3457 "-" "Apache Shindig"
127.0.0.1 - - [19/Sep/2014:14:13:49 +0530] "GET /portal/gadgets/line-chart/line-chart.xml HTTP/1.1" 200 1014 "-" "Apache Shindig"
127.0.0.1 - - [19/Sep/2014:14:13:49 +0530] "GET /portal/js/flot-chart-core.js HTTP/1.1" 200 1687 "-" "Apache Shindig"
127.0.0.1 - - [19/Sep/2014:14:13:49 +0530] "GET /portal/gadgets/line-chart/js/options-line.js HTTP/1.1" 200 838 "-" "Apache Shindig"
0:0:0:0:0:0:0:1 - - [19/Sep/2014:14:13:49 +0530] "GET //gadgets/concat?container=default&gadget=http%3A%2F%2Flocalhost%3A9763%2Fportal%2Fgadgets%2Fhorizontal-bar-chart%2Fhorizontal-bar-chart.xml&debug=1&nocache=1&type=css&1=http%3A%2F%2Flocalhost%3A9763%2Fportal%2Fthemes%2Fportal%2Fcss%2Fflot-graph.css&2=http%3A%2F%2Flocalhost%3A9763%2Fportal%2Fthemes%2Fportal%2Fcss%2Fbootstrap.min.css HTTP/1.1" 304 - "https://localhost:9443//gadgets/ifr?url=http%3A%2F%2Flocalhost%3A9763%2Fportal%2Fgadgets%2Fhorizontal-bar-chart%2Fhorizontal-bar-chart.xml&container=default&view=default&lang=en&country=US&debug=1&nocache=1&sanitize=0&v=d8213105a7083aec18c9bce3596dddd0&testmode=0&parent=https%3A%2F%2Flocalhost%3A9443&mid=0" "Mozilla/5.0 (Macintosh; Intel Mac OS X 10.9; rv:32.0) Gecko/20100101 Firefox/32.0"
127.0.0.1 - - [19/Sep/2014:14:13:49 +0530] "GET /portal/gadgets/bubble-chart/bubble-chart.xml HTTP/1.1" 200 1044 "-" "Apache Shindig"
0:0:0:0:0:0:0:1 - - [19/Sep/2014:14:13:49 +0530] "GET //gadgets/concat?container=default&gadget=http%3A%2F%2Flocalhost%3A9763%2Fportal%2Fgadgets%2Fstacked-chart%2Fstacked-chart.xml&debug=1&nocache=1&type=css&1=http%3A%2F%2Flocalhost%3A9763%2Fportal%2Fthemes%2Fportal%2Fcss%2Fflot-graph.css&2=http%3A%2F%2Flocalhost%3A9763%2Fportal%2Fthemes%2Fportal%2Fcss%2Fbootstrap.min.css HTTP/1.1" 200 16230 "https://localhost:9443//gadgets/ifr?url=http%3A%2F%2Flocalhost%3A9763%2Fportal%2Fgadgets%2Fstacked-chart%2Fstacked-chart.xml&container=default&view=default&lang=en&country=US&debug=1&nocache=1&sanitize=0&v=d8213105a7083aec18c9bce3596dddd0&testmode=0&parent=https%3A%2F%2Flocalhost%3A9443&mid=0" "Mozilla/5.0 (Macintosh; Intel Mac OS X 10.9; rv:32.0) Gecko/20100101 Firefox/32.0"
0:0:0:0:0:0:0:1 - - [19/Sep/2014:14:13:49 +0530] "GET //gadgets/concat?container=default&gadget=http%3A%2F%2Flocalhost%3A9763%2Fportal%2Fgadgets%2Fbar-chart%2Fbar-chart.xml&debug=1&nocache=1&type=css&1=http%3A%2F%2Flocalhost%3A9763%2Fportal%2Fthemes%2Fportal%2Fcss%2Fflot-graph.css&2=http%3A%2F%2Flocalhost%3A9763%2Fportal%2Fthemes%2Fportal%2Fcss%2Fbootstrap.min.css HTTP/1.1" 304 - "https://localhost:9443//gadgets/ifr?url=http%3A%2F%2Flocalhost%3A9763%2Fportal%2Fgadgets%2Fbar-chart%2Fbar-chart.xml&container=default&view=default&lang=en&country=US&debug=1&nocache=1&sanitize=0&v=d8213105a7083aec18c9bce3596dddd0&testmode=0&parent=https%3A%2F%2Flocalhost%3A9443&mid=0" "Mozilla/5.0 (Macintosh; Intel Mac OS X 10.9; rv:32.0) Gecko/20100101 Firefox/32.0"
127.0.0.1 - - [19/Sep/2014:14:13:49 +0530] "GET /portal/js/flot/jquery.js HTTP/1.1" 200 81076 "-" "Apache Shindig"
127.0.0.1 - - [19/Sep/2014:14:13:49 +0530] "GET /portal/gadgets/bubble-chart/bubble-chart.xml HTTP/1.1" 200 1044 "-" "Apache Shindig"
127.0.0.1 - - [19/Sep/2014:14:13:49 +0530] "GET /portal/js/flot/jquery.flot.resize.js HTTP/1.1" 200 1178 "-" "Apache Shindig"
127.0.0.1 - - [19/Sep/2014:14:13:49 +0530] "GET /portal/js/flot/jquery.flot.selection.js HTTP/1.1" 200 3861 "-" "Apache Shindig"
127.0.0.1 - - [19/Sep/2014:14:13:49 +0530] "GET /portal/js/bootstrap.js HTTP/1.1" 200 10558 "-" "Apache Shindig"
127.0.0.1 - - [19/Sep/2014:14:13:49 +0530] "GET /portal/js/flot/excanvas.min.js HTTP/1.1" 200 8433 "-" "Apache Shindig"
127.0.0.1 - - [19/Sep/2014:14:13:49 +0530] "GET /portal/js/flot-chart-core.js HTTP/1.1" 200 1687 "-" "Apache Shindig"
127.0.0.1 - - [19/Sep/2014:14:13:49 +0530] "GET /portal/js/flot/jquery.flot.navigate.js HTTP/1.1" 200 4603 "-" "Apache Shindig"
127.0.0.1 - - [19/Sep/2014:14:13:49 +0530] "GET /portal/gadgets/horizontal-bar-chart/js/options-horizontal-bar.js HTTP/1.1" 200 930 "-" "Apache Shindig"
127.0.0.1 - - [19/Sep/2014:14:13:49 +0530] "GET /portal/js/flot/jquery.flot.selection.js HTTP/1.1" 200 3861 "-" "Apache Shindig"
127.0.0.1 - - [19/Sep/2014:14:13:49 +0530] "GET /portal/js/flot/jquery.flot.js HTTP/1.1" 200 26419 "-" "Apache Shindig"
127.0.0.1 - - [19/Sep/2014:14:13:49 +0530] "GET /portal/gadgets/bubble-chart/bubble-chart.xml HTTP/1.1" 200 1044 "-" "Apache Shindig"
127.0.0.1 - - [19/Sep/2014:14:13:49 +0530] "GET /portal/js/flot/excanvas.min.js HTTP/1.1" 200 8433 "-" "Apache Shindig"
127.0.0.1 - - [19/Sep/2014:14:13:49 +0530] "GET /portal/js/flot/excanvas.min.js HTTP/1.1" 200 8433 "-" "Apache Shindig"
127.0.0.1 - - [19/Sep/2014:14:13:49 +0530] "GET /portal/js/flot/jquery.flot.resize.js HTTP/1.1" 200 1178 "-" "Apache Shindig"
127.0.0.1 - - [19/Sep/2014:14:13:49 +0530] "GET /portal/gadgets/line-chart/line-chart.xml HTTP/1.1" 200 1014 "-" "Apache Shindig"
127.0.0.1 - - [19/Sep/2014:14:13:49 +0530] "GET /portal/gadgets/bar-chart/js/options-bar.js HTTP/1.1" 200 857 "-" "Apache Shindig"
127.0.0.1 - - [19/Sep/2014:14:13:49 +0530] "GET /portal/js/flot-chart-core.js HTTP/1.1" 200 1687 "-" "Apache Shindig"
127.0.0.1 - - [19/Sep/2014:14:13:49 +0530] "GET /portal/gadgets/bubble-chart/bubble-chart.xml HTTP/1.1" 200 1044 "-" "Apache Shindig"
127.0.0.1 - - [19/Sep/2014:14:13:49 +0530] "GET /portal/gadgets/horizontal-bar-chart/horizontal-bar-chart.xml HTTP/1.1" 200 1036 "-" "Apache Shindig"
127.0.0.1 - - [19/Sep/2014:14:13:49 +0530] "GET /portal/js/flot/jquery.flot.js HTTP/1.1" 200 26419 "-" "Apache Shindig"
127.0.0.1 - - [19/Sep/2014:14:13:49 +0530] "GET /portal/js/flot-chart-core.js HTTP/1.1" 200 1687 "-" "Apache Shindig"
127.0.0.1 - - [19/Sep/2014:14:13:49 +0530] "GET /portal/js/flot/jquery.js HTTP/1.1" 200 81076 "-" "Apache Shindig"
127.0.0.1 - - [19/Sep/2014:14:13:49 +0530] "GET /portal/js/flot/jquery.flot.resize.js HTTP/1.1" 200 1178 "-" "Apache Shindig"
127.0.0.1 - - [19/Sep/2014:14:13:49 +0530] "GET /portal/gadgets/stacked-chart/js/options-stack.js HTTP/1.1" 200 1427 "-" "Apache Shindig"
127.0.0.1 - - [19/Sep/2014:14:13:49 +0530] "GET /portal/js/flot/jquery.js HTTP/1.1" 200 81076 "-" "Apache Shindig"
127.0.0.1 - - [19/Sep/2014:14:13:49 +0530] "GET /portal/gadgets/bar-chart/bar-chart.xml HTTP/1.1" 200 885 "-" "Apache Shindig"
127.0.0.1 - - [19/Sep/2014:14:13:49 +0530] "GET /portal/js/flot/jquery.flot.navigate.js HTTP/1.1" 200 4603 "-" "Apache Shindig"
127.0.0.1 - - [19/Sep/2014:14:13:49 +0530] "GET /portal/js/flot/jquery.flot.selection.js HTTP/1.1" 200 3861 "-" "Apache Shindig"
127.0.0.1 - - [19/Sep/2014:14:13:49 +0530] "GET /portal/js/flot/jquery.flot.stack.js HTTP/1.1" 200 2074 "-" "Apache Shindig"
127.0.0.1 - - [19/Sep/2014:14:13:49 +0530] "GET /portal/js/bootstrap.js HTTP/1.1" 200 10558 "-" "Apache Shindig"
127.0.0.1 - - [19/Sep/2014:14:13:49 +0530] "GET /portal/gadgets/stacked-chart/stacked-chart.xml HTTP/1.1" 200 1105 "-" "Apache Shindig"
127.0.0.1 - - [19/Sep/2014:14:13:49 +0530] "GET /portal/gadgets/bubble-chart/bubble-chart.xml HTTP/1.1" 200 1044 "-" "Apache Shindig"
127.0.0.1 - - [19/Sep/2014:14:13:49 +0530] "GET /portal/gadgets/line-chart/line-chart.xml HTTP/1.1" 200 1014 "-" "Apache Shindig"
127.0.0.1 - - [19/Sep/2014:14:13:49 +0530] "GET /portal/js/flot/jquery.flot.js HTTP/1.1" 200 26419 "-" "Apache Shindig"
127.0.0.1 - - [19/Sep/2014:14:13:49 +0530] "GET /portal/gadgets/horizontal-bar-chart/horizontal-bar-chart.xml HTTP/1.1" 200 1036 "-" "Apache Shindig"
127.0.0.1 - - [19/Sep/2014:14:13:49 +0530] "GET /portal/gadgets/bubble-chart/bubble-chart.xml HTTP/1.1" 200 1044 "-" "Apache Shindig"
127.0.0.1 - - [19/Sep/2014:14:13:49 +0530] "GET /portal/gadgets/bar-chart/bar-chart.xml HTTP/1.1" 200 885 "-" "Apache Shindig"
127.0.0.1 - - [19/Sep/2014:14:13:49 +0530] "GET /portal/gadgets/line-chart/line-chart.xml HTTP/1.1" 200 1014 "-" "Apache Shindig"
127.0.0.1 - - [19/Sep/2014:14:13:49 +0530] "GET /portal/gadgets/bubble-chart/bubble-chart.xml HTTP/1.1" 200 1044 "-" "Apache Shindig"
127.0.0.1 - - [19/Sep/2014:14:13:49 +0530] "GET /portal/gadgets/bar-chart/bar-chart.xml HTTP/1.1" 200 885 "-" "Apache Shindig"
127.0.0.1 - - [19/Sep/2014:14:13:49 +0530] "GET /portal/gadgets/horizontal-bar-chart/horizontal-bar-chart.xml HTTP/1.1" 200 1036 "-" "Apache Shindig"
127.0.0.1 - - [19/Sep/2014:14:13:49 +0530] "GET /portal/gadgets/line-chart/line-chart.xml HTTP/1.1" 200 1014 "-" "Apache Shindig"
127.0.0.1 - - [19/Sep/2014:14:13:49 +0530] "GET /portal/js/flot/jquery.js HTTP/1.1" 200 81076 "-" "Apache Shindig"
127.0.0.1 - - [19/Sep/2014:14:13:49 +0530] "GET /portal/gadgets/bubble-chart/bubble-chart.xml HTTP/1.1" 200 1044 "-" "Apache Shindig"
127.0.0.1 - - [19/Sep/2014:14:13:49 +0530] "GET /portal/gadgets/bar-chart/bar-chart.xml HTTP/1.1" 200 885 "-" "Apache Shindig"
127.0.0.1 - - [19/Sep/2014:14:13:49 +0530] "GET /portal/gadgets/horizontal-bar-chart/horizontal-bar-chart.xml HTTP/1.1" 200 1036 "-" "Apache Shindig"
127.0.0.1 - - [19/Sep/2014:14:13:49 +0530] "GET /portal/gadgets/line-chart/line-chart.xml HTTP/1.1" 200 1014 "-" "Apache Shindig"
127.0.0.1 - - [19/Sep/2014:14:13:49 +0530] "GET /portal/gadgets/bubble-chart/bubble-chart.xml HTTP/1.1" 200 1044 "-" "Apache Shindig"
127.0.0.1 - - [19/Sep/2014:14:13:49 +0530] "GET /portal/gadgets/stacked-chart/stacked-chart.xml HTTP/1.1" 200 1105 "-" "Apache Shindig"
127.0.0.1 - - [19/Sep/2014:14:13:49 +0530] "GET /portal/gadgets/bar-chart/bar-chart.xml HTTP/1.1" 200 885 "-" "Apache Shindig"
127.0.0.1 - - [19/Sep/2014:14:13:49 +0530] "GET /portal/gadgets/horizontal-bar-chart/horizontal-bar-chart.xml HTTP/1.1" 200 1036 "-" "Apache Shindig"
127.0.0.1 - - [19/Sep/2014:14:13:49 +0530] "GET /portal/gadgets/line-chart/line-chart.xml HTTP/1.1" 200 1014 "-" "Apache Shindig"
127.0.0.1 - - [19/Sep/2014:14:13:49 +0530] "GET /portal/gadgets/bubble-chart/bubble-chart.xml HTTP/1.1" 200 1044 "-" "Apache Shindig"
127.0.0.1 - - [19/Sep/2014:14:13:49 +0530] "GET /portal/gadgets/bar-chart/bar-chart.xml HTTP/1.1" 200 885 "-" "Apache Shindig"
127.0.0.1 - - [19/Sep/2014:14:13:49 +0530] "GET /portal/gadgets/stacked-chart/stacked-chart.xml HTTP/1.1" 200 1105 "-" "Apache Shindig"
127.0.0.1 - - [19/Sep/2014:14:13:49 +0530] "GET /portal/gadgets/horizontal-bar-chart/horizontal-bar-chart.xml HTTP/1.1" 200 1036 "-" "Apache Shindig"
127.0.0.1 - - [19/Sep/2014:14:13:49 +0530] "GET /portal/gadgets/line-chart/line-chart.xml HTTP/1.1" 200 1014 "-" "Apache Shindig"
127.0.0.1 - - [19/Sep/2014:14:13:49 +0530] "GET /portal/gadgets/bubble-chart/bubble-chart.xml HTTP/1.1" 200 1044 "-" "Apache Shindig"
127.0.0.1 - - [19/Sep/2014:14:13:49 +0530] "GET /portal/gadgets/bar-chart/bar-chart.xml HTTP/1.1" 200 885 "-" "Apache Shindig"
127.0.0.1 - - [19/Sep/2014:14:13:49 +0530] "GET /portal/gadgets/stacked-chart/stacked-chart.xml HTTP/1.1" 200 1105 "-" "Apache Shindig"
127.0.0.1 - - [19/Sep/2014:14:13:49 +0530] "GET /portal/gadgets/horizontal-bar-chart/horizontal-bar-chart.xml HTTP/1.1" 200 1036 "-" "Apache Shindig"
127.0.0.1 - - [19/Sep/2014:14:13:49 +0530] "GET /portal/gadgets/line-chart/line-chart.xml HTTP/1.1" 200 1014 "-" "Apache Shindig"
127.0.0.1 - - [19/Sep/2014:14:13:49 +0530] "GET /portal/gadgets/stacked-chart/stacked-chart.xml HTTP/1.1" 200 1105 "-" "Apache Shindig"
127.0.0.1 - - [19/Sep/2014:14:13:49 +0530] "GET /portal/gadgets/horizontal-bar-chart/horizontal-bar-chart.xml HTTP/1.1" 200 1036 "-" "Apache Shindig"
127.0.0.1 - - [19/Sep/2014:14:13:49 +0530] "GET /portal/gadgets/horizontal-bar-chart/horizontal-bar-chart.xml HTTP/1.1" 200 1036 "-" "Apache Shindig"
127.0.0.1 - - [19/Sep/2014:14:13:49 +0530] "GET /portal/gadgets/stacked-chart/stacked-chart.xml HTTP/1.1" 200 1105 "-" "Apache Shindig"
127.0.0.1 - - [19/Sep/2014:14:13:49 +0530] "GET /portal/gadgets/stacked-chart/stacked-chart.xml HTTP/1.1" 200 1105 "-" "Apache Shindig"
0:0:0:0:0:0:0:1 - - [19/Sep/2014:14:13:49 +0530] "GET //gadgets/concat?container=default&gadget=http%3A%2F%2Flocalhost%3A9763%2Fportal%2Fgadgets%2Fbar-chart%2Fbar-chart.xml&debug=1&nocache=1&type=js&1=http%3A%2F%2Flocalhost%3A9763%2Fportal%2Fjs%2Fflot%2Fexcanvas.min.js&2=http%3A%2F%2Flocalhost%3A9763%2Fportal%2Fjs%2Fflot%2Fjquery.js&3=http%3A%2F%2Flocalhost%3A9763%2Fportal%2Fjs%2Fflot%2Fjquery.flot.js&4=http%3A%2F%2Flocalhost%3A9763%2Fportal%2Fjs%2Fflot%2Fjquery.flot.selection.js&5=http%3A%2F%2Flocalhost%3A9763%2Fportal%2Fjs%2Fflot%2Fjquery.flot.resize.js&6=http%3A%2F%2Flocalhost%3A9763%2Fportal%2Fgadgets%2Fbar-chart%2Fjs%2Foptions-bar.js&7=http%3A%2F%2Flocalhost%3A9763%2Fportal%2Fjs%2Fflot-chart-core.js HTTP/1.1" 304 - "https://localhost:9443//gadgets/ifr?url=http%3A%2F%2Flocalhost%3A9763%2Fportal%2Fgadgets%2Fbar-chart%2Fbar-chart.xml&container=default&view=default&lang=en&country=US&debug=1&nocache=1&sanitize=0&v=d8213105a7083aec18c9bce3596dddd0&testmode=0&parent=https%3A%2F%2Flocalhost%3A9443&mid=0" "Mozilla/5.0 (Macintosh; Intel Mac OS X 10.9; rv:32.0) Gecko/20100101 Firefox/32.0"
127.0.0.1 - - [19/Sep/2014:14:13:49 +0530] "GET /portal/gadgets/stacked-chart/stacked-chart.xml HTTP/1.1" 200 1105 "-" "Apache Shindig"
127.0.0.1 - - [19/Sep/2014:14:13:49 +0530] "GET /portal/gadgets/stacked-chart/stacked-chart.xml HTTP/1.1" 200 1105 "-" "Apache Shindig"
127.0.0.1 - - [19/Sep/2014:14:13:49 +0530] "GET /portal/gadgets/stacked-chart/stacked-chart.xml HTTP/1.1" 200 1105 "-" "Apache Shindig"
0:0:0:0:0:0:0:1 - - [19/Sep/2014:14:13:49 +0530] "GET //gadgets/concat?container=default&gadget=http%3A%2F%2Flocalhost%3A9763%2Fportal%2Fgadgets%2Fhorizontal-bar-chart%2Fhorizontal-bar-chart.xml&debug=1&nocache=1&type=js&1=http%3A%2F%2Flocalhost%3A9763%2Fportal%2Fjs%2Fflot%2Fexcanvas.min.js&2=http%3A%2F%2Flocalhost%3A9763%2Fportal%2Fjs%2Fflot%2Fjquery.js&3=http%3A%2F%2Flocalhost%3A9763%2Fportal%2Fjs%2Fbootstrap.js&4=http%3A%2F%2Flocalhost%3A9763%2Fportal%2Fjs%2Fflot%2Fjquery.flot.js&5=http%3A%2F%2Flocalhost%3A9763%2Fportal%2Fjs%2Fflot%2Fjquery.flot.selection.js&6=http%3A%2F%2Flocalhost%3A9763%2Fportal%2Fjs%2Fflot%2Fjquery.flot.navigate.js&7=http%3A%2F%2Flocalhost%3A9763%2Fportal%2Fjs%2Fflot%2Fjquery.flot.resize.js&8=http%3A%2F%2Flocalhost%3A9763%2Fportal%2Fgadgets%2Fhorizontal-bar-chart%2Fjs%2Foptions-horizontal-bar.js&9=http%3A%2F%2Flocalhost%3A9763%2Fportal%2Fjs%2Fflot-chart-core.js HTTP/1.1" 304 - "https://localhost:9443//gadgets/ifr?url=http%3A%2F%2Flocalhost%3A9763%2Fportal%2Fgadgets%2Fhorizontal-bar-chart%2Fhorizontal-bar-chart.xml&container=default&view=default&lang=en&country=US&debug=1&nocache=1&sanitize=0&v=d8213105a7083aec18c9bce3596dddd0&testmode=0&parent=https%3A%2F%2Flocalhost%3A9443&mid=0" "Mozilla/5.0 (Macintosh; Intel Mac OS X 10.9; rv:32.0) Gecko/20100101 Firefox/32.0"
0:0:0:0:0:0:0:1 - - [19/Sep/2014:14:13:49 +0530] "GET //gadgets/concat?container=default&gadget=http%3A%2F%2Flocalhost%3A9763%2Fportal%2Fgadgets%2Fline-chart%2Fline-chart.xml&debug=1&nocache=1&type=js&1=http%3A%2F%2Flocalhost%3A9763%2Fportal%2Fjs%2Fflot%2Fexcanvas.min.js&2=http%3A%2F%2Flocalhost%3A9763%2Fportal%2Fjs%2Fflot%2Fjquery.js&3=http%3A%2F%2Flocalhost%3A9763%2Fportal%2Fjs%2Fbootstrap.js&4=http%3A%2F%2Flocalhost%3A9763%2Fportal%2Fjs%2Fflot%2Fjquery.flot.js&5=http%3A%2F%2Flocalhost%3A9763%2Fportal%2Fjs%2Fflot%2Fjquery.flot.selection.js&6=http%3A%2F%2Flocalhost%3A9763%2Fportal%2Fjs%2Fflot%2Fjquery.flot.navigate.js&7=http%3A%2F%2Flocalhost%3A9763%2Fportal%2Fjs%2Fflot%2Fjquery.flot.resize.js&8=http%3A%2F%2Flocalhost%3A9763%2Fportal%2Fgadgets%2Fline-chart%2Fjs%2Foptions-line.js&9=http%3A%2F%2Flocalhost%3A9763%2Fportal%2Fjs%2Fflot-chart-core.js HTTP/1.1" 200 135943 "https://localhost:9443//gadgets/ifr?url=http%3A%2F%2Flocalhost%3A9763%2Fportal%2Fgadgets%2Fline-chart%2Fline-chart.xml&container=default&view=default&lang=en&country=US&debug=1&nocache=1&sanitize=0&v=d8213105a7083aec18c9bce3596dddd0&testmode=0&parent=https%3A%2F%2Flocalhost%3A9443&mid=0" "Mozilla/5.0 (Macintosh; Intel Mac OS X 10.9; rv:32.0) Gecko/20100101 Firefox/32.0"
0:0:0:0:0:0:0:1 - - [19/Sep/2014:14:13:49 +0530] "GET //gadgets/concat?container=default&gadget=http%3A%2F%2Flocalhost%3A9763%2Fportal%2Fgadgets%2Fbubble-chart%2Fbubble-chart.xml&debug=1&nocache=1&type=js&1=http%3A%2F%2Flocalhost%3A9763%2Fportal%2Fjs%2Fflot%2Fexcanvas.min.js&2=http%3A%2F%2Flocalhost%3A9763%2Fportal%2Fjs%2Fflot%2Fjquery.js&3=http%3A%2F%2Flocalhost%3A9763%2Fportal%2Fjs%2Fbootstrap.js&4=http%3A%2F%2Flocalhost%3A9763%2Fportal%2Fjs%2Fflot%2Fjquery.flot.js&5=http%3A%2F%2Flocalhost%3A9763%2Fportal%2Fjs%2Fflot%2Fjquery.flot.selection.js&6=http%3A%2F%2Flocalhost%3A9763%2Fportal%2Fjs%2Fflot%2Fjumflot%2Fjquery.flot.JUMlib.js&7=http%3A%2F%2Flocalhost%3A9763%2Fportal%2Fjs%2Fflot%2Fjumflot%2Fjquery.flot.mouse.js&8=http%3A%2F%2Flocalhost%3A9763%2Fportal%2Fjs%2Fflot%2Fjumflot%2Fjquery.flot.bubbles.js&9=http%3A%2F%2Flocalhost%3A9763%2Fportal%2Fjs%2Fflot%2Fjquery.flot.navigate.js&10=http%3A%2F%2Flocalhost%3A9763%2Fportal%2Fjs%2Fflot%2Fjquery.flot.resize.js&11=http%3A%2F%2Flocalhost%3A9763%2Fportal%2Fgadgets%2Fbubble-chart%2Fjs%2Foptions-bubble.js&12=http%3A%2F%2Flocalhost%3A9763%2Fportal%2Fjs%2Fflot-chart-core.js HTTP/1.1" 200 144700 "https://localhost:9443//gadgets/ifr?url=http%3A%2F%2Flocalhost%3A9763%2Fportal%2Fgadgets%2Fbubble-chart%2Fbubble-chart.xml&container=default&view=default&lang=en&country=US&debug=1&nocache=1&sanitize=0&v=d8213105a7083aec18c9bce3596dddd0&testmode=0&parent=https%3A%2F%2Flocalhost%3A9443&mid=0" "Mozilla/5.0 (Macintosh; Intel Mac OS X 10.9; rv:32.0) Gecko/20100101 Firefox/32.0"
0:0:0:0:0:0:0:1 - - [19/Sep/2014:14:13:49 +0530] "GET //gadgets/concat?container=default&gadget=http%3A%2F%2Flocalhost%3A9763%2Fportal%2Fgadgets%2Fstacked-chart%2Fstacked-chart.xml&debug=1&nocache=1&type=js&1=http%3A%2F%2Flocalhost%3A9763%2Fportal%2Fjs%2Fflot%2Fexcanvas.min.js&2=http%3A%2F%2Flocalhost%3A9763%2Fportal%2Fjs%2Fflot%2Fjquery.js&3=http%3A%2F%2Flocalhost%3A9763%2Fportal%2Fjs%2Fbootstrap.js&4=http%3A%2F%2Flocalhost%3A9763%2Fportal%2Fjs%2Fflot%2Fjquery.flot.js&5=http%3A%2F%2Flocalhost%3A9763%2Fportal%2Fjs%2Fflot%2Fjquery.flot.selection.js&6=http%3A%2F%2Flocalhost%3A9763%2Fportal%2Fjs%2Fflot%2Fjquery.flot.stack.js&7=http%3A%2F%2Flocalhost%3A9763%2Fportal%2Fjs%2Fflot%2Fjquery.flot.navigate.js&8=http%3A%2F%2Flocalhost%3A9763%2Fportal%2Fjs%2Fflot%2Fjquery.flot.resize.js&9=http%3A%2F%2Flocalhost%3A9763%2Fportal%2Fgadgets%2Fstacked-chart%2Fjs%2Foptions-stack.js&10=http%3A%2F%2Flocalhost%3A9763%2Fportal%2Fjs%2Fflot-chart-core.js HTTP/1.1" 200 137816 "https://localhost:9443//gadgets/ifr?url=http%3A%2F%2Flocalhost%3A9763%2Fportal%2Fgadgets%2Fstacked-chart%2Fstacked-chart.xml&container=default&view=default&lang=en&country=US&debug=1&nocache=1&sanitize=0&v=d8213105a7083aec18c9bce3596dddd0&testmode=0&parent=https%3A%2F%2Flocalhost%3A9443&mid=0" "Mozilla/5.0 (Macintosh; Intel Mac OS X 10.9; rv:32.0) Gecko/20100101 Firefox/32.0"
0:0:0:0:0:0:0:1 - - [19/Sep/2014:14:13:50 +0530] "GET /portal/apis/flot-data-files/dataFile4.jag HTTP/1.1" 200 1349 "https://localhost:9443//gadgets/ifr?url=http%3A%2F%2Flocalhost%3A9763%2Fportal%2Fgadgets%2Fbar-chart%2Fbar-chart.xml&container=default&view=default&lang=en&country=US&debug=1&nocache=1&sanitize=0&v=d8213105a7083aec18c9bce3596dddd0&testmode=0&parent=https%3A%2F%2Flocalhost%3A9443&mid=0" "Mozilla/5.0 (Macintosh; Intel Mac OS X 10.9; rv:32.0) Gecko/20100101 Firefox/32.0"
0:0:0:0:0:0:0:1 - - [19/Sep/2014:14:13:50 +0530] "GET /portal/apis/flot-data-files/dataFile1.jag HTTP/1.1" 200 2564 "https://localhost:9443//gadgets/ifr?url=http%3A%2F%2Flocalhost%3A9763%2Fportal%2Fgadgets%2Fline-chart%2Fline-chart.xml&container=default&view=default&lang=en&country=US&debug=1&nocache=1&sanitize=0&v=d8213105a7083aec18c9bce3596dddd0&testmode=0&parent=https%3A%2F%2Flocalhost%3A9443&mid=0" "Mozilla/5.0 (Macintosh; Intel Mac OS X 10.9; rv:32.0) Gecko/20100101 Firefox/32.0"
0:0:0:0:0:0:0:1 - - [19/Sep/2014:14:13:50 +0530] "GET /portal/apis/flot-data-files/dataFile3.jag HTTP/1.1" 200 511 "https://localhost:9443//gadgets/ifr?url=http%3A%2F%2Flocalhost%3A9763%2Fportal%2Fgadgets%2Fbubble-chart%2Fbubble-chart.xml&container=default&view=default&lang=en&country=US&debug=1&nocache=1&sanitize=0&v=d8213105a7083aec18c9bce3596dddd0&testmode=0&parent=https%3A%2F%2Flocalhost%3A9443&mid=0" "Mozilla/5.0 (Macintosh; Intel Mac OS X 10.9; rv:32.0) Gecko/20100101 Firefox/32.0"
0:0:0:0:0:0:0:1 - - [19/Sep/2014:14:13:50 +0530] "GET /portal/apis/flot-data-files/dataFile1.jag HTTP/1.1" 200 2586 "https://localhost:9443//gadgets/ifr?url=http%3A%2F%2Flocalhost%3A9763%2Fportal%2Fgadgets%2Fstacked-chart%2Fstacked-chart.xml&container=default&view=default&lang=en&country=US&debug=1&nocache=1&sanitize=0&v=d8213105a7083aec18c9bce3596dddd0&testmode=0&parent=https%3A%2F%2Flocalhost%3A9443&mid=0" "Mozilla/5.0 (Macintosh; Intel Mac OS X 10.9; rv:32.0) Gecko/20100101 Firefox/32.0"
0:0:0:0:0:0:0:1 - - [19/Sep/2014:14:13:50 +0530] "GET /portal/apis/flot-data-files/dataFile5.jag HTTP/1.1" 200 248 "https://localhost:9443//gadgets/ifr?url=http%3A%2F%2Flocalhost%3A9763%2Fportal%2Fgadgets%2Fhorizontal-bar-chart%2Fhorizontal-bar-chart.xml&container=default&view=default&lang=en&country=US&debug=1&nocache=1&sanitize=0&v=d8213105a7083aec18c9bce3596dddd0&testmode=0&parent=https%3A%2F%2Flocalhost%3A9443&mid=0" "Mozilla/5.0 (Macintosh; Intel Mac OS X 10.9; rv:32.0) Gecko/20100101 Firefox/32.0"
0:0:0:0:0:0:0:1 - - [19/Sep/2014:14:13:52 +0530] "GET /portal/apis/flot-data-files/dataFile1.jag HTTP/1.1" 200 2566 "https://localhost:9443//gadgets/ifr?url=http%3A%2F%2Flocalhost%3A9763%2Fportal%2Fgadgets%2Fstacked-chart%2Fstacked-chart.xml&container=default&view=default&lang=en&country=US&debug=1&nocache=1&sanitize=0&v=d8213105a7083aec18c9bce3596dddd0&testmode=0&parent=https%3A%2F%2Flocalhost%3A9443&mid=0" "Mozilla/5.0 (Macintosh; Intel Mac OS X 10.9; rv:32.0) Gecko/20100101 Firefox/32.0"
0:0:0:0:0:0:0:1 - - [19/Sep/2014:14:13:52 +0530] "GET /portal/apis/flot-data-files/dataFile5.jag HTTP/1.1" 200 247 "https://localhost:9443//gadgets/ifr?url=http%3A%2F%2Flocalhost%3A9763%2Fportal%2Fgadgets%2Fhorizontal-bar-chart%2Fhorizontal-bar-chart.xml&container=default&view=default&lang=en&country=US&debug=1&nocache=1&sanitize=0&v=d8213105a7083aec18c9bce3596dddd0&testmode=0&parent=https%3A%2F%2Flocalhost%3A9443&mid=0" "Mozilla/5.0 (Macintosh; Intel Mac OS X 10.9; rv:32.0) Gecko/20100101 Firefox/32.0"
0:0:0:0:0:0:0:1 - - [19/Sep/2014:14:13:53 +0530] "GET /portal/apis/flot-data-files/dataFile1.jag HTTP/1.1" 200 2572 "https://localhost:9443//gadgets/ifr?url=http%3A%2F%2Flocalhost%3A9763%2Fportal%2Fgadgets%2Fline-chart%2Fline-chart.xml&container=default&view=default&lang=en&country=US&debug=1&nocache=1&sanitize=0&v=d8213105a7083aec18c9bce3596dddd0&testmode=0&parent=https%3A%2F%2Flocalhost%3A9443&mid=0" "Mozilla/5.0 (Macintosh; Intel Mac OS X 10.9; rv:32.0) Gecko/20100101 Firefox/32.0"
0:0:0:0:0:0:0:1 - - [19/Sep/2014:14:13:54 +0530] "GET /portal/apis/flot-data-files/dataFile1.jag HTTP/1.1" 200 2575 "https://localhost:9443//gadgets/ifr?url=http%3A%2F%2Flocalhost%3A9763%2Fportal%2Fgadgets%2Fstacked-chart%2Fstacked-chart.xml&container=default&view=default&lang=en&country=US&debug=1&nocache=1&sanitize=0&v=d8213105a7083aec18c9bce3596dddd0&testmode=0&parent=https%3A%2F%2Flocalhost%3A9443&mid=0" "Mozilla/5.0 (Macintosh; Intel Mac OS X 10.9; rv:32.0) Gecko/20100101 Firefox/32.0"
0:0:0:0:0:0:0:1 - - [19/Sep/2014:14:13:54 +0530] "GET /portal/apis/flot-data-files/dataFile5.jag HTTP/1.1" 200 248 "https://localhost:9443//gadgets/ifr?url=http%3A%2F%2Flocalhost%3A9763%2Fportal%2Fgadgets%2Fhorizontal-bar-chart%2Fhorizontal-bar-chart.xml&container=default&view=default&lang=en&country=US&debug=1&nocache=1&sanitize=0&v=d8213105a7083aec18c9bce3596dddd0&testmode=0&parent=https%3A%2F%2Flocalhost%3A9443&mid=0" "Mozilla/5.0 (Macintosh; Intel Mac OS X 10.9; rv:32.0) Gecko/20100101 Firefox/32.0"
0:0:0:0:0:0:0:1 - - [19/Sep/2014:14:13:56 +0530] "GET /portal/apis/flot-data-files/dataFile1.jag HTTP/1.1" 200 2557 "https://localhost:9443//gadgets/ifr?url=http%3A%2F%2Flocalhost%3A9763%2Fportal%2Fgadgets%2Fline-chart%2Fline-chart.xml&container=default&view=default&lang=en&country=US&debug=1&nocache=1&sanitize=0&v=d8213105a7083aec18c9bce3596dddd0&testmode=0&parent=https%3A%2F%2Flocalhost%3A9443&mid=0" "Mozilla/5.0 (Macintosh; Intel Mac OS X 10.9; rv:32.0) Gecko/20100101 Firefox/32.0"
0:0:0:0:0:0:0:1 - - [19/Sep/2014:14:13:56 +0530] "GET /portal/apis/flot-data-files/dataFile1.jag HTTP/1.1" 200 2587 "https://localhost:9443//gadgets/ifr?url=http%3A%2F%2Flocalhost%3A9763%2Fportal%2Fgadgets%2Fstacked-chart%2Fstacked-chart.xml&container=default&view=default&lang=en&country=US&debug=1&nocache=1&sanitize=0&v=d8213105a7083aec18c9bce3596dddd0&testmode=0&parent=https%3A%2F%2Flocalhost%3A9443&mid=0" "Mozilla/5.0 (Macintosh; Intel Mac OS X 10.9; rv:32.0) Gecko/20100101 Firefox/32.0"
0:0:0:0:0:0:0:1 - - [19/Sep/2014:14:13:56 +0530] "GET /portal/apis/flot-data-files/dataFile5.jag HTTP/1.1" 200 246 "https://localhost:9443//gadgets/ifr?url=http%3A%2F%2Flocalhost%3A9763%2Fportal%2Fgadgets%2Fhorizontal-bar-chart%2Fhorizontal-bar-chart.xml&container=default&view=default&lang=en&country=US&debug=1&nocache=1&sanitize=0&v=d8213105a7083aec18c9bce3596dddd0&testmode=0&parent=https%3A%2F%2Flocalhost%3A9443&mid=0" "Mozilla/5.0 (Macintosh; Intel Mac OS X 10.9; rv:32.0) Gecko/20100101 Firefox/32.0"
0:0:0:0:0:0:0:1 - - [19/Sep/2014:14:13:58 +0530] "GET /portal/apis/flot-data-files/dataFile1.jag HTTP/1.1" 200 2570 "https://localhost:9443//gadgets/ifr?url=http%3A%2F%2Flocalhost%3A9763%2Fportal%2Fgadgets%2Fstacked-chart%2Fstacked-chart.xml&container=default&view=default&lang=en&country=US&debug=1&nocache=1&sanitize=0&v=d8213105a7083aec18c9bce3596dddd0&testmode=0&parent=https%3A%2F%2Flocalhost%3A9443&mid=0" "Mozilla/5.0 (Macintosh; Intel Mac OS X 10.9; rv:32.0) Gecko/20100101 Firefox/32.0"
0:0:0:0:0:0:0:1 - - [19/Sep/2014:14:13:58 +0530] "GET /portal/apis/flot-data-files/dataFile5.jag HTTP/1.1" 200 248 "https://localhost:9443//gadgets/ifr?url=http%3A%2F%2Flocalhost%3A9763%2Fportal%2Fgadgets%2Fhorizontal-bar-chart%2Fhorizontal-bar-chart.xml&container=default&view=default&lang=en&country=US&debug=1&nocache=1&sanitize=0&v=d8213105a7083aec18c9bce3596dddd0&testmode=0&parent=https%3A%2F%2Flocalhost%3A9443&mid=0" "Mozilla/5.0 (Macintosh; Intel Mac OS X 10.9; rv:32.0) Gecko/20100101 Firefox/32.0"
0:0:0:0:0:0:0:1 - - [19/Sep/2014:14:13:59 +0530] "GET /portal/apis/flot-data-files/dataFile1.jag HTTP/1.1" 200 2580 "https://localhost:9443//gadgets/ifr?url=http%3A%2F%2Flocalhost%3A9763%2Fportal%2Fgadgets%2Fline-chart%2Fline-chart.xml&container=default&view=default&lang=en&country=US&debug=1&nocache=1&sanitize=0&v=d8213105a7083aec18c9bce3596dddd0&testmode=0&parent=https%3A%2F%2Flocalhost%3A9443&mid=0" "Mozilla/5.0 (Macintosh; Intel Mac OS X 10.9; rv:32.0) Gecko/20100101 Firefox/32.0"
0:0:0:0:0:0:0:1 - - [19/Sep/2014:14:14:00 +0530] "GET /portal/apis/flot-data-files/dataFile1.jag HTTP/1.1" 200 2562 "https://localhost:9443//gadgets/ifr?url=http%3A%2F%2Flocalhost%3A9763%2Fportal%2Fgadgets%2Fstacked-chart%2Fstacked-chart.xml&container=default&view=default&lang=en&country=US&debug=1&nocache=1&sanitize=0&v=d8213105a7083aec18c9bce3596dddd0&testmode=0&parent=https%3A%2F%2Flocalhost%3A9443&mid=0" "Mozilla/5.0 (Macintosh; Intel Mac OS X 10.9; rv:32.0) Gecko/20100101 Firefox/32.0"
0:0:0:0:0:0:0:1 - - [19/Sep/2014:14:14:00 +0530] "GET /portal/apis/flot-data-files/dataFile5.jag HTTP/1.1" 200 249 "https://localhost:9443//gadgets/ifr?url=http%3A%2F%2Flocalhost%3A9763%2Fportal%2Fgadgets%2Fhorizontal-bar-chart%2Fhorizontal-bar-chart.xml&container=default&view=default&lang=en&country=US&debug=1&nocache=1&sanitize=0&v=d8213105a7083aec18c9bce3596dddd0&testmode=0&parent=https%3A%2F%2Flocalhost%3A9443&mid=0" "Mozilla/5.0 (Macintosh; Intel Mac OS X 10.9; rv:32.0) Gecko/20100101 Firefox/32.0"
0:0:0:0:0:0:0:1 - - [19/Sep/2014:14:14:02 +0530] "GET /portal/apis/flot-data-files/dataFile1.jag HTTP/1.1" 200 2575 "https://localhost:9443//gadgets/ifr?url=http%3A%2F%2Flocalhost%3A9763%2Fportal%2Fgadgets%2Fline-chart%2Fline-chart.xml&container=default&view=default&lang=en&country=US&debug=1&nocache=1&sanitize=0&v=d8213105a7083aec18c9bce3596dddd0&testmode=0&parent=https%3A%2F%2Flocalhost%3A9443&mid=0" "Mozilla/5.0 (Macintosh; Intel Mac OS X 10.9; rv:32.0) Gecko/20100101 Firefox/32.0"
0:0:0:0:0:0:0:1 - - [19/Sep/2014:14:14:02 +0530] "GET /portal/apis/flot-data-files/dataFile1.jag HTTP/1.1" 200 2577 "https://localhost:9443//gadgets/ifr?url=http%3A%2F%2Flocalhost%3A9763%2Fportal%2Fgadgets%2Fstacked-chart%2Fstacked-chart.xml&container=default&view=default&lang=en&country=US&debug=1&nocache=1&sanitize=0&v=d8213105a7083aec18c9bce3596dddd0&testmode=0&parent=https%3A%2F%2Flocalhost%3A9443&mid=0" "Mozilla/5.0 (Macintosh; Intel Mac OS X 10.9; rv:32.0) Gecko/20100101 Firefox/32.0"
0:0:0:0:0:0:0:1 - - [19/Sep/2014:14:14:02 +0530] "GET /portal/apis/flot-data-files/dataFile5.jag HTTP/1.1" 200 247 "https://localhost:9443//gadgets/ifr?url=http%3A%2F%2Flocalhost%3A9763%2Fportal%2Fgadgets%2Fhorizontal-bar-chart%2Fhorizontal-bar-chart.xml&container=default&view=default&lang=en&country=US&debug=1&nocache=1&sanitize=0&v=d8213105a7083aec18c9bce3596dddd0&testmode=0&parent=https%3A%2F%2Flocalhost%3A9443&mid=0" "Mozilla/5.0 (Macintosh; Intel Mac OS X 10.9; rv:32.0) Gecko/20100101 Firefox/32.0"
0:0:0:0:0:0:0:1 - - [19/Sep/2014:14:14:04 +0530] "GET /portal/apis/flot-data-files/dataFile1.jag HTTP/1.1" 200 2567 "https://localhost:9443//gadgets/ifr?url=http%3A%2F%2Flocalhost%3A9763%2Fportal%2Fgadgets%2Fstacked-chart%2Fstacked-chart.xml&container=default&view=default&lang=en&country=US&debug=1&nocache=1&sanitize=0&v=d8213105a7083aec18c9bce3596dddd0&testmode=0&parent=https%3A%2F%2Flocalhost%3A9443&mid=0" "Mozilla/5.0 (Macintosh; Intel Mac OS X 10.9; rv:32.0) Gecko/20100101 Firefox/32.0"
0:0:0:0:0:0:0:1 - - [19/Sep/2014:14:14:04 +0530] "GET /portal/apis/flot-data-files/dataFile5.jag HTTP/1.1" 200 244 "https://localhost:9443//gadgets/ifr?url=http%3A%2F%2Flocalhost%3A9763%2Fportal%2Fgadgets%2Fhorizontal-bar-chart%2Fhorizontal-bar-chart.xml&container=default&view=default&lang=en&country=US&debug=1&nocache=1&sanitize=0&v=d8213105a7083aec18c9bce3596dddd0&testmode=0&parent=https%3A%2F%2Flocalhost%3A9443&mid=0" "Mozilla/5.0 (Macintosh; Intel Mac OS X 10.9; rv:32.0) Gecko/20100101 Firefox/32.0"
0:0:0:0:0:0:0:1 - - [19/Sep/2014:14:14:05 +0530] "GET /portal/apis/flot-data-files/dataFile1.jag HTTP/1.1" 200 2570 "https://localhost:9443//gadgets/ifr?url=http%3A%2F%2Flocalhost%3A9763%2Fportal%2Fgadgets%2Fline-chart%2Fline-chart.xml&container=default&view=default&lang=en&country=US&debug=1&nocache=1&sanitize=0&v=d8213105a7083aec18c9bce3596dddd0&testmode=0&parent=https%3A%2F%2Flocalhost%3A9443&mid=0" "Mozilla/5.0 (Macintosh; Intel Mac OS X 10.9; rv:32.0) Gecko/20100101 Firefox/32.0"
0:0:0:0:0:0:0:1 - - [19/Sep/2014:14:14:06 +0530] "GET /portal/apis/flot-data-files/dataFile1.jag HTTP/1.1" 200 2599 "https://localhost:9443//gadgets/ifr?url=http%3A%2F%2Flocalhost%3A9763%2Fportal%2Fgadgets%2Fstacked-chart%2Fstacked-chart.xml&container=default&view=default&lang=en&country=US&debug=1&nocache=1&sanitize=0&v=d8213105a7083aec18c9bce3596dddd0&testmode=0&parent=https%3A%2F%2Flocalhost%3A9443&mid=0" "Mozilla/5.0 (Macintosh; Intel Mac OS X 10.9; rv:32.0) Gecko/20100101 Firefox/32.0"
0:0:0:0:0:0:0:1 - - [19/Sep/2014:14:14:06 +0530] "GET /portal/apis/flot-data-files/dataFile5.jag HTTP/1.1" 200 247 "https://localhost:9443//gadgets/ifr?url=http%3A%2F%2Flocalhost%3A9763%2Fportal%2Fgadgets%2Fhorizontal-bar-chart%2Fhorizontal-bar-chart.xml&container=default&view=default&lang=en&country=US&debug=1&nocache=1&sanitize=0&v=d8213105a7083aec18c9bce3596dddd0&testmode=0&parent=https%3A%2F%2Flocalhost%3A9443&mid=0" "Mozilla/5.0 (Macintosh; Intel Mac OS X 10.9; rv:32.0) Gecko/20100101 Firefox/32.0"
0:0:0:0:0:0:0:1 - - [19/Sep/2014:14:14:08 +0530] "GET /portal/apis/flot-data-files/dataFile1.jag HTTP/1.1" 200 2583 "https://localhost:9443//gadgets/ifr?url=http%3A%2F%2Flocalhost%3A9763%2Fportal%2Fgadgets%2Fline-chart%2Fline-chart.xml&container=default&view=default&lang=en&country=US&debug=1&nocache=1&sanitize=0&v=d8213105a7083aec18c9bce3596dddd0&testmode=0&parent=https%3A%2F%2Flocalhost%3A9443&mid=0" "Mozilla/5.0 (Macintosh; Intel Mac OS X 10.9; rv:32.0) Gecko/20100101 Firefox/32.0"
0:0:0:0:0:0:0:1 - - [19/Sep/2014:14:14:08 +0530] "GET /portal/apis/flot-data-files/dataFile1.jag HTTP/1.1" 200 2577 "https://localhost:9443//gadgets/ifr?url=http%3A%2F%2Flocalhost%3A9763%2Fportal%2Fgadgets%2Fstacked-chart%2Fstacked-chart.xml&container=default&view=default&lang=en&country=US&debug=1&nocache=1&sanitize=0&v=d8213105a7083aec18c9bce3596dddd0&testmode=0&parent=https%3A%2F%2Flocalhost%3A9443&mid=0" "Mozilla/5.0 (Macintosh; Intel Mac OS X 10.9; rv:32.0) Gecko/20100101 Firefox/32.0"
