0:0:0:0:0:0:0:1 - - [19/Sep/2014:14:31:21 +0530] "GET //gadgets/js/dynamic-height:core!core:rpc.js?container=default&nocache=0&debug=1&c=0&v=4150416ed6f078058d6bbafbc18ee7bc&jsload=0 HTTP/1.1" 200 3005 "https://localhost:9443//gadgets/ifr?url=http%3A%2F%2Flocalhost%3A9763%2Fportal%2Fgadgets%2Fdummy-chat%2Fdummy-chat.xml&container=default&view=default&lang=en&country=US&debug=1&nocache=1&sanitize=0&v=d8213105a7083aec18c9bce3596dddd0&testmode=0&parent=https%3A%2F%2Flocalhost%3A9443&mid=0" "Mozilla/5.0 (Macintosh; Intel Mac OS X 10_9) AppleWebKit/537.71 (KHTML, like Gecko) Version/7.0 Safari/537.71"
127.0.0.1 - - [19/Sep/2014:14:31:21 +0530] "GET /portal/gadgets/dummy-chat/dummy-chat.xml HTTP/1.1" 200 887 "-" "Apache Shindig"
127.0.0.1 - - [19/Sep/2014:14:31:21 +0530] "GET /portal/gadgets/show-assets/show-assets.xml HTTP/1.1" 200 1769 "-" "Apache Shindig"
0:0:0:0:0:0:0:1 - - [19/Sep/2014:14:31:21 +0530] "GET //gadgets/concat?container=default&gadget=http%3A%2F%2Flocalhost%3A9763%2Fportal%2Fgadgets%2Fdummy-chat%2Fdummy-chat.xml&debug=1&nocache=1&type=js&1=http%3A%2F%2Flocalhost%3A9763%2Fportal%2Fgadgets%2Fdummy-chat%2Fjs%2Fdummy-chat.js HTTP/1.1" 200 957 "https://localhost:9443//gadgets/ifr?url=http%3A%2F%2Flocalhost%3A9763%2Fportal%2Fgadgets%2Fdummy-chat%2Fdummy-chat.xml&container=default&view=default&lang=en&country=US&debug=1&nocache=1&sanitize=0&v=d8213105a7083aec18c9bce3596dddd0&testmode=0&parent=https%3A%2F%2Flocalhost%3A9443&mid=0" "Mozilla/5.0 (Macintosh; Intel Mac OS X 10_9) AppleWebKit/537.71 (KHTML, like Gecko) Version/7.0 Safari/537.71"
0:0:0:0:0:0:0:1 - - [19/Sep/2014:14:31:21 +0530] "GET //gadgets/ifr?url=http%3A%2F%2Flocalhost%3A9763%2Fportal%2Fgadgets%2Fshow-assets%2Fshow-assets.xml&container=default&view=default&lang=en&country=US&debug=1&nocache=1&sanitize=0&v=d8213105a7083aec18c9bce3596dddd0&testmode=0&parent=https%3A%2F%2Flocalhost%3A9443&mid=0 HTTP/1.1" 200 2434 "https://localhost:9443/TestDashSite2/" "Mozilla/5.0 (Macintosh; Intel Mac OS X 10_9) AppleWebKit/537.71 (KHTML, like Gecko) Version/7.0 Safari/537.71"
0:0:0:0:0:0:0:1 - - [19/Sep/2014:14:31:21 +0530] "GET //gadgets/js/core:rpc.js?container=default&nocache=0&debug=1&c=0&v=0340451bd365756d7f0c9f9ea168177b&jsload=0 HTTP/1.1" 200 58354 "https://localhost:9443//gadgets/ifr?url=http%3A%2F%2Flocalhost%3A9763%2Fportal%2Fgadgets%2Fdummy-chat%2Fdummy-chat.xml&container=default&view=default&lang=en&country=US&debug=1&nocache=1&sanitize=0&v=d8213105a7083aec18c9bce3596dddd0&testmode=0&parent=https%3A%2F%2Flocalhost%3A9443&mid=0" "Mozilla/5.0 (Macintosh; Intel Mac OS X 10_9) AppleWebKit/537.71 (KHTML, like Gecko) Version/7.0 Safari/537.71"
127.0.0.1 - - [19/Sep/2014:14:31:21 +0530] "GET /portal/gadgets/show-assets/css/styles.css HTTP/1.1" 200 2062 "-" "Apache Shindig"
127.0.0.1 - - [19/Sep/2014:14:31:21 +0530] "GET /portal/gadgets/show-assets/js/bootstrap.min.js HTTP/1.1" 200 4218 "-" "Apache Shindig"
127.0.0.1 - - [19/Sep/2014:14:31:21 +0530] "GET /portal/gadgets/show-assets/js/load-assets.js HTTP/1.1" 200 2901 "-" "Apache Shindig"
127.0.0.1 - - [19/Sep/2014:14:31:21 +0530] "GET /portal/gadgets/show-assets/css/bootstrap.min.css HTTP/1.1" 200 15959 "-" "Apache Shindig"
127.0.0.1 - - [19/Sep/2014:14:31:21 +0530] "GET /portal/gadgets/show-assets/js/jquery.validate.js HTTP/1.1" 200 10011 "-" "Apache Shindig"
127.0.0.1 - - [19/Sep/2014:14:31:21 +0530] "GET /portal/gadgets/show-assets/js/jquery.nicescroll.min.js HTTP/1.1" 200 14017 "-" "Apache Shindig"
127.0.0.1 - - [19/Sep/2014:14:31:21 +0530] "GET /portal/gadgets/show-assets/js/handlebars.js HTTP/1.1" 200 18303 "-" "Apache Shindig"
127.0.0.1 - - [19/Sep/2014:14:31:21 +0530] "GET /portal/gadgets/show-assets/js/jquery-1.8.3.min.js HTTP/1.1" 200 33942 "-" "Apache Shindig"
127.0.0.1 - - [19/Sep/2014:14:31:21 +0530] "GET /portal/gadgets/show-assets/show-assets.xml HTTP/1.1" 200 1769 "-" "Apache Shindig"
0:0:0:0:0:0:0:1 - - [19/Sep/2014:14:31:21 +0530] "GET //gadgets/js/pubsub-2:dynamic-height:core!core:rpc.js?container=default&nocache=0&debug=1&c=0&v=1026902a266299e7832e6c212a82f9fc&jsload=0 HTTP/1.1" 200 23879 "https://localhost:9443//gadgets/ifr?url=http%3A%2F%2Flocalhost%3A9763%2Fportal%2Fgadgets%2Fshow-assets%2Fshow-assets.xml&container=default&view=default&lang=en&country=US&debug=1&nocache=1&sanitize=0&v=d8213105a7083aec18c9bce3596dddd0&testmode=0&parent=https%3A%2F%2Flocalhost%3A9443&mid=0" "Mozilla/5.0 (Macintosh; Intel Mac OS X 10_9) AppleWebKit/537.71 (KHTML, like Gecko) Version/7.0 Safari/537.71"
127.0.0.1 - - [19/Sep/2014:14:31:21 +0530] "GET /portal/gadgets/show-assets/show-assets.xml HTTP/1.1" 200 1769 "-" "Apache Shindig"
127.0.0.1 - - [19/Sep/2014:14:31:21 +0530] "GET /portal/gadgets/show-assets/show-assets.xml HTTP/1.1" 200 1769 "-" "Apache Shindig"
127.0.0.1 - - [19/Sep/2014:14:31:21 +0530] "GET /portal/gadgets/show-assets/show-assets.xml HTTP/1.1" 200 1769 "-" "Apache Shindig"
127.0.0.1 - - [19/Sep/2014:14:31:21 +0530] "GET /portal/gadgets/show-assets/show-assets.xml HTTP/1.1" 200 1769 "-" "Apache Shindig"
127.0.0.1 - - [19/Sep/2014:14:31:22 +0530] "GET /portal/gadgets/show-assets/show-assets.xml HTTP/1.1" 200 1769 "-" "Apache Shindig"
127.0.0.1 - - [19/Sep/2014:14:31:22 +0530] "GET /portal/gadgets/show-assets/show-assets.xml HTTP/1.1" 200 1769 "-" "Apache Shindig"
127.0.0.1 - - [19/Sep/2014:14:31:22 +0530] "GET /portal/gadgets/show-assets/show-assets.xml HTTP/1.1" 200 1769 "-" "Apache Shindig"
0:0:0:0:0:0:0:1 - - [19/Sep/2014:14:31:22 +0530] "GET //gadgets/concat?container=default&gadget=http%3A%2F%2Flocalhost%3A9763%2Fportal%2Fgadgets%2Fshow-assets%2Fshow-assets.xml&debug=1&nocache=1&type=css&1=http%3A%2F%2Flocalhost%3A9763%2Fportal%2Fgadgets%2Fshow-assets%2Fcss%2Fbootstrap.min.css&2=http%3A%2F%2Flocalhost%3A9763%2Fportal%2Fgadgets%2Fshow-assets%2Fcss%2Fstyles.css HTTP/1.1" 200 14264 "https://localhost:9443//gadgets/ifr?url=http%3A%2F%2Flocalhost%3A9763%2Fportal%2Fgadgets%2Fshow-assets%2Fshow-assets.xml&container=default&view=default&lang=en&country=US&debug=1&nocache=1&sanitize=0&v=d8213105a7083aec18c9bce3596dddd0&testmode=0&parent=https%3A%2F%2Flocalhost%3A9443&mid=0" "Mozilla/5.0 (Macintosh; Intel Mac OS X 10_9) AppleWebKit/537.71 (KHTML, like Gecko) Version/7.0 Safari/537.71"
0:0:0:0:0:0:0:1 - - [19/Sep/2014:14:31:22 +0530] "GET //gadgets/concat?container=default&gadget=http%3A%2F%2Flocalhost%3A9763%2Fportal%2Fgadgets%2Fshow-assets%2Fshow-assets.xml&debug=1&nocache=1&type=js&1=http%3A%2F%2Flocalhost%3A9763%2Fportal%2Fgadgets%2Fshow-assets%2Fjs%2Fjquery-1.8.3.min.js&2=http%3A%2F%2Flocalhost%3A9763%2Fportal%2Fgadgets%2Fshow-assets%2Fjs%2Fjquery.validate.js&3=http%3A%2F%2Flocalhost%3A9763%2Fportal%2Fgadgets%2Fshow-assets%2Fjs%2Fhandlebars.js&4=http%3A%2F%2Flocalhost%3A9763%2Fportal%2Fgadgets%2Fshow-assets%2Fjs%2Fbootstrap.min.js&5=http%3A%2F%2Flocalhost%3A9763%2Fportal%2Fgadgets%2Fshow-assets%2Fjs%2Fload-assets.js&6=http%3A%2F%2Flocalhost%3A9763%2Fportal%2Fgadgets%2Fshow-assets%2Fjs%2Fjquery.nicescroll.min.js HTTP/1.1" 200 82651 "https://localhost:9443//gadgets/ifr?url=http%3A%2F%2Flocalhost%3A9763%2Fportal%2Fgadgets%2Fshow-assets%2Fshow-assets.xml&container=default&view=default&lang=en&country=US&debug=1&nocache=1&sanitize=0&v=d8213105a7083aec18c9bce3596dddd0&testmode=0&parent=https%3A%2F%2Flocalhost%3A9443&mid=0" "Mozilla/5.0 (Macintosh; Intel Mac OS X 10_9) AppleWebKit/537.71 (KHTML, like Gecko) Version/7.0 Safari/537.71"
127.0.0.1 - - [19/Sep/2014:14:31:22 +0530] "GET /portal/gadgets/show-assets/img/icons-sprite.png HTTP/1.1" 200 11476 "-" "Apache Shindig"
127.0.0.1 - - [19/Sep/2014:14:31:22 +0530] "GET /portal/gadgets/show-assets/img/banner-bg-pattern.jpg HTTP/1.1" 200 5203 "-" "Apache Shindig"
127.0.0.1 - - [19/Sep/2014:14:31:22 +0530] "GET /portal/gadgets/show-assets/css/styles.css HTTP/1.1" 200 2062 "-" "Apache Shindig"
127.0.0.1 - - [19/Sep/2014:14:31:22 +0530] "GET /portal/gadgets/show-assets/css/styles.css HTTP/1.1" 200 2062 "-" "Apache Shindig"
0:0:0:0:0:0:0:1 - - [19/Sep/2014:14:31:22 +0530] "GET //gadgets/proxy?container=default&gadget=http%3A%2F%2Flocalhost%3A9763%2Fportal%2Fgadgets%2Fshow-assets%2Fcss%2Fstyles.css&debug=0&nocache=1&url=http%3A%2F%2Flocalhost%3A9763%2Fportal%2Fgadgets%2Fshow-assets%2Fimg%2Ficons-sprite.png HTTP/1.1" 200 11476 "https://localhost:9443//gadgets/ifr?url=http%3A%2F%2Flocalhost%3A9763%2Fportal%2Fgadgets%2Fshow-assets%2Fshow-assets.xml&container=default&view=default&lang=en&country=US&debug=1&nocache=1&sanitize=0&v=d8213105a7083aec18c9bce3596dddd0&testmode=0&parent=https%3A%2F%2Flocalhost%3A9443&mid=0" "Mozilla/5.0 (Macintosh; Intel Mac OS X 10_9) AppleWebKit/537.71 (KHTML, like Gecko) Version/7.0 Safari/537.71"
0:0:0:0:0:0:0:1 - - [19/Sep/2014:14:31:22 +0530] "GET //gadgets/proxy?container=default&gadget=http%3A%2F%2Flocalhost%3A9763%2Fportal%2Fgadgets%2Fshow-assets%2Fcss%2Fstyles.css&debug=0&nocache=1&url=http%3A%2F%2Flocalhost%3A9763%2Fportal%2Fgadgets%2Fshow-assets%2Fimg%2Fbanner-bg-pattern.jpg HTTP/1.1" 200 5203 "https://localhost:9443//gadgets/ifr?url=http%3A%2F%2Flocalhost%3A9763%2Fportal%2Fgadgets%2Fshow-assets%2Fshow-assets.xml&container=default&view=default&lang=en&country=US&debug=1&nocache=1&sanitize=0&v=d8213105a7083aec18c9bce3596dddd0&testmode=0&parent=https%3A%2F%2Flocalhost%3A9443&mid=0" "Mozilla/5.0 (Macintosh; Intel Mac OS X 10_9) AppleWebKit/537.71 (KHTML, like Gecko) Version/7.0 Safari/537.71"
0:0:0:0:0:0:0:1 - - [19/Sep/2014:14:31:22 +0530] "GET /store/apis/myAsset/ HTTP/1.1" 200 2 "https://localhost:9443//gadgets/ifr?url=http%3A%2F%2Flocalhost%3A9763%2Fportal%2Fgadgets%2Fshow-assets%2Fshow-assets.xml&container=default&view=default&lang=en&country=US&debug=1&nocache=1&sanitize=0&v=d8213105a7083aec18c9bce3596dddd0&testmode=0&parent=https%3A%2F%2Flocalhost%3A9443&mid=0" "Mozilla/5.0 (Macintosh; Intel Mac OS X 10_9) AppleWebKit/537.71 (KHTML, like Gecko) Version/7.0 Safari/537.71"
0:0:0:0:0:0:0:1 - - [19/Sep/2014:14:31:22 +0530] "GET /store/apis/tag/gadget HTTP/1.1" 200 462 "https://localhost:9443//gadgets/ifr?url=http%3A%2F%2Flocalhost%3A9763%2Fportal%2Fgadgets%2Fshow-assets%2Fshow-assets.xml&container=default&view=default&lang=en&country=US&debug=1&nocache=1&sanitize=0&v=d8213105a7083aec18c9bce3596dddd0&testmode=0&parent=https%3A%2F%2Flocalhost%3A9443&mid=0" "Mozilla/5.0 (Macintosh; Intel Mac OS X 10_9) AppleWebKit/537.71 (KHTML, like Gecko) Version/7.0 Safari/537.71"
0:0:0:0:0:0:0:1 - - [19/Sep/2014:14:31:33 +0530] "GET /store/apis/tag/charts/gadget HTTP/1.1" 200 1332 "https://localhost:9443//gadgets/ifr?url=http%3A%2F%2Flocalhost%3A9763%2Fportal%2Fgadgets%2Fshow-assets%2Fshow-assets.xml&container=default&view=default&lang=en&country=US&debug=1&nocache=1&sanitize=0&v=d8213105a7083aec18c9bce3596dddd0&testmode=0&parent=https%3A%2F%2Flocalhost%3A9443&mid=0" "Mozilla/5.0 (Macintosh; Intel Mac OS X 10_9) AppleWebKit/537.71 (KHTML, like Gecko) Version/7.0 Safari/537.71"
0:0:0:0:0:0:0:1 - - [19/Sep/2014:14:31:33 +0530] "GET /store/apis/asset/gadget?id=%2F_system%2Fgovernance%2Fgadgets%2Fadmin%2FBar+Chart%2F1.0.0 HTTP/1.1" 200 968 "https://localhost:9443//gadgets/ifr?url=http%3A%2F%2Flocalhost%3A9763%2Fportal%2Fgadgets%2Fshow-assets%2Fshow-assets.xml&container=default&view=default&lang=en&country=US&debug=1&nocache=1&sanitize=0&v=d8213105a7083aec18c9bce3596dddd0&testmode=0&parent=https%3A%2F%2Flocalhost%3A9443&mid=0" "Mozilla/5.0 (Macintosh; Intel Mac OS X 10_9) AppleWebKit/537.71 (KHTML, like Gecko) Version/7.0 Safari/537.71"
0:0:0:0:0:0:0:1 - - [19/Sep/2014:14:31:33 +0530] "GET /store/apis/asset/gadget?id=%2F_system%2Fgovernance%2Fgadgets%2Fadmin%2FHorizontal+Bar+Chart%2F1.0.0 HTTP/1.1" 200 1044 "https://localhost:9443//gadgets/ifr?url=http%3A%2F%2Flocalhost%3A9763%2Fportal%2Fgadgets%2Fshow-assets%2Fshow-assets.xml&container=default&view=default&lang=en&country=US&debug=1&nocache=1&sanitize=0&v=d8213105a7083aec18c9bce3596dddd0&testmode=0&parent=https%3A%2F%2Flocalhost%3A9443&mid=0" "Mozilla/5.0 (Macintosh; Intel Mac OS X 10_9) AppleWebKit/537.71 (KHTML, like Gecko) Version/7.0 Safari/537.71"
0:0:0:0:0:0:0:1 - - [19/Sep/2014:14:31:33 +0530] "GET /store/apis/asset/gadget?id=%2F_system%2Fgovernance%2Fgadgets%2Fadmin%2FBubble+Chart%2F1.0.0 HTTP/1.1" 200 988 "https://localhost:9443//gadgets/ifr?url=http%3A%2F%2Flocalhost%3A9763%2Fportal%2Fgadgets%2Fshow-assets%2Fshow-assets.xml&container=default&view=default&lang=en&country=US&debug=1&nocache=1&sanitize=0&v=d8213105a7083aec18c9bce3596dddd0&testmode=0&parent=https%3A%2F%2Flocalhost%3A9443&mid=0" "Mozilla/5.0 (Macintosh; Intel Mac OS X 10_9) AppleWebKit/537.71 (KHTML, like Gecko) Version/7.0 Safari/537.71"
0:0:0:0:0:0:0:1 - - [19/Sep/2014:14:31:33 +0530] "GET /store/apis/asset/gadget?id=%2F_system%2Fgovernance%2Fgadgets%2Fadmin%2FLine+Chart%2F1.0.0 HTTP/1.1" 200 974 "https://localhost:9443//gadgets/ifr?url=http%3A%2F%2Flocalhost%3A9763%2Fportal%2Fgadgets%2Fshow-assets%2Fshow-assets.xml&container=default&view=default&lang=en&country=US&debug=1&nocache=1&sanitize=0&v=d8213105a7083aec18c9bce3596dddd0&testmode=0&parent=https%3A%2F%2Flocalhost%3A9443&mid=0" "Mozilla/5.0 (Macintosh; Intel Mac OS X 10_9) AppleWebKit/537.71 (KHTML, like Gecko) Version/7.0 Safari/537.71"
0:0:0:0:0:0:0:1 - - [19/Sep/2014:14:31:33 +0530] "GET /store/apis/asset/gadget?id=%2F_system%2Fgovernance%2Fgadgets%2Fadmin%2FPie+Chart%2F1.0.0 HTTP/1.1" 200 967 "https://localhost:9443//gadgets/ifr?url=http%3A%2F%2Flocalhost%3A9763%2Fportal%2Fgadgets%2Fshow-assets%2Fshow-assets.xml&container=default&view=default&lang=en&country=US&debug=1&nocache=1&sanitize=0&v=d8213105a7083aec18c9bce3596dddd0&testmode=0&parent=https%3A%2F%2Flocalhost%3A9443&mid=0" "Mozilla/5.0 (Macintosh; Intel Mac OS X 10_9) AppleWebKit/537.71 (KHTML, like Gecko) Version/7.0 Safari/537.71"
0:0:0:0:0:0:0:1 - - [19/Sep/2014:14:31:33 +0530] "GET /store/apis/asset/gadget?id=%2F_system%2Fgovernance%2Fgadgets%2Fadmin%2FStacked+Chart%2F1.0.0 HTTP/1.1" 200 993 "https://localhost:9443//gadgets/ifr?url=http%3A%2F%2Flocalhost%3A9763%2Fportal%2Fgadgets%2Fshow-assets%2Fshow-assets.xml&container=default&view=default&lang=en&country=US&debug=1&nocache=1&sanitize=0&v=d8213105a7083aec18c9bce3596dddd0&testmode=0&parent=https%3A%2F%2Flocalhost%3A9443&mid=0" "Mozilla/5.0 (Macintosh; Intel Mac OS X 10_9) AppleWebKit/537.71 (KHTML, like Gecko) Version/7.0 Safari/537.71"
0:0:0:0:0:0:0:1 - - [19/Sep/2014:14:31:33 +0530] "GET /portal/gadgets/bar-chart/thumbnail.jpg HTTP/1.1" 200 2322 "-" "Mozilla/5.0 (Macintosh; Intel Mac OS X 10_9) AppleWebKit/537.71 (KHTML, like Gecko) Version/7.0 Safari/537.71"
0:0:0:0:0:0:0:1 - - [19/Sep/2014:14:31:33 +0530] "GET /portal/gadgets/horizontal-bar-chart/thumbnail.jpg HTTP/1.1" 200 2221 "-" "Mozilla/5.0 (Macintosh; Intel Mac OS X 10_9) AppleWebKit/537.71 (KHTML, like Gecko) Version/7.0 Safari/537.71"
0:0:0:0:0:0:0:1 - - [19/Sep/2014:14:31:33 +0530] "GET /portal/gadgets/bubble-chart/thumbnail.jpg HTTP/1.1" 200 3028 "-" "Mozilla/5.0 (Macintosh; Intel Mac OS X 10_9) AppleWebKit/537.71 (KHTML, like Gecko) Version/7.0 Safari/537.71"
0:0:0:0:0:0:0:1 - - [19/Sep/2014:14:31:33 +0530] "GET /portal/gadgets/line-chart/thumbnail.jpg HTTP/1.1" 200 5046 "-" "Mozilla/5.0 (Macintosh; Intel Mac OS X 10_9) AppleWebKit/537.71 (KHTML, like Gecko) Version/7.0 Safari/537.71"
0:0:0:0:0:0:0:1 - - [19/Sep/2014:14:31:33 +0530] "GET /store/apis/asset/gadget?id=%2F_system%2Fgovernance%2Fgadgets%2Fadmin%2FWSO2+Architecture+List+Discussion%2F1.0.0 HTTP/1.1" 200 934 "https://localhost:9443//gadgets/ifr?url=http%3A%2F%2Flocalhost%3A9763%2Fportal%2Fgadgets%2Fshow-assets%2Fshow-assets.xml&container=default&view=default&lang=en&country=US&debug=1&nocache=1&sanitize=0&v=d8213105a7083aec18c9bce3596dddd0&testmode=0&parent=https%3A%2F%2Flocalhost%3A9443&mid=0" "Mozilla/5.0 (Macintosh; Intel Mac OS X 10_9) AppleWebKit/537.71 (KHTML, like Gecko) Version/7.0 Safari/537.71"
0:0:0:0:0:0:0:1 - - [19/Sep/2014:14:31:33 +0530] "GET /portal/gadgets/pie-chart/thumbnail.jpg HTTP/1.1" 200 3339 "-" "Mozilla/5.0 (Macintosh; Intel Mac OS X 10_9) AppleWebKit/537.71 (KHTML, like Gecko) Version/7.0 Safari/537.71"
0:0:0:0:0:0:0:1 - - [19/Sep/2014:14:31:33 +0530] "GET /portal/gadgets/stacked-chart/thumbnail.jpg HTTP/1.1" 200 3264 "-" "Mozilla/5.0 (Macintosh; Intel Mac OS X 10_9) AppleWebKit/537.71 (KHTML, like Gecko) Version/7.0 Safari/537.71"
0:0:0:0:0:0:0:1 - - [19/Sep/2014:14:31:33 +0530] "GET /store/apis/asset/gadget?id=%2F_system%2Fgovernance%2Fgadgets%2Fadmin%2FWSO2+Carbon+Commits+List+Discussion%2F1.0.0 HTTP/1.1" 200 940 "https://localhost:9443//gadgets/ifr?url=http%3A%2F%2Flocalhost%3A9763%2Fportal%2Fgadgets%2Fshow-assets%2Fshow-assets.xml&container=default&view=default&lang=en&country=US&debug=1&nocache=1&sanitize=0&v=d8213105a7083aec18c9bce3596dddd0&testmode=0&parent=https%3A%2F%2Flocalhost%3A9443&mid=0" "Mozilla/5.0 (Macintosh; Intel Mac OS X 10_9) AppleWebKit/537.71 (KHTML, like Gecko) Version/7.0 Safari/537.71"
0:0:0:0:0:0:0:1 - - [19/Sep/2014:14:31:33 +0530] "GET /store/apis/asset/gadget?id=%2F_system%2Fgovernance%2Fgadgets%2Fadmin%2FWSO2+Dev+List+Discussion%2F1.0.0 HTTP/1.1" 200 878 "https://localhost:9443//gadgets/ifr?url=http%3A%2F%2Flocalhost%3A9763%2Fportal%2Fgadgets%2Fshow-assets%2Fshow-assets.xml&container=default&view=default&lang=en&country=US&debug=1&nocache=1&sanitize=0&v=d8213105a7083aec18c9bce3596dddd0&testmode=0&parent=https%3A%2F%2Flocalhost%3A9443&mid=0" "Mozilla/5.0 (Macintosh; Intel Mac OS X 10_9) AppleWebKit/537.71 (KHTML, like Gecko) Version/7.0 Safari/537.71"
0:0:0:0:0:0:0:1 - - [19/Sep/2014:14:31:33 +0530] "GET /store/apis/asset/gadget?id=%2F_system%2Fgovernance%2Fgadgets%2Fadmin%2FWSO2+Jira%2F1.0.0 HTTP/1.1" 200 868 "https://localhost:9443//gadgets/ifr?url=http%3A%2F%2Flocalhost%3A9763%2Fportal%2Fgadgets%2Fshow-assets%2Fshow-assets.xml&container=default&view=default&lang=en&country=US&debug=1&nocache=1&sanitize=0&v=d8213105a7083aec18c9bce3596dddd0&testmode=0&parent=https%3A%2F%2Flocalhost%3A9443&mid=0" "Mozilla/5.0 (Macintosh; Intel Mac OS X 10_9) AppleWebKit/537.71 (KHTML, like Gecko) Version/7.0 Safari/537.71"
0:0:0:0:0:0:0:1 - - [19/Sep/2014:14:31:33 +0530] "GET /portal/gadgets/wso2-architecture/thumbnail.jpg HTTP/1.1" 200 7019 "-" "Mozilla/5.0 (Macintosh; Intel Mac OS X 10_9) AppleWebKit/537.71 (KHTML, like Gecko) Version/7.0 Safari/537.71"
0:0:0:0:0:0:0:1 - - [19/Sep/2014:14:31:33 +0530] "GET /portal/gadgets/wso2-carbon-commits/thumbnail.jpg HTTP/1.1" 200 7204 "-" "Mozilla/5.0 (Macintosh; Intel Mac OS X 10_9) AppleWebKit/537.71 (KHTML, like Gecko) Version/7.0 Safari/537.71"
0:0:0:0:0:0:0:1 - - [19/Sep/2014:14:31:33 +0530] "GET /portal/gadgets/wso2-jira/thumbnail.jpg HTTP/1.1" 200 6460 "-" "Mozilla/5.0 (Macintosh; Intel Mac OS X 10_9) AppleWebKit/537.71 (KHTML, like Gecko) Version/7.0 Safari/537.71"
0:0:0:0:0:0:0:1 - - [19/Sep/2014:14:31:33 +0530] "GET /portal/gadgets/wso2-dev/thumbnail.jpg HTTP/1.1" 200 3739 "-" "Mozilla/5.0 (Macintosh; Intel Mac OS X 10_9) AppleWebKit/537.71 (KHTML, like Gecko) Version/7.0 Safari/537.71"
127.0.0.1 - - [19/Sep/2014:14:31:35 +0530] "GET /portal/gadgets/bar-chart/bar-chart.xml HTTP/1.1" 200 885 "-" "Apache Shindig"
0:0:0:0:0:0:0:1 - - [19/Sep/2014:14:31:35 +0530] "POST //rpc?st=-1%3A-1%3A*%3A*%3A*%3A0%3Adefault HTTP/1.1" 200 1583 "https://localhost:9443/TestDashSite2/" "Mozilla/5.0 (Macintosh; Intel Mac OS X 10_9) AppleWebKit/537.71 (KHTML, like Gecko) Version/7.0 Safari/537.71"
127.0.0.1 - - [19/Sep/2014:14:31:35 +0530] "GET /portal/gadgets/bar-chart/bar-chart.xml HTTP/1.1" 200 885 "-" "Apache Shindig"
0:0:0:0:0:0:0:1 - - [19/Sep/2014:14:31:35 +0530] "GET //gadgets/ifr?url=http%3A%2F%2Flocalhost%3A9763%2Fportal%2Fgadgets%2Fbar-chart%2Fbar-chart.xml&container=default&view=default&lang=en&country=US&debug=1&nocache=1&sanitize=0&v=d8213105a7083aec18c9bce3596dddd0&testmode=0&parent=https%3A%2F%2Flocalhost%3A9443&mid=0 HTTP/1.1" 200 1292 "https://localhost:9443/TestDashSite2/" "Mozilla/5.0 (Macintosh; Intel Mac OS X 10_9) AppleWebKit/537.71 (KHTML, like Gecko) Version/7.0 Safari/537.71"
127.0.0.1 - - [19/Sep/2014:14:31:35 +0530] "GET /portal/themes/portal/css/flot-graph.css HTTP/1.1" 200 1294 "-" "Apache Shindig"
127.0.0.1 - - [19/Sep/2014:14:31:35 +0530] "GET /portal/js/flot/jquery.flot.resize.js HTTP/1.1" 200 1178 "-" "Apache Shindig"
127.0.0.1 - - [19/Sep/2014:14:31:35 +0530] "GET /portal/gadgets/bar-chart/js/options-bar.js HTTP/1.1" 200 857 "-" "Apache Shindig"
0:0:0:0:0:0:0:1 - - [19/Sep/2014:14:31:35 +0530] "GET //gadgets/js/core!core:rpc.js?container=default&nocache=0&debug=1&c=0&v=10ffc1a5848b6380548a5e2dcd177677&jsload=0 HTTP/1.1" 200 404 "https://localhost:9443//gadgets/ifr?url=http%3A%2F%2Flocalhost%3A9763%2Fportal%2Fgadgets%2Fbar-chart%2Fbar-chart.xml&container=default&view=default&lang=en&country=US&debug=1&nocache=1&sanitize=0&v=d8213105a7083aec18c9bce3596dddd0&testmode=0&parent=https%3A%2F%2Flocalhost%3A9443&mid=0" "Mozilla/5.0 (Macintosh; Intel Mac OS X 10_9) AppleWebKit/537.71 (KHTML, like Gecko) Version/7.0 Safari/537.71"
127.0.0.1 - - [19/Sep/2014:14:31:35 +0530] "GET /portal/js/flot/excanvas.min.js HTTP/1.1" 200 8433 "-" "Apache Shindig"
127.0.0.1 - - [19/Sep/2014:14:31:35 +0530] "GET /portal/js/flot-chart-core.js HTTP/1.1" 200 1687 "-" "Apache Shindig"
127.0.0.1 - - [19/Sep/2014:14:31:35 +0530] "GET /portal/js/flot/jquery.flot.selection.js HTTP/1.1" 200 3861 "-" "Apache Shindig"
127.0.0.1 - - [19/Sep/2014:14:31:35 +0530] "GET /portal/gadgets/bar-chart/bar-chart.xml HTTP/1.1" 200 885 "-" "Apache Shindig"
127.0.0.1 - - [19/Sep/2014:14:31:35 +0530] "GET /portal/themes/portal/css/bootstrap.min.css HTTP/1.1" 200 18754 "-" "Apache Shindig"
127.0.0.1 - - [19/Sep/2014:14:31:35 +0530] "GET /portal/gadgets/bar-chart/bar-chart.xml HTTP/1.1" 200 885 "-" "Apache Shindig"
127.0.0.1 - - [19/Sep/2014:14:31:35 +0530] "GET /portal/js/flot/jquery.flot.js HTTP/1.1" 200 26419 "-" "Apache Shindig"
127.0.0.1 - - [19/Sep/2014:14:31:35 +0530] "GET /portal/gadgets/bar-chart/bar-chart.xml HTTP/1.1" 200 885 "-" "Apache Shindig"
127.0.0.1 - - [19/Sep/2014:14:31:35 +0530] "GET /portal/js/flot/jquery.js HTTP/1.1" 200 81076 "-" "Apache Shindig"
127.0.0.1 - - [19/Sep/2014:14:31:35 +0530] "GET /portal/gadgets/bar-chart/bar-chart.xml HTTP/1.1" 200 885 "-" "Apache Shindig"
127.0.0.1 - - [19/Sep/2014:14:31:35 +0530] "GET /portal/gadgets/bar-chart/bar-chart.xml HTTP/1.1" 200 885 "-" "Apache Shindig"
127.0.0.1 - - [19/Sep/2014:14:31:35 +0530] "GET /portal/gadgets/bar-chart/bar-chart.xml HTTP/1.1" 200 885 "-" "Apache Shindig"
127.0.0.1 - - [19/Sep/2014:14:31:35 +0530] "GET /portal/gadgets/bar-chart/bar-chart.xml HTTP/1.1" 200 885 "-" "Apache Shindig"
127.0.0.1 - - [19/Sep/2014:14:31:35 +0530] "GET /portal/gadgets/bar-chart/bar-chart.xml HTTP/1.1" 200 885 "-" "Apache Shindig"
127.0.0.1 - - [19/Sep/2014:14:31:35 +0530] "GET /portal/gadgets/bar-chart/bar-chart.xml HTTP/1.1" 200 885 "-" "Apache Shindig"
0:0:0:0:0:0:0:1 - - [19/Sep/2014:14:31:35 +0530] "GET //gadgets/concat?container=default&gadget=http%3A%2F%2Flocalhost%3A9763%2Fportal%2Fgadgets%2Fbar-chart%2Fbar-chart.xml&debug=1&nocache=1&type=css&1=http%3A%2F%2Flocalhost%3A9763%2Fportal%2Fthemes%2Fportal%2Fcss%2Fflot-graph.css&2=http%3A%2F%2Flocalhost%3A9763%2Fportal%2Fthemes%2Fportal%2Fcss%2Fbootstrap.min.css HTTP/1.1" 200 16230 "https://localhost:9443//gadgets/ifr?url=http%3A%2F%2Flocalhost%3A9763%2Fportal%2Fgadgets%2Fbar-chart%2Fbar-chart.xml&container=default&view=default&lang=en&country=US&debug=1&nocache=1&sanitize=0&v=d8213105a7083aec18c9bce3596dddd0&testmode=0&parent=https%3A%2F%2Flocalhost%3A9443&mid=0" "Mozilla/5.0 (Macintosh; Intel Mac OS X 10_9) AppleWebKit/537.71 (KHTML, like Gecko) Version/7.0 Safari/537.71"
0:0:0:0:0:0:0:1 - - [19/Sep/2014:14:31:35 +0530] "GET //gadgets/concat?container=default&gadget=http%3A%2F%2Flocalhost%3A9763%2Fportal%2Fgadgets%2Fbar-chart%2Fbar-chart.xml&debug=1&nocache=1&type=js&1=http%3A%2F%2Flocalhost%3A9763%2Fportal%2Fjs%2Fflot%2Fexcanvas.min.js&2=http%3A%2F%2Flocalhost%3A9763%2Fportal%2Fjs%2Fflot%2Fjquery.js&3=http%3A%2F%2Flocalhost%3A9763%2Fportal%2Fjs%2Fflot%2Fjquery.flot.js&4=http%3A%2F%2Flocalhost%3A9763%2Fportal%2Fjs%2Fflot%2Fjquery.flot.selection.js&5=http%3A%2F%2Flocalhost%3A9763%2Fportal%2Fjs%2Fflot%2Fjquery.flot.resize.js&6=http%3A%2F%2Flocalhost%3A9763%2Fportal%2Fgadgets%2Fbar-chart%2Fjs%2Foptions-bar.js&7=http%3A%2F%2Flocalhost%3A9763%2Fportal%2Fjs%2Fflot-chart-core.js HTTP/1.1" 200 121516 "https://localhost:9443//gadgets/ifr?url=http%3A%2F%2Flocalhost%3A9763%2Fportal%2Fgadgets%2Fbar-chart%2Fbar-chart.xml&container=default&view=default&lang=en&country=US&debug=1&nocache=1&sanitize=0&v=d8213105a7083aec18c9bce3596dddd0&testmode=0&parent=https%3A%2F%2Flocalhost%3A9443&mid=0" "Mozilla/5.0 (Macintosh; Intel Mac OS X 10_9) AppleWebKit/537.71 (KHTML, like Gecko) Version/7.0 Safari/537.71"
0:0:0:0:0:0:0:1 - - [19/Sep/2014:14:31:35 +0530] "GET /portal/apis/flot-data-files/dataFile4.jag HTTP/1.1" 200 1366 "https://localhost:9443//gadgets/ifr?url=http%3A%2F%2Flocalhost%3A9763%2Fportal%2Fgadgets%2Fbar-chart%2Fbar-chart.xml&container=default&view=default&lang=en&country=US&debug=1&nocache=1&sanitize=0&v=d8213105a7083aec18c9bce3596dddd0&testmode=0&parent=https%3A%2F%2Flocalhost%3A9443&mid=0" "Mozilla/5.0 (Macintosh; Intel Mac OS X 10_9) AppleWebKit/537.71 (KHTML, like Gecko) Version/7.0 Safari/537.71"
127.0.0.1 - - [19/Sep/2014:14:31:45 +0530] "GET /portal/gadgets/bar-chart/bar-chart.xml HTTP/1.1" 200 885 "-" "Apache Shindig"
0:0:0:0:0:0:0:1 - - [19/Sep/2014:14:31:45 +0530] "GET //gadgets/ifr?url=http%3A%2F%2Flocalhost%3A9763%2Fportal%2Fgadgets%2Fbar-chart%2Fbar-chart.xml&container=default&view=default&lang=en&country=US&debug=1&nocache=1&sanitize=0&v=d8213105a7083aec18c9bce3596dddd0&testmode=0&parent=https%3A%2F%2Flocalhost%3A9443&mid=0 HTTP/1.1" 200 1292 "https://localhost:9443/TestDashSite2/" "Mozilla/5.0 (Macintosh; Intel Mac OS X 10_9) AppleWebKit/537.71 (KHTML, like Gecko) Version/7.0 Safari/537.71"
127.0.0.1 - - [19/Sep/2014:14:31:45 +0530] "GET /portal/themes/portal/css/flot-graph.css HTTP/1.1" 200 1294 "-" "Apache Shindig"
127.0.0.1 - - [19/Sep/2014:14:31:45 +0530] "GET /portal/js/flot/jquery.flot.resize.js HTTP/1.1" 200 1178 "-" "Apache Shindig"
127.0.0.1 - - [19/Sep/2014:14:31:45 +0530] "GET /portal/js/flot-chart-core.js HTTP/1.1" 200 1687 "-" "Apache Shindig"
127.0.0.1 - - [19/Sep/2014:14:31:45 +0530] "GET /portal/gadgets/bar-chart/js/options-bar.js HTTP/1.1" 200 857 "-" "Apache Shindig"
127.0.0.1 - - [19/Sep/2014:14:31:45 +0530] "GET /portal/js/flot/jquery.flot.selection.js HTTP/1.1" 200 3861 "-" "Apache Shindig"
127.0.0.1 - - [19/Sep/2014:14:31:45 +0530] "GET /portal/js/flot/excanvas.min.js HTTP/1.1" 200 8433 "-" "Apache Shindig"
127.0.0.1 - - [19/Sep/2014:14:31:45 +0530] "GET /portal/gadgets/bar-chart/bar-chart.xml HTTP/1.1" 200 885 "-" "Apache Shindig"
127.0.0.1 - - [19/Sep/2014:14:31:45 +0530] "GET /portal/themes/portal/css/bootstrap.min.css HTTP/1.1" 200 18754 "-" "Apache Shindig"
127.0.0.1 - - [19/Sep/2014:14:31:45 +0530] "GET /portal/gadgets/bar-chart/bar-chart.xml HTTP/1.1" 200 885 "-" "Apache Shindig"
127.0.0.1 - - [19/Sep/2014:14:31:45 +0530] "GET /portal/js/flot/jquery.flot.js HTTP/1.1" 200 26419 "-" "Apache Shindig"
127.0.0.1 - - [19/Sep/2014:14:31:45 +0530] "GET /portal/gadgets/bar-chart/bar-chart.xml HTTP/1.1" 200 885 "-" "Apache Shindig"
127.0.0.1 - - [19/Sep/2014:14:31:45 +0530] "GET /portal/js/flot/jquery.js HTTP/1.1" 200 81076 "-" "Apache Shindig"
127.0.0.1 - - [19/Sep/2014:14:31:45 +0530] "GET /portal/gadgets/bar-chart/bar-chart.xml HTTP/1.1" 200 885 "-" "Apache Shindig"
127.0.0.1 - - [19/Sep/2014:14:31:45 +0530] "GET /portal/gadgets/bar-chart/bar-chart.xml HTTP/1.1" 200 885 "-" "Apache Shindig"
127.0.0.1 - - [19/Sep/2014:14:31:45 +0530] "GET /portal/gadgets/bar-chart/bar-chart.xml HTTP/1.1" 200 885 "-" "Apache Shindig"
127.0.0.1 - - [19/Sep/2014:14:31:45 +0530] "GET /portal/gadgets/bar-chart/bar-chart.xml HTTP/1.1" 200 885 "-" "Apache Shindig"
127.0.0.1 - - [19/Sep/2014:14:31:45 +0530] "GET /portal/gadgets/bar-chart/bar-chart.xml HTTP/1.1" 200 885 "-" "Apache Shindig"
127.0.0.1 - - [19/Sep/2014:14:31:45 +0530] "GET /portal/gadgets/bar-chart/bar-chart.xml HTTP/1.1" 200 885 "-" "Apache Shindig"
0:0:0:0:0:0:0:1 - - [19/Sep/2014:14:31:45 +0530] "GET //gadgets/concat?container=default&gadget=http%3A%2F%2Flocalhost%3A9763%2Fportal%2Fgadgets%2Fbar-chart%2Fbar-chart.xml&debug=1&nocache=1&type=css&1=http%3A%2F%2Flocalhost%3A9763%2Fportal%2Fthemes%2Fportal%2Fcss%2Fflot-graph.css&2=http%3A%2F%2Flocalhost%3A9763%2Fportal%2Fthemes%2Fportal%2Fcss%2Fbootstrap.min.css HTTP/1.1" 200 16230 "https://localhost:9443//gadgets/ifr?url=http%3A%2F%2Flocalhost%3A9763%2Fportal%2Fgadgets%2Fbar-chart%2Fbar-chart.xml&container=default&view=default&lang=en&country=US&debug=1&nocache=1&sanitize=0&v=d8213105a7083aec18c9bce3596dddd0&testmode=0&parent=https%3A%2F%2Flocalhost%3A9443&mid=0" "Mozilla/5.0 (Macintosh; Intel Mac OS X 10_9) AppleWebKit/537.71 (KHTML, like Gecko) Version/7.0 Safari/537.71"
0:0:0:0:0:0:0:1 - - [19/Sep/2014:14:31:45 +0530] "GET //gadgets/concat?container=default&gadget=http%3A%2F%2Flocalhost%3A9763%2Fportal%2Fgadgets%2Fbar-chart%2Fbar-chart.xml&debug=1&nocache=1&type=js&1=http%3A%2F%2Flocalhost%3A9763%2Fportal%2Fjs%2Fflot%2Fexcanvas.min.js&2=http%3A%2F%2Flocalhost%3A9763%2Fportal%2Fjs%2Fflot%2Fjquery.js&3=http%3A%2F%2Flocalhost%3A9763%2Fportal%2Fjs%2Fflot%2Fjquery.flot.js&4=http%3A%2F%2Flocalhost%3A9763%2Fportal%2Fjs%2Fflot%2Fjquery.flot.selection.js&5=http%3A%2F%2Flocalhost%3A9763%2Fportal%2Fjs%2Fflot%2Fjquery.flot.resize.js&6=http%3A%2F%2Flocalhost%3A9763%2Fportal%2Fgadgets%2Fbar-chart%2Fjs%2Foptions-bar.js&7=http%3A%2F%2Flocalhost%3A9763%2Fportal%2Fjs%2Fflot-chart-core.js HTTP/1.1" 304 - "https://localhost:9443//gadgets/ifr?url=http%3A%2F%2Flocalhost%3A9763%2Fportal%2Fgadgets%2Fbar-chart%2Fbar-chart.xml&container=default&view=default&lang=en&country=US&debug=1&nocache=1&sanitize=0&v=d8213105a7083aec18c9bce3596dddd0&testmode=0&parent=https%3A%2F%2Flocalhost%3A9443&mid=0" "Mozilla/5.0 (Macintosh; Intel Mac OS X 10_9) AppleWebKit/537.71 (KHTML, like Gecko) Version/7.0 Safari/537.71"
0:0:0:0:0:0:0:1 - - [19/Sep/2014:14:31:45 +0530] "GET /portal/apis/flot-data-files/dataFile7.jag HTTP/1.1" 200 332 "https://localhost:9443//gadgets/ifr?url=http%3A%2F%2Flocalhost%3A9763%2Fportal%2Fgadgets%2Fbar-chart%2Fbar-chart.xml&container=default&view=default&lang=en&country=US&debug=1&nocache=1&sanitize=0&v=d8213105a7083aec18c9bce3596dddd0&testmode=0&parent=https%3A%2F%2Flocalhost%3A9443&mid=0" "Mozilla/5.0 (Macintosh; Intel Mac OS X 10_9) AppleWebKit/537.71 (KHTML, like Gecko) Version/7.0 Safari/537.71"
