0:0:0:0:0:0:0:1 - - [07/Oct/2014:11:22:49 +0530] "GET /portal/themes/portal/js/jquery.tokeninput.js HTTP/1.1" 200 8176 "https://localhost:9443/portal/dashboard.jag" "Mozilla/5.0 (Macintosh; Intel Mac OS X 10.9; rv:32.0) Gecko/20100101 Firefox/32.0"
0:0:0:0:0:0:0:1 - - [07/Oct/2014:11:22:49 +0530] "GET /portal/themes/portal/js/jquery-ui-1.10.1.custom.min.js HTTP/1.1" 200 24620 "https://localhost:9443/portal/dashboard.jag" "Mozilla/5.0 (Macintosh; Intel Mac OS X 10.9; rv:32.0) Gecko/20100101 Firefox/32.0"
0:0:0:0:0:0:0:1 - - [07/Oct/2014:11:22:49 +0530] "GET /portal/themes/portal/js/elfinder.full.js HTTP/1.1" 200 73171 "https://localhost:9443/portal/dashboard.jag" "Mozilla/5.0 (Macintosh; Intel Mac OS X 10.9; rv:32.0) Gecko/20100101 Firefox/32.0"
0:0:0:0:0:0:0:1 - - [07/Oct/2014:11:22:49 +0530] "GET /portal/themes/portal/img/logo.png HTTP/1.1" 200 4331 "https://localhost:9443/portal/themes/portal/css/navigation.css" "Mozilla/5.0 (Macintosh; Intel Mac OS X 10.9; rv:32.0) Gecko/20100101 Firefox/32.0"
0:0:0:0:0:0:0:1 - - [07/Oct/2014:11:22:49 +0530] "GET /portal/themes/portal/font/Lato-Reg-webfont.woff HTTP/1.1" 200 19260 "https://localhost:9443/portal/themes/portal/css/styles.css" "Mozilla/5.0 (Macintosh; Intel Mac OS X 10.9; rv:32.0) Gecko/20100101 Firefox/32.0"
0:0:0:0:0:0:0:1 - - [07/Oct/2014:11:22:49 +0530] "GET /portal/themes/portal/font/Lato-Bol-webfont.woff HTTP/1.1" 200 19432 "https://localhost:9443/portal/themes/portal/css/styles.css" "Mozilla/5.0 (Macintosh; Intel Mac OS X 10.9; rv:32.0) Gecko/20100101 Firefox/32.0"
0:0:0:0:0:0:0:1 - - [07/Oct/2014:11:22:49 +0530] "GET /portal/themes/portal/font/fontawesome-webfont.woff?v=3.2.1 HTTP/1.1" 200 43572 "https://localhost:9443/portal/themes/portal/css/font-awesome.min.css" "Mozilla/5.0 (Macintosh; Intel Mac OS X 10.9; rv:32.0) Gecko/20100101 Firefox/32.0"
0:0:0:0:0:0:0:1 - - [07/Oct/2014:11:22:49 +0530] "GET /portal/themes/portal/img/resize.png HTTP/1.1" 200 101 "https://localhost:9443/portal/themes/portal/css/elfinder.min.css" "Mozilla/5.0 (Macintosh; Intel Mac OS X 10.9; rv:32.0) Gecko/20100101 Firefox/32.0"
0:0:0:0:0:0:0:1 - - [07/Oct/2014:11:22:49 +0530] "GET /portal/themes/portal/img/toolbar.png HTTP/1.1" 200 25273 "https://localhost:9443/portal/themes/portal/css/elfinder.min.css" "Mozilla/5.0 (Macintosh; Intel Mac OS X 10.9; rv:32.0) Gecko/20100101 Firefox/32.0"
0:0:0:0:0:0:0:1 - - [07/Oct/2014:11:22:49 +0530] "GET /portal/themes/portal/img/wso2-logo-small.png HTTP/1.1" 200 3416 "https://localhost:9443/portal/themes/portal/css/theme.css" "Mozilla/5.0 (Macintosh; Intel Mac OS X 10.9; rv:32.0) Gecko/20100101 Firefox/32.0"
0:0:0:0:0:0:0:1 - - [07/Oct/2014:11:22:49 +0530] "GET /portal/apis/browser.jag?action=browse&cmd=open&target=&init=1&tree=1&_=1412661169370 HTTP/1.1" 200 3396 "https://localhost:9443/portal/dashboard.jag" "Mozilla/5.0 (Macintosh; Intel Mac OS X 10.9; rv:32.0) Gecko/20100101 Firefox/32.0"
0:0:0:0:0:0:0:1 - - [07/Oct/2014:11:22:49 +0530] "GET /portal/themes/portal/img/external_link_icon.gif HTTP/1.1" 200 99 "https://localhost:9443/portal/themes/portal/css/theme.css" "Mozilla/5.0 (Macintosh; Intel Mac OS X 10.9; rv:32.0) Gecko/20100101 Firefox/32.0"
0:0:0:0:0:0:0:1 - - [07/Oct/2014:11:22:49 +0530] "GET /portal/themes/portal/img/icons-big.png HTTP/1.1" 200 40190 "https://localhost:9443/portal/themes/portal/css/theme.css" "Mozilla/5.0 (Macintosh; Intel Mac OS X 10.9; rv:32.0) Gecko/20100101 Firefox/32.0"
0:0:0:0:0:0:0:1 - - [07/Oct/2014:11:22:49 +0530] "GET /portal/themes/portal/img/arrows-normal.png HTTP/1.1" 200 312 "https://localhost:9443/portal/themes/portal/css/elfinder.min.css" "Mozilla/5.0 (Macintosh; Intel Mac OS X 10.9; rv:32.0) Gecko/20100101 Firefox/32.0"
0:0:0:0:0:0:0:1 - - [07/Oct/2014:11:22:49 +0530] "GET /portal/themes/portal/img/arrows-active.png HTTP/1.1" 200 1092 "https://localhost:9443/portal/themes/portal/css/elfinder.min.css" "Mozilla/5.0 (Macintosh; Intel Mac OS X 10.9; rv:32.0) Gecko/20100101 Firefox/32.0"
0:0:0:0:0:0:0:1 - - [07/Oct/2014:11:22:49 +0530] "GET /cep-dash/gadgets/Vacation_Group_test/data-api.jag HTTP/1.1" 404 1049 "https://localhost:9443/shindig/gadgets/ifr?url=http%3A%2F%2Flocalhost%3A9763%2Fcep-dash%2Fgadgets%2FVacation_Group_test%2Fpublic%2Fstacked-bar-chart%2Fstacked-bar-chart.xml&container=default&view=default&lang=en&country=US&debug=1&nocache=1&sanitize=0&v=d8213105a7083aec18c9bce3596dddd0&testmode=0&parent=https%3A%2F%2Flocalhost%3A9443&mid=0" "Mozilla/5.0 (Macintosh; Intel Mac OS X 10.9; rv:32.0) Gecko/20100101 Firefox/32.0"
0:0:0:0:0:0:0:1 - - [07/Oct/2014:11:22:54 +0530] "GET /TestDashSite2 HTTP/1.1" 302 - "https://localhost:9443/portal/dashboard.jag" "Mozilla/5.0 (Macintosh; Intel Mac OS X 10.9; rv:32.0) Gecko/20100101 Firefox/32.0"
0:0:0:0:0:0:0:1 - - [07/Oct/2014:11:22:54 +0530] "GET /TestDashSite2/ HTTP/1.1" 302 - "https://localhost:9443/portal/dashboard.jag" "Mozilla/5.0 (Macintosh; Intel Mac OS X 10.9; rv:32.0) Gecko/20100101 Firefox/32.0"
0:0:0:0:0:0:0:1 - - [07/Oct/2014:11:22:54 +0530] "GET /TestDashSite2/login HTTP/1.1" 200 1372 "https://localhost:9443/portal/dashboard.jag" "Mozilla/5.0 (Macintosh; Intel Mac OS X 10.9; rv:32.0) Gecko/20100101 Firefox/32.0"
0:0:0:0:0:0:0:1 - - [07/Oct/2014:11:22:54 +0530] "POST /sso/samlsso.jag HTTP/1.1" 200 2016 "https://localhost:9443/TestDashSite2/login" "Mozilla/5.0 (Macintosh; Intel Mac OS X 10.9; rv:32.0) Gecko/20100101 Firefox/32.0"
0:0:0:0:0:0:0:1 - - [07/Oct/2014:11:22:54 +0530] "POST /TestDashSite2/sso HTTP/1.1" 302 - "https://localhost:9443/sso/samlsso.jag" "Mozilla/5.0 (Macintosh; Intel Mac OS X 10.9; rv:32.0) Gecko/20100101 Firefox/32.0"
0:0:0:0:0:0:0:1 - - [07/Oct/2014:11:22:54 +0530] "GET /TestDashSite2 HTTP/1.1" 302 - "https://localhost:9443/sso/samlsso.jag" "Mozilla/5.0 (Macintosh; Intel Mac OS X 10.9; rv:32.0) Gecko/20100101 Firefox/32.0"
0:0:0:0:0:0:0:1 - - [07/Oct/2014:11:22:54 +0530] "GET /TestDashSite2/ HTTP/1.1" 200 2634 "https://localhost:9443/sso/samlsso.jag" "Mozilla/5.0 (Macintosh; Intel Mac OS X 10.9; rv:32.0) Gecko/20100101 Firefox/32.0"
0:0:0:0:0:0:0:1 - - [07/Oct/2014:11:22:54 +0530] "GET /TestDashSite2/css/bootstrap-responsive.min.css HTTP/1.1" 200 4003 "https://localhost:9443/TestDashSite2/" "Mozilla/5.0 (Macintosh; Intel Mac OS X 10.9; rv:32.0) Gecko/20100101 Firefox/32.0"
0:0:0:0:0:0:0:1 - - [07/Oct/2014:11:22:54 +0530] "GET /TestDashSite2/css/font-awesome.min.css HTTP/1.1" 200 4456 "https://localhost:9443/TestDashSite2/" "Mozilla/5.0 (Macintosh; Intel Mac OS X 10.9; rv:32.0) Gecko/20100101 Firefox/32.0"
0:0:0:0:0:0:0:1 - - [07/Oct/2014:11:22:54 +0530] "GET /TestDashSite2/css/font-awesome-ie7.min.css HTTP/1.1" 200 3385 "https://localhost:9443/TestDashSite2/" "Mozilla/5.0 (Macintosh; Intel Mac OS X 10.9; rv:32.0) Gecko/20100101 Firefox/32.0"
0:0:0:0:0:0:0:1 - - [07/Oct/2014:11:22:54 +0530] "GET /TestDashSite2/css/navigation.css HTTP/1.1" 200 1095 "https://localhost:9443/TestDashSite2/" "Mozilla/5.0 (Macintosh; Intel Mac OS X 10.9; rv:32.0) Gecko/20100101 Firefox/32.0"
0:0:0:0:0:0:0:1 - - [07/Oct/2014:11:22:54 +0530] "GET /TestDashSite2/css/jquery.gridster.min.css HTTP/1.1" 200 1220 "https://localhost:9443/TestDashSite2/" "Mozilla/5.0 (Macintosh; Intel Mac OS X 10.9; rv:32.0) Gecko/20100101 Firefox/32.0"
0:0:0:0:0:0:0:1 - - [07/Oct/2014:11:22:54 +0530] "GET /TestDashSite2/css/bootstrap.min.css HTTP/1.1" 200 18754 "https://localhost:9443/TestDashSite2/" "Mozilla/5.0 (Macintosh; Intel Mac OS X 10.9; rv:32.0) Gecko/20100101 Firefox/32.0"
0:0:0:0:0:0:0:1 - - [07/Oct/2014:11:22:54 +0530] "GET /TestDashSite2/css/portal-dashboard-designer.css HTTP/1.1" 200 3076 "https://localhost:9443/TestDashSite2/" "Mozilla/5.0 (Macintosh; Intel Mac OS X 10.9; rv:32.0) Gecko/20100101 Firefox/32.0"
0:0:0:0:0:0:0:1 - - [07/Oct/2014:11:22:54 +0530] "GET /TestDashSite2/css/styles.css HTTP/1.1" 200 2323 "https://localhost:9443/TestDashSite2/" "Mozilla/5.0 (Macintosh; Intel Mac OS X 10.9; rv:32.0) Gecko/20100101 Firefox/32.0"
0:0:0:0:0:0:0:1 - - [07/Oct/2014:11:22:54 +0530] "GET /TestDashSite2/js/navigation.js HTTP/1.1" 200 1030 "https://localhost:9443/TestDashSite2/" "Mozilla/5.0 (Macintosh; Intel Mac OS X 10.9; rv:32.0) Gecko/20100101 Firefox/32.0"
0:0:0:0:0:0:0:1 - - [07/Oct/2014:11:22:54 +0530] "GET /TestDashSite2/js/bootstrap.min.js HTTP/1.1" 200 7004 "https://localhost:9443/TestDashSite2/" "Mozilla/5.0 (Macintosh; Intel Mac OS X 10.9; rv:32.0) Gecko/20100101 Firefox/32.0"
0:0:0:0:0:0:0:1 - - [07/Oct/2014:11:22:54 +0530] "GET /TestDashSite2/js/UESContainer.js HTTP/1.1" 200 972 "https://localhost:9443/TestDashSite2/" "Mozilla/5.0 (Macintosh; Intel Mac OS X 10.9; rv:32.0) Gecko/20100101 Firefox/32.0"
0:0:0:0:0:0:0:1 - - [07/Oct/2014:11:22:54 +0530] "GET /TestDashSite2/js/jquery-1.8.3.min.js HTTP/1.1" 200 33942 "https://localhost:9443/TestDashSite2/" "Mozilla/5.0 (Macintosh; Intel Mac OS X 10.9; rv:32.0) Gecko/20100101 Firefox/32.0"
0:0:0:0:0:0:0:1 - - [07/Oct/2014:11:22:54 +0530] "GET /TestDashSite2/js/jquery-ui-1.10.1.custom.min.js HTTP/1.1" 200 24620 "https://localhost:9443/TestDashSite2/" "Mozilla/5.0 (Macintosh; Intel Mac OS X 10.9; rv:32.0) Gecko/20100101 Firefox/32.0"
0:0:0:0:0:0:0:1 - - [07/Oct/2014:11:22:54 +0530] "GET /TestDashSite2/js/handlebars.js HTTP/1.1" 200 12827 "https://localhost:9443/TestDashSite2/" "Mozilla/5.0 (Macintosh; Intel Mac OS X 10.9; rv:32.0) Gecko/20100101 Firefox/32.0"
0:0:0:0:0:0:0:1 - - [07/Oct/2014:11:22:54 +0530] "GET /TestDashSite2/js/jquery.gridster.with-extras.min.js HTTP/1.1" 200 22017 "https://localhost:9443/TestDashSite2/" "Mozilla/5.0 (Macintosh; Intel Mac OS X 10.9; rv:32.0) Gecko/20100101 Firefox/32.0"
0:0:0:0:0:0:0:1 - - [07/Oct/2014:11:22:54 +0530] "GET /TestDashSite2/js/portal-dashboard-designer.js HTTP/1.1" 200 4855 "https://localhost:9443/TestDashSite2/" "Mozilla/5.0 (Macintosh; Intel Mac OS X 10.9; rv:32.0) Gecko/20100101 Firefox/32.0"
0:0:0:0:0:0:0:1 - - [07/Oct/2014:11:22:54 +0530] "GET /TestDashSite2/js/shindig.js HTTP/1.1" 200 34461 "https://localhost:9443/TestDashSite2/" "Mozilla/5.0 (Macintosh; Intel Mac OS X 10.9; rv:32.0) Gecko/20100101 Firefox/32.0"
0:0:0:0:0:0:0:1 - - [07/Oct/2014:11:22:54 +0530] "GET /TestDashSite2/img/logo.png HTTP/1.1" 200 4331 "https://localhost:9443/TestDashSite2/css/navigation.css" "Mozilla/5.0 (Macintosh; Intel Mac OS X 10.9; rv:32.0) Gecko/20100101 Firefox/32.0"
0:0:0:0:0:0:0:1 - - [07/Oct/2014:11:22:54 +0530] "GET /TestDashSite2/img/designer-sprite.png HTTP/1.1" 200 10674 "https://localhost:9443/TestDashSite2/css/portal-dashboard-designer.css" "Mozilla/5.0 (Macintosh; Intel Mac OS X 10.9; rv:32.0) Gecko/20100101 Firefox/32.0"
0:0:0:0:0:0:0:1 - - [07/Oct/2014:11:22:54 +0530] "GET /TestDashSite2/font/Lato-Reg-webfont.woff HTTP/1.1" 200 19260 "https://localhost:9443/TestDashSite2/css/styles.css" "Mozilla/5.0 (Macintosh; Intel Mac OS X 10.9; rv:32.0) Gecko/20100101 Firefox/32.0"
0:0:0:0:0:0:0:1 - - [07/Oct/2014:11:22:54 +0530] "GET /TestDashSite2/font/fontawesome-webfont.woff?v=3.2.1 HTTP/1.1" 200 43572 "https://localhost:9443/TestDashSite2/css/font-awesome.min.css" "Mozilla/5.0 (Macintosh; Intel Mac OS X 10.9; rv:32.0) Gecko/20100101 Firefox/32.0"
0:0:0:0:0:0:0:1 - - [07/Oct/2014:11:22:54 +0530] "GET /TestDashSite2/font/Lato-Bol-webfont.woff HTTP/1.1" 200 19432 "https://localhost:9443/TestDashSite2/css/styles.css" "Mozilla/5.0 (Macintosh; Intel Mac OS X 10.9; rv:32.0) Gecko/20100101 Firefox/32.0"
127.0.0.1 - - [07/Oct/2014:11:22:54 +0530] "GET /portal/gadgets/show-assets/show-assets.xml HTTP/1.1" 200 1769 "-" "Apache Shindig"
0:0:0:0:0:0:0:1 - - [07/Oct/2014:11:22:54 +0530] "POST //rpc?st=-1%3A-1%3A*%3A*%3A*%3A0%3Adefault HTTP/1.1" 200 1473 "https://localhost:9443/TestDashSite2/" "Mozilla/5.0 (Macintosh; Intel Mac OS X 10.9; rv:32.0) Gecko/20100101 Firefox/32.0"
0:0:0:0:0:0:0:1 - - [07/Oct/2014:11:22:54 +0530] "GET /TestDashSite2/apis/ues/layout/ HTTP/1.1" 200 966 "https://localhost:9443/TestDashSite2/" "Mozilla/5.0 (Macintosh; Intel Mac OS X 10.9; rv:32.0) Gecko/20100101 Firefox/32.0"
127.0.0.1 - - [07/Oct/2014:11:22:54 +0530] "GET /portal/gadgets/show-assets/show-assets.xml HTTP/1.1" 200 1769 "-" "Apache Shindig"
127.0.0.1 - - [07/Oct/2014:11:22:54 +0530] "GET /portal/gadgets/dummy-chat/dummy-chat.xml HTTP/1.1" 200 887 "-" "Apache Shindig"
127.0.0.1 - - [07/Oct/2014:11:22:54 +0530] "GET /portal/gadgets/dummy-chat/dummy-chat.xml HTTP/1.1" 200 887 "-" "Apache Shindig"
127.0.0.1 - - [07/Oct/2014:11:22:54 +0530] "GET /portal/gadgets/pie-chart/pie-chart.xml HTTP/1.1" 200 979 "-" "Apache Shindig"
127.0.0.1 - - [07/Oct/2014:11:22:54 +0530] "GET /portal/gadgets/wso2-dev/wso2-dev.xml HTTP/1.1" 200 1018 "-" "Apache Shindig"
127.0.0.1 - - [07/Oct/2014:11:22:54 +0530] "GET /portal/gadgets/bar-chart/bar-chart.xml HTTP/1.1" 200 885 "-" "Apache Shindig"
0:0:0:0:0:0:0:1 - - [07/Oct/2014:11:22:54 +0530] "POST //rpc?st=-1%3A-1%3A*%3A*%3A*%3A0%3Adefault HTTP/1.1" 200 1033 "https://localhost:9443/TestDashSite2/" "Mozilla/5.0 (Macintosh; Intel Mac OS X 10.9; rv:32.0) Gecko/20100101 Firefox/32.0"
0:0:0:0:0:0:0:1 - - [07/Oct/2014:11:22:54 +0530] "POST //rpc?st=-1%3A-1%3A*%3A*%3A*%3A0%3Adefault HTTP/1.1" 200 1033 "https://localhost:9443/TestDashSite2/" "Mozilla/5.0 (Macintosh; Intel Mac OS X 10.9; rv:32.0) Gecko/20100101 Firefox/32.0"
0:0:0:0:0:0:0:1 - - [07/Oct/2014:11:22:54 +0530] "POST //rpc?st=-1%3A-1%3A*%3A*%3A*%3A0%3Adefault HTTP/1.1" 200 1399 "https://localhost:9443/TestDashSite2/" "Mozilla/5.0 (Macintosh; Intel Mac OS X 10.9; rv:32.0) Gecko/20100101 Firefox/32.0"
0:0:0:0:0:0:0:1 - - [07/Oct/2014:11:22:54 +0530] "GET //gadgets/ifr?url=http%3A%2F%2Flocalhost%3A9763%2Fportal%2Fgadgets%2Fshow-assets%2Fshow-assets.xml&container=default&view=default&lang=en&country=US&debug=1&nocache=1&sanitize=0&v=d8213105a7083aec18c9bce3596dddd0&testmode=0&parent=https%3A%2F%2Flocalhost%3A9443&mid=0 HTTP/1.1" 200 2434 "https://localhost:9443/TestDashSite2/" "Mozilla/5.0 (Macintosh; Intel Mac OS X 10.9; rv:32.0) Gecko/20100101 Firefox/32.0"
0:0:0:0:0:0:0:1 - - [07/Oct/2014:11:22:54 +0530] "POST //rpc?st=-1%3A-1%3A*%3A*%3A*%3A0%3Adefault HTTP/1.1" 200 1582 "https://localhost:9443/TestDashSite2/" "Mozilla/5.0 (Macintosh; Intel Mac OS X 10.9; rv:32.0) Gecko/20100101 Firefox/32.0"
0:0:0:0:0:0:0:1 - - [07/Oct/2014:11:22:54 +0530] "POST //rpc?st=-1%3A-1%3A*%3A*%3A*%3A0%3Adefault HTTP/1.1" 200 1583 "https://localhost:9443/TestDashSite2/" "Mozilla/5.0 (Macintosh; Intel Mac OS X 10.9; rv:32.0) Gecko/20100101 Firefox/32.0"
127.0.0.1 - - [07/Oct/2014:11:22:54 +0530] "GET /portal/gadgets/dummy-chat/dummy-chat.xml HTTP/1.1" 200 887 "-" "Apache Shindig"
127.0.0.1 - - [07/Oct/2014:11:22:54 +0530] "GET /portal/gadgets/wso2-dev/wso2-dev.xml HTTP/1.1" 200 1018 "-" "Apache Shindig"
127.0.0.1 - - [07/Oct/2014:11:22:54 +0530] "GET /portal/gadgets/pie-chart/pie-chart.xml HTTP/1.1" 200 979 "-" "Apache Shindig"
0:0:0:0:0:0:0:1 - - [07/Oct/2014:11:22:54 +0530] "GET //gadgets/ifr?url=http%3A%2F%2Flocalhost%3A9763%2Fportal%2Fgadgets%2Fdummy-chat%2Fdummy-chat.xml&container=default&view=default&lang=en&country=US&debug=1&nocache=1&sanitize=0&v=d8213105a7083aec18c9bce3596dddd0&testmode=0&parent=https%3A%2F%2Flocalhost%3A9443&mid=0 HTTP/1.1" 200 2037 "https://localhost:9443/TestDashSite2/" "Mozilla/5.0 (Macintosh; Intel Mac OS X 10.9; rv:32.0) Gecko/20100101 Firefox/32.0"
127.0.0.1 - - [07/Oct/2014:11:22:54 +0530] "GET /portal/gadgets/bar-chart/bar-chart.xml HTTP/1.1" 200 885 "-" "Apache Shindig"
0:0:0:0:0:0:0:1 - - [07/Oct/2014:11:22:54 +0530] "GET //gadgets/ifr?url=http%3A%2F%2Flocalhost%3A9763%2Fportal%2Fgadgets%2Fwso2-dev%2Fwso2-dev.xml&container=default&view=default&lang=en&country=US&debug=1&nocache=1&sanitize=0&v=d8213105a7083aec18c9bce3596dddd0&testmode=0&parent=https%3A%2F%2Flocalhost%3A9443&mid=0 HTTP/1.1" 200 1565 "https://localhost:9443/TestDashSite2/" "Mozilla/5.0 (Macintosh; Intel Mac OS X 10.9; rv:32.0) Gecko/20100101 Firefox/32.0"
0:0:0:0:0:0:0:1 - - [07/Oct/2014:11:22:54 +0530] "GET //gadgets/ifr?url=http%3A%2F%2Flocalhost%3A9763%2Fportal%2Fgadgets%2Fpie-chart%2Fpie-chart.xml&container=default&view=default&lang=en&country=US&debug=1&nocache=1&sanitize=0&v=d8213105a7083aec18c9bce3596dddd0&testmode=0&parent=https%3A%2F%2Flocalhost%3A9443&mid=0 HTTP/1.1" 200 1395 "https://localhost:9443/TestDashSite2/" "Mozilla/5.0 (Macintosh; Intel Mac OS X 10.9; rv:32.0) Gecko/20100101 Firefox/32.0"
0:0:0:0:0:0:0:1 - - [07/Oct/2014:11:22:54 +0530] "GET //gadgets/ifr?url=http%3A%2F%2Flocalhost%3A9763%2Fportal%2Fgadgets%2Fbar-chart%2Fbar-chart.xml&container=default&view=default&lang=en&country=US&debug=1&nocache=1&sanitize=0&v=d8213105a7083aec18c9bce3596dddd0&testmode=0&parent=https%3A%2F%2Flocalhost%3A9443&mid=0 HTTP/1.1" 200 1292 "https://localhost:9443/TestDashSite2/" "Mozilla/5.0 (Macintosh; Intel Mac OS X 10.9; rv:32.0) Gecko/20100101 Firefox/32.0"
127.0.0.1 - - [07/Oct/2014:11:22:54 +0530] "GET /portal/gadgets/show-assets/css/styles.css HTTP/1.1" 200 2062 "-" "Apache Shindig"
127.0.0.1 - - [07/Oct/2014:11:22:54 +0530] "GET /portal/gadgets/dummy-chat/dummy-chat.xml HTTP/1.1" 200 887 "-" "Apache Shindig"
127.0.0.1 - - [07/Oct/2014:11:22:54 +0530] "GET /portal/gadgets/show-assets/css/bootstrap.min.css HTTP/1.1" 200 15959 "-" "Apache Shindig"
0:0:0:0:0:0:0:1 - - [07/Oct/2014:11:22:54 +0530] "GET //gadgets/ifr?url=http%3A%2F%2Flocalhost%3A9763%2Fportal%2Fgadgets%2Fdummy-chat%2Fdummy-chat.xml&container=default&view=default&lang=en&country=US&debug=1&nocache=1&sanitize=0&v=d8213105a7083aec18c9bce3596dddd0&testmode=0&parent=https%3A%2F%2Flocalhost%3A9443&mid=0 HTTP/1.1" 304 - "https://localhost:9443/TestDashSite2/" "Mozilla/5.0 (Macintosh; Intel Mac OS X 10.9; rv:32.0) Gecko/20100101 Firefox/32.0"
127.0.0.1 - - [07/Oct/2014:11:22:54 +0530] "GET /portal/gadgets/show-assets/show-assets.xml HTTP/1.1" 200 1769 "-" "Apache Shindig"
0:0:0:0:0:0:0:1 - - [07/Oct/2014:11:22:54 +0530] "GET /portal/gadgets/wso2-dev/css/jslider.css HTTP/1.1" 200 747 "https://localhost:9443//gadgets/ifr?url=http%3A%2F%2Flocalhost%3A9763%2Fportal%2Fgadgets%2Fwso2-dev%2Fwso2-dev.xml&container=default&view=default&lang=en&country=US&debug=1&nocache=1&sanitize=0&v=d8213105a7083aec18c9bce3596dddd0&testmode=0&parent=https%3A%2F%2Flocalhost%3A9443&mid=0" "Mozilla/5.0 (Macintosh; Intel Mac OS X 10.9; rv:32.0) Gecko/20100101 Firefox/32.0"
0:0:0:0:0:0:0:1 - - [07/Oct/2014:11:22:54 +0530] "GET /portal/gadgets/wso2-dev/css/jslider.round.plastic.css HTTP/1.1" 200 253 "https://localhost:9443//gadgets/ifr?url=http%3A%2F%2Flocalhost%3A9763%2Fportal%2Fgadgets%2Fwso2-dev%2Fwso2-dev.xml&container=default&view=default&lang=en&country=US&debug=1&nocache=1&sanitize=0&v=d8213105a7083aec18c9bce3596dddd0&testmode=0&parent=https%3A%2F%2Flocalhost%3A9443&mid=0" "Mozilla/5.0 (Macintosh; Intel Mac OS X 10.9; rv:32.0) Gecko/20100101 Firefox/32.0"
0:0:0:0:0:0:0:1 - - [07/Oct/2014:11:22:54 +0530] "GET /portal/gadgets/wso2-dev/css/gadget.styles.css HTTP/1.1" 200 1196 "https://localhost:9443//gadgets/ifr?url=http%3A%2F%2Flocalhost%3A9763%2Fportal%2Fgadgets%2Fwso2-dev%2Fwso2-dev.xml&container=default&view=default&lang=en&country=US&debug=1&nocache=1&sanitize=0&v=d8213105a7083aec18c9bce3596dddd0&testmode=0&parent=https%3A%2F%2Flocalhost%3A9443&mid=0" "Mozilla/5.0 (Macintosh; Intel Mac OS X 10.9; rv:32.0) Gecko/20100101 Firefox/32.0"
0:0:0:0:0:0:0:1 - - [07/Oct/2014:11:22:54 +0530] "GET //gadgets/js/pubsub-2:dynamic-height:core!core:rpc.js?container=default&nocache=0&debug=1&c=0&v=1026902a266299e7832e6c212a82f9fc&jsload=0 HTTP/1.1" 200 23879 "https://localhost:9443//gadgets/ifr?url=http%3A%2F%2Flocalhost%3A9763%2Fportal%2Fgadgets%2Fshow-assets%2Fshow-assets.xml&container=default&view=default&lang=en&country=US&debug=1&nocache=1&sanitize=0&v=d8213105a7083aec18c9bce3596dddd0&testmode=0&parent=https%3A%2F%2Flocalhost%3A9443&mid=0" "Mozilla/5.0 (Macintosh; Intel Mac OS X 10.9; rv:32.0) Gecko/20100101 Firefox/32.0"
0:0:0:0:0:0:0:1 - - [07/Oct/2014:11:22:54 +0530] "GET //gadgets/js/dynamic-height:core!core:rpc.js?container=default&nocache=0&debug=1&c=0&v=4150416ed6f078058d6bbafbc18ee7bc&jsload=0 HTTP/1.1" 200 3005 "https://localhost:9443//gadgets/ifr?url=http%3A%2F%2Flocalhost%3A9763%2Fportal%2Fgadgets%2Fdummy-chat%2Fdummy-chat.xml&container=default&view=default&lang=en&country=US&debug=1&nocache=1&sanitize=0&v=d8213105a7083aec18c9bce3596dddd0&testmode=0&parent=https%3A%2F%2Flocalhost%3A9443&mid=0" "Mozilla/5.0 (Macintosh; Intel Mac OS X 10.9; rv:32.0) Gecko/20100101 Firefox/32.0"
127.0.0.1 - - [07/Oct/2014:11:22:54 +0530] "GET /portal/gadgets/wso2-dev/js/jquery.numberformatter-1.2.3.js HTTP/1.1" 200 4811 "-" "Apache Shindig"
127.0.0.1 - - [07/Oct/2014:11:22:54 +0530] "GET /portal/gadgets/wso2-dev/js/jshashtable-2.1_src.js HTTP/1.1" 200 3039 "-" "Apache Shindig"
127.0.0.1 - - [07/Oct/2014:11:22:54 +0530] "GET /portal/gadgets/wso2-dev/js/jquery.dependClass-0.1.js HTTP/1.1" 200 1467 "-" "Apache Shindig"
127.0.0.1 - - [07/Oct/2014:11:22:54 +0530] "GET /portal/gadgets/wso2-dev/js/tmpl.js HTTP/1.1" 200 1229 "-" "Apache Shindig"
127.0.0.1 - - [07/Oct/2014:11:22:54 +0530] "GET /portal/gadgets/wso2-dev/js/draggable-0.1.js HTTP/1.1" 200 1371 "-" "Apache Shindig"
127.0.0.1 - - [07/Oct/2014:11:22:54 +0530] "GET /portal/gadgets/wso2-dev/js/jquery.slider.js HTTP/1.1" 200 4882 "-" "Apache Shindig"
0:0:0:0:0:0:0:1 - - [07/Oct/2014:11:22:54 +0530] "GET //gadgets/js/core!core:rpc.js?container=default&nocache=0&debug=1&c=0&v=10ffc1a5848b6380548a5e2dcd177677&jsload=0 HTTP/1.1" 200 404 "https://localhost:9443//gadgets/ifr?url=http%3A%2F%2Flocalhost%3A9763%2Fportal%2Fgadgets%2Fpie-chart%2Fpie-chart.xml&container=default&view=default&lang=en&country=US&debug=1&nocache=1&sanitize=0&v=d8213105a7083aec18c9bce3596dddd0&testmode=0&parent=https%3A%2F%2Flocalhost%3A9443&mid=0" "Mozilla/5.0 (Macintosh; Intel Mac OS X 10.9; rv:32.0) Gecko/20100101 Firefox/32.0"
127.0.0.1 - - [07/Oct/2014:11:22:54 +0530] "GET /portal/gadgets/wso2-dev/js/wso2-dev.js HTTP/1.1" 200 1703 "-" "Apache Shindig"
127.0.0.1 - - [07/Oct/2014:11:22:54 +0530] "GET /portal/themes/portal/css/flot-graph.css HTTP/1.1" 200 1294 "-" "Apache Shindig"
127.0.0.1 - - [07/Oct/2014:11:22:54 +0530] "GET /portal/themes/portal/css/flot-graph.css HTTP/1.1" 200 1294 "-" "Apache Shindig"
0:0:0:0:0:0:0:1 - - [07/Oct/2014:11:22:54 +0530] "GET //gadgets/js/core:rpc.js?container=default&nocache=0&debug=1&c=0&v=0340451bd365756d7f0c9f9ea168177b&jsload=0 HTTP/1.1" 200 58354 "https://localhost:9443//gadgets/ifr?url=http%3A%2F%2Flocalhost%3A9763%2Fportal%2Fgadgets%2Fshow-assets%2Fshow-assets.xml&container=default&view=default&lang=en&country=US&debug=1&nocache=1&sanitize=0&v=d8213105a7083aec18c9bce3596dddd0&testmode=0&parent=https%3A%2F%2Flocalhost%3A9443&mid=0" "Mozilla/5.0 (Macintosh; Intel Mac OS X 10.9; rv:32.0) Gecko/20100101 Firefox/32.0"
127.0.0.1 - - [07/Oct/2014:11:22:54 +0530] "GET /portal/themes/portal/css/bootstrap.min.css HTTP/1.1" 200 18754 "-" "Apache Shindig"
127.0.0.1 - - [07/Oct/2014:11:22:54 +0530] "GET /portal/js/dojo/dojo/dojo.js HTTP/1.1" 200 54154 "-" "Apache Shindig"
127.0.0.1 - - [07/Oct/2014:11:22:54 +0530] "GET /portal/gadgets/dummy-chat/js/dummy-chat.js HTTP/1.1" 200 783 "-" "Apache Shindig"
127.0.0.1 - - [07/Oct/2014:11:22:54 +0530] "GET /portal/gadgets/pie-chart/pie-chart.xml HTTP/1.1" 200 979 "-" "Apache Shindig"
127.0.0.1 - - [07/Oct/2014:11:22:54 +0530] "GET /portal/themes/portal/css/bootstrap.min.css HTTP/1.1" 200 18754 "-" "Apache Shindig"
127.0.0.1 - - [07/Oct/2014:11:22:54 +0530] "GET /portal/gadgets/bar-chart/bar-chart.xml HTTP/1.1" 200 885 "-" "Apache Shindig"
127.0.0.1 - - [07/Oct/2014:11:22:54 +0530] "GET /portal/gadgets/dummy-chat/dummy-chat.xml HTTP/1.1" 200 887 "-" "Apache Shindig"
0:0:0:0:0:0:0:1 - - [07/Oct/2014:11:22:54 +0530] "GET //gadgets/concat?container=default&gadget=http%3A%2F%2Flocalhost%3A9763%2Fportal%2Fgadgets%2Fdummy-chat%2Fdummy-chat.xml&debug=1&nocache=1&type=js&1=http%3A%2F%2Flocalhost%3A9763%2Fportal%2Fgadgets%2Fdummy-chat%2Fjs%2Fdummy-chat.js HTTP/1.1" 200 957 "https://localhost:9443//gadgets/ifr?url=http%3A%2F%2Flocalhost%3A9763%2Fportal%2Fgadgets%2Fdummy-chat%2Fdummy-chat.xml&container=default&view=default&lang=en&country=US&debug=1&nocache=1&sanitize=0&v=d8213105a7083aec18c9bce3596dddd0&testmode=0&parent=https%3A%2F%2Flocalhost%3A9443&mid=0" "Mozilla/5.0 (Macintosh; Intel Mac OS X 10.9; rv:32.0) Gecko/20100101 Firefox/32.0"
127.0.0.1 - - [07/Oct/2014:11:22:54 +0530] "GET /portal/gadgets/bar-chart/bar-chart.xml HTTP/1.1" 200 885 "-" "Apache Shindig"
127.0.0.1 - - [07/Oct/2014:11:22:54 +0530] "GET /portal/gadgets/pie-chart/pie-chart.xml HTTP/1.1" 200 979 "-" "Apache Shindig"
127.0.0.1 - - [07/Oct/2014:11:22:54 +0530] "GET /portal/gadgets/dummy-chat/js/dummy-chat.js HTTP/1.1" 200 783 "-" "Apache Shindig"
127.0.0.1 - - [07/Oct/2014:11:22:54 +0530] "GET /portal/gadgets/dummy-chat/dummy-chat.xml HTTP/1.1" 200 887 "-" "Apache Shindig"
0:0:0:0:0:0:0:1 - - [07/Oct/2014:11:22:54 +0530] "GET //gadgets/concat?container=default&gadget=http%3A%2F%2Flocalhost%3A9763%2Fportal%2Fgadgets%2Fdummy-chat%2Fdummy-chat.xml&debug=1&nocache=1&type=js&1=http%3A%2F%2Flocalhost%3A9763%2Fportal%2Fgadgets%2Fdummy-chat%2Fjs%2Fdummy-chat.js HTTP/1.1" 304 - "https://localhost:9443//gadgets/ifr?url=http%3A%2F%2Flocalhost%3A9763%2Fportal%2Fgadgets%2Fdummy-chat%2Fdummy-chat.xml&container=default&view=default&lang=en&country=US&debug=1&nocache=1&sanitize=0&v=d8213105a7083aec18c9bce3596dddd0&testmode=0&parent=https%3A%2F%2Flocalhost%3A9443&mid=0" "Mozilla/5.0 (Macintosh; Intel Mac OS X 10.9; rv:32.0) Gecko/20100101 Firefox/32.0"
127.0.0.1 - - [07/Oct/2014:11:22:54 +0530] "GET /portal/gadgets/wso2-dev/wso2-dev.xml HTTP/1.1" 200 1018 "-" "Apache Shindig"
127.0.0.1 - - [07/Oct/2014:11:22:55 +0530] "GET /portal/gadgets/wso2-dev/wso2-dev.xml HTTP/1.1" 200 1018 "-" "Apache Shindig"
127.0.0.1 - - [07/Oct/2014:11:22:55 +0530] "GET /portal/gadgets/wso2-dev/wso2-dev.xml HTTP/1.1" 200 1018 "-" "Apache Shindig"
127.0.0.1 - - [07/Oct/2014:11:22:55 +0530] "GET /portal/gadgets/wso2-dev/wso2-dev.xml HTTP/1.1" 200 1018 "-" "Apache Shindig"
127.0.0.1 - - [07/Oct/2014:11:22:55 +0530] "GET /portal/gadgets/wso2-dev/wso2-dev.xml HTTP/1.1" 200 1018 "-" "Apache Shindig"
127.0.0.1 - - [07/Oct/2014:11:22:55 +0530] "GET /portal/gadgets/wso2-dev/wso2-dev.xml HTTP/1.1" 200 1018 "-" "Apache Shindig"
127.0.0.1 - - [07/Oct/2014:11:22:55 +0530] "GET /portal/gadgets/wso2-dev/wso2-dev.xml HTTP/1.1" 200 1018 "-" "Apache Shindig"
127.0.0.1 - - [07/Oct/2014:11:22:55 +0530] "GET /portal/gadgets/wso2-dev/wso2-dev.xml HTTP/1.1" 200 1018 "-" "Apache Shindig"
127.0.0.1 - - [07/Oct/2014:11:22:55 +0530] "GET /portal/gadgets/wso2-dev/wso2-dev.xml HTTP/1.1" 200 1018 "-" "Apache Shindig"
0:0:0:0:0:0:0:1 - - [07/Oct/2014:11:22:55 +0530] "GET //gadgets/concat?container=default&gadget=http%3A%2F%2Flocalhost%3A9763%2Fportal%2Fgadgets%2Fwso2-dev%2Fwso2-dev.xml&debug=1&nocache=1&type=js&1=http%3A%2F%2Fajax.googleapis.com%2Fajax%2Flibs%2Fjquery%2F1.8.0%2Fjquery.min.js&2=http%3A%2F%2Flocalhost%3A9763%2Fportal%2Fgadgets%2Fwso2-dev%2Fjs%2Fjshashtable-2.1_src.js&3=http%3A%2F%2Flocalhost%3A9763%2Fportal%2Fgadgets%2Fwso2-dev%2Fjs%2Fjquery.numberformatter-1.2.3.js&4=http%3A%2F%2Flocalhost%3A9763%2Fportal%2Fgadgets%2Fwso2-dev%2Fjs%2Ftmpl.js&5=http%3A%2F%2Flocalhost%3A9763%2Fportal%2Fgadgets%2Fwso2-dev%2Fjs%2Fjquery.dependClass-0.1.js&6=http%3A%2F%2Flocalhost%3A9763%2Fportal%2Fgadgets%2Fwso2-dev%2Fjs%2Fdraggable-0.1.js&7=http%3A%2F%2Flocalhost%3A9763%2Fportal%2Fgadgets%2Fwso2-dev%2Fjs%2Fjquery.slider.js&8=http%3A%2F%2Flocalhost%3A9763%2Fportal%2Fjs%2Fdojo%2Fdojo%2Fdojo.js&9=http%3A%2F%2Flocalhost%3A9763%2Fportal%2Fgadgets%2Fwso2-dev%2Fjs%2Fwso2-dev.js HTTP/1.1" 200 103249 "https://localhost:9443//gadgets/ifr?url=http%3A%2F%2Flocalhost%3A9763%2Fportal%2Fgadgets%2Fwso2-dev%2Fwso2-dev.xml&container=default&view=default&lang=en&country=US&debug=1&nocache=1&sanitize=0&v=d8213105a7083aec18c9bce3596dddd0&testmode=0&parent=https%3A%2F%2Flocalhost%3A9443&mid=0" "Mozilla/5.0 (Macintosh; Intel Mac OS X 10.9; rv:32.0) Gecko/20100101 Firefox/32.0"
0:0:0:0:0:0:0:1 - - [07/Oct/2014:11:22:55 +0530] "GET /ws-chat/server.jag HTTP/1.1" 101 - "-" "Mozilla/5.0 (Macintosh; Intel Mac OS X 10.9; rv:32.0) Gecko/20100101 Firefox/32.0"
0:0:0:0:0:0:0:1 - - [07/Oct/2014:11:22:55 +0530] "GET /portal/gadgets/wso2-dev/img/jslider.round.plastic.png HTTP/1.1" 200 5204 "https://localhost:9443/portal/gadgets/wso2-dev/css/jslider.css" "Mozilla/5.0 (Macintosh; Intel Mac OS X 10.9; rv:32.0) Gecko/20100101 Firefox/32.0"
0:0:0:0:0:0:0:1 - - [07/Oct/2014:11:22:55 +0530] "GET /ws-chat/server.jag HTTP/1.1" 101 - "-" "Mozilla/5.0 (Macintosh; Intel Mac OS X 10.9; rv:32.0) Gecko/20100101 Firefox/32.0"
127.0.0.1 - - [07/Oct/2014:11:22:55 +0530] "GET /portal/gadgets/show-assets/show-assets.xml HTTP/1.1" 200 1769 "-" "Apache Shindig"
0:0:0:0:0:0:0:1 - - [07/Oct/2014:11:22:55 +0530] "GET //gadgets/concat?container=default&gadget=http%3A%2F%2Flocalhost%3A9763%2Fportal%2Fgadgets%2Fshow-assets%2Fshow-assets.xml&debug=1&nocache=1&type=css&1=http%3A%2F%2Flocalhost%3A9763%2Fportal%2Fgadgets%2Fshow-assets%2Fcss%2Fbootstrap.min.css&2=http%3A%2F%2Flocalhost%3A9763%2Fportal%2Fgadgets%2Fshow-assets%2Fcss%2Fstyles.css HTTP/1.1" 200 14264 "https://localhost:9443//gadgets/ifr?url=http%3A%2F%2Flocalhost%3A9763%2Fportal%2Fgadgets%2Fshow-assets%2Fshow-assets.xml&container=default&view=default&lang=en&country=US&debug=1&nocache=1&sanitize=0&v=d8213105a7083aec18c9bce3596dddd0&testmode=0&parent=https%3A%2F%2Flocalhost%3A9443&mid=0" "Mozilla/5.0 (Macintosh; Intel Mac OS X 10.9; rv:32.0) Gecko/20100101 Firefox/32.0"
127.0.0.1 - - [07/Oct/2014:11:22:55 +0530] "GET /portal/gadgets/show-assets/js/bootstrap.min.js HTTP/1.1" 200 4218 "-" "Apache Shindig"
127.0.0.1 - - [07/Oct/2014:11:22:55 +0530] "GET /portal/gadgets/show-assets/js/jquery.validate.js HTTP/1.1" 200 10011 "-" "Apache Shindig"
127.0.0.1 - - [07/Oct/2014:11:22:55 +0530] "GET /portal/gadgets/show-assets/js/jquery.nicescroll.min.js HTTP/1.1" 200 14017 "-" "Apache Shindig"
127.0.0.1 - - [07/Oct/2014:11:22:55 +0530] "GET /portal/gadgets/show-assets/js/handlebars.js HTTP/1.1" 200 18303 "-" "Apache Shindig"
127.0.0.1 - - [07/Oct/2014:11:22:55 +0530] "GET /portal/gadgets/show-assets/js/load-assets.js HTTP/1.1" 200 2901 "-" "Apache Shindig"
127.0.0.1 - - [07/Oct/2014:11:22:55 +0530] "GET /portal/gadgets/show-assets/js/jquery-1.8.3.min.js HTTP/1.1" 200 33942 "-" "Apache Shindig"
127.0.0.1 - - [07/Oct/2014:11:22:55 +0530] "GET /portal/gadgets/show-assets/show-assets.xml HTTP/1.1" 200 1769 "-" "Apache Shindig"
127.0.0.1 - - [07/Oct/2014:11:22:55 +0530] "GET /portal/gadgets/show-assets/show-assets.xml HTTP/1.1" 200 1769 "-" "Apache Shindig"
127.0.0.1 - - [07/Oct/2014:11:22:55 +0530] "GET /portal/gadgets/show-assets/show-assets.xml HTTP/1.1" 200 1769 "-" "Apache Shindig"
127.0.0.1 - - [07/Oct/2014:11:22:55 +0530] "GET /portal/gadgets/show-assets/show-assets.xml HTTP/1.1" 200 1769 "-" "Apache Shindig"
127.0.0.1 - - [07/Oct/2014:11:22:55 +0530] "GET /portal/gadgets/show-assets/show-assets.xml HTTP/1.1" 200 1769 "-" "Apache Shindig"
127.0.0.1 - - [07/Oct/2014:11:22:55 +0530] "GET /portal/gadgets/show-assets/show-assets.xml HTTP/1.1" 200 1769 "-" "Apache Shindig"
0:0:0:0:0:0:0:1 - - [07/Oct/2014:11:22:55 +0530] "GET //gadgets/concat?container=default&gadget=http%3A%2F%2Flocalhost%3A9763%2Fportal%2Fgadgets%2Fshow-assets%2Fshow-assets.xml&debug=1&nocache=1&type=js&1=http%3A%2F%2Flocalhost%3A9763%2Fportal%2Fgadgets%2Fshow-assets%2Fjs%2Fjquery-1.8.3.min.js&2=http%3A%2F%2Flocalhost%3A9763%2Fportal%2Fgadgets%2Fshow-assets%2Fjs%2Fjquery.validate.js&3=http%3A%2F%2Flocalhost%3A9763%2Fportal%2Fgadgets%2Fshow-assets%2Fjs%2Fhandlebars.js&4=http%3A%2F%2Flocalhost%3A9763%2Fportal%2Fgadgets%2Fshow-assets%2Fjs%2Fbootstrap.min.js&5=http%3A%2F%2Flocalhost%3A9763%2Fportal%2Fgadgets%2Fshow-assets%2Fjs%2Fload-assets.js&6=http%3A%2F%2Flocalhost%3A9763%2Fportal%2Fgadgets%2Fshow-assets%2Fjs%2Fjquery.nicescroll.min.js HTTP/1.1" 200 82651 "https://localhost:9443//gadgets/ifr?url=http%3A%2F%2Flocalhost%3A9763%2Fportal%2Fgadgets%2Fshow-assets%2Fshow-assets.xml&container=default&view=default&lang=en&country=US&debug=1&nocache=1&sanitize=0&v=d8213105a7083aec18c9bce3596dddd0&testmode=0&parent=https%3A%2F%2Flocalhost%3A9443&mid=0" "Mozilla/5.0 (Macintosh; Intel Mac OS X 10.9; rv:32.0) Gecko/20100101 Firefox/32.0"
0:0:0:0:0:0:0:1 - - [07/Oct/2014:11:22:55 +0530] "GET //gadgets/concat?container=default&gadget=http%3A%2F%2Flocalhost%3A9763%2Fportal%2Fgadgets%2Fbar-chart%2Fbar-chart.xml&debug=1&nocache=1&type=css&1=http%3A%2F%2Flocalhost%3A9763%2Fportal%2Fthemes%2Fportal%2Fcss%2Fflot-graph.css&2=http%3A%2F%2Flocalhost%3A9763%2Fportal%2Fthemes%2Fportal%2Fcss%2Fbootstrap.min.css HTTP/1.1" 200 16230 "https://localhost:9443//gadgets/ifr?url=http%3A%2F%2Flocalhost%3A9763%2Fportal%2Fgadgets%2Fbar-chart%2Fbar-chart.xml&container=default&view=default&lang=en&country=US&debug=1&nocache=1&sanitize=0&v=d8213105a7083aec18c9bce3596dddd0&testmode=0&parent=https%3A%2F%2Flocalhost%3A9443&mid=0" "Mozilla/5.0 (Macintosh; Intel Mac OS X 10.9; rv:32.0) Gecko/20100101 Firefox/32.0"
127.0.0.1 - - [07/Oct/2014:11:22:55 +0530] "GET /portal/js/flot-chart-core.js HTTP/1.1" 200 1687 "-" "Apache Shindig"
127.0.0.1 - - [07/Oct/2014:11:22:55 +0530] "GET /portal/gadgets/bar-chart/js/options-bar.js HTTP/1.1" 200 857 "-" "Apache Shindig"
127.0.0.1 - - [07/Oct/2014:11:22:55 +0530] "GET /portal/js/flot/excanvas.min.js HTTP/1.1" 200 8433 "-" "Apache Shindig"
127.0.0.1 - - [07/Oct/2014:11:22:55 +0530] "GET /portal/js/flot/jquery.flot.resize.js HTTP/1.1" 200 1178 "-" "Apache Shindig"
127.0.0.1 - - [07/Oct/2014:11:22:55 +0530] "GET /portal/js/flot/jquery.flot.selection.js HTTP/1.1" 200 3861 "-" "Apache Shindig"
127.0.0.1 - - [07/Oct/2014:11:22:55 +0530] "GET /portal/js/flot/jquery.flot.js HTTP/1.1" 200 26419 "-" "Apache Shindig"
0:0:0:0:0:0:0:1 - - [07/Oct/2014:11:22:55 +0530] "GET //gadgets/concat?container=default&gadget=http%3A%2F%2Flocalhost%3A9763%2Fportal%2Fgadgets%2Fpie-chart%2Fpie-chart.xml&debug=1&nocache=1&type=css&1=http%3A%2F%2Flocalhost%3A9763%2Fportal%2Fthemes%2Fportal%2Fcss%2Fflot-graph.css&2=http%3A%2F%2Flocalhost%3A9763%2Fportal%2Fthemes%2Fportal%2Fcss%2Fbootstrap.min.css HTTP/1.1" 200 16230 "https://localhost:9443//gadgets/ifr?url=http%3A%2F%2Flocalhost%3A9763%2Fportal%2Fgadgets%2Fpie-chart%2Fpie-chart.xml&container=default&view=default&lang=en&country=US&debug=1&nocache=1&sanitize=0&v=d8213105a7083aec18c9bce3596dddd0&testmode=0&parent=https%3A%2F%2Flocalhost%3A9443&mid=0" "Mozilla/5.0 (Macintosh; Intel Mac OS X 10.9; rv:32.0) Gecko/20100101 Firefox/32.0"
127.0.0.1 - - [07/Oct/2014:11:22:55 +0530] "GET /portal/gadgets/bar-chart/bar-chart.xml HTTP/1.1" 200 885 "-" "Apache Shindig"
127.0.0.1 - - [07/Oct/2014:11:22:55 +0530] "GET /portal/js/flot-chart-core.js HTTP/1.1" 200 1687 "-" "Apache Shindig"
127.0.0.1 - - [07/Oct/2014:11:22:55 +0530] "GET /portal/js/flot/excanvas.min.js HTTP/1.1" 200 8433 "-" "Apache Shindig"
127.0.0.1 - - [07/Oct/2014:11:22:55 +0530] "GET /portal/js/flot/jquery.flot.resize.js HTTP/1.1" 200 1178 "-" "Apache Shindig"
127.0.0.1 - - [07/Oct/2014:11:22:55 +0530] "GET /portal/js/flot/jquery.flot.pie.js HTTP/1.1" 200 7094 "-" "Apache Shindig"
127.0.0.1 - - [07/Oct/2014:11:22:55 +0530] "GET /portal/js/bootstrap.js HTTP/1.1" 200 10558 "-" "Apache Shindig"
127.0.0.1 - - [07/Oct/2014:11:22:55 +0530] "GET /portal/gadgets/pie-chart/js/options-pie.js HTTP/1.1" 200 533 "-" "Apache Shindig"
127.0.0.1 - - [07/Oct/2014:11:22:55 +0530] "GET /portal/js/flot/jquery.flot.js HTTP/1.1" 200 26419 "-" "Apache Shindig"
127.0.0.1 - - [07/Oct/2014:11:22:55 +0530] "GET /portal/js/flot/jquery.js HTTP/1.1" 200 81076 "-" "Apache Shindig"
127.0.0.1 - - [07/Oct/2014:11:22:56 +0530] "GET /portal/gadgets/pie-chart/pie-chart.xml HTTP/1.1" 200 979 "-" "Apache Shindig"
127.0.0.1 - - [07/Oct/2014:11:22:56 +0530] "GET /portal/gadgets/bar-chart/bar-chart.xml HTTP/1.1" 200 885 "-" "Apache Shindig"
127.0.0.1 - - [07/Oct/2014:11:22:56 +0530] "GET /portal/js/flot/jquery.js HTTP/1.1" 200 81076 "-" "Apache Shindig"
127.0.0.1 - - [07/Oct/2014:11:22:56 +0530] "GET /portal/gadgets/bar-chart/bar-chart.xml HTTP/1.1" 200 885 "-" "Apache Shindig"
127.0.0.1 - - [07/Oct/2014:11:22:56 +0530] "GET /portal/gadgets/bar-chart/bar-chart.xml HTTP/1.1" 200 885 "-" "Apache Shindig"
127.0.0.1 - - [07/Oct/2014:11:22:56 +0530] "GET /portal/gadgets/pie-chart/pie-chart.xml HTTP/1.1" 200 979 "-" "Apache Shindig"
127.0.0.1 - - [07/Oct/2014:11:22:56 +0530] "GET /portal/gadgets/bar-chart/bar-chart.xml HTTP/1.1" 200 885 "-" "Apache Shindig"
127.0.0.1 - - [07/Oct/2014:11:22:56 +0530] "GET /portal/gadgets/pie-chart/pie-chart.xml HTTP/1.1" 200 979 "-" "Apache Shindig"
127.0.0.1 - - [07/Oct/2014:11:22:56 +0530] "GET /portal/gadgets/pie-chart/pie-chart.xml HTTP/1.1" 200 979 "-" "Apache Shindig"
127.0.0.1 - - [07/Oct/2014:11:22:56 +0530] "GET /portal/gadgets/bar-chart/bar-chart.xml HTTP/1.1" 200 885 "-" "Apache Shindig"
127.0.0.1 - - [07/Oct/2014:11:22:56 +0530] "GET /portal/gadgets/pie-chart/pie-chart.xml HTTP/1.1" 200 979 "-" "Apache Shindig"
127.0.0.1 - - [07/Oct/2014:11:22:56 +0530] "GET /portal/gadgets/bar-chart/bar-chart.xml HTTP/1.1" 200 885 "-" "Apache Shindig"
127.0.0.1 - - [07/Oct/2014:11:22:56 +0530] "GET /portal/gadgets/pie-chart/pie-chart.xml HTTP/1.1" 200 979 "-" "Apache Shindig"
0:0:0:0:0:0:0:1 - - [07/Oct/2014:11:22:56 +0530] "GET /store/apis/myAsset/ HTTP/1.1" 401 975 "https://localhost:9443//gadgets/ifr?url=http%3A%2F%2Flocalhost%3A9763%2Fportal%2Fgadgets%2Fshow-assets%2Fshow-assets.xml&container=default&view=default&lang=en&country=US&debug=1&nocache=1&sanitize=0&v=d8213105a7083aec18c9bce3596dddd0&testmode=0&parent=https%3A%2F%2Flocalhost%3A9443&mid=0" "Mozilla/5.0 (Macintosh; Intel Mac OS X 10.9; rv:32.0) Gecko/20100101 Firefox/32.0"
127.0.0.1 - - [07/Oct/2014:11:22:56 +0530] "GET /portal/gadgets/pie-chart/pie-chart.xml HTTP/1.1" 200 979 "-" "Apache Shindig"
127.0.0.1 - - [07/Oct/2014:11:22:56 +0530] "GET /portal/gadgets/pie-chart/pie-chart.xml HTTP/1.1" 200 979 "-" "Apache Shindig"
0:0:0:0:0:0:0:1 - - [07/Oct/2014:11:22:56 +0530] "GET //gadgets/concat?container=default&gadget=http%3A%2F%2Flocalhost%3A9763%2Fportal%2Fgadgets%2Fbar-chart%2Fbar-chart.xml&debug=1&nocache=1&type=js&1=http%3A%2F%2Flocalhost%3A9763%2Fportal%2Fjs%2Fflot%2Fexcanvas.min.js&2=http%3A%2F%2Flocalhost%3A9763%2Fportal%2Fjs%2Fflot%2Fjquery.js&3=http%3A%2F%2Flocalhost%3A9763%2Fportal%2Fjs%2Fflot%2Fjquery.flot.js&4=http%3A%2F%2Flocalhost%3A9763%2Fportal%2Fjs%2Fflot%2Fjquery.flot.selection.js&5=http%3A%2F%2Flocalhost%3A9763%2Fportal%2Fjs%2Fflot%2Fjquery.flot.resize.js&6=http%3A%2F%2Flocalhost%3A9763%2Fportal%2Fgadgets%2Fbar-chart%2Fjs%2Foptions-bar.js&7=http%3A%2F%2Flocalhost%3A9763%2Fportal%2Fjs%2Fflot-chart-core.js HTTP/1.1" 200 121516 "https://localhost:9443//gadgets/ifr?url=http%3A%2F%2Flocalhost%3A9763%2Fportal%2Fgadgets%2Fbar-chart%2Fbar-chart.xml&container=default&view=default&lang=en&country=US&debug=1&nocache=1&sanitize=0&v=d8213105a7083aec18c9bce3596dddd0&testmode=0&parent=https%3A%2F%2Flocalhost%3A9443&mid=0" "Mozilla/5.0 (Macintosh; Intel Mac OS X 10.9; rv:32.0) Gecko/20100101 Firefox/32.0"
0:0:0:0:0:0:0:1 - - [07/Oct/2014:11:22:56 +0530] "GET //gadgets/concat?container=default&gadget=http%3A%2F%2Flocalhost%3A9763%2Fportal%2Fgadgets%2Fpie-chart%2Fpie-chart.xml&debug=1&nocache=1&type=js&1=http%3A%2F%2Flocalhost%3A9763%2Fportal%2Fjs%2Fflot%2Fexcanvas.min.js&2=http%3A%2F%2Flocalhost%3A9763%2Fportal%2Fjs%2Fflot%2Fjquery.js&3=http%3A%2F%2Flocalhost%3A9763%2Fportal%2Fjs%2Fbootstrap.js&4=http%3A%2F%2Flocalhost%3A9763%2Fportal%2Fjs%2Fflot%2Fjquery.flot.js&5=http%3A%2F%2Flocalhost%3A9763%2Fportal%2Fjs%2Fflot%2Fjquery.flot.pie.js&6=http%3A%2F%2Flocalhost%3A9763%2Fportal%2Fjs%2Fflot%2Fjquery.flot.resize.js&7=http%3A%2F%2Flocalhost%3A9763%2Fportal%2Fgadgets%2Fpie-chart%2Fjs%2Foptions-pie.js&8=http%3A%2F%2Flocalhost%3A9763%2Fportal%2Fjs%2Fflot-chart-core.js HTTP/1.1" 200 134987 "https://localhost:9443//gadgets/ifr?url=http%3A%2F%2Flocalhost%3A9763%2Fportal%2Fgadgets%2Fpie-chart%2Fpie-chart.xml&container=default&view=default&lang=en&country=US&debug=1&nocache=1&sanitize=0&v=d8213105a7083aec18c9bce3596dddd0&testmode=0&parent=https%3A%2F%2Flocalhost%3A9443&mid=0" "Mozilla/5.0 (Macintosh; Intel Mac OS X 10.9; rv:32.0) Gecko/20100101 Firefox/32.0"
0:0:0:0:0:0:0:1 - - [07/Oct/2014:11:22:56 +0530] "GET /portal/apis/flot-data-files/dataFile4.jag HTTP/1.1" 200 1356 "https://localhost:9443//gadgets/ifr?url=http%3A%2F%2Flocalhost%3A9763%2Fportal%2Fgadgets%2Fbar-chart%2Fbar-chart.xml&container=default&view=default&lang=en&country=US&debug=1&nocache=1&sanitize=0&v=d8213105a7083aec18c9bce3596dddd0&testmode=0&parent=https%3A%2F%2Flocalhost%3A9443&mid=0" "Mozilla/5.0 (Macintosh; Intel Mac OS X 10.9; rv:32.0) Gecko/20100101 Firefox/32.0"
0:0:0:0:0:0:0:1 - - [07/Oct/2014:11:22:56 +0530] "GET /portal/apis/flot-data-files/dataFile6.jag HTTP/1.1" 200 157 "https://localhost:9443//gadgets/ifr?url=http%3A%2F%2Flocalhost%3A9763%2Fportal%2Fgadgets%2Fpie-chart%2Fpie-chart.xml&container=default&view=default&lang=en&country=US&debug=1&nocache=1&sanitize=0&v=d8213105a7083aec18c9bce3596dddd0&testmode=0&parent=https%3A%2F%2Flocalhost%3A9443&mid=0" "Mozilla/5.0 (Macintosh; Intel Mac OS X 10.9; rv:32.0) Gecko/20100101 Firefox/32.0"
0:0:0:0:0:0:0:1 - - [07/Oct/2014:11:22:56 +0530] "GET /store/apis/tag/gadget HTTP/1.1" 200 462 "https://localhost:9443//gadgets/ifr?url=http%3A%2F%2Flocalhost%3A9763%2Fportal%2Fgadgets%2Fshow-assets%2Fshow-assets.xml&container=default&view=default&lang=en&country=US&debug=1&nocache=1&sanitize=0&v=d8213105a7083aec18c9bce3596dddd0&testmode=0&parent=https%3A%2F%2Flocalhost%3A9443&mid=0" "Mozilla/5.0 (Macintosh; Intel Mac OS X 10.9; rv:32.0) Gecko/20100101 Firefox/32.0"
0:0:0:0:0:0:0:1 - - [07/Oct/2014:11:22:58 +0530] "GET /markmail/api/wso2.jag?list=carbon-dev&from=200601&to=201201 HTTP/1.1" 200 1987 "https://localhost:9443//gadgets/ifr?url=http%3A%2F%2Flocalhost%3A9763%2Fportal%2Fgadgets%2Fwso2-dev%2Fwso2-dev.xml&container=default&view=default&lang=en&country=US&debug=1&nocache=1&sanitize=0&v=d8213105a7083aec18c9bce3596dddd0&testmode=0&parent=https%3A%2F%2Flocalhost%3A9443&mid=0" "Mozilla/5.0 (Macintosh; Intel Mac OS X 10.9; rv:32.0) Gecko/20100101 Firefox/32.0"
0:0:0:0:0:0:0:1 - - [07/Oct/2014:11:22:59 +0530] "GET /cep-dash/gadgets/Vacation_Group_test/data-api.jag HTTP/1.1" 404 1049 "https://localhost:9443/shindig/gadgets/ifr?url=http%3A%2F%2Flocalhost%3A9763%2Fcep-dash%2Fgadgets%2FVacation_Group_test%2Fpublic%2Fstacked-bar-chart%2Fstacked-bar-chart.xml&container=default&view=default&lang=en&country=US&debug=1&nocache=1&sanitize=0&v=d8213105a7083aec18c9bce3596dddd0&testmode=0&parent=https%3A%2F%2Flocalhost%3A9443&mid=0" "Mozilla/5.0 (Macintosh; Intel Mac OS X 10.9; rv:32.0) Gecko/20100101 Firefox/32.0"
0:0:0:0:0:0:0:1 - - [07/Oct/2014:11:23:09 +0530] "GET /cep-dash/gadgets/Vacation_Group_test/data-api.jag HTTP/1.1" 404 1049 "https://localhost:9443/shindig/gadgets/ifr?url=http%3A%2F%2Flocalhost%3A9763%2Fcep-dash%2Fgadgets%2FVacation_Group_test%2Fpublic%2Fstacked-bar-chart%2Fstacked-bar-chart.xml&container=default&view=default&lang=en&country=US&debug=1&nocache=1&sanitize=0&v=d8213105a7083aec18c9bce3596dddd0&testmode=0&parent=https%3A%2F%2Flocalhost%3A9443&mid=0" "Mozilla/5.0 (Macintosh; Intel Mac OS X 10.9; rv:32.0) Gecko/20100101 Firefox/32.0"
0:0:0:0:0:0:0:1 - - [07/Oct/2014:11:23:10 +0530] "GET /markmail/api/wso2.jag?list=carbon-dev&from=200601&to=201201&action=sender HTTP/1.1" 200 1299 "https://localhost:9443//gadgets/ifr?url=http%3A%2F%2Flocalhost%3A9763%2Fportal%2Fgadgets%2Fwso2-dev%2Fwso2-dev.xml&container=default&view=default&lang=en&country=US&debug=1&nocache=1&sanitize=0&v=d8213105a7083aec18c9bce3596dddd0&testmode=0&parent=https%3A%2F%2Flocalhost%3A9443&mid=0" "Mozilla/5.0 (Macintosh; Intel Mac OS X 10.9; rv:32.0) Gecko/20100101 Firefox/32.0"
0:0:0:0:0:0:0:1 - - [07/Oct/2014:11:23:10 +0530] "GET /portal/js/dojo/dojox/charting/Chart.js HTTP/1.1" 200 4786 "https://localhost:9443//gadgets/ifr?url=http%3A%2F%2Flocalhost%3A9763%2Fportal%2Fgadgets%2Fwso2-dev%2Fwso2-dev.xml&container=default&view=default&lang=en&country=US&debug=1&nocache=1&sanitize=0&v=d8213105a7083aec18c9bce3596dddd0&testmode=0&parent=https%3A%2F%2Flocalhost%3A9443&mid=0" "Mozilla/5.0 (Macintosh; Intel Mac OS X 10.9; rv:32.0) Gecko/20100101 Firefox/32.0"
0:0:0:0:0:0:0:1 - - [07/Oct/2014:11:23:10 +0530] "GET /portal/js/dojo/dojox/main.js HTTP/1.1" 200 91 "https://localhost:9443//gadgets/ifr?url=http%3A%2F%2Flocalhost%3A9763%2Fportal%2Fgadgets%2Fwso2-dev%2Fwso2-dev.xml&container=default&view=default&lang=en&country=US&debug=1&nocache=1&sanitize=0&v=d8213105a7083aec18c9bce3596dddd0&testmode=0&parent=https%3A%2F%2Flocalhost%3A9443&mid=0" "Mozilla/5.0 (Macintosh; Intel Mac OS X 10.9; rv:32.0) Gecko/20100101 Firefox/32.0"
0:0:0:0:0:0:0:1 - - [07/Oct/2014:11:23:10 +0530] "GET /portal/js/dojo/dojox/charting/Element.js HTTP/1.1" 200 1573 "https://localhost:9443//gadgets/ifr?url=http%3A%2F%2Flocalhost%3A9763%2Fportal%2Fgadgets%2Fwso2-dev%2Fwso2-dev.xml&container=default&view=default&lang=en&country=US&debug=1&nocache=1&sanitize=0&v=d8213105a7083aec18c9bce3596dddd0&testmode=0&parent=https%3A%2F%2Flocalhost%3A9443&mid=0" "Mozilla/5.0 (Macintosh; Intel Mac OS X 10.9; rv:32.0) Gecko/20100101 Firefox/32.0"
0:0:0:0:0:0:0:1 - - [07/Oct/2014:11:23:10 +0530] "GET /portal/js/dojo/dojox/gfx.js HTTP/1.1" 200 3194 "https://localhost:9443//gadgets/ifr?url=http%3A%2F%2Flocalhost%3A9763%2Fportal%2Fgadgets%2Fwso2-dev%2Fwso2-dev.xml&container=default&view=default&lang=en&country=US&debug=1&nocache=1&sanitize=0&v=d8213105a7083aec18c9bce3596dddd0&testmode=0&parent=https%3A%2F%2Flocalhost%3A9443&mid=0" "Mozilla/5.0 (Macintosh; Intel Mac OS X 10.9; rv:32.0) Gecko/20100101 Firefox/32.0"
0:0:0:0:0:0:0:1 - - [07/Oct/2014:11:23:10 +0530] "GET /portal/js/dojo/dojox/gfx/svg.js HTTP/1.1" 200 4867 "https://localhost:9443//gadgets/ifr?url=http%3A%2F%2Flocalhost%3A9763%2Fportal%2Fgadgets%2Fwso2-dev%2Fwso2-dev.xml&container=default&view=default&lang=en&country=US&debug=1&nocache=1&sanitize=0&v=d8213105a7083aec18c9bce3596dddd0&testmode=0&parent=https%3A%2F%2Flocalhost%3A9443&mid=0" "Mozilla/5.0 (Macintosh; Intel Mac OS X 10.9; rv:32.0) Gecko/20100101 Firefox/32.0"
0:0:0:0:0:0:0:1 - - [07/Oct/2014:11:23:10 +0530] "GET /portal/js/dojo/dojox/gfx/shape.js HTTP/1.1" 200 3038 "https://localhost:9443//gadgets/ifr?url=http%3A%2F%2Flocalhost%3A9763%2Fportal%2Fgadgets%2Fwso2-dev%2Fwso2-dev.xml&container=default&view=default&lang=en&country=US&debug=1&nocache=1&sanitize=0&v=d8213105a7083aec18c9bce3596dddd0&testmode=0&parent=https%3A%2F%2Flocalhost%3A9443&mid=0" "Mozilla/5.0 (Macintosh; Intel Mac OS X 10.9; rv:32.0) Gecko/20100101 Firefox/32.0"
0:0:0:0:0:0:0:1 - - [07/Oct/2014:11:23:10 +0530] "GET /portal/js/dojo/dojox/gfx/matrix.js HTTP/1.1" 200 1493 "https://localhost:9443//gadgets/ifr?url=http%3A%2F%2Flocalhost%3A9763%2Fportal%2Fgadgets%2Fwso2-dev%2Fwso2-dev.xml&container=default&view=default&lang=en&country=US&debug=1&nocache=1&sanitize=0&v=d8213105a7083aec18c9bce3596dddd0&testmode=0&parent=https%3A%2F%2Flocalhost%3A9443&mid=0" "Mozilla/5.0 (Macintosh; Intel Mac OS X 10.9; rv:32.0) Gecko/20100101 Firefox/32.0"
0:0:0:0:0:0:0:1 - - [07/Oct/2014:11:23:10 +0530] "GET /portal/js/dojo/dojox/gfx/path.js HTTP/1.1" 200 2008 "https://localhost:9443//gadgets/ifr?url=http%3A%2F%2Flocalhost%3A9763%2Fportal%2Fgadgets%2Fwso2-dev%2Fwso2-dev.xml&container=default&view=default&lang=en&country=US&debug=1&nocache=1&sanitize=0&v=d8213105a7083aec18c9bce3596dddd0&testmode=0&parent=https%3A%2F%2Flocalhost%3A9443&mid=0" "Mozilla/5.0 (Macintosh; Intel Mac OS X 10.9; rv:32.0) Gecko/20100101 Firefox/32.0"
0:0:0:0:0:0:0:1 - - [07/Oct/2014:11:23:10 +0530] "GET /portal/js/dojo/dojox/charting/SimpleTheme.js HTTP/1.1" 200 2241 "https://localhost:9443//gadgets/ifr?url=http%3A%2F%2Flocalhost%3A9763%2Fportal%2Fgadgets%2Fwso2-dev%2Fwso2-dev.xml&container=default&view=default&lang=en&country=US&debug=1&nocache=1&sanitize=0&v=d8213105a7083aec18c9bce3596dddd0&testmode=0&parent=https%3A%2F%2Flocalhost%3A9443&mid=0" "Mozilla/5.0 (Macintosh; Intel Mac OS X 10.9; rv:32.0) Gecko/20100101 Firefox/32.0"
0:0:0:0:0:0:0:1 - - [07/Oct/2014:11:23:10 +0530] "GET /portal/js/dojo/dojox/lang/utils.js HTTP/1.1" 200 1552 "https://localhost:9443//gadgets/ifr?url=http%3A%2F%2Flocalhost%3A9763%2Fportal%2Fgadgets%2Fwso2-dev%2Fwso2-dev.xml&container=default&view=default&lang=en&country=US&debug=1&nocache=1&sanitize=0&v=d8213105a7083aec18c9bce3596dddd0&testmode=0&parent=https%3A%2F%2Flocalhost%3A9443&mid=0" "Mozilla/5.0 (Macintosh; Intel Mac OS X 10.9; rv:32.0) Gecko/20100101 Firefox/32.0"
0:0:0:0:0:0:0:1 - - [07/Oct/2014:11:23:10 +0530] "GET /portal/js/dojo/dojox/gfx/gradutils.js HTTP/1.1" 200 1387 "https://localhost:9443//gadgets/ifr?url=http%3A%2F%2Flocalhost%3A9763%2Fportal%2Fgadgets%2Fwso2-dev%2Fwso2-dev.xml&container=default&view=default&lang=en&country=US&debug=1&nocache=1&sanitize=0&v=d8213105a7083aec18c9bce3596dddd0&testmode=0&parent=https%3A%2F%2Flocalhost%3A9443&mid=0" "Mozilla/5.0 (Macintosh; Intel Mac OS X 10.9; rv:32.0) Gecko/20100101 Firefox/32.0"
0:0:0:0:0:0:0:1 - - [07/Oct/2014:11:23:10 +0530] "GET /portal/js/dojo/dojox/charting/Series.js HTTP/1.1" 200 552 "https://localhost:9443//gadgets/ifr?url=http%3A%2F%2Flocalhost%3A9763%2Fportal%2Fgadgets%2Fwso2-dev%2Fwso2-dev.xml&container=default&view=default&lang=en&country=US&debug=1&nocache=1&sanitize=0&v=d8213105a7083aec18c9bce3596dddd0&testmode=0&parent=https%3A%2F%2Flocalhost%3A9443&mid=0" "Mozilla/5.0 (Macintosh; Intel Mac OS X 10.9; rv:32.0) Gecko/20100101 Firefox/32.0"
