0:0:0:0:0:0:0:1 - - [07/Oct/2014:11:23:37 +0530] "GET //gadgets/concat?container=default&gadget=http%3A%2F%2Flocalhost%3A9763%2Fportal%2Fgadgets%2Fpie-chart%2Fpie-chart.xml&debug=1&nocache=1&type=css&1=http%3A%2F%2Flocalhost%3A9763%2Fportal%2Fthemes%2Fportal%2Fcss%2Fflot-graph.css&2=http%3A%2F%2Flocalhost%3A9763%2Fportal%2Fthemes%2Fportal%2Fcss%2Fbootstrap.min.css HTTP/1.1" 304 - "https://localhost:9443//gadgets/ifr?url=http%3A%2F%2Flocalhost%3A9763%2Fportal%2Fgadgets%2Fpie-chart%2Fpie-chart.xml&container=default&view=default&lang=en&country=US&debug=1&nocache=1&sanitize=0&v=d8213105a7083aec18c9bce3596dddd0&testmode=0&parent=https%3A%2F%2Flocalhost%3A9443&mid=0" "Mozilla/5.0 (Macintosh; Intel Mac OS X 10.9; rv:32.0) Gecko/20100101 Firefox/32.0"
127.0.0.1 - - [07/Oct/2014:11:23:37 +0530] "GET /portal/gadgets/pie-chart/js/options-pie.js HTTP/1.1" 200 533 "-" "Apache Shindig"
127.0.0.1 - - [07/Oct/2014:11:23:37 +0530] "GET /portal/js/flot/jquery.flot.resize.js HTTP/1.1" 200 1178 "-" "Apache Shindig"
127.0.0.1 - - [07/Oct/2014:11:23:37 +0530] "GET /portal/js/flot-chart-core.js HTTP/1.1" 200 1687 "-" "Apache Shindig"
127.0.0.1 - - [07/Oct/2014:11:23:37 +0530] "GET /portal/js/flot/jquery.flot.pie.js HTTP/1.1" 200 7094 "-" "Apache Shindig"
127.0.0.1 - - [07/Oct/2014:11:23:37 +0530] "GET /portal/js/flot/excanvas.min.js HTTP/1.1" 200 8433 "-" "Apache Shindig"
127.0.0.1 - - [07/Oct/2014:11:23:37 +0530] "GET /portal/js/bootstrap.js HTTP/1.1" 200 10558 "-" "Apache Shindig"
127.0.0.1 - - [07/Oct/2014:11:23:37 +0530] "GET /portal/gadgets/pie-chart/pie-chart.xml HTTP/1.1" 200 979 "-" "Apache Shindig"
127.0.0.1 - - [07/Oct/2014:11:23:37 +0530] "GET /portal/js/flot/jquery.flot.js HTTP/1.1" 200 26419 "-" "Apache Shindig"
127.0.0.1 - - [07/Oct/2014:11:23:37 +0530] "GET /portal/js/flot/jquery.js HTTP/1.1" 200 81076 "-" "Apache Shindig"
127.0.0.1 - - [07/Oct/2014:11:23:37 +0530] "GET /portal/gadgets/pie-chart/pie-chart.xml HTTP/1.1" 200 979 "-" "Apache Shindig"
127.0.0.1 - - [07/Oct/2014:11:23:37 +0530] "GET /portal/gadgets/pie-chart/pie-chart.xml HTTP/1.1" 200 979 "-" "Apache Shindig"
127.0.0.1 - - [07/Oct/2014:11:23:37 +0530] "GET /portal/gadgets/pie-chart/pie-chart.xml HTTP/1.1" 200 979 "-" "Apache Shindig"
127.0.0.1 - - [07/Oct/2014:11:23:37 +0530] "GET /portal/gadgets/pie-chart/pie-chart.xml HTTP/1.1" 200 979 "-" "Apache Shindig"
127.0.0.1 - - [07/Oct/2014:11:23:37 +0530] "GET /portal/gadgets/pie-chart/pie-chart.xml HTTP/1.1" 200 979 "-" "Apache Shindig"
127.0.0.1 - - [07/Oct/2014:11:23:37 +0530] "GET /portal/gadgets/pie-chart/pie-chart.xml HTTP/1.1" 200 979 "-" "Apache Shindig"
127.0.0.1 - - [07/Oct/2014:11:23:37 +0530] "GET /portal/gadgets/pie-chart/pie-chart.xml HTTP/1.1" 200 979 "-" "Apache Shindig"
127.0.0.1 - - [07/Oct/2014:11:23:37 +0530] "GET /portal/gadgets/wso2-dev/wso2-dev.xml HTTP/1.1" 200 1018 "-" "Apache Shindig"
0:0:0:0:0:0:0:1 - - [07/Oct/2014:11:23:37 +0530] "GET //gadgets/concat?container=default&gadget=http%3A%2F%2Flocalhost%3A9763%2Fportal%2Fgadgets%2Fpie-chart%2Fpie-chart.xml&debug=1&nocache=1&type=js&1=http%3A%2F%2Flocalhost%3A9763%2Fportal%2Fjs%2Fflot%2Fexcanvas.min.js&2=http%3A%2F%2Flocalhost%3A9763%2Fportal%2Fjs%2Fflot%2Fjquery.js&3=http%3A%2F%2Flocalhost%3A9763%2Fportal%2Fjs%2Fbootstrap.js&4=http%3A%2F%2Flocalhost%3A9763%2Fportal%2Fjs%2Fflot%2Fjquery.flot.js&5=http%3A%2F%2Flocalhost%3A9763%2Fportal%2Fjs%2Fflot%2Fjquery.flot.pie.js&6=http%3A%2F%2Flocalhost%3A9763%2Fportal%2Fjs%2Fflot%2Fjquery.flot.resize.js&7=http%3A%2F%2Flocalhost%3A9763%2Fportal%2Fgadgets%2Fpie-chart%2Fjs%2Foptions-pie.js&8=http%3A%2F%2Flocalhost%3A9763%2Fportal%2Fjs%2Fflot-chart-core.js HTTP/1.1" 304 - "https://localhost:9443//gadgets/ifr?url=http%3A%2F%2Flocalhost%3A9763%2Fportal%2Fgadgets%2Fpie-chart%2Fpie-chart.xml&container=default&view=default&lang=en&country=US&debug=1&nocache=1&sanitize=0&v=d8213105a7083aec18c9bce3596dddd0&testmode=0&parent=https%3A%2F%2Flocalhost%3A9443&mid=0" "Mozilla/5.0 (Macintosh; Intel Mac OS X 10.9; rv:32.0) Gecko/20100101 Firefox/32.0"
127.0.0.1 - - [07/Oct/2014:11:23:37 +0530] "GET /portal/gadgets/wso2-dev/wso2-dev.xml HTTP/1.1" 200 1018 "-" "Apache Shindig"
127.0.0.1 - - [07/Oct/2014:11:23:37 +0530] "GET /portal/gadgets/wso2-dev/wso2-dev.xml HTTP/1.1" 200 1018 "-" "Apache Shindig"
127.0.0.1 - - [07/Oct/2014:11:23:37 +0530] "GET /portal/gadgets/wso2-dev/wso2-dev.xml HTTP/1.1" 200 1018 "-" "Apache Shindig"
127.0.0.1 - - [07/Oct/2014:11:23:37 +0530] "GET /portal/gadgets/wso2-dev/wso2-dev.xml HTTP/1.1" 200 1018 "-" "Apache Shindig"
127.0.0.1 - - [07/Oct/2014:11:23:37 +0530] "GET /portal/gadgets/wso2-dev/wso2-dev.xml HTTP/1.1" 200 1018 "-" "Apache Shindig"
127.0.0.1 - - [07/Oct/2014:11:23:37 +0530] "GET /portal/gadgets/wso2-dev/wso2-dev.xml HTTP/1.1" 200 1018 "-" "Apache Shindig"
127.0.0.1 - - [07/Oct/2014:11:23:37 +0530] "GET /portal/gadgets/wso2-dev/wso2-dev.xml HTTP/1.1" 200 1018 "-" "Apache Shindig"
127.0.0.1 - - [07/Oct/2014:11:23:37 +0530] "GET /portal/gadgets/wso2-dev/wso2-dev.xml HTTP/1.1" 200 1018 "-" "Apache Shindig"
0:0:0:0:0:0:0:1 - - [07/Oct/2014:11:23:37 +0530] "GET //gadgets/concat?container=default&gadget=http%3A%2F%2Flocalhost%3A9763%2Fportal%2Fgadgets%2Fwso2-dev%2Fwso2-dev.xml&debug=1&nocache=1&type=js&1=http%3A%2F%2Fajax.googleapis.com%2Fajax%2Flibs%2Fjquery%2F1.8.0%2Fjquery.min.js&2=http%3A%2F%2Flocalhost%3A9763%2Fportal%2Fgadgets%2Fwso2-dev%2Fjs%2Fjshashtable-2.1_src.js&3=http%3A%2F%2Flocalhost%3A9763%2Fportal%2Fgadgets%2Fwso2-dev%2Fjs%2Fjquery.numberformatter-1.2.3.js&4=http%3A%2F%2Flocalhost%3A9763%2Fportal%2Fgadgets%2Fwso2-dev%2Fjs%2Ftmpl.js&5=http%3A%2F%2Flocalhost%3A9763%2Fportal%2Fgadgets%2Fwso2-dev%2Fjs%2Fjquery.dependClass-0.1.js&6=http%3A%2F%2Flocalhost%3A9763%2Fportal%2Fgadgets%2Fwso2-dev%2Fjs%2Fdraggable-0.1.js&7=http%3A%2F%2Flocalhost%3A9763%2Fportal%2Fgadgets%2Fwso2-dev%2Fjs%2Fjquery.slider.js&8=http%3A%2F%2Flocalhost%3A9763%2Fportal%2Fjs%2Fdojo%2Fdojo%2Fdojo.js&9=http%3A%2F%2Flocalhost%3A9763%2Fportal%2Fgadgets%2Fwso2-dev%2Fjs%2Fwso2-dev.js HTTP/1.1" 304 - "https://localhost:9443//gadgets/ifr?url=http%3A%2F%2Flocalhost%3A9763%2Fportal%2Fgadgets%2Fwso2-dev%2Fwso2-dev.xml&container=default&view=default&lang=en&country=US&debug=1&nocache=1&sanitize=0&v=d8213105a7083aec18c9bce3596dddd0&testmode=0&parent=https%3A%2F%2Flocalhost%3A9443&mid=0" "Mozilla/5.0 (Macintosh; Intel Mac OS X 10.9; rv:32.0) Gecko/20100101 Firefox/32.0"
0:0:0:0:0:0:0:1 - - [07/Oct/2014:11:23:37 +0530] "GET /ws-chat/server.jag HTTP/1.1" 101 - "-" "Mozilla/5.0 (Macintosh; Intel Mac OS X 10.9; rv:32.0) Gecko/20100101 Firefox/32.0"
0:0:0:0:0:0:0:1 - - [07/Oct/2014:11:23:37 +0530] "GET /store/apis/myAsset/ HTTP/1.1" 401 975 "https://localhost:9443//gadgets/ifr?url=http%3A%2F%2Flocalhost%3A9763%2Fportal%2Fgadgets%2Fshow-assets%2Fshow-assets.xml&container=default&view=default&lang=en&country=US&debug=1&nocache=1&sanitize=0&v=d8213105a7083aec18c9bce3596dddd0&testmode=0&parent=https%3A%2F%2Flocalhost%3A9443&mid=0" "Mozilla/5.0 (Macintosh; Intel Mac OS X 10.9; rv:32.0) Gecko/20100101 Firefox/32.0"
0:0:0:0:0:0:0:1 - - [07/Oct/2014:11:23:37 +0530] "GET /store/apis/tag/gadget HTTP/1.1" 200 462 "https://localhost:9443//gadgets/ifr?url=http%3A%2F%2Flocalhost%3A9763%2Fportal%2Fgadgets%2Fshow-assets%2Fshow-assets.xml&container=default&view=default&lang=en&country=US&debug=1&nocache=1&sanitize=0&v=d8213105a7083aec18c9bce3596dddd0&testmode=0&parent=https%3A%2F%2Flocalhost%3A9443&mid=0" "Mozilla/5.0 (Macintosh; Intel Mac OS X 10.9; rv:32.0) Gecko/20100101 Firefox/32.0"
0:0:0:0:0:0:0:1 - - [07/Oct/2014:11:23:37 +0530] "GET /portal/apis/flot-data-files/dataFile4.jag HTTP/1.1" 200 1346 "https://localhost:9443//gadgets/ifr?url=http%3A%2F%2Flocalhost%3A9763%2Fportal%2Fgadgets%2Fbar-chart%2Fbar-chart.xml&container=default&view=default&lang=en&country=US&debug=1&nocache=1&sanitize=0&v=d8213105a7083aec18c9bce3596dddd0&testmode=0&parent=https%3A%2F%2Flocalhost%3A9443&mid=0" "Mozilla/5.0 (Macintosh; Intel Mac OS X 10.9; rv:32.0) Gecko/20100101 Firefox/32.0"
0:0:0:0:0:0:0:1 - - [07/Oct/2014:11:23:37 +0530] "GET /portal/apis/flot-data-files/dataFile6.jag HTTP/1.1" 200 54 "https://localhost:9443//gadgets/ifr?url=http%3A%2F%2Flocalhost%3A9763%2Fportal%2Fgadgets%2Fpie-chart%2Fpie-chart.xml&container=default&view=default&lang=en&country=US&debug=1&nocache=1&sanitize=0&v=d8213105a7083aec18c9bce3596dddd0&testmode=0&parent=https%3A%2F%2Flocalhost%3A9443&mid=0" "Mozilla/5.0 (Macintosh; Intel Mac OS X 10.9; rv:32.0) Gecko/20100101 Firefox/32.0"
0:0:0:0:0:0:0:1 - - [07/Oct/2014:11:23:37 +0530] "GET /ws-chat/server.jag HTTP/1.1" 101 - "-" "Mozilla/5.0 (Macintosh; Intel Mac OS X 10.9; rv:32.0) Gecko/20100101 Firefox/32.0"
0:0:0:0:0:0:0:1 - - [07/Oct/2014:11:23:37 +0530] "GET /portal/apis/flot-data-files/dataFile6.jag HTTP/1.1" 200 313 "https://localhost:9443//gadgets/ifr?url=http%3A%2F%2Flocalhost%3A9763%2Fportal%2Fgadgets%2Fpie-chart%2Fpie-chart.xml&container=default&view=default&lang=en&country=US&debug=1&nocache=1&sanitize=0&v=d8213105a7083aec18c9bce3596dddd0&testmode=0&parent=https%3A%2F%2Flocalhost%3A9443&mid=0" "Mozilla/5.0 (Macintosh; Intel Mac OS X 10.9; rv:32.0) Gecko/20100101 Firefox/32.0"
0:0:0:0:0:0:0:1 - - [07/Oct/2014:11:23:39 +0530] "GET /cep-dash/gadgets/Vacation_Group_test/data-api.jag HTTP/1.1" 404 1049 "https://localhost:9443/shindig/gadgets/ifr?url=http%3A%2F%2Flocalhost%3A9763%2Fcep-dash%2Fgadgets%2FVacation_Group_test%2Fpublic%2Fstacked-bar-chart%2Fstacked-bar-chart.xml&container=default&view=default&lang=en&country=US&debug=1&nocache=1&sanitize=0&v=d8213105a7083aec18c9bce3596dddd0&testmode=0&parent=https%3A%2F%2Flocalhost%3A9443&mid=0" "Mozilla/5.0 (Macintosh; Intel Mac OS X 10.9; rv:32.0) Gecko/20100101 Firefox/32.0"
0:0:0:0:0:0:0:1 - - [07/Oct/2014:11:23:40 +0530] "GET /markmail/api/wso2.jag?list=carbon-dev&from=200601&to=201201 HTTP/1.1" 200 1987 "https://localhost:9443//gadgets/ifr?url=http%3A%2F%2Flocalhost%3A9763%2Fportal%2Fgadgets%2Fwso2-dev%2Fwso2-dev.xml&container=default&view=default&lang=en&country=US&debug=1&nocache=1&sanitize=0&v=d8213105a7083aec18c9bce3596dddd0&testmode=0&parent=https%3A%2F%2Flocalhost%3A9443&mid=0" "Mozilla/5.0 (Macintosh; Intel Mac OS X 10.9; rv:32.0) Gecko/20100101 Firefox/32.0"
0:0:0:0:0:0:0:1 - - [07/Oct/2014:11:23:41 +0530] "GET /markmail/api/wso2.jag?list=carbon-dev&from=200601&to=201201&action=sender HTTP/1.1" 200 1299 "https://localhost:9443//gadgets/ifr?url=http%3A%2F%2Flocalhost%3A9763%2Fportal%2Fgadgets%2Fwso2-dev%2Fwso2-dev.xml&container=default&view=default&lang=en&country=US&debug=1&nocache=1&sanitize=0&v=d8213105a7083aec18c9bce3596dddd0&testmode=0&parent=https%3A%2F%2Flocalhost%3A9443&mid=0" "Mozilla/5.0 (Macintosh; Intel Mac OS X 10.9; rv:32.0) Gecko/20100101 Firefox/32.0"
0:0:0:0:0:0:0:1 - - [07/Oct/2014:11:23:49 +0530] "GET /cep-dash/gadgets/Vacation_Group_test/data-api.jag HTTP/1.1" 404 1049 "https://localhost:9443/shindig/gadgets/ifr?url=http%3A%2F%2Flocalhost%3A9763%2Fcep-dash%2Fgadgets%2FVacation_Group_test%2Fpublic%2Fstacked-bar-chart%2Fstacked-bar-chart.xml&container=default&view=default&lang=en&country=US&debug=1&nocache=1&sanitize=0&v=d8213105a7083aec18c9bce3596dddd0&testmode=0&parent=https%3A%2F%2Flocalhost%3A9443&mid=0" "Mozilla/5.0 (Macintosh; Intel Mac OS X 10.9; rv:32.0) Gecko/20100101 Firefox/32.0"
0:0:0:0:0:0:0:1 - - [07/Oct/2014:11:23:59 +0530] "GET /cep-dash/gadgets/Vacation_Group_test/data-api.jag HTTP/1.1" 404 1049 "https://localhost:9443/shindig/gadgets/ifr?url=http%3A%2F%2Flocalhost%3A9763%2Fcep-dash%2Fgadgets%2FVacation_Group_test%2Fpublic%2Fstacked-bar-chart%2Fstacked-bar-chart.xml&container=default&view=default&lang=en&country=US&debug=1&nocache=1&sanitize=0&v=d8213105a7083aec18c9bce3596dddd0&testmode=0&parent=https%3A%2F%2Flocalhost%3A9443&mid=0" "Mozilla/5.0 (Macintosh; Intel Mac OS X 10.9; rv:32.0) Gecko/20100101 Firefox/32.0"
0:0:0:0:0:0:0:1 - - [07/Oct/2014:11:24:09 +0530] "GET /cep-dash/gadgets/Vacation_Group_test/data-api.jag HTTP/1.1" 404 1049 "https://localhost:9443/shindig/gadgets/ifr?url=http%3A%2F%2Flocalhost%3A9763%2Fcep-dash%2Fgadgets%2FVacation_Group_test%2Fpublic%2Fstacked-bar-chart%2Fstacked-bar-chart.xml&container=default&view=default&lang=en&country=US&debug=1&nocache=1&sanitize=0&v=d8213105a7083aec18c9bce3596dddd0&testmode=0&parent=https%3A%2F%2Flocalhost%3A9443&mid=0" "Mozilla/5.0 (Macintosh; Intel Mac OS X 10.9; rv:32.0) Gecko/20100101 Firefox/32.0"
0:0:0:0:0:0:0:1 - - [07/Oct/2014:11:24:14 +0530] "GET /portal/apis/browser.jag?action=browse&cmd=open&target=l1_cG9ydGFs&_=1412661254154 HTTP/1.1" 200 8221 "https://localhost:9443/portal/dashboard.jag" "Mozilla/5.0 (Macintosh; Intel Mac OS X 10.9; rv:32.0) Gecko/20100101 Firefox/32.0"
0:0:0:0:0:0:0:1 - - [07/Oct/2014:11:24:16 +0530] "GET /portal/apis/browser.jag?action=browse&cmd=open&target=l1_VGVzdERhc2hTaXRlMg&_=1412661256052 HTTP/1.1" 200 4795 "https://localhost:9443/portal/dashboard.jag" "Mozilla/5.0 (Macintosh; Intel Mac OS X 10.9; rv:32.0) Gecko/20100101 Firefox/32.0"
0:0:0:0:0:0:0:1 - - [07/Oct/2014:11:24:19 +0530] "GET /cep-dash/gadgets/Vacation_Group_test/data-api.jag HTTP/1.1" 404 1049 "https://localhost:9443/shindig/gadgets/ifr?url=http%3A%2F%2Flocalhost%3A9763%2Fcep-dash%2Fgadgets%2FVacation_Group_test%2Fpublic%2Fstacked-bar-chart%2Fstacked-bar-chart.xml&container=default&view=default&lang=en&country=US&debug=1&nocache=1&sanitize=0&v=d8213105a7083aec18c9bce3596dddd0&testmode=0&parent=https%3A%2F%2Flocalhost%3A9443&mid=0" "Mozilla/5.0 (Macintosh; Intel Mac OS X 10.9; rv:32.0) Gecko/20100101 Firefox/32.0"
0:0:0:0:0:0:0:1 - - [07/Oct/2014:11:24:29 +0530] "GET /cep-dash/gadgets/Vacation_Group_test/data-api.jag HTTP/1.1" 404 1049 "https://localhost:9443/shindig/gadgets/ifr?url=http%3A%2F%2Flocalhost%3A9763%2Fcep-dash%2Fgadgets%2FVacation_Group_test%2Fpublic%2Fstacked-bar-chart%2Fstacked-bar-chart.xml&container=default&view=default&lang=en&country=US&debug=1&nocache=1&sanitize=0&v=d8213105a7083aec18c9bce3596dddd0&testmode=0&parent=https%3A%2F%2Flocalhost%3A9443&mid=0" "Mozilla/5.0 (Macintosh; Intel Mac OS X 10.9; rv:32.0) Gecko/20100101 Firefox/32.0"
0:0:0:0:0:0:0:1 - - [07/Oct/2014:11:24:39 +0530] "GET /cep-dash/gadgets/Vacation_Group_test/data-api.jag HTTP/1.1" 404 1049 "https://localhost:9443/shindig/gadgets/ifr?url=http%3A%2F%2Flocalhost%3A9763%2Fcep-dash%2Fgadgets%2FVacation_Group_test%2Fpublic%2Fstacked-bar-chart%2Fstacked-bar-chart.xml&container=default&view=default&lang=en&country=US&debug=1&nocache=1&sanitize=0&v=d8213105a7083aec18c9bce3596dddd0&testmode=0&parent=https%3A%2F%2Flocalhost%3A9443&mid=0" "Mozilla/5.0 (Macintosh; Intel Mac OS X 10.9; rv:32.0) Gecko/20100101 Firefox/32.0"
0:0:0:0:0:0:0:1 - - [07/Oct/2014:11:24:47 +0530] "GET /TestDashSite2/ HTTP/1.1" 200 2634 "https://localhost:9443/sso/samlsso.jag" "Mozilla/5.0 (Macintosh; Intel Mac OS X 10.9; rv:32.0) Gecko/20100101 Firefox/32.0"
0:0:0:0:0:0:0:1 - - [07/Oct/2014:11:24:47 +0530] "GET /TestDashSite2/css/bootstrap.min.css HTTP/1.1" 304 - "https://localhost:9443/TestDashSite2/" "Mozilla/5.0 (Macintosh; Intel Mac OS X 10.9; rv:32.0) Gecko/20100101 Firefox/32.0"
0:0:0:0:0:0:0:1 - - [07/Oct/2014:11:24:47 +0530] "GET /TestDashSite2/css/bootstrap-responsive.min.css HTTP/1.1" 304 - "https://localhost:9443/TestDashSite2/" "Mozilla/5.0 (Macintosh; Intel Mac OS X 10.9; rv:32.0) Gecko/20100101 Firefox/32.0"
0:0:0:0:0:0:0:1 - - [07/Oct/2014:11:24:47 +0530] "GET /TestDashSite2/css/portal-dashboard-designer.css HTTP/1.1" 304 - "https://localhost:9443/TestDashSite2/" "Mozilla/5.0 (Macintosh; Intel Mac OS X 10.9; rv:32.0) Gecko/20100101 Firefox/32.0"
0:0:0:0:0:0:0:1 - - [07/Oct/2014:11:24:47 +0530] "GET /TestDashSite2/css/navigation.css HTTP/1.1" 304 - "https://localhost:9443/TestDashSite2/" "Mozilla/5.0 (Macintosh; Intel Mac OS X 10.9; rv:32.0) Gecko/20100101 Firefox/32.0"
0:0:0:0:0:0:0:1 - - [07/Oct/2014:11:24:47 +0530] "GET /TestDashSite2/css/font-awesome.min.css HTTP/1.1" 304 - "https://localhost:9443/TestDashSite2/" "Mozilla/5.0 (Macintosh; Intel Mac OS X 10.9; rv:32.0) Gecko/20100101 Firefox/32.0"
0:0:0:0:0:0:0:1 - - [07/Oct/2014:11:24:47 +0530] "GET /TestDashSite2/css/font-awesome-ie7.min.css HTTP/1.1" 304 - "https://localhost:9443/TestDashSite2/" "Mozilla/5.0 (Macintosh; Intel Mac OS X 10.9; rv:32.0) Gecko/20100101 Firefox/32.0"
0:0:0:0:0:0:0:1 - - [07/Oct/2014:11:24:47 +0530] "GET /TestDashSite2/css/styles.css HTTP/1.1" 304 - "https://localhost:9443/TestDashSite2/" "Mozilla/5.0 (Macintosh; Intel Mac OS X 10.9; rv:32.0) Gecko/20100101 Firefox/32.0"
0:0:0:0:0:0:0:1 - - [07/Oct/2014:11:24:47 +0530] "GET /TestDashSite2/css/jquery.gridster.min.css HTTP/1.1" 304 - "https://localhost:9443/TestDashSite2/" "Mozilla/5.0 (Macintosh; Intel Mac OS X 10.9; rv:32.0) Gecko/20100101 Firefox/32.0"
0:0:0:0:0:0:0:1 - - [07/Oct/2014:11:24:47 +0530] "GET /TestDashSite2/js/navigation.js HTTP/1.1" 304 - "https://localhost:9443/TestDashSite2/" "Mozilla/5.0 (Macintosh; Intel Mac OS X 10.9; rv:32.0) Gecko/20100101 Firefox/32.0"
0:0:0:0:0:0:0:1 - - [07/Oct/2014:11:24:47 +0530] "GET /TestDashSite2/js/bootstrap.min.js HTTP/1.1" 304 - "https://localhost:9443/TestDashSite2/" "Mozilla/5.0 (Macintosh; Intel Mac OS X 10.9; rv:32.0) Gecko/20100101 Firefox/32.0"
0:0:0:0:0:0:0:1 - - [07/Oct/2014:11:24:47 +0530] "GET /TestDashSite2/js/jquery-1.8.3.min.js HTTP/1.1" 304 - "https://localhost:9443/TestDashSite2/" "Mozilla/5.0 (Macintosh; Intel Mac OS X 10.9; rv:32.0) Gecko/20100101 Firefox/32.0"
0:0:0:0:0:0:0:1 - - [07/Oct/2014:11:24:47 +0530] "GET /TestDashSite2/js/jquery-ui-1.10.1.custom.min.js HTTP/1.1" 304 - "https://localhost:9443/TestDashSite2/" "Mozilla/5.0 (Macintosh; Intel Mac OS X 10.9; rv:32.0) Gecko/20100101 Firefox/32.0"
0:0:0:0:0:0:0:1 - - [07/Oct/2014:11:24:47 +0530] "GET /TestDashSite2/js/handlebars.js HTTP/1.1" 304 - "https://localhost:9443/TestDashSite2/" "Mozilla/5.0 (Macintosh; Intel Mac OS X 10.9; rv:32.0) Gecko/20100101 Firefox/32.0"
0:0:0:0:0:0:0:1 - - [07/Oct/2014:11:24:47 +0530] "GET /TestDashSite2/js/jquery.gridster.with-extras.min.js HTTP/1.1" 304 - "https://localhost:9443/TestDashSite2/" "Mozilla/5.0 (Macintosh; Intel Mac OS X 10.9; rv:32.0) Gecko/20100101 Firefox/32.0"
0:0:0:0:0:0:0:1 - - [07/Oct/2014:11:24:47 +0530] "GET /TestDashSite2/js/shindig.js HTTP/1.1" 304 - "https://localhost:9443/TestDashSite2/" "Mozilla/5.0 (Macintosh; Intel Mac OS X 10.9; rv:32.0) Gecko/20100101 Firefox/32.0"
0:0:0:0:0:0:0:1 - - [07/Oct/2014:11:24:47 +0530] "GET /TestDashSite2/js/portal-dashboard-designer.js HTTP/1.1" 304 - "https://localhost:9443/TestDashSite2/" "Mozilla/5.0 (Macintosh; Intel Mac OS X 10.9; rv:32.0) Gecko/20100101 Firefox/32.0"
0:0:0:0:0:0:0:1 - - [07/Oct/2014:11:24:47 +0530] "GET /TestDashSite2/js/UESContainer.js HTTP/1.1" 304 - "https://localhost:9443/TestDashSite2/" "Mozilla/5.0 (Macintosh; Intel Mac OS X 10.9; rv:32.0) Gecko/20100101 Firefox/32.0"
0:0:0:0:0:0:0:1 - - [07/Oct/2014:11:24:47 +0530] "GET /TestDashSite2/img/logo.png HTTP/1.1" 304 - "https://localhost:9443/TestDashSite2/css/navigation.css" "Mozilla/5.0 (Macintosh; Intel Mac OS X 10.9; rv:32.0) Gecko/20100101 Firefox/32.0"
0:0:0:0:0:0:0:1 - - [07/Oct/2014:11:24:47 +0530] "GET /TestDashSite2/img/designer-sprite.png HTTP/1.1" 304 - "https://localhost:9443/TestDashSite2/css/portal-dashboard-designer.css" "Mozilla/5.0 (Macintosh; Intel Mac OS X 10.9; rv:32.0) Gecko/20100101 Firefox/32.0"
0:0:0:0:0:0:0:1 - - [07/Oct/2014:11:24:47 +0530] "POST //rpc?st=-1%3A-1%3A*%3A*%3A*%3A0%3Adefault HTTP/1.1" 200 1473 "https://localhost:9443/TestDashSite2/" "Mozilla/5.0 (Macintosh; Intel Mac OS X 10.9; rv:32.0) Gecko/20100101 Firefox/32.0"
0:0:0:0:0:0:0:1 - - [07/Oct/2014:11:24:47 +0530] "GET /TestDashSite2/apis/ues/layout/ HTTP/1.1" 200 1045 "https://localhost:9443/TestDashSite2/" "Mozilla/5.0 (Macintosh; Intel Mac OS X 10.9; rv:32.0) Gecko/20100101 Firefox/32.0"
127.0.0.1 - - [07/Oct/2014:11:24:47 +0530] "GET /portal/gadgets/show-assets/show-assets.xml HTTP/1.1" 200 1769 "-" "Apache Shindig"
0:0:0:0:0:0:0:1 - - [07/Oct/2014:11:24:47 +0530] "GET //gadgets/ifr?url=http%3A%2F%2Flocalhost%3A9763%2Fportal%2Fgadgets%2Fshow-assets%2Fshow-assets.xml&container=default&view=default&lang=en&country=US&debug=1&nocache=1&sanitize=0&v=d8213105a7083aec18c9bce3596dddd0&testmode=0&parent=https%3A%2F%2Flocalhost%3A9443&mid=0 HTTP/1.1" 304 - "https://localhost:9443/TestDashSite2/" "Mozilla/5.0 (Macintosh; Intel Mac OS X 10.9; rv:32.0) Gecko/20100101 Firefox/32.0"
0:0:0:0:0:0:0:1 - - [07/Oct/2014:11:24:47 +0530] "POST //rpc?st=-1%3A-1%3A*%3A*%3A*%3A0%3Adefault HTTP/1.1" 200 1399 "https://localhost:9443/TestDashSite2/" "Mozilla/5.0 (Macintosh; Intel Mac OS X 10.9; rv:32.0) Gecko/20100101 Firefox/32.0"
0:0:0:0:0:0:0:1 - - [07/Oct/2014:11:24:47 +0530] "POST //rpc?st=-1%3A-1%3A*%3A*%3A*%3A0%3Adefault HTTP/1.1" 200 1033 "https://localhost:9443/TestDashSite2/" "Mozilla/5.0 (Macintosh; Intel Mac OS X 10.9; rv:32.0) Gecko/20100101 Firefox/32.0"
0:0:0:0:0:0:0:1 - - [07/Oct/2014:11:24:47 +0530] "POST //rpc?st=-1%3A-1%3A*%3A*%3A*%3A0%3Adefault HTTP/1.1" 200 1033 "https://localhost:9443/TestDashSite2/" "Mozilla/5.0 (Macintosh; Intel Mac OS X 10.9; rv:32.0) Gecko/20100101 Firefox/32.0"
0:0:0:0:0:0:0:1 - - [07/Oct/2014:11:24:47 +0530] "POST //rpc?st=-1%3A-1%3A*%3A*%3A*%3A0%3Adefault HTTP/1.1" 200 1582 "https://localhost:9443/TestDashSite2/" "Mozilla/5.0 (Macintosh; Intel Mac OS X 10.9; rv:32.0) Gecko/20100101 Firefox/32.0"
0:0:0:0:0:0:0:1 - - [07/Oct/2014:11:24:47 +0530] "POST //rpc?st=-1%3A-1%3A*%3A*%3A*%3A0%3Adefault HTTP/1.1" 200 1583 "https://localhost:9443/TestDashSite2/" "Mozilla/5.0 (Macintosh; Intel Mac OS X 10.9; rv:32.0) Gecko/20100101 Firefox/32.0"
0:0:0:0:0:0:0:1 - - [07/Oct/2014:11:24:47 +0530] "POST //rpc?st=-1%3A-1%3A*%3A*%3A*%3A0%3Adefault HTTP/1.1" 200 1582 "https://localhost:9443/TestDashSite2/" "Mozilla/5.0 (Macintosh; Intel Mac OS X 10.9; rv:32.0) Gecko/20100101 Firefox/32.0"
127.0.0.1 - - [07/Oct/2014:11:24:47 +0530] "GET /portal/gadgets/dummy-chat/dummy-chat.xml HTTP/1.1" 200 887 "-" "Apache Shindig"
0:0:0:0:0:0:0:1 - - [07/Oct/2014:11:24:47 +0530] "GET //gadgets/ifr?url=http%3A%2F%2Flocalhost%3A9763%2Fportal%2Fgadgets%2Fdummy-chat%2Fdummy-chat.xml&container=default&view=default&lang=en&country=US&debug=1&nocache=1&sanitize=0&v=d8213105a7083aec18c9bce3596dddd0&testmode=0&parent=https%3A%2F%2Flocalhost%3A9443&mid=0 HTTP/1.1" 304 - "https://localhost:9443/TestDashSite2/" "Mozilla/5.0 (Macintosh; Intel Mac OS X 10.9; rv:32.0) Gecko/20100101 Firefox/32.0"
127.0.0.1 - - [07/Oct/2014:11:24:47 +0530] "GET /portal/gadgets/pie-chart/pie-chart.xml HTTP/1.1" 200 979 "-" "Apache Shindig"
0:0:0:0:0:0:0:1 - - [07/Oct/2014:11:24:47 +0530] "GET //gadgets/ifr?url=http%3A%2F%2Flocalhost%3A9763%2Fportal%2Fgadgets%2Fpie-chart%2Fpie-chart.xml&container=default&view=default&lang=en&country=US&debug=1&nocache=1&sanitize=0&v=d8213105a7083aec18c9bce3596dddd0&testmode=0&parent=https%3A%2F%2Flocalhost%3A9443&mid=0 HTTP/1.1" 304 - "https://localhost:9443/TestDashSite2/" "Mozilla/5.0 (Macintosh; Intel Mac OS X 10.9; rv:32.0) Gecko/20100101 Firefox/32.0"
127.0.0.1 - - [07/Oct/2014:11:24:47 +0530] "GET /portal/gadgets/dummy-chat/dummy-chat.xml HTTP/1.1" 200 887 "-" "Apache Shindig"
127.0.0.1 - - [07/Oct/2014:11:24:47 +0530] "GET /portal/gadgets/wso2-dev/wso2-dev.xml HTTP/1.1" 200 1018 "-" "Apache Shindig"
127.0.0.1 - - [07/Oct/2014:11:24:47 +0530] "GET /portal/gadgets/bar-chart/bar-chart.xml HTTP/1.1" 200 885 "-" "Apache Shindig"
127.0.0.1 - - [07/Oct/2014:11:24:47 +0530] "GET /portal/gadgets/pie-chart/pie-chart.xml HTTP/1.1" 200 979 "-" "Apache Shindig"
0:0:0:0:0:0:0:1 - - [07/Oct/2014:11:24:47 +0530] "GET //gadgets/ifr?url=http%3A%2F%2Flocalhost%3A9763%2Fportal%2Fgadgets%2Fdummy-chat%2Fdummy-chat.xml&container=default&view=default&lang=en&country=US&debug=1&nocache=1&sanitize=0&v=d8213105a7083aec18c9bce3596dddd0&testmode=0&parent=https%3A%2F%2Flocalhost%3A9443&mid=0 HTTP/1.1" 304 - "https://localhost:9443/TestDashSite2/" "Mozilla/5.0 (Macintosh; Intel Mac OS X 10.9; rv:32.0) Gecko/20100101 Firefox/32.0"
0:0:0:0:0:0:0:1 - - [07/Oct/2014:11:24:47 +0530] "GET //gadgets/ifr?url=http%3A%2F%2Flocalhost%3A9763%2Fportal%2Fgadgets%2Fbar-chart%2Fbar-chart.xml&container=default&view=default&lang=en&country=US&debug=1&nocache=1&sanitize=0&v=d8213105a7083aec18c9bce3596dddd0&testmode=0&parent=https%3A%2F%2Flocalhost%3A9443&mid=0 HTTP/1.1" 304 - "https://localhost:9443/TestDashSite2/" "Mozilla/5.0 (Macintosh; Intel Mac OS X 10.9; rv:32.0) Gecko/20100101 Firefox/32.0"
0:0:0:0:0:0:0:1 - - [07/Oct/2014:11:24:47 +0530] "GET //gadgets/ifr?url=http%3A%2F%2Flocalhost%3A9763%2Fportal%2Fgadgets%2Fwso2-dev%2Fwso2-dev.xml&container=default&view=default&lang=en&country=US&debug=1&nocache=1&sanitize=0&v=d8213105a7083aec18c9bce3596dddd0&testmode=0&parent=https%3A%2F%2Flocalhost%3A9443&mid=0 HTTP/1.1" 304 - "https://localhost:9443/TestDashSite2/" "Mozilla/5.0 (Macintosh; Intel Mac OS X 10.9; rv:32.0) Gecko/20100101 Firefox/32.0"
0:0:0:0:0:0:0:1 - - [07/Oct/2014:11:24:47 +0530] "GET //gadgets/ifr?url=http%3A%2F%2Flocalhost%3A9763%2Fportal%2Fgadgets%2Fpie-chart%2Fpie-chart.xml&container=default&view=default&lang=en&country=US&debug=1&nocache=1&sanitize=0&v=d8213105a7083aec18c9bce3596dddd0&testmode=0&parent=https%3A%2F%2Flocalhost%3A9443&mid=0 HTTP/1.1" 304 - "https://localhost:9443/TestDashSite2/" "Mozilla/5.0 (Macintosh; Intel Mac OS X 10.9; rv:32.0) Gecko/20100101 Firefox/32.0"
127.0.0.1 - - [07/Oct/2014:11:24:47 +0530] "GET /portal/gadgets/show-assets/css/styles.css HTTP/1.1" 200 2062 "-" "Apache Shindig"
127.0.0.1 - - [07/Oct/2014:11:24:47 +0530] "GET /portal/gadgets/show-assets/css/bootstrap.min.css HTTP/1.1" 200 15959 "-" "Apache Shindig"
127.0.0.1 - - [07/Oct/2014:11:24:47 +0530] "GET /portal/gadgets/show-assets/show-assets.xml HTTP/1.1" 200 1769 "-" "Apache Shindig"
127.0.0.1 - - [07/Oct/2014:11:24:47 +0530] "GET /portal/gadgets/dummy-chat/js/dummy-chat.js HTTP/1.1" 200 783 "-" "Apache Shindig"
127.0.0.1 - - [07/Oct/2014:11:24:47 +0530] "GET /portal/gadgets/show-assets/show-assets.xml HTTP/1.1" 200 1769 "-" "Apache Shindig"
127.0.0.1 - - [07/Oct/2014:11:24:47 +0530] "GET /portal/gadgets/dummy-chat/dummy-chat.xml HTTP/1.1" 200 887 "-" "Apache Shindig"
0:0:0:0:0:0:0:1 - - [07/Oct/2014:11:24:47 +0530] "GET //gadgets/concat?container=default&gadget=http%3A%2F%2Flocalhost%3A9763%2Fportal%2Fgadgets%2Fdummy-chat%2Fdummy-chat.xml&debug=1&nocache=1&type=js&1=http%3A%2F%2Flocalhost%3A9763%2Fportal%2Fgadgets%2Fdummy-chat%2Fjs%2Fdummy-chat.js HTTP/1.1" 304 - "https://localhost:9443//gadgets/ifr?url=http%3A%2F%2Flocalhost%3A9763%2Fportal%2Fgadgets%2Fdummy-chat%2Fdummy-chat.xml&container=default&view=default&lang=en&country=US&debug=1&nocache=1&sanitize=0&v=d8213105a7083aec18c9bce3596dddd0&testmode=0&parent=https%3A%2F%2Flocalhost%3A9443&mid=0" "Mozilla/5.0 (Macintosh; Intel Mac OS X 10.9; rv:32.0) Gecko/20100101 Firefox/32.0"
0:0:0:0:0:0:0:1 - - [07/Oct/2014:11:24:47 +0530] "GET //gadgets/concat?container=default&gadget=http%3A%2F%2Flocalhost%3A9763%2Fportal%2Fgadgets%2Fshow-assets%2Fshow-assets.xml&debug=1&nocache=1&type=css&1=http%3A%2F%2Flocalhost%3A9763%2Fportal%2Fgadgets%2Fshow-assets%2Fcss%2Fbootstrap.min.css&2=http%3A%2F%2Flocalhost%3A9763%2Fportal%2Fgadgets%2Fshow-assets%2Fcss%2Fstyles.css HTTP/1.1" 304 - "https://localhost:9443//gadgets/ifr?url=http%3A%2F%2Flocalhost%3A9763%2Fportal%2Fgadgets%2Fshow-assets%2Fshow-assets.xml&container=default&view=default&lang=en&country=US&debug=1&nocache=1&sanitize=0&v=d8213105a7083aec18c9bce3596dddd0&testmode=0&parent=https%3A%2F%2Flocalhost%3A9443&mid=0" "Mozilla/5.0 (Macintosh; Intel Mac OS X 10.9; rv:32.0) Gecko/20100101 Firefox/32.0"
127.0.0.1 - - [07/Oct/2014:11:24:47 +0530] "GET /portal/gadgets/show-assets/js/load-assets.js HTTP/1.1" 200 2901 "-" "Apache Shindig"
127.0.0.1 - - [07/Oct/2014:11:24:47 +0530] "GET /portal/gadgets/show-assets/js/bootstrap.min.js HTTP/1.1" 200 4218 "-" "Apache Shindig"
127.0.0.1 - - [07/Oct/2014:11:24:47 +0530] "GET /portal/gadgets/show-assets/js/jquery.validate.js HTTP/1.1" 200 10011 "-" "Apache Shindig"
127.0.0.1 - - [07/Oct/2014:11:24:47 +0530] "GET /portal/gadgets/show-assets/js/jquery.nicescroll.min.js HTTP/1.1" 200 14017 "-" "Apache Shindig"
127.0.0.1 - - [07/Oct/2014:11:24:47 +0530] "GET /portal/gadgets/show-assets/js/handlebars.js HTTP/1.1" 200 18303 "-" "Apache Shindig"
127.0.0.1 - - [07/Oct/2014:11:24:47 +0530] "GET /portal/gadgets/show-assets/js/jquery-1.8.3.min.js HTTP/1.1" 200 33942 "-" "Apache Shindig"
127.0.0.1 - - [07/Oct/2014:11:24:47 +0530] "GET /portal/gadgets/show-assets/show-assets.xml HTTP/1.1" 200 1769 "-" "Apache Shindig"
127.0.0.1 - - [07/Oct/2014:11:24:47 +0530] "GET /portal/gadgets/show-assets/show-assets.xml HTTP/1.1" 200 1769 "-" "Apache Shindig"
127.0.0.1 - - [07/Oct/2014:11:24:47 +0530] "GET /portal/gadgets/show-assets/show-assets.xml HTTP/1.1" 200 1769 "-" "Apache Shindig"
127.0.0.1 - - [07/Oct/2014:11:24:47 +0530] "GET /portal/gadgets/show-assets/show-assets.xml HTTP/1.1" 200 1769 "-" "Apache Shindig"
127.0.0.1 - - [07/Oct/2014:11:24:47 +0530] "GET /portal/themes/portal/css/flot-graph.css HTTP/1.1" 200 1294 "-" "Apache Shindig"
127.0.0.1 - - [07/Oct/2014:11:24:47 +0530] "GET /portal/gadgets/show-assets/show-assets.xml HTTP/1.1" 200 1769 "-" "Apache Shindig"
127.0.0.1 - - [07/Oct/2014:11:24:47 +0530] "GET /portal/gadgets/pie-chart/pie-chart.xml HTTP/1.1" 200 979 "-" "Apache Shindig"
127.0.0.1 - - [07/Oct/2014:11:24:47 +0530] "GET /portal/themes/portal/css/bootstrap.min.css HTTP/1.1" 200 18754 "-" "Apache Shindig"
127.0.0.1 - - [07/Oct/2014:11:24:47 +0530] "GET /portal/gadgets/show-assets/show-assets.xml HTTP/1.1" 200 1769 "-" "Apache Shindig"
127.0.0.1 - - [07/Oct/2014:11:24:47 +0530] "GET /portal/gadgets/pie-chart/pie-chart.xml HTTP/1.1" 200 979 "-" "Apache Shindig"
0:0:0:0:0:0:0:1 - - [07/Oct/2014:11:24:47 +0530] "GET //gadgets/concat?container=default&gadget=http%3A%2F%2Flocalhost%3A9763%2Fportal%2Fgadgets%2Fshow-assets%2Fshow-assets.xml&debug=1&nocache=1&type=js&1=http%3A%2F%2Flocalhost%3A9763%2Fportal%2Fgadgets%2Fshow-assets%2Fjs%2Fjquery-1.8.3.min.js&2=http%3A%2F%2Flocalhost%3A9763%2Fportal%2Fgadgets%2Fshow-assets%2Fjs%2Fjquery.validate.js&3=http%3A%2F%2Flocalhost%3A9763%2Fportal%2Fgadgets%2Fshow-assets%2Fjs%2Fhandlebars.js&4=http%3A%2F%2Flocalhost%3A9763%2Fportal%2Fgadgets%2Fshow-assets%2Fjs%2Fbootstrap.min.js&5=http%3A%2F%2Flocalhost%3A9763%2Fportal%2Fgadgets%2Fshow-assets%2Fjs%2Fload-assets.js&6=http%3A%2F%2Flocalhost%3A9763%2Fportal%2Fgadgets%2Fshow-assets%2Fjs%2Fjquery.nicescroll.min.js HTTP/1.1" 304 - "https://localhost:9443//gadgets/ifr?url=http%3A%2F%2Flocalhost%3A9763%2Fportal%2Fgadgets%2Fshow-assets%2Fshow-assets.xml&container=default&view=default&lang=en&country=US&debug=1&nocache=1&sanitize=0&v=d8213105a7083aec18c9bce3596dddd0&testmode=0&parent=https%3A%2F%2Flocalhost%3A9443&mid=0" "Mozilla/5.0 (Macintosh; Intel Mac OS X 10.9; rv:32.0) Gecko/20100101 Firefox/32.0"
127.0.0.1 - - [07/Oct/2014:11:24:47 +0530] "GET /portal/gadgets/dummy-chat/js/dummy-chat.js HTTP/1.1" 200 783 "-" "Apache Shindig"
127.0.0.1 - - [07/Oct/2014:11:24:47 +0530] "GET /portal/gadgets/dummy-chat/dummy-chat.xml HTTP/1.1" 200 887 "-" "Apache Shindig"
0:0:0:0:0:0:0:1 - - [07/Oct/2014:11:24:47 +0530] "GET //gadgets/concat?container=default&gadget=http%3A%2F%2Flocalhost%3A9763%2Fportal%2Fgadgets%2Fdummy-chat%2Fdummy-chat.xml&debug=1&nocache=1&type=js&1=http%3A%2F%2Flocalhost%3A9763%2Fportal%2Fgadgets%2Fdummy-chat%2Fjs%2Fdummy-chat.js HTTP/1.1" 304 - "https://localhost:9443//gadgets/ifr?url=http%3A%2F%2Flocalhost%3A9763%2Fportal%2Fgadgets%2Fdummy-chat%2Fdummy-chat.xml&container=default&view=default&lang=en&country=US&debug=1&nocache=1&sanitize=0&v=d8213105a7083aec18c9bce3596dddd0&testmode=0&parent=https%3A%2F%2Flocalhost%3A9443&mid=0" "Mozilla/5.0 (Macintosh; Intel Mac OS X 10.9; rv:32.0) Gecko/20100101 Firefox/32.0"
127.0.0.1 - - [07/Oct/2014:11:24:47 +0530] "GET /portal/themes/portal/css/flot-graph.css HTTP/1.1" 200 1294 "-" "Apache Shindig"
127.0.0.1 - - [07/Oct/2014:11:24:47 +0530] "GET /portal/gadgets/wso2-dev/js/jquery.dependClass-0.1.js HTTP/1.1" 200 1467 "-" "Apache Shindig"
127.0.0.1 - - [07/Oct/2014:11:24:47 +0530] "GET /portal/gadgets/wso2-dev/js/tmpl.js HTTP/1.1" 200 1229 "-" "Apache Shindig"
127.0.0.1 - - [07/Oct/2014:11:24:47 +0530] "GET /portal/gadgets/wso2-dev/js/jquery.numberformatter-1.2.3.js HTTP/1.1" 200 4811 "-" "Apache Shindig"
127.0.0.1 - - [07/Oct/2014:11:24:47 +0530] "GET /portal/gadgets/wso2-dev/js/jshashtable-2.1_src.js HTTP/1.1" 200 3039 "-" "Apache Shindig"
127.0.0.1 - - [07/Oct/2014:11:24:47 +0530] "GET /portal/gadgets/wso2-dev/js/jquery.slider.js HTTP/1.1" 200 4882 "-" "Apache Shindig"
127.0.0.1 - - [07/Oct/2014:11:24:47 +0530] "GET /portal/gadgets/wso2-dev/js/draggable-0.1.js HTTP/1.1" 200 1371 "-" "Apache Shindig"
127.0.0.1 - - [07/Oct/2014:11:24:47 +0530] "GET /portal/themes/portal/css/bootstrap.min.css HTTP/1.1" 200 18754 "-" "Apache Shindig"
127.0.0.1 - - [07/Oct/2014:11:24:47 +0530] "GET /portal/gadgets/wso2-dev/js/wso2-dev.js HTTP/1.1" 200 1703 "-" "Apache Shindig"
127.0.0.1 - - [07/Oct/2014:11:24:47 +0530] "GET /portal/gadgets/bar-chart/bar-chart.xml HTTP/1.1" 200 885 "-" "Apache Shindig"
127.0.0.1 - - [07/Oct/2014:11:24:47 +0530] "GET /portal/js/dojo/dojo/dojo.js HTTP/1.1" 200 54154 "-" "Apache Shindig"
127.0.0.1 - - [07/Oct/2014:11:24:47 +0530] "GET /portal/gadgets/bar-chart/bar-chart.xml HTTP/1.1" 200 885 "-" "Apache Shindig"
0:0:0:0:0:0:0:1 - - [07/Oct/2014:11:24:47 +0530] "GET //gadgets/concat?container=default&gadget=http%3A%2F%2Flocalhost%3A9763%2Fportal%2Fgadgets%2Fpie-chart%2Fpie-chart.xml&debug=1&nocache=1&type=css&1=http%3A%2F%2Flocalhost%3A9763%2Fportal%2Fthemes%2Fportal%2Fcss%2Fflot-graph.css&2=http%3A%2F%2Flocalhost%3A9763%2Fportal%2Fthemes%2Fportal%2Fcss%2Fbootstrap.min.css HTTP/1.1" 304 - "https://localhost:9443//gadgets/ifr?url=http%3A%2F%2Flocalhost%3A9763%2Fportal%2Fgadgets%2Fpie-chart%2Fpie-chart.xml&container=default&view=default&lang=en&country=US&debug=1&nocache=1&sanitize=0&v=d8213105a7083aec18c9bce3596dddd0&testmode=0&parent=https%3A%2F%2Flocalhost%3A9443&mid=0" "Mozilla/5.0 (Macintosh; Intel Mac OS X 10.9; rv:32.0) Gecko/20100101 Firefox/32.0"
127.0.0.1 - - [07/Oct/2014:11:24:47 +0530] "GET /portal/js/flot/jquery.flot.pie.js HTTP/1.1" 200 7094 "-" "Apache Shindig"
127.0.0.1 - - [07/Oct/2014:11:24:47 +0530] "GET /portal/js/flot/excanvas.min.js HTTP/1.1" 200 8433 "-" "Apache Shindig"
127.0.0.1 - - [07/Oct/2014:11:24:47 +0530] "GET /portal/gadgets/pie-chart/js/options-pie.js HTTP/1.1" 200 533 "-" "Apache Shindig"
127.0.0.1 - - [07/Oct/2014:11:24:47 +0530] "GET /portal/js/flot/jquery.flot.resize.js HTTP/1.1" 200 1178 "-" "Apache Shindig"
127.0.0.1 - - [07/Oct/2014:11:24:47 +0530] "GET /portal/js/flot-chart-core.js HTTP/1.1" 200 1687 "-" "Apache Shindig"
127.0.0.1 - - [07/Oct/2014:11:24:47 +0530] "GET /portal/js/bootstrap.js HTTP/1.1" 200 10558 "-" "Apache Shindig"
127.0.0.1 - - [07/Oct/2014:11:24:47 +0530] "GET /portal/gadgets/pie-chart/pie-chart.xml HTTP/1.1" 200 979 "-" "Apache Shindig"
127.0.0.1 - - [07/Oct/2014:11:24:47 +0530] "GET /portal/js/flot/jquery.flot.js HTTP/1.1" 200 26419 "-" "Apache Shindig"
127.0.0.1 - - [07/Oct/2014:11:24:48 +0530] "GET /portal/js/flot/jquery.js HTTP/1.1" 200 81076 "-" "Apache Shindig"
127.0.0.1 - - [07/Oct/2014:11:24:48 +0530] "GET /portal/gadgets/pie-chart/pie-chart.xml HTTP/1.1" 200 979 "-" "Apache Shindig"
127.0.0.1 - - [07/Oct/2014:11:24:48 +0530] "GET /portal/gadgets/pie-chart/pie-chart.xml HTTP/1.1" 200 979 "-" "Apache Shindig"
127.0.0.1 - - [07/Oct/2014:11:24:48 +0530] "GET /portal/gadgets/pie-chart/pie-chart.xml HTTP/1.1" 200 979 "-" "Apache Shindig"
0:0:0:0:0:0:0:1 - - [07/Oct/2014:11:24:48 +0530] "GET //gadgets/concat?container=default&gadget=http%3A%2F%2Flocalhost%3A9763%2Fportal%2Fgadgets%2Fbar-chart%2Fbar-chart.xml&debug=1&nocache=1&type=css&1=http%3A%2F%2Flocalhost%3A9763%2Fportal%2Fthemes%2Fportal%2Fcss%2Fflot-graph.css&2=http%3A%2F%2Flocalhost%3A9763%2Fportal%2Fthemes%2Fportal%2Fcss%2Fbootstrap.min.css HTTP/1.1" 304 - "https://localhost:9443//gadgets/ifr?url=http%3A%2F%2Flocalhost%3A9763%2Fportal%2Fgadgets%2Fbar-chart%2Fbar-chart.xml&container=default&view=default&lang=en&country=US&debug=1&nocache=1&sanitize=0&v=d8213105a7083aec18c9bce3596dddd0&testmode=0&parent=https%3A%2F%2Flocalhost%3A9443&mid=0" "Mozilla/5.0 (Macintosh; Intel Mac OS X 10.9; rv:32.0) Gecko/20100101 Firefox/32.0"
127.0.0.1 - - [07/Oct/2014:11:24:48 +0530] "GET /portal/gadgets/pie-chart/pie-chart.xml HTTP/1.1" 200 979 "-" "Apache Shindig"
127.0.0.1 - - [07/Oct/2014:11:24:48 +0530] "GET /portal/js/flot/jquery.flot.resize.js HTTP/1.1" 200 1178 "-" "Apache Shindig"
127.0.0.1 - - [07/Oct/2014:11:24:48 +0530] "GET /portal/gadgets/bar-chart/js/options-bar.js HTTP/1.1" 200 857 "-" "Apache Shindig"
127.0.0.1 - - [07/Oct/2014:11:24:48 +0530] "GET /portal/js/flot-chart-core.js HTTP/1.1" 200 1687 "-" "Apache Shindig"
127.0.0.1 - - [07/Oct/2014:11:24:48 +0530] "GET /portal/js/flot/jquery.flot.selection.js HTTP/1.1" 200 3861 "-" "Apache Shindig"
127.0.0.1 - - [07/Oct/2014:11:24:48 +0530] "GET /portal/js/flot/excanvas.min.js HTTP/1.1" 200 8433 "-" "Apache Shindig"
127.0.0.1 - - [07/Oct/2014:11:24:48 +0530] "GET /portal/gadgets/pie-chart/pie-chart.xml HTTP/1.1" 200 979 "-" "Apache Shindig"
127.0.0.1 - - [07/Oct/2014:11:24:48 +0530] "GET /portal/gadgets/bar-chart/bar-chart.xml HTTP/1.1" 200 885 "-" "Apache Shindig"
127.0.0.1 - - [07/Oct/2014:11:24:48 +0530] "GET /portal/gadgets/pie-chart/pie-chart.xml HTTP/1.1" 200 979 "-" "Apache Shindig"
127.0.0.1 - - [07/Oct/2014:11:24:48 +0530] "GET /portal/js/flot/jquery.flot.js HTTP/1.1" 200 26419 "-" "Apache Shindig"
127.0.0.1 - - [07/Oct/2014:11:24:48 +0530] "GET /portal/gadgets/pie-chart/pie-chart.xml HTTP/1.1" 200 979 "-" "Apache Shindig"
127.0.0.1 - - [07/Oct/2014:11:24:48 +0530] "GET /portal/js/flot/jquery.js HTTP/1.1" 200 81076 "-" "Apache Shindig"
127.0.0.1 - - [07/Oct/2014:11:24:48 +0530] "GET /portal/gadgets/bar-chart/bar-chart.xml HTTP/1.1" 200 885 "-" "Apache Shindig"
127.0.0.1 - - [07/Oct/2014:11:24:48 +0530] "GET /portal/gadgets/bar-chart/bar-chart.xml HTTP/1.1" 200 885 "-" "Apache Shindig"
0:0:0:0:0:0:0:1 - - [07/Oct/2014:11:24:48 +0530] "GET //gadgets/concat?container=default&gadget=http%3A%2F%2Flocalhost%3A9763%2Fportal%2Fgadgets%2Fpie-chart%2Fpie-chart.xml&debug=1&nocache=1&type=js&1=http%3A%2F%2Flocalhost%3A9763%2Fportal%2Fjs%2Fflot%2Fexcanvas.min.js&2=http%3A%2F%2Flocalhost%3A9763%2Fportal%2Fjs%2Fflot%2Fjquery.js&3=http%3A%2F%2Flocalhost%3A9763%2Fportal%2Fjs%2Fbootstrap.js&4=http%3A%2F%2Flocalhost%3A9763%2Fportal%2Fjs%2Fflot%2Fjquery.flot.js&5=http%3A%2F%2Flocalhost%3A9763%2Fportal%2Fjs%2Fflot%2Fjquery.flot.pie.js&6=http%3A%2F%2Flocalhost%3A9763%2Fportal%2Fjs%2Fflot%2Fjquery.flot.resize.js&7=http%3A%2F%2Flocalhost%3A9763%2Fportal%2Fgadgets%2Fpie-chart%2Fjs%2Foptions-pie.js&8=http%3A%2F%2Flocalhost%3A9763%2Fportal%2Fjs%2Fflot-chart-core.js HTTP/1.1" 304 - "https://localhost:9443//gadgets/ifr?url=http%3A%2F%2Flocalhost%3A9763%2Fportal%2Fgadgets%2Fpie-chart%2Fpie-chart.xml&container=default&view=default&lang=en&country=US&debug=1&nocache=1&sanitize=0&v=d8213105a7083aec18c9bce3596dddd0&testmode=0&parent=https%3A%2F%2Flocalhost%3A9443&mid=0" "Mozilla/5.0 (Macintosh; Intel Mac OS X 10.9; rv:32.0) Gecko/20100101 Firefox/32.0"
127.0.0.1 - - [07/Oct/2014:11:24:48 +0530] "GET /portal/gadgets/bar-chart/bar-chart.xml HTTP/1.1" 200 885 "-" "Apache Shindig"
127.0.0.1 - - [07/Oct/2014:11:24:48 +0530] "GET /portal/gadgets/bar-chart/bar-chart.xml HTTP/1.1" 200 885 "-" "Apache Shindig"
127.0.0.1 - - [07/Oct/2014:11:24:48 +0530] "GET /portal/themes/portal/css/flot-graph.css HTTP/1.1" 200 1294 "-" "Apache Shindig"
127.0.0.1 - - [07/Oct/2014:11:24:48 +0530] "GET /portal/gadgets/bar-chart/bar-chart.xml HTTP/1.1" 200 885 "-" "Apache Shindig"
127.0.0.1 - - [07/Oct/2014:11:24:48 +0530] "GET /portal/gadgets/pie-chart/pie-chart.xml HTTP/1.1" 200 979 "-" "Apache Shindig"
127.0.0.1 - - [07/Oct/2014:11:24:48 +0530] "GET /portal/themes/portal/css/bootstrap.min.css HTTP/1.1" 200 18754 "-" "Apache Shindig"
127.0.0.1 - - [07/Oct/2014:11:24:48 +0530] "GET /portal/gadgets/bar-chart/bar-chart.xml HTTP/1.1" 200 885 "-" "Apache Shindig"
127.0.0.1 - - [07/Oct/2014:11:24:48 +0530] "GET /portal/gadgets/pie-chart/pie-chart.xml HTTP/1.1" 200 979 "-" "Apache Shindig"
0:0:0:0:0:0:0:1 - - [07/Oct/2014:11:24:48 +0530] "GET //gadgets/concat?container=default&gadget=http%3A%2F%2Flocalhost%3A9763%2Fportal%2Fgadgets%2Fbar-chart%2Fbar-chart.xml&debug=1&nocache=1&type=js&1=http%3A%2F%2Flocalhost%3A9763%2Fportal%2Fjs%2Fflot%2Fexcanvas.min.js&2=http%3A%2F%2Flocalhost%3A9763%2Fportal%2Fjs%2Fflot%2Fjquery.js&3=http%3A%2F%2Flocalhost%3A9763%2Fportal%2Fjs%2Fflot%2Fjquery.flot.js&4=http%3A%2F%2Flocalhost%3A9763%2Fportal%2Fjs%2Fflot%2Fjquery.flot.selection.js&5=http%3A%2F%2Flocalhost%3A9763%2Fportal%2Fjs%2Fflot%2Fjquery.flot.resize.js&6=http%3A%2F%2Flocalhost%3A9763%2Fportal%2Fgadgets%2Fbar-chart%2Fjs%2Foptions-bar.js&7=http%3A%2F%2Flocalhost%3A9763%2Fportal%2Fjs%2Fflot-chart-core.js HTTP/1.1" 304 - "https://localhost:9443//gadgets/ifr?url=http%3A%2F%2Flocalhost%3A9763%2Fportal%2Fgadgets%2Fbar-chart%2Fbar-chart.xml&container=default&view=default&lang=en&country=US&debug=1&nocache=1&sanitize=0&v=d8213105a7083aec18c9bce3596dddd0&testmode=0&parent=https%3A%2F%2Flocalhost%3A9443&mid=0" "Mozilla/5.0 (Macintosh; Intel Mac OS X 10.9; rv:32.0) Gecko/20100101 Firefox/32.0"
0:0:0:0:0:0:0:1 - - [07/Oct/2014:11:24:48 +0530] "GET //gadgets/concat?container=default&gadget=http%3A%2F%2Flocalhost%3A9763%2Fportal%2Fgadgets%2Fpie-chart%2Fpie-chart.xml&debug=1&nocache=1&type=css&1=http%3A%2F%2Flocalhost%3A9763%2Fportal%2Fthemes%2Fportal%2Fcss%2Fflot-graph.css&2=http%3A%2F%2Flocalhost%3A9763%2Fportal%2Fthemes%2Fportal%2Fcss%2Fbootstrap.min.css HTTP/1.1" 304 - "https://localhost:9443//gadgets/ifr?url=http%3A%2F%2Flocalhost%3A9763%2Fportal%2Fgadgets%2Fpie-chart%2Fpie-chart.xml&container=default&view=default&lang=en&country=US&debug=1&nocache=1&sanitize=0&v=d8213105a7083aec18c9bce3596dddd0&testmode=0&parent=https%3A%2F%2Flocalhost%3A9443&mid=0" "Mozilla/5.0 (Macintosh; Intel Mac OS X 10.9; rv:32.0) Gecko/20100101 Firefox/32.0"
127.0.0.1 - - [07/Oct/2014:11:24:48 +0530] "GET /portal/gadgets/pie-chart/js/options-pie.js HTTP/1.1" 200 533 "-" "Apache Shindig"
127.0.0.1 - - [07/Oct/2014:11:24:48 +0530] "GET /portal/js/flot/jquery.flot.resize.js HTTP/1.1" 200 1178 "-" "Apache Shindig"
127.0.0.1 - - [07/Oct/2014:11:24:48 +0530] "GET /portal/js/flot-chart-core.js HTTP/1.1" 200 1687 "-" "Apache Shindig"
127.0.0.1 - - [07/Oct/2014:11:24:48 +0530] "GET /portal/js/flot/excanvas.min.js HTTP/1.1" 200 8433 "-" "Apache Shindig"
127.0.0.1 - - [07/Oct/2014:11:24:48 +0530] "GET /portal/js/flot/jquery.flot.pie.js HTTP/1.1" 200 7094 "-" "Apache Shindig"
127.0.0.1 - - [07/Oct/2014:11:24:48 +0530] "GET /portal/js/bootstrap.js HTTP/1.1" 200 10558 "-" "Apache Shindig"
127.0.0.1 - - [07/Oct/2014:11:24:48 +0530] "GET /portal/gadgets/pie-chart/pie-chart.xml HTTP/1.1" 200 979 "-" "Apache Shindig"
127.0.0.1 - - [07/Oct/2014:11:24:48 +0530] "GET /portal/js/flot/jquery.flot.js HTTP/1.1" 200 26419 "-" "Apache Shindig"
127.0.0.1 - - [07/Oct/2014:11:24:48 +0530] "GET /portal/js/flot/jquery.js HTTP/1.1" 200 81076 "-" "Apache Shindig"
127.0.0.1 - - [07/Oct/2014:11:24:48 +0530] "GET /portal/gadgets/pie-chart/pie-chart.xml HTTP/1.1" 200 979 "-" "Apache Shindig"
127.0.0.1 - - [07/Oct/2014:11:24:48 +0530] "GET /portal/gadgets/pie-chart/pie-chart.xml HTTP/1.1" 200 979 "-" "Apache Shindig"
127.0.0.1 - - [07/Oct/2014:11:24:48 +0530] "GET /portal/gadgets/pie-chart/pie-chart.xml HTTP/1.1" 200 979 "-" "Apache Shindig"
127.0.0.1 - - [07/Oct/2014:11:24:48 +0530] "GET /portal/gadgets/pie-chart/pie-chart.xml HTTP/1.1" 200 979 "-" "Apache Shindig"
127.0.0.1 - - [07/Oct/2014:11:24:48 +0530] "GET /portal/gadgets/pie-chart/pie-chart.xml HTTP/1.1" 200 979 "-" "Apache Shindig"
127.0.0.1 - - [07/Oct/2014:11:24:48 +0530] "GET /portal/gadgets/pie-chart/pie-chart.xml HTTP/1.1" 200 979 "-" "Apache Shindig"
127.0.0.1 - - [07/Oct/2014:11:24:48 +0530] "GET /portal/gadgets/pie-chart/pie-chart.xml HTTP/1.1" 200 979 "-" "Apache Shindig"
0:0:0:0:0:0:0:1 - - [07/Oct/2014:11:24:48 +0530] "GET //gadgets/concat?container=default&gadget=http%3A%2F%2Flocalhost%3A9763%2Fportal%2Fgadgets%2Fpie-chart%2Fpie-chart.xml&debug=1&nocache=1&type=js&1=http%3A%2F%2Flocalhost%3A9763%2Fportal%2Fjs%2Fflot%2Fexcanvas.min.js&2=http%3A%2F%2Flocalhost%3A9763%2Fportal%2Fjs%2Fflot%2Fjquery.js&3=http%3A%2F%2Flocalhost%3A9763%2Fportal%2Fjs%2Fbootstrap.js&4=http%3A%2F%2Flocalhost%3A9763%2Fportal%2Fjs%2Fflot%2Fjquery.flot.js&5=http%3A%2F%2Flocalhost%3A9763%2Fportal%2Fjs%2Fflot%2Fjquery.flot.pie.js&6=http%3A%2F%2Flocalhost%3A9763%2Fportal%2Fjs%2Fflot%2Fjquery.flot.resize.js&7=http%3A%2F%2Flocalhost%3A9763%2Fportal%2Fgadgets%2Fpie-chart%2Fjs%2Foptions-pie.js&8=http%3A%2F%2Flocalhost%3A9763%2Fportal%2Fjs%2Fflot-chart-core.js HTTP/1.1" 304 - "https://localhost:9443//gadgets/ifr?url=http%3A%2F%2Flocalhost%3A9763%2Fportal%2Fgadgets%2Fpie-chart%2Fpie-chart.xml&container=default&view=default&lang=en&country=US&debug=1&nocache=1&sanitize=0&v=d8213105a7083aec18c9bce3596dddd0&testmode=0&parent=https%3A%2F%2Flocalhost%3A9443&mid=0" "Mozilla/5.0 (Macintosh; Intel Mac OS X 10.9; rv:32.0) Gecko/20100101 Firefox/32.0"
0:0:0:0:0:0:0:1 - - [07/Oct/2014:11:24:48 +0530] "GET /store/apis/myAsset/ HTTP/1.1" 401 975 "https://localhost:9443//gadgets/ifr?url=http%3A%2F%2Flocalhost%3A9763%2Fportal%2Fgadgets%2Fshow-assets%2Fshow-assets.xml&container=default&view=default&lang=en&country=US&debug=1&nocache=1&sanitize=0&v=d8213105a7083aec18c9bce3596dddd0&testmode=0&parent=https%3A%2F%2Flocalhost%3A9443&mid=0" "Mozilla/5.0 (Macintosh; Intel Mac OS X 10.9; rv:32.0) Gecko/20100101 Firefox/32.0"
0:0:0:0:0:0:0:1 - - [07/Oct/2014:11:24:48 +0530] "GET /store/apis/tag/gadget HTTP/1.1" 200 462 "https://localhost:9443//gadgets/ifr?url=http%3A%2F%2Flocalhost%3A9763%2Fportal%2Fgadgets%2Fshow-assets%2Fshow-assets.xml&container=default&view=default&lang=en&country=US&debug=1&nocache=1&sanitize=0&v=d8213105a7083aec18c9bce3596dddd0&testmode=0&parent=https%3A%2F%2Flocalhost%3A9443&mid=0" "Mozilla/5.0 (Macintosh; Intel Mac OS X 10.9; rv:32.0) Gecko/20100101 Firefox/32.0"
0:0:0:0:0:0:0:1 - - [07/Oct/2014:11:24:48 +0530] "GET /ws-chat/server.jag HTTP/1.1" 101 - "-" "Mozilla/5.0 (Macintosh; Intel Mac OS X 10.9; rv:32.0) Gecko/20100101 Firefox/32.0"
0:0:0:0:0:0:0:1 - - [07/Oct/2014:11:24:48 +0530] "GET /portal/apis/flot-data-files/dataFile4.jag HTTP/1.1" 200 - "https://localhost:9443//gadgets/ifr?url=http%3A%2F%2Flocalhost%3A9763%2Fportal%2Fgadgets%2Fbar-chart%2Fbar-chart.xml&container=default&view=default&lang=en&country=US&debug=1&nocache=1&sanitize=0&v=d8213105a7083aec18c9bce3596dddd0&testmode=0&parent=https%3A%2F%2Flocalhost%3A9443&mid=0" "Mozilla/5.0 (Macintosh; Intel Mac OS X 10.9; rv:32.0) Gecko/20100101 Firefox/32.0"
0:0:0:0:0:0:0:1 - - [07/Oct/2014:11:24:48 +0530] "GET /portal/apis/flot-data-files/dataFile6.jag HTTP/1.1" 200 260 "https://localhost:9443//gadgets/ifr?url=http%3A%2F%2Flocalhost%3A9763%2Fportal%2Fgadgets%2Fpie-chart%2Fpie-chart.xml&container=default&view=default&lang=en&country=US&debug=1&nocache=1&sanitize=0&v=d8213105a7083aec18c9bce3596dddd0&testmode=0&parent=https%3A%2F%2Flocalhost%3A9443&mid=0" "Mozilla/5.0 (Macintosh; Intel Mac OS X 10.9; rv:32.0) Gecko/20100101 Firefox/32.0"
127.0.0.1 - - [07/Oct/2014:11:24:48 +0530] "GET /portal/gadgets/wso2-dev/wso2-dev.xml HTTP/1.1" 200 1018 "-" "Apache Shindig"
0:0:0:0:0:0:0:1 - - [07/Oct/2014:11:24:48 +0530] "GET /portal/apis/flot-data-files/dataFile6.jag HTTP/1.1" 200 209 "https://localhost:9443//gadgets/ifr?url=http%3A%2F%2Flocalhost%3A9763%2Fportal%2Fgadgets%2Fpie-chart%2Fpie-chart.xml&container=default&view=default&lang=en&country=US&debug=1&nocache=1&sanitize=0&v=d8213105a7083aec18c9bce3596dddd0&testmode=0&parent=https%3A%2F%2Flocalhost%3A9443&mid=0" "Mozilla/5.0 (Macintosh; Intel Mac OS X 10.9; rv:32.0) Gecko/20100101 Firefox/32.0"
127.0.0.1 - - [07/Oct/2014:11:24:48 +0530] "GET /portal/gadgets/wso2-dev/wso2-dev.xml HTTP/1.1" 200 1018 "-" "Apache Shindig"
127.0.0.1 - - [07/Oct/2014:11:24:48 +0530] "GET /portal/gadgets/wso2-dev/wso2-dev.xml HTTP/1.1" 200 1018 "-" "Apache Shindig"
127.0.0.1 - - [07/Oct/2014:11:24:48 +0530] "GET /portal/gadgets/wso2-dev/wso2-dev.xml HTTP/1.1" 200 1018 "-" "Apache Shindig"
127.0.0.1 - - [07/Oct/2014:11:24:48 +0530] "GET /portal/gadgets/wso2-dev/wso2-dev.xml HTTP/1.1" 200 1018 "-" "Apache Shindig"
127.0.0.1 - - [07/Oct/2014:11:24:48 +0530] "GET /portal/gadgets/wso2-dev/wso2-dev.xml HTTP/1.1" 200 1018 "-" "Apache Shindig"
127.0.0.1 - - [07/Oct/2014:11:24:48 +0530] "GET /portal/gadgets/wso2-dev/wso2-dev.xml HTTP/1.1" 200 1018 "-" "Apache Shindig"
127.0.0.1 - - [07/Oct/2014:11:24:48 +0530] "GET /portal/gadgets/wso2-dev/wso2-dev.xml HTTP/1.1" 200 1018 "-" "Apache Shindig"
127.0.0.1 - - [07/Oct/2014:11:24:48 +0530] "GET /portal/gadgets/wso2-dev/wso2-dev.xml HTTP/1.1" 200 1018 "-" "Apache Shindig"
