0:0:0:0:0:0:0:1 - - [29/Sep/2014:17:54:29 +0530] "GET /cep-dash/gadgets/Top_5/data-api.jag HTTP/1.1" 404 1021 "https://localhost:9443/shindig/gadgets/ifr?url=http%3A%2F%2Flocalhost%3A9763%2Fcep-dash%2Fgadgets%2FTop_5%2Fpublic%2Fpie-chart%2Fpie-chart.xml&container=default&view=default&lang=en&country=US&debug=1&nocache=1&sanitize=0&v=d8213105a7083aec18c9bce3596dddd0&testmode=0&parent=https%3A%2F%2Flocalhost%3A9443&mid=0" "Mozilla/5.0 (Macintosh; Intel Mac OS X 10.9; rv:32.0) Gecko/20100101 Firefox/32.0"
0:0:0:0:0:0:0:1 - - [29/Sep/2014:17:54:29 +0530] "GET /cep-dash/gadgets/Top_5_Groups/data-api.jag HTTP/1.1" 404 1035 "https://localhost:9443/shindig/gadgets/ifr?url=http%3A%2F%2Flocalhost%3A9763%2Fcep-dash%2Fgadgets%2FTop_5_Groups%2Fpublic%2Fbar-chart%2Fbar-chart.xml&container=default&view=default&lang=en&country=US&debug=1&nocache=1&sanitize=0&v=d8213105a7083aec18c9bce3596dddd0&testmode=0&parent=https%3A%2F%2Flocalhost%3A9443&mid=0" "Mozilla/5.0 (Macintosh; Intel Mac OS X 10.9; rv:32.0) Gecko/20100101 Firefox/32.0"
0:0:0:0:0:0:0:1 - - [29/Sep/2014:17:54:30 +0530] "GET /portal/apis/browser.jag?action=browse&cmd=open&target=l1_VGVzdERhc2g&_=1411993470071 HTTP/1.1" 200 4234 "https://localhost:9443/portal/dashboard.jag" "Mozilla/5.0 (Macintosh; Intel Mac OS X 10.9; rv:32.0) Gecko/20100101 Firefox/32.0"
0:0:0:0:0:0:0:1 - - [29/Sep/2014:17:54:33 +0530] "GET /portal/apis/browser.jag?action=browse&cmd=open&target=l1_VGVzdERhc2hTaXRlMg&_=1411993473774 HTTP/1.1" 200 4516 "https://localhost:9443/portal/dashboard.jag" "Mozilla/5.0 (Macintosh; Intel Mac OS X 10.9; rv:32.0) Gecko/20100101 Firefox/32.0"
10.100.5.174 - - [29/Sep/2014:17:54:34 +0530] "GET /admin/carbon/admin/jsp/session-validate.jsp HTTP/1.1" 200 2640 "https://10.100.5.174:9443/admin/carbon/admin/index.jsp?loginStatus=true" "Mozilla/5.0 (Macintosh; Intel Mac OS X 10.9; rv:32.0) Gecko/20100101 Firefox/32.0"
10.100.5.174 - - [29/Sep/2014:17:54:34 +0530] "POST /admin/services/ServerAdmin HTTP/1.1" 200 2215 "-" "Axis2"
10.100.5.174 - - [29/Sep/2014:17:54:34 +0530] "GET /admin/carbon/server-admin/system_status_ajaxprocessor.jsp HTTP/1.1" 200 1280 "https://10.100.5.174:9443/admin/carbon/admin/index.jsp?loginStatus=true" "Mozilla/5.0 (Macintosh; Intel Mac OS X 10.9; rv:32.0) Gecko/20100101 Firefox/32.0"
0:0:0:0:0:0:0:1 - - [29/Sep/2014:17:54:36 +0530] "GET /portal/apis/browser.jag?action=browse&cmd=open&target=l1_Lw&_=1411993476532 HTTP/1.1" 200 3397 "https://localhost:9443/portal/dashboard.jag" "Mozilla/5.0 (Macintosh; Intel Mac OS X 10.9; rv:32.0) Gecko/20100101 Firefox/32.0"
0:0:0:0:0:0:0:1 - - [29/Sep/2014:17:54:38 +0530] "GET /TestDashSite2 HTTP/1.1" 302 - "https://localhost:9443/portal/dashboard.jag" "Mozilla/5.0 (Macintosh; Intel Mac OS X 10.9; rv:32.0) Gecko/20100101 Firefox/32.0"
0:0:0:0:0:0:0:1 - - [29/Sep/2014:17:54:39 +0530] "GET /TestDashSite2/ HTTP/1.1" 302 - "https://localhost:9443/portal/dashboard.jag" "Mozilla/5.0 (Macintosh; Intel Mac OS X 10.9; rv:32.0) Gecko/20100101 Firefox/32.0"
0:0:0:0:0:0:0:1 - - [29/Sep/2014:17:54:39 +0530] "GET /TestDashSite2/login HTTP/1.1" 200 1372 "https://localhost:9443/portal/dashboard.jag" "Mozilla/5.0 (Macintosh; Intel Mac OS X 10.9; rv:32.0) Gecko/20100101 Firefox/32.0"
0:0:0:0:0:0:0:1 - - [29/Sep/2014:17:54:39 +0530] "POST /sso/samlsso.jag HTTP/1.1" 200 2015 "https://localhost:9443/TestDashSite2/login" "Mozilla/5.0 (Macintosh; Intel Mac OS X 10.9; rv:32.0) Gecko/20100101 Firefox/32.0"
0:0:0:0:0:0:0:1 - - [29/Sep/2014:17:54:39 +0530] "POST /TestDashSite2/sso HTTP/1.1" 302 - "https://localhost:9443/sso/samlsso.jag" "Mozilla/5.0 (Macintosh; Intel Mac OS X 10.9; rv:32.0) Gecko/20100101 Firefox/32.0"
0:0:0:0:0:0:0:1 - - [29/Sep/2014:17:54:39 +0530] "GET /TestDashSite2 HTTP/1.1" 302 - "https://localhost:9443/sso/samlsso.jag" "Mozilla/5.0 (Macintosh; Intel Mac OS X 10.9; rv:32.0) Gecko/20100101 Firefox/32.0"
0:0:0:0:0:0:0:1 - - [29/Sep/2014:17:54:39 +0530] "GET /TestDashSite2/ HTTP/1.1" 200 2634 "https://localhost:9443/sso/samlsso.jag" "Mozilla/5.0 (Macintosh; Intel Mac OS X 10.9; rv:32.0) Gecko/20100101 Firefox/32.0"
0:0:0:0:0:0:0:1 - - [29/Sep/2014:17:54:39 +0530] "GET /TestDashSite2/css/bootstrap-responsive.min.css HTTP/1.1" 200 4003 "https://localhost:9443/TestDashSite2/" "Mozilla/5.0 (Macintosh; Intel Mac OS X 10.9; rv:32.0) Gecko/20100101 Firefox/32.0"
0:0:0:0:0:0:0:1 - - [29/Sep/2014:17:54:39 +0530] "GET /TestDashSite2/css/font-awesome.min.css HTTP/1.1" 200 4456 "https://localhost:9443/TestDashSite2/" "Mozilla/5.0 (Macintosh; Intel Mac OS X 10.9; rv:32.0) Gecko/20100101 Firefox/32.0"
0:0:0:0:0:0:0:1 - - [29/Sep/2014:17:54:39 +0530] "GET /TestDashSite2/css/font-awesome-ie7.min.css HTTP/1.1" 200 3385 "https://localhost:9443/TestDashSite2/" "Mozilla/5.0 (Macintosh; Intel Mac OS X 10.9; rv:32.0) Gecko/20100101 Firefox/32.0"
0:0:0:0:0:0:0:1 - - [29/Sep/2014:17:54:39 +0530] "GET /TestDashSite2/css/navigation.css HTTP/1.1" 200 1095 "https://localhost:9443/TestDashSite2/" "Mozilla/5.0 (Macintosh; Intel Mac OS X 10.9; rv:32.0) Gecko/20100101 Firefox/32.0"
0:0:0:0:0:0:0:1 - - [29/Sep/2014:17:54:39 +0530] "GET /TestDashSite2/css/jquery.gridster.min.css HTTP/1.1" 200 1220 "https://localhost:9443/TestDashSite2/" "Mozilla/5.0 (Macintosh; Intel Mac OS X 10.9; rv:32.0) Gecko/20100101 Firefox/32.0"
0:0:0:0:0:0:0:1 - - [29/Sep/2014:17:54:39 +0530] "GET /TestDashSite2/css/bootstrap.min.css HTTP/1.1" 200 18754 "https://localhost:9443/TestDashSite2/" "Mozilla/5.0 (Macintosh; Intel Mac OS X 10.9; rv:32.0) Gecko/20100101 Firefox/32.0"
0:0:0:0:0:0:0:1 - - [29/Sep/2014:17:54:39 +0530] "GET /TestDashSite2/css/styles.css HTTP/1.1" 200 2323 "https://localhost:9443/TestDashSite2/" "Mozilla/5.0 (Macintosh; Intel Mac OS X 10.9; rv:32.0) Gecko/20100101 Firefox/32.0"
0:0:0:0:0:0:0:1 - - [29/Sep/2014:17:54:39 +0530] "GET /TestDashSite2/css/portal-dashboard-designer.css HTTP/1.1" 200 3076 "https://localhost:9443/TestDashSite2/" "Mozilla/5.0 (Macintosh; Intel Mac OS X 10.9; rv:32.0) Gecko/20100101 Firefox/32.0"
0:0:0:0:0:0:0:1 - - [29/Sep/2014:17:54:39 +0530] "GET /TestDashSite2/js/navigation.js HTTP/1.1" 200 1030 "https://localhost:9443/TestDashSite2/" "Mozilla/5.0 (Macintosh; Intel Mac OS X 10.9; rv:32.0) Gecko/20100101 Firefox/32.0"
0:0:0:0:0:0:0:1 - - [29/Sep/2014:17:54:39 +0530] "GET /TestDashSite2/js/bootstrap.min.js HTTP/1.1" 200 7004 "https://localhost:9443/TestDashSite2/" "Mozilla/5.0 (Macintosh; Intel Mac OS X 10.9; rv:32.0) Gecko/20100101 Firefox/32.0"
0:0:0:0:0:0:0:1 - - [29/Sep/2014:17:54:39 +0530] "GET /TestDashSite2/js/handlebars.js HTTP/1.1" 200 12827 "https://localhost:9443/TestDashSite2/" "Mozilla/5.0 (Macintosh; Intel Mac OS X 10.9; rv:32.0) Gecko/20100101 Firefox/32.0"
0:0:0:0:0:0:0:1 - - [29/Sep/2014:17:54:39 +0530] "GET /TestDashSite2/js/jquery-ui-1.10.1.custom.min.js HTTP/1.1" 200 24620 "https://localhost:9443/TestDashSite2/" "Mozilla/5.0 (Macintosh; Intel Mac OS X 10.9; rv:32.0) Gecko/20100101 Firefox/32.0"
0:0:0:0:0:0:0:1 - - [29/Sep/2014:17:54:39 +0530] "GET /TestDashSite2/js/jquery-1.8.3.min.js HTTP/1.1" 200 33942 "https://localhost:9443/TestDashSite2/" "Mozilla/5.0 (Macintosh; Intel Mac OS X 10.9; rv:32.0) Gecko/20100101 Firefox/32.0"
0:0:0:0:0:0:0:1 - - [29/Sep/2014:17:54:39 +0530] "GET /TestDashSite2/js/jquery.gridster.with-extras.min.js HTTP/1.1" 200 22017 "https://localhost:9443/TestDashSite2/" "Mozilla/5.0 (Macintosh; Intel Mac OS X 10.9; rv:32.0) Gecko/20100101 Firefox/32.0"
0:0:0:0:0:0:0:1 - - [29/Sep/2014:17:54:39 +0530] "GET /TestDashSite2/js/UESContainer.js HTTP/1.1" 200 972 "https://localhost:9443/TestDashSite2/" "Mozilla/5.0 (Macintosh; Intel Mac OS X 10.9; rv:32.0) Gecko/20100101 Firefox/32.0"
0:0:0:0:0:0:0:1 - - [29/Sep/2014:17:54:39 +0530] "GET /TestDashSite2/js/portal-dashboard-designer.js HTTP/1.1" 200 4855 "https://localhost:9443/TestDashSite2/" "Mozilla/5.0 (Macintosh; Intel Mac OS X 10.9; rv:32.0) Gecko/20100101 Firefox/32.0"
0:0:0:0:0:0:0:1 - - [29/Sep/2014:17:54:39 +0530] "GET /TestDashSite2/js/shindig.js HTTP/1.1" 200 34461 "https://localhost:9443/TestDashSite2/" "Mozilla/5.0 (Macintosh; Intel Mac OS X 10.9; rv:32.0) Gecko/20100101 Firefox/32.0"
0:0:0:0:0:0:0:1 - - [29/Sep/2014:17:54:39 +0530] "GET /TestDashSite2/img/logo.png HTTP/1.1" 200 4331 "https://localhost:9443/TestDashSite2/css/navigation.css" "Mozilla/5.0 (Macintosh; Intel Mac OS X 10.9; rv:32.0) Gecko/20100101 Firefox/32.0"
0:0:0:0:0:0:0:1 - - [29/Sep/2014:17:54:39 +0530] "GET /TestDashSite2/img/designer-sprite.png HTTP/1.1" 200 10674 "https://localhost:9443/TestDashSite2/css/portal-dashboard-designer.css" "Mozilla/5.0 (Macintosh; Intel Mac OS X 10.9; rv:32.0) Gecko/20100101 Firefox/32.0"
0:0:0:0:0:0:0:1 - - [29/Sep/2014:17:54:39 +0530] "GET /TestDashSite2/font/Lato-Reg-webfont.woff HTTP/1.1" 200 19260 "https://localhost:9443/TestDashSite2/css/styles.css" "Mozilla/5.0 (Macintosh; Intel Mac OS X 10.9; rv:32.0) Gecko/20100101 Firefox/32.0"
0:0:0:0:0:0:0:1 - - [29/Sep/2014:17:54:39 +0530] "GET /TestDashSite2/font/fontawesome-webfont.woff?v=3.2.1 HTTP/1.1" 200 43572 "https://localhost:9443/TestDashSite2/css/font-awesome.min.css" "Mozilla/5.0 (Macintosh; Intel Mac OS X 10.9; rv:32.0) Gecko/20100101 Firefox/32.0"
0:0:0:0:0:0:0:1 - - [29/Sep/2014:17:54:39 +0530] "GET /TestDashSite2/font/Lato-Bol-webfont.woff HTTP/1.1" 200 19432 "https://localhost:9443/TestDashSite2/css/styles.css" "Mozilla/5.0 (Macintosh; Intel Mac OS X 10.9; rv:32.0) Gecko/20100101 Firefox/32.0"
127.0.0.1 - - [29/Sep/2014:17:54:39 +0530] "GET /portal/gadgets/show-assets/show-assets.xml HTTP/1.1" 200 1769 "-" "Apache Shindig"
0:0:0:0:0:0:0:1 - - [29/Sep/2014:17:54:39 +0530] "POST //rpc?st=-1%3A-1%3A*%3A*%3A*%3A0%3Adefault HTTP/1.1" 200 1473 "https://localhost:9443/TestDashSite2/" "Mozilla/5.0 (Macintosh; Intel Mac OS X 10.9; rv:32.0) Gecko/20100101 Firefox/32.0"
0:0:0:0:0:0:0:1 - - [29/Sep/2014:17:54:39 +0530] "GET /TestDashSite2/apis/ues/layout/ HTTP/1.1" 200 4 "https://localhost:9443/TestDashSite2/" "Mozilla/5.0 (Macintosh; Intel Mac OS X 10.9; rv:32.0) Gecko/20100101 Firefox/32.0"
127.0.0.1 - - [29/Sep/2014:17:54:39 +0530] "GET /portal/gadgets/show-assets/show-assets.xml HTTP/1.1" 200 1769 "-" "Apache Shindig"
127.0.0.1 - - [29/Sep/2014:17:54:39 +0530] "GET /portal/gadgets/dummy-chat/dummy-chat.xml HTTP/1.1" 200 887 "-" "Apache Shindig"
127.0.0.1 - - [29/Sep/2014:17:54:39 +0530] "GET /portal/gadgets/dummy-chat/dummy-chat.xml HTTP/1.1" 200 887 "-" "Apache Shindig"
0:0:0:0:0:0:0:1 - - [29/Sep/2014:17:54:39 +0530] "POST //rpc?st=-1%3A-1%3A*%3A*%3A*%3A0%3Adefault HTTP/1.1" 200 1033 "https://localhost:9443/TestDashSite2/" "Mozilla/5.0 (Macintosh; Intel Mac OS X 10.9; rv:32.0) Gecko/20100101 Firefox/32.0"
0:0:0:0:0:0:0:1 - - [29/Sep/2014:17:54:39 +0530] "POST //rpc?st=-1%3A-1%3A*%3A*%3A*%3A0%3Adefault HTTP/1.1" 200 1033 "https://localhost:9443/TestDashSite2/" "Mozilla/5.0 (Macintosh; Intel Mac OS X 10.9; rv:32.0) Gecko/20100101 Firefox/32.0"
127.0.0.1 - - [29/Sep/2014:17:54:39 +0530] "GET /portal/gadgets/dummy-chat/dummy-chat.xml HTTP/1.1" 200 887 "-" "Apache Shindig"
0:0:0:0:0:0:0:1 - - [29/Sep/2014:17:54:39 +0530] "GET //gadgets/ifr?url=http%3A%2F%2Flocalhost%3A9763%2Fportal%2Fgadgets%2Fshow-assets%2Fshow-assets.xml&container=default&view=default&lang=en&country=US&debug=1&nocache=1&sanitize=0&v=d8213105a7083aec18c9bce3596dddd0&testmode=0&parent=https%3A%2F%2Flocalhost%3A9443&mid=0 HTTP/1.1" 200 2434 "https://localhost:9443/TestDashSite2/" "Mozilla/5.0 (Macintosh; Intel Mac OS X 10.9; rv:32.0) Gecko/20100101 Firefox/32.0"
0:0:0:0:0:0:0:1 - - [29/Sep/2014:17:54:39 +0530] "GET //gadgets/ifr?url=http%3A%2F%2Flocalhost%3A9763%2Fportal%2Fgadgets%2Fdummy-chat%2Fdummy-chat.xml&container=default&view=default&lang=en&country=US&debug=1&nocache=1&sanitize=0&v=d8213105a7083aec18c9bce3596dddd0&testmode=0&parent=https%3A%2F%2Flocalhost%3A9443&mid=0 HTTP/1.1" 200 2037 "https://localhost:9443/TestDashSite2/" "Mozilla/5.0 (Macintosh; Intel Mac OS X 10.9; rv:32.0) Gecko/20100101 Firefox/32.0"
127.0.0.1 - - [29/Sep/2014:17:54:39 +0530] "GET /portal/gadgets/dummy-chat/dummy-chat.xml HTTP/1.1" 200 887 "-" "Apache Shindig"
127.0.0.1 - - [29/Sep/2014:17:54:39 +0530] "GET /portal/gadgets/show-assets/css/styles.css HTTP/1.1" 200 2062 "-" "Apache Shindig"
0:0:0:0:0:0:0:1 - - [29/Sep/2014:17:54:39 +0530] "GET //gadgets/ifr?url=http%3A%2F%2Flocalhost%3A9763%2Fportal%2Fgadgets%2Fdummy-chat%2Fdummy-chat.xml&container=default&view=default&lang=en&country=US&debug=1&nocache=1&sanitize=0&v=d8213105a7083aec18c9bce3596dddd0&testmode=0&parent=https%3A%2F%2Flocalhost%3A9443&mid=0 HTTP/1.1" 304 - "https://localhost:9443/TestDashSite2/" "Mozilla/5.0 (Macintosh; Intel Mac OS X 10.9; rv:32.0) Gecko/20100101 Firefox/32.0"
127.0.0.1 - - [29/Sep/2014:17:54:39 +0530] "GET /portal/gadgets/show-assets/css/bootstrap.min.css HTTP/1.1" 200 15959 "-" "Apache Shindig"
127.0.0.1 - - [29/Sep/2014:17:54:39 +0530] "GET /portal/gadgets/show-assets/show-assets.xml HTTP/1.1" 200 1769 "-" "Apache Shindig"
0:0:0:0:0:0:0:1 - - [29/Sep/2014:17:54:39 +0530] "GET //gadgets/js/dynamic-height:core!core:rpc.js?container=default&nocache=0&debug=1&c=0&v=4150416ed6f078058d6bbafbc18ee7bc&jsload=0 HTTP/1.1" 200 3005 "https://localhost:9443//gadgets/ifr?url=http%3A%2F%2Flocalhost%3A9763%2Fportal%2Fgadgets%2Fdummy-chat%2Fdummy-chat.xml&container=default&view=default&lang=en&country=US&debug=1&nocache=1&sanitize=0&v=d8213105a7083aec18c9bce3596dddd0&testmode=0&parent=https%3A%2F%2Flocalhost%3A9443&mid=0" "Mozilla/5.0 (Macintosh; Intel Mac OS X 10.9; rv:32.0) Gecko/20100101 Firefox/32.0"
127.0.0.1 - - [29/Sep/2014:17:54:39 +0530] "GET /portal/gadgets/dummy-chat/js/dummy-chat.js HTTP/1.1" 200 783 "-" "Apache Shindig"
127.0.0.1 - - [29/Sep/2014:17:54:39 +0530] "GET /portal/gadgets/dummy-chat/dummy-chat.xml HTTP/1.1" 200 887 "-" "Apache Shindig"
0:0:0:0:0:0:0:1 - - [29/Sep/2014:17:54:39 +0530] "GET //gadgets/js/pubsub-2:dynamic-height:core!core:rpc.js?container=default&nocache=0&debug=1&c=0&v=1026902a266299e7832e6c212a82f9fc&jsload=0 HTTP/1.1" 200 23879 "https://localhost:9443//gadgets/ifr?url=http%3A%2F%2Flocalhost%3A9763%2Fportal%2Fgadgets%2Fshow-assets%2Fshow-assets.xml&container=default&view=default&lang=en&country=US&debug=1&nocache=1&sanitize=0&v=d8213105a7083aec18c9bce3596dddd0&testmode=0&parent=https%3A%2F%2Flocalhost%3A9443&mid=0" "Mozilla/5.0 (Macintosh; Intel Mac OS X 10.9; rv:32.0) Gecko/20100101 Firefox/32.0"
0:0:0:0:0:0:0:1 - - [29/Sep/2014:17:54:39 +0530] "GET //gadgets/concat?container=default&gadget=http%3A%2F%2Flocalhost%3A9763%2Fportal%2Fgadgets%2Fdummy-chat%2Fdummy-chat.xml&debug=1&nocache=1&type=js&1=http%3A%2F%2Flocalhost%3A9763%2Fportal%2Fgadgets%2Fdummy-chat%2Fjs%2Fdummy-chat.js HTTP/1.1" 200 957 "https://localhost:9443//gadgets/ifr?url=http%3A%2F%2Flocalhost%3A9763%2Fportal%2Fgadgets%2Fdummy-chat%2Fdummy-chat.xml&container=default&view=default&lang=en&country=US&debug=1&nocache=1&sanitize=0&v=d8213105a7083aec18c9bce3596dddd0&testmode=0&parent=https%3A%2F%2Flocalhost%3A9443&mid=0" "Mozilla/5.0 (Macintosh; Intel Mac OS X 10.9; rv:32.0) Gecko/20100101 Firefox/32.0"
127.0.0.1 - - [29/Sep/2014:17:54:39 +0530] "GET /portal/gadgets/dummy-chat/js/dummy-chat.js HTTP/1.1" 200 783 "-" "Apache Shindig"
127.0.0.1 - - [29/Sep/2014:17:54:39 +0530] "GET /portal/gadgets/dummy-chat/dummy-chat.xml HTTP/1.1" 200 887 "-" "Apache Shindig"
0:0:0:0:0:0:0:1 - - [29/Sep/2014:17:54:39 +0530] "GET //gadgets/concat?container=default&gadget=http%3A%2F%2Flocalhost%3A9763%2Fportal%2Fgadgets%2Fdummy-chat%2Fdummy-chat.xml&debug=1&nocache=1&type=js&1=http%3A%2F%2Flocalhost%3A9763%2Fportal%2Fgadgets%2Fdummy-chat%2Fjs%2Fdummy-chat.js HTTP/1.1" 304 - "https://localhost:9443//gadgets/ifr?url=http%3A%2F%2Flocalhost%3A9763%2Fportal%2Fgadgets%2Fdummy-chat%2Fdummy-chat.xml&container=default&view=default&lang=en&country=US&debug=1&nocache=1&sanitize=0&v=d8213105a7083aec18c9bce3596dddd0&testmode=0&parent=https%3A%2F%2Flocalhost%3A9443&mid=0" "Mozilla/5.0 (Macintosh; Intel Mac OS X 10.9; rv:32.0) Gecko/20100101 Firefox/32.0"
0:0:0:0:0:0:0:1 - - [29/Sep/2014:17:54:39 +0530] "GET //gadgets/js/core:rpc.js?container=default&nocache=0&debug=1&c=0&v=0340451bd365756d7f0c9f9ea168177b&jsload=0 HTTP/1.1" 200 58354 "https://localhost:9443//gadgets/ifr?url=http%3A%2F%2Flocalhost%3A9763%2Fportal%2Fgadgets%2Fshow-assets%2Fshow-assets.xml&container=default&view=default&lang=en&country=US&debug=1&nocache=1&sanitize=0&v=d8213105a7083aec18c9bce3596dddd0&testmode=0&parent=https%3A%2F%2Flocalhost%3A9443&mid=0" "Mozilla/5.0 (Macintosh; Intel Mac OS X 10.9; rv:32.0) Gecko/20100101 Firefox/32.0"
0:0:0:0:0:0:0:1 - - [29/Sep/2014:17:54:39 +0530] "GET /ws-chat/server.jag HTTP/1.1" 101 - "-" "Mozilla/5.0 (Macintosh; Intel Mac OS X 10.9; rv:32.0) Gecko/20100101 Firefox/32.0"
0:0:0:0:0:0:0:1 - - [29/Sep/2014:17:54:39 +0530] "GET /ws-chat/server.jag HTTP/1.1" 101 - "-" "Mozilla/5.0 (Macintosh; Intel Mac OS X 10.9; rv:32.0) Gecko/20100101 Firefox/32.0"
127.0.0.1 - - [29/Sep/2014:17:54:39 +0530] "GET /portal/gadgets/show-assets/show-assets.xml HTTP/1.1" 200 1769 "-" "Apache Shindig"
0:0:0:0:0:0:0:1 - - [29/Sep/2014:17:54:40 +0530] "GET //gadgets/concat?container=default&gadget=http%3A%2F%2Flocalhost%3A9763%2Fportal%2Fgadgets%2Fshow-assets%2Fshow-assets.xml&debug=1&nocache=1&type=css&1=http%3A%2F%2Flocalhost%3A9763%2Fportal%2Fgadgets%2Fshow-assets%2Fcss%2Fbootstrap.min.css&2=http%3A%2F%2Flocalhost%3A9763%2Fportal%2Fgadgets%2Fshow-assets%2Fcss%2Fstyles.css HTTP/1.1" 200 14264 "https://localhost:9443//gadgets/ifr?url=http%3A%2F%2Flocalhost%3A9763%2Fportal%2Fgadgets%2Fshow-assets%2Fshow-assets.xml&container=default&view=default&lang=en&country=US&debug=1&nocache=1&sanitize=0&v=d8213105a7083aec18c9bce3596dddd0&testmode=0&parent=https%3A%2F%2Flocalhost%3A9443&mid=0" "Mozilla/5.0 (Macintosh; Intel Mac OS X 10.9; rv:32.0) Gecko/20100101 Firefox/32.0"
127.0.0.1 - - [29/Sep/2014:17:54:40 +0530] "GET /portal/gadgets/show-assets/js/load-assets.js HTTP/1.1" 200 2901 "-" "Apache Shindig"
127.0.0.1 - - [29/Sep/2014:17:54:40 +0530] "GET /portal/gadgets/show-assets/js/jquery.nicescroll.min.js HTTP/1.1" 200 14017 "-" "Apache Shindig"
127.0.0.1 - - [29/Sep/2014:17:54:40 +0530] "GET /portal/gadgets/show-assets/js/jquery.validate.js HTTP/1.1" 200 10011 "-" "Apache Shindig"
127.0.0.1 - - [29/Sep/2014:17:54:40 +0530] "GET /portal/gadgets/show-assets/js/bootstrap.min.js HTTP/1.1" 200 4218 "-" "Apache Shindig"
127.0.0.1 - - [29/Sep/2014:17:54:40 +0530] "GET /portal/gadgets/show-assets/js/handlebars.js HTTP/1.1" 200 18303 "-" "Apache Shindig"
127.0.0.1 - - [29/Sep/2014:17:54:40 +0530] "GET /portal/gadgets/show-assets/js/jquery-1.8.3.min.js HTTP/1.1" 200 33942 "-" "Apache Shindig"
127.0.0.1 - - [29/Sep/2014:17:54:40 +0530] "GET /portal/gadgets/show-assets/show-assets.xml HTTP/1.1" 200 1769 "-" "Apache Shindig"
127.0.0.1 - - [29/Sep/2014:17:54:40 +0530] "GET /portal/gadgets/show-assets/show-assets.xml HTTP/1.1" 200 1769 "-" "Apache Shindig"
127.0.0.1 - - [29/Sep/2014:17:54:40 +0530] "GET /portal/gadgets/show-assets/show-assets.xml HTTP/1.1" 200 1769 "-" "Apache Shindig"
127.0.0.1 - - [29/Sep/2014:17:54:40 +0530] "GET /portal/gadgets/show-assets/show-assets.xml HTTP/1.1" 200 1769 "-" "Apache Shindig"
127.0.0.1 - - [29/Sep/2014:17:54:40 +0530] "GET /portal/gadgets/show-assets/show-assets.xml HTTP/1.1" 200 1769 "-" "Apache Shindig"
127.0.0.1 - - [29/Sep/2014:17:54:40 +0530] "GET /portal/gadgets/show-assets/show-assets.xml HTTP/1.1" 200 1769 "-" "Apache Shindig"
0:0:0:0:0:0:0:1 - - [29/Sep/2014:17:54:40 +0530] "GET //gadgets/concat?container=default&gadget=http%3A%2F%2Flocalhost%3A9763%2Fportal%2Fgadgets%2Fshow-assets%2Fshow-assets.xml&debug=1&nocache=1&type=js&1=http%3A%2F%2Flocalhost%3A9763%2Fportal%2Fgadgets%2Fshow-assets%2Fjs%2Fjquery-1.8.3.min.js&2=http%3A%2F%2Flocalhost%3A9763%2Fportal%2Fgadgets%2Fshow-assets%2Fjs%2Fjquery.validate.js&3=http%3A%2F%2Flocalhost%3A9763%2Fportal%2Fgadgets%2Fshow-assets%2Fjs%2Fhandlebars.js&4=http%3A%2F%2Flocalhost%3A9763%2Fportal%2Fgadgets%2Fshow-assets%2Fjs%2Fbootstrap.min.js&5=http%3A%2F%2Flocalhost%3A9763%2Fportal%2Fgadgets%2Fshow-assets%2Fjs%2Fload-assets.js&6=http%3A%2F%2Flocalhost%3A9763%2Fportal%2Fgadgets%2Fshow-assets%2Fjs%2Fjquery.nicescroll.min.js HTTP/1.1" 200 82651 "https://localhost:9443//gadgets/ifr?url=http%3A%2F%2Flocalhost%3A9763%2Fportal%2Fgadgets%2Fshow-assets%2Fshow-assets.xml&container=default&view=default&lang=en&country=US&debug=1&nocache=1&sanitize=0&v=d8213105a7083aec18c9bce3596dddd0&testmode=0&parent=https%3A%2F%2Flocalhost%3A9443&mid=0" "Mozilla/5.0 (Macintosh; Intel Mac OS X 10.9; rv:32.0) Gecko/20100101 Firefox/32.0"
0:0:0:0:0:0:0:1 - - [29/Sep/2014:17:54:40 +0530] "GET /store/apis/myAsset/ HTTP/1.1" 401 975 "https://localhost:9443//gadgets/ifr?url=http%3A%2F%2Flocalhost%3A9763%2Fportal%2Fgadgets%2Fshow-assets%2Fshow-assets.xml&container=default&view=default&lang=en&country=US&debug=1&nocache=1&sanitize=0&v=d8213105a7083aec18c9bce3596dddd0&testmode=0&parent=https%3A%2F%2Flocalhost%3A9443&mid=0" "Mozilla/5.0 (Macintosh; Intel Mac OS X 10.9; rv:32.0) Gecko/20100101 Firefox/32.0"
0:0:0:0:0:0:0:1 - - [29/Sep/2014:17:54:40 +0530] "GET /store/apis/tag/gadget HTTP/1.1" 200 462 "https://localhost:9443//gadgets/ifr?url=http%3A%2F%2Flocalhost%3A9763%2Fportal%2Fgadgets%2Fshow-assets%2Fshow-assets.xml&container=default&view=default&lang=en&country=US&debug=1&nocache=1&sanitize=0&v=d8213105a7083aec18c9bce3596dddd0&testmode=0&parent=https%3A%2F%2Flocalhost%3A9443&mid=0" "Mozilla/5.0 (Macintosh; Intel Mac OS X 10.9; rv:32.0) Gecko/20100101 Firefox/32.0"
10.100.5.174 - - [29/Sep/2014:17:54:40 +0530] "GET /admin/carbon/admin/jsp/session-validate.jsp HTTP/1.1" 200 2640 "https://10.100.5.174:9443/admin/carbon/admin/index.jsp?loginStatus=true" "Mozilla/5.0 (Macintosh; Intel Mac OS X 10.9; rv:32.0) Gecko/20100101 Firefox/32.0"
10.100.5.174 - - [29/Sep/2014:17:54:40 +0530] "POST /admin/services/ServerAdmin HTTP/1.1" 200 2216 "-" "Axis2"
10.100.5.174 - - [29/Sep/2014:17:54:40 +0530] "GET /admin/carbon/server-admin/system_status_ajaxprocessor.jsp HTTP/1.1" 200 1281 "https://10.100.5.174:9443/admin/carbon/admin/index.jsp?loginStatus=true" "Mozilla/5.0 (Macintosh; Intel Mac OS X 10.9; rv:32.0) Gecko/20100101 Firefox/32.0"
127.0.0.1 - - [29/Sep/2014:17:54:44 +0530] "GET /portal/gadgets/show-assets/img/icons-sprite.png HTTP/1.1" 200 11476 "-" "Apache Shindig"
127.0.0.1 - - [29/Sep/2014:17:54:44 +0530] "GET /portal/gadgets/show-assets/img/banner-bg-pattern.jpg HTTP/1.1" 200 5203 "-" "Apache Shindig"
127.0.0.1 - - [29/Sep/2014:17:54:44 +0530] "GET /portal/gadgets/show-assets/css/styles.css HTTP/1.1" 200 2062 "-" "Apache Shindig"
127.0.0.1 - - [29/Sep/2014:17:54:44 +0530] "GET /portal/gadgets/show-assets/css/styles.css HTTP/1.1" 200 2062 "-" "Apache Shindig"
127.0.0.1 - - [29/Sep/2014:17:54:44 +0530] "GET /portal/gadgets/show-assets/font/Lato-Regular.ttf HTTP/1.1" 404 898 "-" "Apache Shindig"
0:0:0:0:0:0:0:1 - - [29/Sep/2014:17:54:44 +0530] "GET //gadgets/proxy?container=default&gadget=http%3A%2F%2Flocalhost%3A9763%2Fportal%2Fgadgets%2Fshow-assets%2Fcss%2Fstyles.css&debug=0&nocache=1&url=http%3A%2F%2Flocalhost%3A9763%2Fportal%2Fgadgets%2Fshow-assets%2Fimg%2Fbanner-bg-pattern.jpg HTTP/1.1" 200 5203 "https://localhost:9443//gadgets/concat?container=default&gadget=http%3A%2F%2Flocalhost%3A9763%2Fportal%2Fgadgets%2Fshow-assets%2Fshow-assets.xml&debug=1&nocache=1&type=css&1=http%3A%2F%2Flocalhost%3A9763%2Fportal%2Fgadgets%2Fshow-assets%2Fcss%2Fbootstrap.min.css&2=http%3A%2F%2Flocalhost%3A9763%2Fportal%2Fgadgets%2Fshow-assets%2Fcss%2Fstyles.css" "Mozilla/5.0 (Macintosh; Intel Mac OS X 10.9; rv:32.0) Gecko/20100101 Firefox/32.0"
0:0:0:0:0:0:0:1 - - [29/Sep/2014:17:54:44 +0530] "GET //gadgets/proxy?container=default&gadget=http%3A%2F%2Flocalhost%3A9763%2Fportal%2Fgadgets%2Fshow-assets%2Fcss%2Fstyles.css&debug=0&nocache=1&url=http%3A%2F%2Flocalhost%3A9763%2Fportal%2Fgadgets%2Fshow-assets%2Fimg%2Ficons-sprite.png HTTP/1.1" 200 11476 "https://localhost:9443//gadgets/concat?container=default&gadget=http%3A%2F%2Flocalhost%3A9763%2Fportal%2Fgadgets%2Fshow-assets%2Fshow-assets.xml&debug=1&nocache=1&type=css&1=http%3A%2F%2Flocalhost%3A9763%2Fportal%2Fgadgets%2Fshow-assets%2Fcss%2Fbootstrap.min.css&2=http%3A%2F%2Flocalhost%3A9763%2Fportal%2Fgadgets%2Fshow-assets%2Fcss%2Fstyles.css" "Mozilla/5.0 (Macintosh; Intel Mac OS X 10.9; rv:32.0) Gecko/20100101 Firefox/32.0"
127.0.0.1 - - [29/Sep/2014:17:54:44 +0530] "GET /portal/gadgets/show-assets/css/styles.css HTTP/1.1" 200 2062 "-" "Apache Shindig"
0:0:0:0:0:0:0:1 - - [29/Sep/2014:17:54:44 +0530] "GET //gadgets/proxy?container=default&gadget=http%3A%2F%2Flocalhost%3A9763%2Fportal%2Fgadgets%2Fshow-assets%2Fcss%2Fstyles.css&debug=0&nocache=1&url=http%3A%2F%2Flocalhost%3A9763%2Fportal%2Fgadgets%2Fshow-assets%2Ffont%2FLato-Regular.ttf HTTP/1.1" 404 889 "https://localhost:9443//gadgets/concat?container=default&gadget=http%3A%2F%2Flocalhost%3A9763%2Fportal%2Fgadgets%2Fshow-assets%2Fshow-assets.xml&debug=1&nocache=1&type=css&1=http%3A%2F%2Flocalhost%3A9763%2Fportal%2Fgadgets%2Fshow-assets%2Fcss%2Fbootstrap.min.css&2=http%3A%2F%2Flocalhost%3A9763%2Fportal%2Fgadgets%2Fshow-assets%2Fcss%2Fstyles.css" "Mozilla/5.0 (Macintosh; Intel Mac OS X 10.9; rv:32.0) Gecko/20100101 Firefox/32.0"
0:0:0:0:0:0:0:1 - - [29/Sep/2014:17:54:45 +0530] "GET /store/apis/tag/wso2/gadget HTTP/1.1" 200 766 "https://localhost:9443//gadgets/ifr?url=http%3A%2F%2Flocalhost%3A9763%2Fportal%2Fgadgets%2Fshow-assets%2Fshow-assets.xml&container=default&view=default&lang=en&country=US&debug=1&nocache=1&sanitize=0&v=d8213105a7083aec18c9bce3596dddd0&testmode=0&parent=https%3A%2F%2Flocalhost%3A9443&mid=0" "Mozilla/5.0 (Macintosh; Intel Mac OS X 10.9; rv:32.0) Gecko/20100101 Firefox/32.0"
0:0:0:0:0:0:0:1 - - [29/Sep/2014:17:54:45 +0530] "GET /store/apis/asset/gadget?id=%2F_system%2Fgovernance%2Fgadgets%2Fadmin%2FWSO2+Architecture+List+Discussion%2F1.0.0 HTTP/1.1" 200 934 "https://localhost:9443//gadgets/ifr?url=http%3A%2F%2Flocalhost%3A9763%2Fportal%2Fgadgets%2Fshow-assets%2Fshow-assets.xml&container=default&view=default&lang=en&country=US&debug=1&nocache=1&sanitize=0&v=d8213105a7083aec18c9bce3596dddd0&testmode=0&parent=https%3A%2F%2Flocalhost%3A9443&mid=0" "Mozilla/5.0 (Macintosh; Intel Mac OS X 10.9; rv:32.0) Gecko/20100101 Firefox/32.0"
0:0:0:0:0:0:0:1 - - [29/Sep/2014:17:54:45 +0530] "GET /store/apis/asset/gadget?id=%2F_system%2Fgovernance%2Fgadgets%2Fadmin%2FWSO2+Jira%2F1.0.0 HTTP/1.1" 200 868 "https://localhost:9443//gadgets/ifr?url=http%3A%2F%2Flocalhost%3A9763%2Fportal%2Fgadgets%2Fshow-assets%2Fshow-assets.xml&container=default&view=default&lang=en&country=US&debug=1&nocache=1&sanitize=0&v=d8213105a7083aec18c9bce3596dddd0&testmode=0&parent=https%3A%2F%2Flocalhost%3A9443&mid=0" "Mozilla/5.0 (Macintosh; Intel Mac OS X 10.9; rv:32.0) Gecko/20100101 Firefox/32.0"
0:0:0:0:0:0:0:1 - - [29/Sep/2014:17:54:45 +0530] "GET /store/apis/asset/gadget?id=%2F_system%2Fgovernance%2Fgadgets%2Fadmin%2FWSO2+Carbon+Commits+List+Discussion%2F1.0.0 HTTP/1.1" 200 940 "https://localhost:9443//gadgets/ifr?url=http%3A%2F%2Flocalhost%3A9763%2Fportal%2Fgadgets%2Fshow-assets%2Fshow-assets.xml&container=default&view=default&lang=en&country=US&debug=1&nocache=1&sanitize=0&v=d8213105a7083aec18c9bce3596dddd0&testmode=0&parent=https%3A%2F%2Flocalhost%3A9443&mid=0" "Mozilla/5.0 (Macintosh; Intel Mac OS X 10.9; rv:32.0) Gecko/20100101 Firefox/32.0"
0:0:0:0:0:0:0:1 - - [29/Sep/2014:17:54:45 +0530] "GET /store/apis/asset/gadget?id=%2F_system%2Fgovernance%2Fgadgets%2Fadmin%2FWSO2+Dev+List+Discussion%2F1.0.0 HTTP/1.1" 200 878 "https://localhost:9443//gadgets/ifr?url=http%3A%2F%2Flocalhost%3A9763%2Fportal%2Fgadgets%2Fshow-assets%2Fshow-assets.xml&container=default&view=default&lang=en&country=US&debug=1&nocache=1&sanitize=0&v=d8213105a7083aec18c9bce3596dddd0&testmode=0&parent=https%3A%2F%2Flocalhost%3A9443&mid=0" "Mozilla/5.0 (Macintosh; Intel Mac OS X 10.9; rv:32.0) Gecko/20100101 Firefox/32.0"
10.100.5.174 - - [29/Sep/2014:17:54:46 +0530] "GET /admin/carbon/admin/jsp/session-validate.jsp HTTP/1.1" 200 2640 "https://10.100.5.174:9443/admin/carbon/admin/index.jsp?loginStatus=true" "Mozilla/5.0 (Macintosh; Intel Mac OS X 10.9; rv:32.0) Gecko/20100101 Firefox/32.0"
10.100.5.174 - - [29/Sep/2014:17:54:46 +0530] "POST /admin/services/ServerAdmin HTTP/1.1" 200 2216 "-" "Axis2"
10.100.5.174 - - [29/Sep/2014:17:54:46 +0530] "GET /admin/carbon/server-admin/system_status_ajaxprocessor.jsp HTTP/1.1" 200 1279 "https://10.100.5.174:9443/admin/carbon/admin/index.jsp?loginStatus=true" "Mozilla/5.0 (Macintosh; Intel Mac OS X 10.9; rv:32.0) Gecko/20100101 Firefox/32.0"
127.0.0.1 - - [29/Sep/2014:17:54:48 +0530] "GET /portal/gadgets/wso2-dev/wso2-dev.xml HTTP/1.1" 200 1018 "-" "Apache Shindig"
0:0:0:0:0:0:0:1 - - [29/Sep/2014:17:54:48 +0530] "POST //rpc?st=-1%3A-1%3A*%3A*%3A*%3A0%3Adefault HTTP/1.1" 200 1399 "https://localhost:9443/TestDashSite2/" "Mozilla/5.0 (Macintosh; Intel Mac OS X 10.9; rv:32.0) Gecko/20100101 Firefox/32.0"
127.0.0.1 - - [29/Sep/2014:17:54:49 +0530] "GET /portal/gadgets/wso2-dev/wso2-dev.xml HTTP/1.1" 200 1018 "-" "Apache Shindig"
0:0:0:0:0:0:0:1 - - [29/Sep/2014:17:54:49 +0530] "GET //gadgets/ifr?url=http%3A%2F%2Flocalhost%3A9763%2Fportal%2Fgadgets%2Fwso2-dev%2Fwso2-dev.xml&container=default&view=default&lang=en&country=US&debug=1&nocache=1&sanitize=0&v=d8213105a7083aec18c9bce3596dddd0&testmode=0&parent=https%3A%2F%2Flocalhost%3A9443&mid=0 HTTP/1.1" 200 1565 "https://localhost:9443/TestDashSite2/" "Mozilla/5.0 (Macintosh; Intel Mac OS X 10.9; rv:32.0) Gecko/20100101 Firefox/32.0"
0:0:0:0:0:0:0:1 - - [29/Sep/2014:17:54:49 +0530] "GET /portal/gadgets/wso2-dev/css/jslider.round.plastic.css HTTP/1.1" 200 253 "https://localhost:9443//gadgets/ifr?url=http%3A%2F%2Flocalhost%3A9763%2Fportal%2Fgadgets%2Fwso2-dev%2Fwso2-dev.xml&container=default&view=default&lang=en&country=US&debug=1&nocache=1&sanitize=0&v=d8213105a7083aec18c9bce3596dddd0&testmode=0&parent=https%3A%2F%2Flocalhost%3A9443&mid=0" "Mozilla/5.0 (Macintosh; Intel Mac OS X 10.9; rv:32.0) Gecko/20100101 Firefox/32.0"
0:0:0:0:0:0:0:1 - - [29/Sep/2014:17:54:49 +0530] "GET /portal/gadgets/wso2-dev/css/jslider.css HTTP/1.1" 200 747 "https://localhost:9443//gadgets/ifr?url=http%3A%2F%2Flocalhost%3A9763%2Fportal%2Fgadgets%2Fwso2-dev%2Fwso2-dev.xml&container=default&view=default&lang=en&country=US&debug=1&nocache=1&sanitize=0&v=d8213105a7083aec18c9bce3596dddd0&testmode=0&parent=https%3A%2F%2Flocalhost%3A9443&mid=0" "Mozilla/5.0 (Macintosh; Intel Mac OS X 10.9; rv:32.0) Gecko/20100101 Firefox/32.0"
0:0:0:0:0:0:0:1 - - [29/Sep/2014:17:54:49 +0530] "GET /portal/gadgets/wso2-dev/css/gadget.styles.css HTTP/1.1" 200 1196 "https://localhost:9443//gadgets/ifr?url=http%3A%2F%2Flocalhost%3A9763%2Fportal%2Fgadgets%2Fwso2-dev%2Fwso2-dev.xml&container=default&view=default&lang=en&country=US&debug=1&nocache=1&sanitize=0&v=d8213105a7083aec18c9bce3596dddd0&testmode=0&parent=https%3A%2F%2Flocalhost%3A9443&mid=0" "Mozilla/5.0 (Macintosh; Intel Mac OS X 10.9; rv:32.0) Gecko/20100101 Firefox/32.0"
127.0.0.1 - - [29/Sep/2014:17:54:49 +0530] "GET /portal/gadgets/wso2-dev/js/jquery.dependClass-0.1.js HTTP/1.1" 200 1467 "-" "Apache Shindig"
127.0.0.1 - - [29/Sep/2014:17:54:49 +0530] "GET /portal/gadgets/wso2-dev/js/jshashtable-2.1_src.js HTTP/1.1" 200 3039 "-" "Apache Shindig"
127.0.0.1 - - [29/Sep/2014:17:54:49 +0530] "GET /portal/gadgets/wso2-dev/js/wso2-dev.js HTTP/1.1" 200 1703 "-" "Apache Shindig"
127.0.0.1 - - [29/Sep/2014:17:54:49 +0530] "GET /portal/gadgets/wso2-dev/js/jquery.numberformatter-1.2.3.js HTTP/1.1" 200 4811 "-" "Apache Shindig"
127.0.0.1 - - [29/Sep/2014:17:54:49 +0530] "GET /portal/gadgets/wso2-dev/js/draggable-0.1.js HTTP/1.1" 200 1371 "-" "Apache Shindig"
127.0.0.1 - - [29/Sep/2014:17:54:49 +0530] "GET /portal/gadgets/wso2-dev/js/tmpl.js HTTP/1.1" 200 1229 "-" "Apache Shindig"
127.0.0.1 - - [29/Sep/2014:17:54:49 +0530] "GET /portal/gadgets/wso2-dev/js/jquery.slider.js HTTP/1.1" 200 4882 "-" "Apache Shindig"
127.0.0.1 - - [29/Sep/2014:17:54:49 +0530] "GET /portal/js/dojo/dojo/dojo.js HTTP/1.1" 200 54154 "-" "Apache Shindig"
127.0.0.1 - - [29/Sep/2014:17:54:49 +0530] "GET /portal/gadgets/wso2-dev/wso2-dev.xml HTTP/1.1" 200 1018 "-" "Apache Shindig"
127.0.0.1 - - [29/Sep/2014:17:54:49 +0530] "GET /portal/gadgets/wso2-dev/wso2-dev.xml HTTP/1.1" 200 1018 "-" "Apache Shindig"
127.0.0.1 - - [29/Sep/2014:17:54:49 +0530] "GET /portal/gadgets/wso2-dev/wso2-dev.xml HTTP/1.1" 200 1018 "-" "Apache Shindig"
127.0.0.1 - - [29/Sep/2014:17:54:49 +0530] "GET /portal/gadgets/wso2-dev/wso2-dev.xml HTTP/1.1" 200 1018 "-" "Apache Shindig"
127.0.0.1 - - [29/Sep/2014:17:54:49 +0530] "GET /portal/gadgets/wso2-dev/wso2-dev.xml HTTP/1.1" 200 1018 "-" "Apache Shindig"
127.0.0.1 - - [29/Sep/2014:17:54:49 +0530] "GET /portal/gadgets/wso2-dev/wso2-dev.xml HTTP/1.1" 200 1018 "-" "Apache Shindig"
127.0.0.1 - - [29/Sep/2014:17:54:49 +0530] "GET /portal/gadgets/wso2-dev/wso2-dev.xml HTTP/1.1" 200 1018 "-" "Apache Shindig"
127.0.0.1 - - [29/Sep/2014:17:54:49 +0530] "GET /portal/gadgets/wso2-dev/wso2-dev.xml HTTP/1.1" 200 1018 "-" "Apache Shindig"
127.0.0.1 - - [29/Sep/2014:17:54:49 +0530] "GET /portal/gadgets/wso2-dev/wso2-dev.xml HTTP/1.1" 200 1018 "-" "Apache Shindig"
0:0:0:0:0:0:0:1 - - [29/Sep/2014:17:54:49 +0530] "GET //gadgets/concat?container=default&gadget=http%3A%2F%2Flocalhost%3A9763%2Fportal%2Fgadgets%2Fwso2-dev%2Fwso2-dev.xml&debug=1&nocache=1&type=js&1=http%3A%2F%2Fajax.googleapis.com%2Fajax%2Flibs%2Fjquery%2F1.8.0%2Fjquery.min.js&2=http%3A%2F%2Flocalhost%3A9763%2Fportal%2Fgadgets%2Fwso2-dev%2Fjs%2Fjshashtable-2.1_src.js&3=http%3A%2F%2Flocalhost%3A9763%2Fportal%2Fgadgets%2Fwso2-dev%2Fjs%2Fjquery.numberformatter-1.2.3.js&4=http%3A%2F%2Flocalhost%3A9763%2Fportal%2Fgadgets%2Fwso2-dev%2Fjs%2Ftmpl.js&5=http%3A%2F%2Flocalhost%3A9763%2Fportal%2Fgadgets%2Fwso2-dev%2Fjs%2Fjquery.dependClass-0.1.js&6=http%3A%2F%2Flocalhost%3A9763%2Fportal%2Fgadgets%2Fwso2-dev%2Fjs%2Fdraggable-0.1.js&7=http%3A%2F%2Flocalhost%3A9763%2Fportal%2Fgadgets%2Fwso2-dev%2Fjs%2Fjquery.slider.js&8=http%3A%2F%2Flocalhost%3A9763%2Fportal%2Fjs%2Fdojo%2Fdojo%2Fdojo.js&9=http%3A%2F%2Flocalhost%3A9763%2Fportal%2Fgadgets%2Fwso2-dev%2Fjs%2Fwso2-dev.js HTTP/1.1" 200 103249 "https://localhost:9443//gadgets/ifr?url=http%3A%2F%2Flocalhost%3A9763%2Fportal%2Fgadgets%2Fwso2-dev%2Fwso2-dev.xml&container=default&view=default&lang=en&country=US&debug=1&nocache=1&sanitize=0&v=d8213105a7083aec18c9bce3596dddd0&testmode=0&parent=https%3A%2F%2Flocalhost%3A9443&mid=0" "Mozilla/5.0 (Macintosh; Intel Mac OS X 10.9; rv:32.0) Gecko/20100101 Firefox/32.0"
0:0:0:0:0:0:0:1 - - [29/Sep/2014:17:54:49 +0530] "GET /portal/gadgets/wso2-dev/img/jslider.round.plastic.png HTTP/1.1" 200 5204 "https://localhost:9443/portal/gadgets/wso2-dev/css/jslider.css" "Mozilla/5.0 (Macintosh; Intel Mac OS X 10.9; rv:32.0) Gecko/20100101 Firefox/32.0"
0:0:0:0:0:0:0:1 - - [29/Sep/2014:17:54:51 +0530] "GET /markmail/api/wso2.jag?list=carbon-dev&from=200601&to=201201 HTTP/1.1" 200 1987 "https://localhost:9443//gadgets/ifr?url=http%3A%2F%2Flocalhost%3A9763%2Fportal%2Fgadgets%2Fwso2-dev%2Fwso2-dev.xml&container=default&view=default&lang=en&country=US&debug=1&nocache=1&sanitize=0&v=d8213105a7083aec18c9bce3596dddd0&testmode=0&parent=https%3A%2F%2Flocalhost%3A9443&mid=0" "Mozilla/5.0 (Macintosh; Intel Mac OS X 10.9; rv:32.0) Gecko/20100101 Firefox/32.0"
0:0:0:0:0:0:0:1 - - [29/Sep/2014:17:54:52 +0530] "GET /markmail/api/wso2.jag?list=carbon-dev&from=200601&to=201201&action=sender HTTP/1.1" 200 1299 "https://localhost:9443//gadgets/ifr?url=http%3A%2F%2Flocalhost%3A9763%2Fportal%2Fgadgets%2Fwso2-dev%2Fwso2-dev.xml&container=default&view=default&lang=en&country=US&debug=1&nocache=1&sanitize=0&v=d8213105a7083aec18c9bce3596dddd0&testmode=0&parent=https%3A%2F%2Flocalhost%3A9443&mid=0" "Mozilla/5.0 (Macintosh; Intel Mac OS X 10.9; rv:32.0) Gecko/20100101 Firefox/32.0"
0:0:0:0:0:0:0:1 - - [29/Sep/2014:17:54:52 +0530] "GET /portal/js/dojo/dojox/charting/Chart.js HTTP/1.1" 200 4786 "https://localhost:9443//gadgets/ifr?url=http%3A%2F%2Flocalhost%3A9763%2Fportal%2Fgadgets%2Fwso2-dev%2Fwso2-dev.xml&container=default&view=default&lang=en&country=US&debug=1&nocache=1&sanitize=0&v=d8213105a7083aec18c9bce3596dddd0&testmode=0&parent=https%3A%2F%2Flocalhost%3A9443&mid=0" "Mozilla/5.0 (Macintosh; Intel Mac OS X 10.9; rv:32.0) Gecko/20100101 Firefox/32.0"
0:0:0:0:0:0:0:1 - - [29/Sep/2014:17:54:52 +0530] "GET /portal/js/dojo/dojox/main.js HTTP/1.1" 200 91 "https://localhost:9443//gadgets/ifr?url=http%3A%2F%2Flocalhost%3A9763%2Fportal%2Fgadgets%2Fwso2-dev%2Fwso2-dev.xml&container=default&view=default&lang=en&country=US&debug=1&nocache=1&sanitize=0&v=d8213105a7083aec18c9bce3596dddd0&testmode=0&parent=https%3A%2F%2Flocalhost%3A9443&mid=0" "Mozilla/5.0 (Macintosh; Intel Mac OS X 10.9; rv:32.0) Gecko/20100101 Firefox/32.0"
0:0:0:0:0:0:0:1 - - [29/Sep/2014:17:54:52 +0530] "GET /portal/js/dojo/dojox/charting/Element.js HTTP/1.1" 200 1573 "https://localhost:9443//gadgets/ifr?url=http%3A%2F%2Flocalhost%3A9763%2Fportal%2Fgadgets%2Fwso2-dev%2Fwso2-dev.xml&container=default&view=default&lang=en&country=US&debug=1&nocache=1&sanitize=0&v=d8213105a7083aec18c9bce3596dddd0&testmode=0&parent=https%3A%2F%2Flocalhost%3A9443&mid=0" "Mozilla/5.0 (Macintosh; Intel Mac OS X 10.9; rv:32.0) Gecko/20100101 Firefox/32.0"
0:0:0:0:0:0:0:1 - - [29/Sep/2014:17:54:52 +0530] "GET /portal/js/dojo/dojox/gfx.js HTTP/1.1" 200 3194 "https://localhost:9443//gadgets/ifr?url=http%3A%2F%2Flocalhost%3A9763%2Fportal%2Fgadgets%2Fwso2-dev%2Fwso2-dev.xml&container=default&view=default&lang=en&country=US&debug=1&nocache=1&sanitize=0&v=d8213105a7083aec18c9bce3596dddd0&testmode=0&parent=https%3A%2F%2Flocalhost%3A9443&mid=0" "Mozilla/5.0 (Macintosh; Intel Mac OS X 10.9; rv:32.0) Gecko/20100101 Firefox/32.0"
0:0:0:0:0:0:0:1 - - [29/Sep/2014:17:54:52 +0530] "GET /portal/js/dojo/dojox/gfx/svg.js HTTP/1.1" 200 4867 "https://localhost:9443//gadgets/ifr?url=http%3A%2F%2Flocalhost%3A9763%2Fportal%2Fgadgets%2Fwso2-dev%2Fwso2-dev.xml&container=default&view=default&lang=en&country=US&debug=1&nocache=1&sanitize=0&v=d8213105a7083aec18c9bce3596dddd0&testmode=0&parent=https%3A%2F%2Flocalhost%3A9443&mid=0" "Mozilla/5.0 (Macintosh; Intel Mac OS X 10.9; rv:32.0) Gecko/20100101 Firefox/32.0"
0:0:0:0:0:0:0:1 - - [29/Sep/2014:17:54:52 +0530] "GET /portal/js/dojo/dojox/gfx/shape.js HTTP/1.1" 200 3038 "https://localhost:9443//gadgets/ifr?url=http%3A%2F%2Flocalhost%3A9763%2Fportal%2Fgadgets%2Fwso2-dev%2Fwso2-dev.xml&container=default&view=default&lang=en&country=US&debug=1&nocache=1&sanitize=0&v=d8213105a7083aec18c9bce3596dddd0&testmode=0&parent=https%3A%2F%2Flocalhost%3A9443&mid=0" "Mozilla/5.0 (Macintosh; Intel Mac OS X 10.9; rv:32.0) Gecko/20100101 Firefox/32.0"
0:0:0:0:0:0:0:1 - - [29/Sep/2014:17:54:52 +0530] "GET /portal/js/dojo/dojox/gfx/matrix.js HTTP/1.1" 200 1493 "https://localhost:9443//gadgets/ifr?url=http%3A%2F%2Flocalhost%3A9763%2Fportal%2Fgadgets%2Fwso2-dev%2Fwso2-dev.xml&container=default&view=default&lang=en&country=US&debug=1&nocache=1&sanitize=0&v=d8213105a7083aec18c9bce3596dddd0&testmode=0&parent=https%3A%2F%2Flocalhost%3A9443&mid=0" "Mozilla/5.0 (Macintosh; Intel Mac OS X 10.9; rv:32.0) Gecko/20100101 Firefox/32.0"
0:0:0:0:0:0:0:1 - - [29/Sep/2014:17:54:52 +0530] "GET /portal/js/dojo/dojox/gfx/path.js HTTP/1.1" 200 2008 "https://localhost:9443//gadgets/ifr?url=http%3A%2F%2Flocalhost%3A9763%2Fportal%2Fgadgets%2Fwso2-dev%2Fwso2-dev.xml&container=default&view=default&lang=en&country=US&debug=1&nocache=1&sanitize=0&v=d8213105a7083aec18c9bce3596dddd0&testmode=0&parent=https%3A%2F%2Flocalhost%3A9443&mid=0" "Mozilla/5.0 (Macintosh; Intel Mac OS X 10.9; rv:32.0) Gecko/20100101 Firefox/32.0"
0:0:0:0:0:0:0:1 - - [29/Sep/2014:17:54:52 +0530] "GET /portal/js/dojo/dojox/charting/SimpleTheme.js HTTP/1.1" 200 2241 "https://localhost:9443//gadgets/ifr?url=http%3A%2F%2Flocalhost%3A9763%2Fportal%2Fgadgets%2Fwso2-dev%2Fwso2-dev.xml&container=default&view=default&lang=en&country=US&debug=1&nocache=1&sanitize=0&v=d8213105a7083aec18c9bce3596dddd0&testmode=0&parent=https%3A%2F%2Flocalhost%3A9443&mid=0" "Mozilla/5.0 (Macintosh; Intel Mac OS X 10.9; rv:32.0) Gecko/20100101 Firefox/32.0"
0:0:0:0:0:0:0:1 - - [29/Sep/2014:17:54:52 +0530] "GET /portal/js/dojo/dojox/lang/utils.js HTTP/1.1" 200 1552 "https://localhost:9443//gadgets/ifr?url=http%3A%2F%2Flocalhost%3A9763%2Fportal%2Fgadgets%2Fwso2-dev%2Fwso2-dev.xml&container=default&view=default&lang=en&country=US&debug=1&nocache=1&sanitize=0&v=d8213105a7083aec18c9bce3596dddd0&testmode=0&parent=https%3A%2F%2Flocalhost%3A9443&mid=0" "Mozilla/5.0 (Macintosh; Intel Mac OS X 10.9; rv:32.0) Gecko/20100101 Firefox/32.0"
0:0:0:0:0:0:0:1 - - [29/Sep/2014:17:54:52 +0530] "GET /portal/js/dojo/dojox/gfx/gradutils.js HTTP/1.1" 200 1387 "https://localhost:9443//gadgets/ifr?url=http%3A%2F%2Flocalhost%3A9763%2Fportal%2Fgadgets%2Fwso2-dev%2Fwso2-dev.xml&container=default&view=default&lang=en&country=US&debug=1&nocache=1&sanitize=0&v=d8213105a7083aec18c9bce3596dddd0&testmode=0&parent=https%3A%2F%2Flocalhost%3A9443&mid=0" "Mozilla/5.0 (Macintosh; Intel Mac OS X 10.9; rv:32.0) Gecko/20100101 Firefox/32.0"
0:0:0:0:0:0:0:1 - - [29/Sep/2014:17:54:52 +0530] "GET /portal/js/dojo/dojox/charting/Series.js HTTP/1.1" 200 552 "https://localhost:9443//gadgets/ifr?url=http%3A%2F%2Flocalhost%3A9763%2Fportal%2Fgadgets%2Fwso2-dev%2Fwso2-dev.xml&container=default&view=default&lang=en&country=US&debug=1&nocache=1&sanitize=0&v=d8213105a7083aec18c9bce3596dddd0&testmode=0&parent=https%3A%2F%2Flocalhost%3A9443&mid=0" "Mozilla/5.0 (Macintosh; Intel Mac OS X 10.9; rv:32.0) Gecko/20100101 Firefox/32.0"
0:0:0:0:0:0:0:1 - - [29/Sep/2014:17:54:52 +0530] "GET /portal/js/dojo/dojox/charting/axis2d/common.js HTTP/1.1" 200 1967 "https://localhost:9443//gadgets/ifr?url=http%3A%2F%2Flocalhost%3A9763%2Fportal%2Fgadgets%2Fwso2-dev%2Fwso2-dev.xml&container=default&view=default&lang=en&country=US&debug=1&nocache=1&sanitize=0&v=d8213105a7083aec18c9bce3596dddd0&testmode=0&parent=https%3A%2F%2Flocalhost%3A9443&mid=0" "Mozilla/5.0 (Macintosh; Intel Mac OS X 10.9; rv:32.0) Gecko/20100101 Firefox/32.0"
0:0:0:0:0:0:0:1 - - [29/Sep/2014:17:54:52 +0530] "GET /portal/js/dojo/dojox/lang/functional.js HTTP/1.1" 200 141 "https://localhost:9443//gadgets/ifr?url=http%3A%2F%2Flocalhost%3A9763%2Fportal%2Fgadgets%2Fwso2-dev%2Fwso2-dev.xml&container=default&view=default&lang=en&country=US&debug=1&nocache=1&sanitize=0&v=d8213105a7083aec18c9bce3596dddd0&testmode=0&parent=https%3A%2F%2Flocalhost%3A9443&mid=0" "Mozilla/5.0 (Macintosh; Intel Mac OS X 10.9; rv:32.0) Gecko/20100101 Firefox/32.0"
0:0:0:0:0:0:0:1 - - [29/Sep/2014:17:54:52 +0530] "GET /portal/js/dojo/dojox/lang/functional/lambda.js HTTP/1.1" 200 1960 "https://localhost:9443//gadgets/ifr?url=http%3A%2F%2Flocalhost%3A9763%2Fportal%2Fgadgets%2Fwso2-dev%2Fwso2-dev.xml&container=default&view=default&lang=en&country=US&debug=1&nocache=1&sanitize=0&v=d8213105a7083aec18c9bce3596dddd0&testmode=0&parent=https%3A%2F%2Flocalhost%3A9443&mid=0" "Mozilla/5.0 (Macintosh; Intel Mac OS X 10.9; rv:32.0) Gecko/20100101 Firefox/32.0"
0:0:0:0:0:0:0:1 - - [29/Sep/2014:17:54:52 +0530] "GET /portal/js/dojo/dojox/lang/functional/array.js HTTP/1.1" 200 547 "https://localhost:9443//gadgets/ifr?url=http%3A%2F%2Flocalhost%3A9763%2Fportal%2Fgadgets%2Fwso2-dev%2Fwso2-dev.xml&container=default&view=default&lang=en&country=US&debug=1&nocache=1&sanitize=0&v=d8213105a7083aec18c9bce3596dddd0&testmode=0&parent=https%3A%2F%2Flocalhost%3A9443&mid=0" "Mozilla/5.0 (Macintosh; Intel Mac OS X 10.9; rv:32.0) Gecko/20100101 Firefox/32.0"
0:0:0:0:0:0:0:1 - - [29/Sep/2014:17:54:52 +0530] "GET /portal/js/dojo/dojox/lang/functional/object.js HTTP/1.1" 200 830 "https://localhost:9443//gadgets/ifr?url=http%3A%2F%2Flocalhost%3A9763%2Fportal%2Fgadgets%2Fwso2-dev%2Fwso2-dev.xml&container=default&view=default&lang=en&country=US&debug=1&nocache=1&sanitize=0&v=d8213105a7083aec18c9bce3596dddd0&testmode=0&parent=https%3A%2F%2Flocalhost%3A9443&mid=0" "Mozilla/5.0 (Macintosh; Intel Mac OS X 10.9; rv:32.0) Gecko/20100101 Firefox/32.0"
0:0:0:0:0:0:0:1 - - [29/Sep/2014:17:54:52 +0530] "GET /portal/js/dojo/dojox/lang/functional/fold.js HTTP/1.1" 200 1804 "https://localhost:9443//gadgets/ifr?url=http%3A%2F%2Flocalhost%3A9763%2Fportal%2Fgadgets%2Fwso2-dev%2Fwso2-dev.xml&container=default&view=default&lang=en&country=US&debug=1&nocache=1&sanitize=0&v=d8213105a7083aec18c9bce3596dddd0&testmode=0&parent=https%3A%2F%2Flocalhost%3A9443&mid=0" "Mozilla/5.0 (Macintosh; Intel Mac OS X 10.9; rv:32.0) Gecko/20100101 Firefox/32.0"
0:0:0:0:0:0:0:1 - - [29/Sep/2014:17:54:52 +0530] "GET /portal/js/dojo/dojox/lang/functional/reversed.js HTTP/1.1" 200 1136 "https://localhost:9443//gadgets/ifr?url=http%3A%2F%2Flocalhost%3A9763%2Fportal%2Fgadgets%2Fwso2-dev%2Fwso2-dev.xml&container=default&view=default&lang=en&country=US&debug=1&nocache=1&sanitize=0&v=d8213105a7083aec18c9bce3596dddd0&testmode=0&parent=https%3A%2F%2Flocalhost%3A9443&mid=0" "Mozilla/5.0 (Macintosh; Intel Mac OS X 10.9; rv:32.0) Gecko/20100101 Firefox/32.0"
0:0:0:0:0:0:0:1 - - [29/Sep/2014:17:54:52 +0530] "GET /portal/js/dojo/dojox/charting/axis2d/Default.js HTTP/1.1" 200 4567 "https://localhost:9443//gadgets/ifr?url=http%3A%2F%2Flocalhost%3A9763%2Fportal%2Fgadgets%2Fwso2-dev%2Fwso2-dev.xml&container=default&view=default&lang=en&country=US&debug=1&nocache=1&sanitize=0&v=d8213105a7083aec18c9bce3596dddd0&testmode=0&parent=https%3A%2F%2Flocalhost%3A9443&mid=0" "Mozilla/5.0 (Macintosh; Intel Mac OS X 10.9; rv:32.0) Gecko/20100101 Firefox/32.0"
0:0:0:0:0:0:0:1 - - [29/Sep/2014:17:54:52 +0530] "GET /portal/js/dojo/dojox/charting/axis2d/Invisible.js HTTP/1.1" 200 1983 "https://localhost:9443//gadgets/ifr?url=http%3A%2F%2Flocalhost%3A9763%2Fportal%2Fgadgets%2Fwso2-dev%2Fwso2-dev.xml&container=default&view=default&lang=en&country=US&debug=1&nocache=1&sanitize=0&v=d8213105a7083aec18c9bce3596dddd0&testmode=0&parent=https%3A%2F%2Flocalhost%3A9443&mid=0" "Mozilla/5.0 (Macintosh; Intel Mac OS X 10.9; rv:32.0) Gecko/20100101 Firefox/32.0"
0:0:0:0:0:0:0:1 - - [29/Sep/2014:17:54:52 +0530] "GET /portal/js/dojo/dojox/charting/axis2d/Base.js HTTP/1.1" 200 597 "https://localhost:9443//gadgets/ifr?url=http%3A%2F%2Flocalhost%3A9763%2Fportal%2Fgadgets%2Fwso2-dev%2Fwso2-dev.xml&container=default&view=default&lang=en&country=US&debug=1&nocache=1&sanitize=0&v=d8213105a7083aec18c9bce3596dddd0&testmode=0&parent=https%3A%2F%2Flocalhost%3A9443&mid=0" "Mozilla/5.0 (Macintosh; Intel Mac OS X 10.9; rv:32.0) Gecko/20100101 Firefox/32.0"
0:0:0:0:0:0:0:1 - - [29/Sep/2014:17:54:52 +0530] "GET /portal/js/dojo/dojox/charting/scaler/linear.js HTTP/1.1" 200 1769 "https://localhost:9443//gadgets/ifr?url=http%3A%2F%2Flocalhost%3A9763%2Fportal%2Fgadgets%2Fwso2-dev%2Fwso2-dev.xml&container=default&view=default&lang=en&country=US&debug=1&nocache=1&sanitize=0&v=d8213105a7083aec18c9bce3596dddd0&testmode=0&parent=https%3A%2F%2Flocalhost%3A9443&mid=0" "Mozilla/5.0 (Macintosh; Intel Mac OS X 10.9; rv:32.0) Gecko/20100101 Firefox/32.0"
0:0:0:0:0:0:0:1 - - [29/Sep/2014:17:54:52 +0530] "GET /portal/js/dojo/dojox/charting/scaler/common.js HTTP/1.1" 200 1131 "https://localhost:9443//gadgets/ifr?url=http%3A%2F%2Flocalhost%3A9763%2Fportal%2Fgadgets%2Fwso2-dev%2Fwso2-dev.xml&container=default&view=default&lang=en&country=US&debug=1&nocache=1&sanitize=0&v=d8213105a7083aec18c9bce3596dddd0&testmode=0&parent=https%3A%2F%2Flocalhost%3A9443&mid=0" "Mozilla/5.0 (Macintosh; Intel Mac OS X 10.9; rv:32.0) Gecko/20100101 Firefox/32.0"
0:0:0:0:0:0:0:1 - - [29/Sep/2014:17:54:52 +0530] "GET /portal/js/dojo/dojox/charting/plot2d/Bars.js HTTP/1.1" 200 1913 "https://localhost:9443//gadgets/ifr?url=http%3A%2F%2Flocalhost%3A9763%2Fportal%2Fgadgets%2Fwso2-dev%2Fwso2-dev.xml&container=default&view=default&lang=en&country=US&debug=1&nocache=1&sanitize=0&v=d8213105a7083aec18c9bce3596dddd0&testmode=0&parent=https%3A%2F%2Flocalhost%3A9443&mid=0" "Mozilla/5.0 (Macintosh; Intel Mac OS X 10.9; rv:32.0) Gecko/20100101 Firefox/32.0"
0:0:0:0:0:0:0:1 - - [29/Sep/2014:17:54:52 +0530] "GET /portal/js/dojo/dojox/charting/plot2d/CartesianBase.js HTTP/1.1" 200 1174 "https://localhost:9443//gadgets/ifr?url=http%3A%2F%2Flocalhost%3A9763%2Fportal%2Fgadgets%2Fwso2-dev%2Fwso2-dev.xml&container=default&view=default&lang=en&country=US&debug=1&nocache=1&sanitize=0&v=d8213105a7083aec18c9bce3596dddd0&testmode=0&parent=https%3A%2F%2Flocalhost%3A9443&mid=0" "Mozilla/5.0 (Macintosh; Intel Mac OS X 10.9; rv:32.0) Gecko/20100101 Firefox/32.0"
0:0:0:0:0:0:0:1 - - [29/Sep/2014:17:54:52 +0530] "GET /portal/js/dojo/dojox/charting/plot2d/Base.js HTTP/1.1" 200 926 "https://localhost:9443//gadgets/ifr?url=http%3A%2F%2Flocalhost%3A9763%2Fportal%2Fgadgets%2Fwso2-dev%2Fwso2-dev.xml&container=default&view=default&lang=en&country=US&debug=1&nocache=1&sanitize=0&v=d8213105a7083aec18c9bce3596dddd0&testmode=0&parent=https%3A%2F%2Flocalhost%3A9443&mid=0" "Mozilla/5.0 (Macintosh; Intel Mac OS X 10.9; rv:32.0) Gecko/20100101 Firefox/32.0"
0:0:0:0:0:0:0:1 - - [29/Sep/2014:17:54:52 +0530] "GET /portal/js/dojo/dojox/charting/plot2d/common.js HTTP/1.1" 200 1684 "https://localhost:9443//gadgets/ifr?url=http%3A%2F%2Flocalhost%3A9763%2Fportal%2Fgadgets%2Fwso2-dev%2Fwso2-dev.xml&container=default&view=default&lang=en&country=US&debug=1&nocache=1&sanitize=0&v=d8213105a7083aec18c9bce3596dddd0&testmode=0&parent=https%3A%2F%2Flocalhost%3A9443&mid=0" "Mozilla/5.0 (Macintosh; Intel Mac OS X 10.9; rv:32.0) Gecko/20100101 Firefox/32.0"
0:0:0:0:0:0:0:1 - - [29/Sep/2014:17:54:52 +0530] "GET /portal/js/dojo/dojox/charting/scaler/primitive.js HTTP/1.1" 200 661 "https://localhost:9443//gadgets/ifr?url=http%3A%2F%2Flocalhost%3A9763%2Fportal%2Fgadgets%2Fwso2-dev%2Fwso2-dev.xml&container=default&view=default&lang=en&country=US&debug=1&nocache=1&sanitize=0&v=d8213105a7083aec18c9bce3596dddd0&testmode=0&parent=https%3A%2F%2Flocalhost%3A9443&mid=0" "Mozilla/5.0 (Macintosh; Intel Mac OS X 10.9; rv:32.0) Gecko/20100101 Firefox/32.0"
