0:0:0:0:0:0:0:1 - - [29/Sep/2014:17:54:52 +0530] "GET /portal/js/dojo/dojox/gfx/fx.js HTTP/1.1" 200 1609 "https://localhost:9443//gadgets/ifr?url=http%3A%2F%2Flocalhost%3A9763%2Fportal%2Fgadgets%2Fwso2-dev%2Fwso2-dev.xml&container=default&view=default&lang=en&country=US&debug=1&nocache=1&sanitize=0&v=d8213105a7083aec18c9bce3596dddd0&testmode=0&parent=https%3A%2F%2Flocalhost%3A9443&mid=0" "Mozilla/5.0 (Macintosh; Intel Mac OS X 10.9; rv:32.0) Gecko/20100101 Firefox/32.0"
0:0:0:0:0:0:0:1 - - [29/Sep/2014:17:54:52 +0530] "GET /portal/js/dojo/dojox/charting/plot2d/_PlotEvents.js HTTP/1.1" 200 1795 "https://localhost:9443//gadgets/ifr?url=http%3A%2F%2Flocalhost%3A9763%2Fportal%2Fgadgets%2Fwso2-dev%2Fwso2-dev.xml&container=default&view=default&lang=en&country=US&debug=1&nocache=1&sanitize=0&v=d8213105a7083aec18c9bce3596dddd0&testmode=0&parent=https%3A%2F%2Flocalhost%3A9443&mid=0" "Mozilla/5.0 (Macintosh; Intel Mac OS X 10.9; rv:32.0) Gecko/20100101 Firefox/32.0"
0:0:0:0:0:0:0:1 - - [29/Sep/2014:17:54:52 +0530] "GET /portal/js/dojo/dojox/charting/plot2d/Markers.js HTTP/1.1" 200 209 "https://localhost:9443//gadgets/ifr?url=http%3A%2F%2Flocalhost%3A9763%2Fportal%2Fgadgets%2Fwso2-dev%2Fwso2-dev.xml&container=default&view=default&lang=en&country=US&debug=1&nocache=1&sanitize=0&v=d8213105a7083aec18c9bce3596dddd0&testmode=0&parent=https%3A%2F%2Flocalhost%3A9443&mid=0" "Mozilla/5.0 (Macintosh; Intel Mac OS X 10.9; rv:32.0) Gecko/20100101 Firefox/32.0"
0:0:0:0:0:0:0:1 - - [29/Sep/2014:17:54:52 +0530] "GET /portal/js/dojo/dojox/charting/plot2d/Default.js HTTP/1.1" 200 2368 "https://localhost:9443//gadgets/ifr?url=http%3A%2F%2Flocalhost%3A9763%2Fportal%2Fgadgets%2Fwso2-dev%2Fwso2-dev.xml&container=default&view=default&lang=en&country=US&debug=1&nocache=1&sanitize=0&v=d8213105a7083aec18c9bce3596dddd0&testmode=0&parent=https%3A%2F%2Flocalhost%3A9443&mid=0" "Mozilla/5.0 (Macintosh; Intel Mac OS X 10.9; rv:32.0) Gecko/20100101 Firefox/32.0"
0:0:0:0:0:0:0:1 - - [29/Sep/2014:17:54:52 +0530] "GET /portal/js/dojo/dojox/charting/themes/Bahamation.js HTTP/1.1" 200 214 "https://localhost:9443//gadgets/ifr?url=http%3A%2F%2Flocalhost%3A9763%2Fportal%2Fgadgets%2Fwso2-dev%2Fwso2-dev.xml&container=default&view=default&lang=en&country=US&debug=1&nocache=1&sanitize=0&v=d8213105a7083aec18c9bce3596dddd0&testmode=0&parent=https%3A%2F%2Flocalhost%3A9443&mid=0" "Mozilla/5.0 (Macintosh; Intel Mac OS X 10.9; rv:32.0) Gecko/20100101 Firefox/32.0"
0:0:0:0:0:0:0:1 - - [29/Sep/2014:17:54:52 +0530] "GET /portal/js/dojo/dojox/charting/themes/common.js HTTP/1.1" 200 141 "https://localhost:9443//gadgets/ifr?url=http%3A%2F%2Flocalhost%3A9763%2Fportal%2Fgadgets%2Fwso2-dev%2Fwso2-dev.xml&container=default&view=default&lang=en&country=US&debug=1&nocache=1&sanitize=0&v=d8213105a7083aec18c9bce3596dddd0&testmode=0&parent=https%3A%2F%2Flocalhost%3A9443&mid=0" "Mozilla/5.0 (Macintosh; Intel Mac OS X 10.9; rv:32.0) Gecko/20100101 Firefox/32.0"
10.100.5.174 - - [29/Sep/2014:17:54:52 +0530] "GET /admin/carbon/admin/jsp/session-validate.jsp HTTP/1.1" 200 2640 "https://10.100.5.174:9443/admin/carbon/admin/index.jsp?loginStatus=true" "Mozilla/5.0 (Macintosh; Intel Mac OS X 10.9; rv:32.0) Gecko/20100101 Firefox/32.0"
10.100.5.174 - - [29/Sep/2014:17:54:53 +0530] "POST /admin/services/ServerAdmin HTTP/1.1" 200 2216 "-" "Axis2"
10.100.5.174 - - [29/Sep/2014:17:54:53 +0530] "GET /admin/carbon/server-admin/system_status_ajaxprocessor.jsp HTTP/1.1" 200 1280 "https://10.100.5.174:9443/admin/carbon/admin/index.jsp?loginStatus=true" "Mozilla/5.0 (Macintosh; Intel Mac OS X 10.9; rv:32.0) Gecko/20100101 Firefox/32.0"
0:0:0:0:0:0:0:1 - - [29/Sep/2014:17:54:57 +0530] "POST /TestDashSite2/apis/ues/layout/TestDashSite2 HTTP/1.1" 200 4 "https://localhost:9443/TestDashSite2/" "Mozilla/5.0 (Macintosh; Intel Mac OS X 10.9; rv:32.0) Gecko/20100101 Firefox/32.0"
10.100.5.174 - - [29/Sep/2014:17:54:58 +0530] "GET /admin/carbon/admin/jsp/session-validate.jsp HTTP/1.1" 200 2640 "https://10.100.5.174:9443/admin/carbon/admin/index.jsp?loginStatus=true" "Mozilla/5.0 (Macintosh; Intel Mac OS X 10.9; rv:32.0) Gecko/20100101 Firefox/32.0"
10.100.5.174 - - [29/Sep/2014:17:54:58 +0530] "POST /admin/services/ServerAdmin HTTP/1.1" 200 2216 "-" "Axis2"
10.100.5.174 - - [29/Sep/2014:17:54:58 +0530] "GET /admin/carbon/server-admin/system_status_ajaxprocessor.jsp HTTP/1.1" 200 1280 "https://10.100.5.174:9443/admin/carbon/admin/index.jsp?loginStatus=true" "Mozilla/5.0 (Macintosh; Intel Mac OS X 10.9; rv:32.0) Gecko/20100101 Firefox/32.0"
10.100.5.174 - - [29/Sep/2014:17:55:04 +0530] "GET /admin/carbon/admin/jsp/session-validate.jsp HTTP/1.1" 200 2640 "https://10.100.5.174:9443/admin/carbon/admin/index.jsp?loginStatus=true" "Mozilla/5.0 (Macintosh; Intel Mac OS X 10.9; rv:32.0) Gecko/20100101 Firefox/32.0"
10.100.5.174 - - [29/Sep/2014:17:55:04 +0530] "POST /admin/services/ServerAdmin HTTP/1.1" 200 2216 "-" "Axis2"
10.100.5.174 - - [29/Sep/2014:17:55:04 +0530] "GET /admin/carbon/server-admin/system_status_ajaxprocessor.jsp HTTP/1.1" 200 1281 "https://10.100.5.174:9443/admin/carbon/admin/index.jsp?loginStatus=true" "Mozilla/5.0 (Macintosh; Intel Mac OS X 10.9; rv:32.0) Gecko/20100101 Firefox/32.0"
10.100.5.174 - - [29/Sep/2014:17:55:10 +0530] "GET /admin/carbon/admin/jsp/session-validate.jsp HTTP/1.1" 200 2640 "https://10.100.5.174:9443/admin/carbon/admin/index.jsp?loginStatus=true" "Mozilla/5.0 (Macintosh; Intel Mac OS X 10.9; rv:32.0) Gecko/20100101 Firefox/32.0"
10.100.5.174 - - [29/Sep/2014:17:55:10 +0530] "POST /admin/services/ServerAdmin HTTP/1.1" 200 2216 "-" "Axis2"
10.100.5.174 - - [29/Sep/2014:17:55:10 +0530] "GET /admin/carbon/server-admin/system_status_ajaxprocessor.jsp HTTP/1.1" 200 1281 "https://10.100.5.174:9443/admin/carbon/admin/index.jsp?loginStatus=true" "Mozilla/5.0 (Macintosh; Intel Mac OS X 10.9; rv:32.0) Gecko/20100101 Firefox/32.0"
10.100.5.174 - - [29/Sep/2014:17:55:16 +0530] "GET /admin/carbon/admin/jsp/session-validate.jsp HTTP/1.1" 200 2640 "https://10.100.5.174:9443/admin/carbon/admin/index.jsp?loginStatus=true" "Mozilla/5.0 (Macintosh; Intel Mac OS X 10.9; rv:32.0) Gecko/20100101 Firefox/32.0"
10.100.5.174 - - [29/Sep/2014:17:55:16 +0530] "POST /admin/services/ServerAdmin HTTP/1.1" 200 2216 "-" "Axis2"
10.100.5.174 - - [29/Sep/2014:17:55:16 +0530] "GET /admin/carbon/server-admin/system_status_ajaxprocessor.jsp HTTP/1.1" 200 1280 "https://10.100.5.174:9443/admin/carbon/admin/index.jsp?loginStatus=true" "Mozilla/5.0 (Macintosh; Intel Mac OS X 10.9; rv:32.0) Gecko/20100101 Firefox/32.0"
10.100.5.174 - - [29/Sep/2014:17:55:22 +0530] "GET /admin/carbon/admin/jsp/session-validate.jsp HTTP/1.1" 200 2640 "https://10.100.5.174:9443/admin/carbon/admin/index.jsp?loginStatus=true" "Mozilla/5.0 (Macintosh; Intel Mac OS X 10.9; rv:32.0) Gecko/20100101 Firefox/32.0"
10.100.5.174 - - [29/Sep/2014:17:55:22 +0530] "POST /admin/services/ServerAdmin HTTP/1.1" 200 2216 "-" "Axis2"
10.100.5.174 - - [29/Sep/2014:17:55:22 +0530] "GET /admin/carbon/server-admin/system_status_ajaxprocessor.jsp HTTP/1.1" 200 1281 "https://10.100.5.174:9443/admin/carbon/admin/index.jsp?loginStatus=true" "Mozilla/5.0 (Macintosh; Intel Mac OS X 10.9; rv:32.0) Gecko/20100101 Firefox/32.0"
0:0:0:0:0:0:0:1 - - [29/Sep/2014:17:55:24 +0530] "GET /cep-dash/gadgets/Top_5_Groups/data-api.jag HTTP/1.1" 404 1035 "https://localhost:9443/shindig/gadgets/ifr?url=http%3A%2F%2Flocalhost%3A9763%2Fcep-dash%2Fgadgets%2FTop_5_Groups%2Fpublic%2Fbar-chart%2Fbar-chart.xml&container=default&view=default&lang=en&country=US&debug=1&nocache=1&sanitize=0&v=214468d299c47d27c0bb4826b63b9784&testmode=0&parent=https%3A%2F%2Flocalhost%3A9443&mid=0" "Mozilla/5.0 (Macintosh; Intel Mac OS X 10_9) AppleWebKit/537.71 (KHTML, like Gecko) Version/7.0 Safari/537.71"
10.100.5.174 - - [29/Sep/2014:17:55:28 +0530] "GET /admin/carbon/admin/jsp/session-validate.jsp HTTP/1.1" 200 2640 "https://10.100.5.174:9443/admin/carbon/admin/index.jsp?loginStatus=true" "Mozilla/5.0 (Macintosh; Intel Mac OS X 10.9; rv:32.0) Gecko/20100101 Firefox/32.0"
10.100.5.174 - - [29/Sep/2014:17:55:28 +0530] "POST /admin/services/ServerAdmin HTTP/1.1" 200 2215 "-" "Axis2"
10.100.5.174 - - [29/Sep/2014:17:55:28 +0530] "GET /admin/carbon/server-admin/system_status_ajaxprocessor.jsp HTTP/1.1" 200 1280 "https://10.100.5.174:9443/admin/carbon/admin/index.jsp?loginStatus=true" "Mozilla/5.0 (Macintosh; Intel Mac OS X 10.9; rv:32.0) Gecko/20100101 Firefox/32.0"
10.100.5.174 - - [29/Sep/2014:17:55:34 +0530] "GET /admin/carbon/admin/jsp/session-validate.jsp HTTP/1.1" 200 2640 "https://10.100.5.174:9443/admin/carbon/admin/index.jsp?loginStatus=true" "Mozilla/5.0 (Macintosh; Intel Mac OS X 10.9; rv:32.0) Gecko/20100101 Firefox/32.0"
10.100.5.174 - - [29/Sep/2014:17:55:34 +0530] "POST /admin/services/ServerAdmin HTTP/1.1" 200 2215 "-" "Axis2"
10.100.5.174 - - [29/Sep/2014:17:55:34 +0530] "GET /admin/carbon/server-admin/system_status_ajaxprocessor.jsp HTTP/1.1" 200 1280 "https://10.100.5.174:9443/admin/carbon/admin/index.jsp?loginStatus=true" "Mozilla/5.0 (Macintosh; Intel Mac OS X 10.9; rv:32.0) Gecko/20100101 Firefox/32.0"
10.100.5.174 - - [29/Sep/2014:17:55:40 +0530] "GET /admin/carbon/admin/jsp/session-validate.jsp HTTP/1.1" 200 2640 "https://10.100.5.174:9443/admin/carbon/admin/index.jsp?loginStatus=true" "Mozilla/5.0 (Macintosh; Intel Mac OS X 10.9; rv:32.0) Gecko/20100101 Firefox/32.0"
10.100.5.174 - - [29/Sep/2014:17:55:40 +0530] "POST /admin/services/ServerAdmin HTTP/1.1" 200 2216 "-" "Axis2"
10.100.5.174 - - [29/Sep/2014:17:55:40 +0530] "GET /admin/carbon/server-admin/system_status_ajaxprocessor.jsp HTTP/1.1" 200 1281 "https://10.100.5.174:9443/admin/carbon/admin/index.jsp?loginStatus=true" "Mozilla/5.0 (Macintosh; Intel Mac OS X 10.9; rv:32.0) Gecko/20100101 Firefox/32.0"
10.100.5.174 - - [29/Sep/2014:17:55:46 +0530] "GET /admin/carbon/admin/jsp/session-validate.jsp HTTP/1.1" 200 2640 "https://10.100.5.174:9443/admin/carbon/admin/index.jsp?loginStatus=true" "Mozilla/5.0 (Macintosh; Intel Mac OS X 10.9; rv:32.0) Gecko/20100101 Firefox/32.0"
10.100.5.174 - - [29/Sep/2014:17:55:46 +0530] "POST /admin/services/ServerAdmin HTTP/1.1" 200 2216 "-" "Axis2"
10.100.5.174 - - [29/Sep/2014:17:55:46 +0530] "GET /admin/carbon/server-admin/system_status_ajaxprocessor.jsp HTTP/1.1" 200 1280 "https://10.100.5.174:9443/admin/carbon/admin/index.jsp?loginStatus=true" "Mozilla/5.0 (Macintosh; Intel Mac OS X 10.9; rv:32.0) Gecko/20100101 Firefox/32.0"
10.100.5.174 - - [29/Sep/2014:17:55:52 +0530] "GET /admin/carbon/admin/jsp/session-validate.jsp HTTP/1.1" 200 2640 "https://10.100.5.174:9443/admin/carbon/admin/index.jsp?loginStatus=true" "Mozilla/5.0 (Macintosh; Intel Mac OS X 10.9; rv:32.0) Gecko/20100101 Firefox/32.0"
10.100.5.174 - - [29/Sep/2014:17:55:52 +0530] "POST /admin/services/ServerAdmin HTTP/1.1" 200 2216 "-" "Axis2"
10.100.5.174 - - [29/Sep/2014:17:55:52 +0530] "GET /admin/carbon/server-admin/system_status_ajaxprocessor.jsp HTTP/1.1" 200 1281 "https://10.100.5.174:9443/admin/carbon/admin/index.jsp?loginStatus=true" "Mozilla/5.0 (Macintosh; Intel Mac OS X 10.9; rv:32.0) Gecko/20100101 Firefox/32.0"
10.100.5.174 - - [29/Sep/2014:17:55:58 +0530] "GET /admin/carbon/admin/jsp/session-validate.jsp HTTP/1.1" 200 2640 "https://10.100.5.174:9443/admin/carbon/admin/index.jsp?loginStatus=true" "Mozilla/5.0 (Macintosh; Intel Mac OS X 10.9; rv:32.0) Gecko/20100101 Firefox/32.0"
10.100.5.174 - - [29/Sep/2014:17:55:58 +0530] "POST /admin/services/ServerAdmin HTTP/1.1" 200 2216 "-" "Axis2"
10.100.5.174 - - [29/Sep/2014:17:55:58 +0530] "GET /admin/carbon/server-admin/system_status_ajaxprocessor.jsp HTTP/1.1" 200 1280 "https://10.100.5.174:9443/admin/carbon/admin/index.jsp?loginStatus=true" "Mozilla/5.0 (Macintosh; Intel Mac OS X 10.9; rv:32.0) Gecko/20100101 Firefox/32.0"
10.100.5.174 - - [29/Sep/2014:17:56:04 +0530] "GET /admin/carbon/admin/jsp/session-validate.jsp HTTP/1.1" 200 2640 "https://10.100.5.174:9443/admin/carbon/admin/index.jsp?loginStatus=true" "Mozilla/5.0 (Macintosh; Intel Mac OS X 10.9; rv:32.0) Gecko/20100101 Firefox/32.0"
10.100.5.174 - - [29/Sep/2014:17:56:04 +0530] "POST /admin/services/ServerAdmin HTTP/1.1" 200 2216 "-" "Axis2"
10.100.5.174 - - [29/Sep/2014:17:56:04 +0530] "GET /admin/carbon/server-admin/system_status_ajaxprocessor.jsp HTTP/1.1" 200 1280 "https://10.100.5.174:9443/admin/carbon/admin/index.jsp?loginStatus=true" "Mozilla/5.0 (Macintosh; Intel Mac OS X 10.9; rv:32.0) Gecko/20100101 Firefox/32.0"
0:0:0:0:0:0:0:1 - - [29/Sep/2014:17:56:09 +0530] "GET /cep-dash/gadgets/Top_5_Groups/data-api.jag HTTP/1.1" 404 1035 "https://localhost:9443/shindig/gadgets/ifr?url=http%3A%2F%2Flocalhost%3A9763%2Fcep-dash%2Fgadgets%2FTop_5_Groups%2Fpublic%2Fbar-chart%2Fbar-chart.xml&container=default&view=default&lang=en&country=US&debug=1&nocache=1&sanitize=0&v=d8213105a7083aec18c9bce3596dddd0&testmode=0&parent=https%3A%2F%2Flocalhost%3A9443&mid=0" "Mozilla/5.0 (Macintosh; Intel Mac OS X 10.9; rv:32.0) Gecko/20100101 Firefox/32.0"
0:0:0:0:0:0:0:1 - - [29/Sep/2014:17:56:09 +0530] "GET /cep-dash/gadgets/Top_5/data-api.jag HTTP/1.1" 404 1021 "https://localhost:9443/shindig/gadgets/ifr?url=http%3A%2F%2Flocalhost%3A9763%2Fcep-dash%2Fgadgets%2FTop_5%2Fpublic%2Fpie-chart%2Fpie-chart.xml&container=default&view=default&lang=en&country=US&debug=1&nocache=1&sanitize=0&v=d8213105a7083aec18c9bce3596dddd0&testmode=0&parent=https%3A%2F%2Flocalhost%3A9443&mid=0" "Mozilla/5.0 (Macintosh; Intel Mac OS X 10.9; rv:32.0) Gecko/20100101 Firefox/32.0"
10.100.5.174 - - [29/Sep/2014:17:56:10 +0530] "GET /admin/carbon/admin/jsp/session-validate.jsp HTTP/1.1" 200 2640 "https://10.100.5.174:9443/admin/carbon/admin/index.jsp?loginStatus=true" "Mozilla/5.0 (Macintosh; Intel Mac OS X 10.9; rv:32.0) Gecko/20100101 Firefox/32.0"
10.100.5.174 - - [29/Sep/2014:17:56:10 +0530] "POST /admin/services/ServerAdmin HTTP/1.1" 200 2216 "-" "Axis2"
10.100.5.174 - - [29/Sep/2014:17:56:10 +0530] "GET /admin/carbon/server-admin/system_status_ajaxprocessor.jsp HTTP/1.1" 200 1281 "https://10.100.5.174:9443/admin/carbon/admin/index.jsp?loginStatus=true" "Mozilla/5.0 (Macintosh; Intel Mac OS X 10.9; rv:32.0) Gecko/20100101 Firefox/32.0"
10.100.5.174 - - [29/Sep/2014:17:56:16 +0530] "GET /admin/carbon/admin/jsp/session-validate.jsp HTTP/1.1" 200 2640 "https://10.100.5.174:9443/admin/carbon/admin/index.jsp?loginStatus=true" "Mozilla/5.0 (Macintosh; Intel Mac OS X 10.9; rv:32.0) Gecko/20100101 Firefox/32.0"
10.100.5.174 - - [29/Sep/2014:17:56:16 +0530] "POST /admin/services/ServerAdmin HTTP/1.1" 200 2216 "-" "Axis2"
10.100.5.174 - - [29/Sep/2014:17:56:16 +0530] "GET /admin/carbon/server-admin/system_status_ajaxprocessor.jsp HTTP/1.1" 200 1280 "https://10.100.5.174:9443/admin/carbon/admin/index.jsp?loginStatus=true" "Mozilla/5.0 (Macintosh; Intel Mac OS X 10.9; rv:32.0) Gecko/20100101 Firefox/32.0"
10.100.5.174 - - [29/Sep/2014:17:56:22 +0530] "GET /admin/carbon/admin/jsp/session-validate.jsp HTTP/1.1" 200 2640 "https://10.100.5.174:9443/admin/carbon/admin/index.jsp?loginStatus=true" "Mozilla/5.0 (Macintosh; Intel Mac OS X 10.9; rv:32.0) Gecko/20100101 Firefox/32.0"
10.100.5.174 - - [29/Sep/2014:17:56:22 +0530] "POST /admin/services/ServerAdmin HTTP/1.1" 200 2216 "-" "Axis2"
10.100.5.174 - - [29/Sep/2014:17:56:22 +0530] "GET /admin/carbon/server-admin/system_status_ajaxprocessor.jsp HTTP/1.1" 200 1281 "https://10.100.5.174:9443/admin/carbon/admin/index.jsp?loginStatus=true" "Mozilla/5.0 (Macintosh; Intel Mac OS X 10.9; rv:32.0) Gecko/20100101 Firefox/32.0"
10.100.5.174 - - [29/Sep/2014:17:56:28 +0530] "GET /admin/carbon/admin/jsp/session-validate.jsp HTTP/1.1" 200 2640 "https://10.100.5.174:9443/admin/carbon/admin/index.jsp?loginStatus=true" "Mozilla/5.0 (Macintosh; Intel Mac OS X 10.9; rv:32.0) Gecko/20100101 Firefox/32.0"
10.100.5.174 - - [29/Sep/2014:17:56:28 +0530] "POST /admin/services/ServerAdmin HTTP/1.1" 200 2215 "-" "Axis2"
10.100.5.174 - - [29/Sep/2014:17:56:28 +0530] "GET /admin/carbon/server-admin/system_status_ajaxprocessor.jsp HTTP/1.1" 200 1280 "https://10.100.5.174:9443/admin/carbon/admin/index.jsp?loginStatus=true" "Mozilla/5.0 (Macintosh; Intel Mac OS X 10.9; rv:32.0) Gecko/20100101 Firefox/32.0"
10.100.5.174 - - [29/Sep/2014:17:56:34 +0530] "GET /admin/carbon/admin/jsp/session-validate.jsp HTTP/1.1" 200 2640 "https://10.100.5.174:9443/admin/carbon/admin/index.jsp?loginStatus=true" "Mozilla/5.0 (Macintosh; Intel Mac OS X 10.9; rv:32.0) Gecko/20100101 Firefox/32.0"
10.100.5.174 - - [29/Sep/2014:17:56:34 +0530] "POST /admin/services/ServerAdmin HTTP/1.1" 200 2215 "-" "Axis2"
10.100.5.174 - - [29/Sep/2014:17:56:34 +0530] "GET /admin/carbon/server-admin/system_status_ajaxprocessor.jsp HTTP/1.1" 200 1280 "https://10.100.5.174:9443/admin/carbon/admin/index.jsp?loginStatus=true" "Mozilla/5.0 (Macintosh; Intel Mac OS X 10.9; rv:32.0) Gecko/20100101 Firefox/32.0"
10.100.5.174 - - [29/Sep/2014:17:56:40 +0530] "GET /admin/carbon/admin/jsp/session-validate.jsp HTTP/1.1" 200 2640 "https://10.100.5.174:9443/admin/carbon/admin/index.jsp?loginStatus=true" "Mozilla/5.0 (Macintosh; Intel Mac OS X 10.9; rv:32.0) Gecko/20100101 Firefox/32.0"
10.100.5.174 - - [29/Sep/2014:17:56:40 +0530] "POST /admin/services/ServerAdmin HTTP/1.1" 200 2216 "-" "Axis2"
10.100.5.174 - - [29/Sep/2014:17:56:40 +0530] "GET /admin/carbon/server-admin/system_status_ajaxprocessor.jsp HTTP/1.1" 200 1280 "https://10.100.5.174:9443/admin/carbon/admin/index.jsp?loginStatus=true" "Mozilla/5.0 (Macintosh; Intel Mac OS X 10.9; rv:32.0) Gecko/20100101 Firefox/32.0"
10.100.5.174 - - [29/Sep/2014:17:56:46 +0530] "GET /admin/carbon/admin/jsp/session-validate.jsp HTTP/1.1" 200 2640 "https://10.100.5.174:9443/admin/carbon/admin/index.jsp?loginStatus=true" "Mozilla/5.0 (Macintosh; Intel Mac OS X 10.9; rv:32.0) Gecko/20100101 Firefox/32.0"
10.100.5.174 - - [29/Sep/2014:17:56:46 +0530] "POST /admin/services/ServerAdmin HTTP/1.1" 200 2216 "-" "Axis2"
10.100.5.174 - - [29/Sep/2014:17:56:46 +0530] "GET /admin/carbon/server-admin/system_status_ajaxprocessor.jsp HTTP/1.1" 200 1280 "https://10.100.5.174:9443/admin/carbon/admin/index.jsp?loginStatus=true" "Mozilla/5.0 (Macintosh; Intel Mac OS X 10.9; rv:32.0) Gecko/20100101 Firefox/32.0"
10.100.5.174 - - [29/Sep/2014:17:56:52 +0530] "GET /admin/carbon/admin/jsp/session-validate.jsp HTTP/1.1" 200 2640 "https://10.100.5.174:9443/admin/carbon/admin/index.jsp?loginStatus=true" "Mozilla/5.0 (Macintosh; Intel Mac OS X 10.9; rv:32.0) Gecko/20100101 Firefox/32.0"
10.100.5.174 - - [29/Sep/2014:17:56:52 +0530] "POST /admin/services/ServerAdmin HTTP/1.1" 200 2216 "-" "Axis2"
10.100.5.174 - - [29/Sep/2014:17:56:52 +0530] "GET /admin/carbon/server-admin/system_status_ajaxprocessor.jsp HTTP/1.1" 200 1281 "https://10.100.5.174:9443/admin/carbon/admin/index.jsp?loginStatus=true" "Mozilla/5.0 (Macintosh; Intel Mac OS X 10.9; rv:32.0) Gecko/20100101 Firefox/32.0"
10.100.5.174 - - [29/Sep/2014:17:56:58 +0530] "GET /admin/carbon/admin/jsp/session-validate.jsp HTTP/1.1" 200 2640 "https://10.100.5.174:9443/admin/carbon/admin/index.jsp?loginStatus=true" "Mozilla/5.0 (Macintosh; Intel Mac OS X 10.9; rv:32.0) Gecko/20100101 Firefox/32.0"
10.100.5.174 - - [29/Sep/2014:17:56:58 +0530] "POST /admin/services/ServerAdmin HTTP/1.1" 200 2216 "-" "Axis2"
10.100.5.174 - - [29/Sep/2014:17:56:58 +0530] "GET /admin/carbon/server-admin/system_status_ajaxprocessor.jsp HTTP/1.1" 200 1281 "https://10.100.5.174:9443/admin/carbon/admin/index.jsp?loginStatus=true" "Mozilla/5.0 (Macintosh; Intel Mac OS X 10.9; rv:32.0) Gecko/20100101 Firefox/32.0"
10.100.5.174 - - [29/Sep/2014:17:57:04 +0530] "GET /admin/carbon/admin/jsp/session-validate.jsp HTTP/1.1" 200 2640 "https://10.100.5.174:9443/admin/carbon/admin/index.jsp?loginStatus=true" "Mozilla/5.0 (Macintosh; Intel Mac OS X 10.9; rv:32.0) Gecko/20100101 Firefox/32.0"
10.100.5.174 - - [29/Sep/2014:17:57:04 +0530] "POST /admin/services/ServerAdmin HTTP/1.1" 200 2216 "-" "Axis2"
10.100.5.174 - - [29/Sep/2014:17:57:04 +0530] "GET /admin/carbon/server-admin/system_status_ajaxprocessor.jsp HTTP/1.1" 200 1281 "https://10.100.5.174:9443/admin/carbon/admin/index.jsp?loginStatus=true" "Mozilla/5.0 (Macintosh; Intel Mac OS X 10.9; rv:32.0) Gecko/20100101 Firefox/32.0"
0:0:0:0:0:0:0:1 - - [29/Sep/2014:17:57:06 +0530] "GET /cep-dash/gadgets/Top_5_Groups/data-api.jag HTTP/1.1" 404 1035 "https://localhost:9443/shindig/gadgets/ifr?url=http%3A%2F%2Flocalhost%3A9763%2Fcep-dash%2Fgadgets%2FTop_5_Groups%2Fpublic%2Fbar-chart%2Fbar-chart.xml&container=default&view=default&lang=en&country=US&debug=1&nocache=1&sanitize=0&v=214468d299c47d27c0bb4826b63b9784&testmode=0&parent=https%3A%2F%2Flocalhost%3A9443&mid=0" "Mozilla/5.0 (Macintosh; Intel Mac OS X 10_9) AppleWebKit/537.71 (KHTML, like Gecko) Version/7.0 Safari/537.71"
10.100.5.174 - - [29/Sep/2014:17:57:10 +0530] "GET /admin/carbon/admin/jsp/session-validate.jsp HTTP/1.1" 200 2640 "https://10.100.5.174:9443/admin/carbon/admin/index.jsp?loginStatus=true" "Mozilla/5.0 (Macintosh; Intel Mac OS X 10.9; rv:32.0) Gecko/20100101 Firefox/32.0"
10.100.5.174 - - [29/Sep/2014:17:57:10 +0530] "POST /admin/services/ServerAdmin HTTP/1.1" 200 2216 "-" "Axis2"
10.100.5.174 - - [29/Sep/2014:17:57:10 +0530] "GET /admin/carbon/server-admin/system_status_ajaxprocessor.jsp HTTP/1.1" 200 1279 "https://10.100.5.174:9443/admin/carbon/admin/index.jsp?loginStatus=true" "Mozilla/5.0 (Macintosh; Intel Mac OS X 10.9; rv:32.0) Gecko/20100101 Firefox/32.0"
10.100.5.174 - - [29/Sep/2014:17:57:16 +0530] "GET /admin/carbon/admin/jsp/session-validate.jsp HTTP/1.1" 200 2640 "https://10.100.5.174:9443/admin/carbon/admin/index.jsp?loginStatus=true" "Mozilla/5.0 (Macintosh; Intel Mac OS X 10.9; rv:32.0) Gecko/20100101 Firefox/32.0"
10.100.5.174 - - [29/Sep/2014:17:57:16 +0530] "POST /admin/services/ServerAdmin HTTP/1.1" 200 2216 "-" "Axis2"
10.100.5.174 - - [29/Sep/2014:17:57:16 +0530] "GET /admin/carbon/server-admin/system_status_ajaxprocessor.jsp HTTP/1.1" 200 1280 "https://10.100.5.174:9443/admin/carbon/admin/index.jsp?loginStatus=true" "Mozilla/5.0 (Macintosh; Intel Mac OS X 10.9; rv:32.0) Gecko/20100101 Firefox/32.0"
10.100.5.174 - - [29/Sep/2014:17:57:22 +0530] "GET /admin/carbon/admin/jsp/session-validate.jsp HTTP/1.1" 200 2640 "https://10.100.5.174:9443/admin/carbon/admin/index.jsp?loginStatus=true" "Mozilla/5.0 (Macintosh; Intel Mac OS X 10.9; rv:32.0) Gecko/20100101 Firefox/32.0"
10.100.5.174 - - [29/Sep/2014:17:57:22 +0530] "POST /admin/services/ServerAdmin HTTP/1.1" 200 2216 "-" "Axis2"
10.100.5.174 - - [29/Sep/2014:17:57:22 +0530] "GET /admin/carbon/server-admin/system_status_ajaxprocessor.jsp HTTP/1.1" 200 1281 "https://10.100.5.174:9443/admin/carbon/admin/index.jsp?loginStatus=true" "Mozilla/5.0 (Macintosh; Intel Mac OS X 10.9; rv:32.0) Gecko/20100101 Firefox/32.0"
10.100.5.174 - - [29/Sep/2014:17:57:28 +0530] "GET /admin/carbon/admin/jsp/session-validate.jsp HTTP/1.1" 200 2640 "https://10.100.5.174:9443/admin/carbon/admin/index.jsp?loginStatus=true" "Mozilla/5.0 (Macintosh; Intel Mac OS X 10.9; rv:32.0) Gecko/20100101 Firefox/32.0"
10.100.5.174 - - [29/Sep/2014:17:57:28 +0530] "POST /admin/services/ServerAdmin HTTP/1.1" 200 2215 "-" "Axis2"
10.100.5.174 - - [29/Sep/2014:17:57:28 +0530] "GET /admin/carbon/server-admin/system_status_ajaxprocessor.jsp HTTP/1.1" 200 1280 "https://10.100.5.174:9443/admin/carbon/admin/index.jsp?loginStatus=true" "Mozilla/5.0 (Macintosh; Intel Mac OS X 10.9; rv:32.0) Gecko/20100101 Firefox/32.0"
10.100.5.174 - - [29/Sep/2014:17:57:34 +0530] "GET /admin/carbon/admin/jsp/session-validate.jsp HTTP/1.1" 200 2640 "https://10.100.5.174:9443/admin/carbon/admin/index.jsp?loginStatus=true" "Mozilla/5.0 (Macintosh; Intel Mac OS X 10.9; rv:32.0) Gecko/20100101 Firefox/32.0"
10.100.5.174 - - [29/Sep/2014:17:57:34 +0530] "POST /admin/services/ServerAdmin HTTP/1.1" 200 2215 "-" "Axis2"
10.100.5.174 - - [29/Sep/2014:17:57:34 +0530] "GET /admin/carbon/server-admin/system_status_ajaxprocessor.jsp HTTP/1.1" 200 1280 "https://10.100.5.174:9443/admin/carbon/admin/index.jsp?loginStatus=true" "Mozilla/5.0 (Macintosh; Intel Mac OS X 10.9; rv:32.0) Gecko/20100101 Firefox/32.0"
10.100.5.174 - - [29/Sep/2014:17:57:40 +0530] "GET /admin/carbon/admin/jsp/session-validate.jsp HTTP/1.1" 200 2640 "https://10.100.5.174:9443/admin/carbon/admin/index.jsp?loginStatus=true" "Mozilla/5.0 (Macintosh; Intel Mac OS X 10.9; rv:32.0) Gecko/20100101 Firefox/32.0"
10.100.5.174 - - [29/Sep/2014:17:57:40 +0530] "POST /admin/services/ServerAdmin HTTP/1.1" 200 2216 "-" "Axis2"
10.100.5.174 - - [29/Sep/2014:17:57:40 +0530] "GET /admin/carbon/server-admin/system_status_ajaxprocessor.jsp HTTP/1.1" 200 1281 "https://10.100.5.174:9443/admin/carbon/admin/index.jsp?loginStatus=true" "Mozilla/5.0 (Macintosh; Intel Mac OS X 10.9; rv:32.0) Gecko/20100101 Firefox/32.0"
10.100.5.174 - - [29/Sep/2014:17:57:46 +0530] "GET /admin/carbon/admin/jsp/session-validate.jsp HTTP/1.1" 200 2640 "https://10.100.5.174:9443/admin/carbon/admin/index.jsp?loginStatus=true" "Mozilla/5.0 (Macintosh; Intel Mac OS X 10.9; rv:32.0) Gecko/20100101 Firefox/32.0"
10.100.5.174 - - [29/Sep/2014:17:57:46 +0530] "POST /admin/services/ServerAdmin HTTP/1.1" 200 2216 "-" "Axis2"
10.100.5.174 - - [29/Sep/2014:17:57:46 +0530] "GET /admin/carbon/server-admin/system_status_ajaxprocessor.jsp HTTP/1.1" 200 1280 "https://10.100.5.174:9443/admin/carbon/admin/index.jsp?loginStatus=true" "Mozilla/5.0 (Macintosh; Intel Mac OS X 10.9; rv:32.0) Gecko/20100101 Firefox/32.0"
0:0:0:0:0:0:0:1 - - [29/Sep/2014:17:57:49 +0530] "GET /cep-dash/gadgets/Top_5_Groups/data-api.jag HTTP/1.1" 404 1035 "https://localhost:9443/shindig/gadgets/ifr?url=http%3A%2F%2Flocalhost%3A9763%2Fcep-dash%2Fgadgets%2FTop_5_Groups%2Fpublic%2Fbar-chart%2Fbar-chart.xml&container=default&view=default&lang=en&country=US&debug=1&nocache=1&sanitize=0&v=d8213105a7083aec18c9bce3596dddd0&testmode=0&parent=https%3A%2F%2Flocalhost%3A9443&mid=0" "Mozilla/5.0 (Macintosh; Intel Mac OS X 10.9; rv:32.0) Gecko/20100101 Firefox/32.0"
0:0:0:0:0:0:0:1 - - [29/Sep/2014:17:57:49 +0530] "GET /cep-dash/gadgets/Top_5/data-api.jag HTTP/1.1" 404 1021 "https://localhost:9443/shindig/gadgets/ifr?url=http%3A%2F%2Flocalhost%3A9763%2Fcep-dash%2Fgadgets%2FTop_5%2Fpublic%2Fpie-chart%2Fpie-chart.xml&container=default&view=default&lang=en&country=US&debug=1&nocache=1&sanitize=0&v=d8213105a7083aec18c9bce3596dddd0&testmode=0&parent=https%3A%2F%2Flocalhost%3A9443&mid=0" "Mozilla/5.0 (Macintosh; Intel Mac OS X 10.9; rv:32.0) Gecko/20100101 Firefox/32.0"
10.100.5.174 - - [29/Sep/2014:17:57:52 +0530] "GET /admin/carbon/admin/jsp/session-validate.jsp HTTP/1.1" 200 2640 "https://10.100.5.174:9443/admin/carbon/admin/index.jsp?loginStatus=true" "Mozilla/5.0 (Macintosh; Intel Mac OS X 10.9; rv:32.0) Gecko/20100101 Firefox/32.0"
10.100.5.174 - - [29/Sep/2014:17:57:52 +0530] "POST /admin/services/ServerAdmin HTTP/1.1" 200 2216 "-" "Axis2"
10.100.5.174 - - [29/Sep/2014:17:57:52 +0530] "GET /admin/carbon/server-admin/system_status_ajaxprocessor.jsp HTTP/1.1" 200 1281 "https://10.100.5.174:9443/admin/carbon/admin/index.jsp?loginStatus=true" "Mozilla/5.0 (Macintosh; Intel Mac OS X 10.9; rv:32.0) Gecko/20100101 Firefox/32.0"
10.100.5.174 - - [29/Sep/2014:17:57:58 +0530] "GET /admin/carbon/admin/jsp/session-validate.jsp HTTP/1.1" 200 2640 "https://10.100.5.174:9443/admin/carbon/admin/index.jsp?loginStatus=true" "Mozilla/5.0 (Macintosh; Intel Mac OS X 10.9; rv:32.0) Gecko/20100101 Firefox/32.0"
10.100.5.174 - - [29/Sep/2014:17:57:58 +0530] "POST /admin/services/ServerAdmin HTTP/1.1" 200 2216 "-" "Axis2"
10.100.5.174 - - [29/Sep/2014:17:57:58 +0530] "GET /admin/carbon/server-admin/system_status_ajaxprocessor.jsp HTTP/1.1" 200 1281 "https://10.100.5.174:9443/admin/carbon/admin/index.jsp?loginStatus=true" "Mozilla/5.0 (Macintosh; Intel Mac OS X 10.9; rv:32.0) Gecko/20100101 Firefox/32.0"
10.100.5.174 - - [29/Sep/2014:17:58:04 +0530] "GET /admin/carbon/admin/jsp/session-validate.jsp HTTP/1.1" 200 2640 "https://10.100.5.174:9443/admin/carbon/admin/index.jsp?loginStatus=true" "Mozilla/5.0 (Macintosh; Intel Mac OS X 10.9; rv:32.0) Gecko/20100101 Firefox/32.0"
10.100.5.174 - - [29/Sep/2014:17:58:04 +0530] "POST /admin/services/ServerAdmin HTTP/1.1" 200 2216 "-" "Axis2"
10.100.5.174 - - [29/Sep/2014:17:58:04 +0530] "GET /admin/carbon/server-admin/system_status_ajaxprocessor.jsp HTTP/1.1" 200 1281 "https://10.100.5.174:9443/admin/carbon/admin/index.jsp?loginStatus=true" "Mozilla/5.0 (Macintosh; Intel Mac OS X 10.9; rv:32.0) Gecko/20100101 Firefox/32.0"
10.100.5.174 - - [29/Sep/2014:17:58:10 +0530] "GET /admin/carbon/admin/jsp/session-validate.jsp HTTP/1.1" 200 2640 "https://10.100.5.174:9443/admin/carbon/admin/index.jsp?loginStatus=true" "Mozilla/5.0 (Macintosh; Intel Mac OS X 10.9; rv:32.0) Gecko/20100101 Firefox/32.0"
10.100.5.174 - - [29/Sep/2014:17:58:10 +0530] "POST /admin/services/ServerAdmin HTTP/1.1" 200 2216 "-" "Axis2"
10.100.5.174 - - [29/Sep/2014:17:58:10 +0530] "GET /admin/carbon/server-admin/system_status_ajaxprocessor.jsp HTTP/1.1" 200 1281 "https://10.100.5.174:9443/admin/carbon/admin/index.jsp?loginStatus=true" "Mozilla/5.0 (Macintosh; Intel Mac OS X 10.9; rv:32.0) Gecko/20100101 Firefox/32.0"
10.100.5.174 - - [29/Sep/2014:17:58:16 +0530] "GET /admin/carbon/admin/jsp/session-validate.jsp HTTP/1.1" 200 2640 "https://10.100.5.174:9443/admin/carbon/admin/index.jsp?loginStatus=true" "Mozilla/5.0 (Macintosh; Intel Mac OS X 10.9; rv:32.0) Gecko/20100101 Firefox/32.0"
10.100.5.174 - - [29/Sep/2014:17:58:16 +0530] "POST /admin/services/ServerAdmin HTTP/1.1" 200 2216 "-" "Axis2"
10.100.5.174 - - [29/Sep/2014:17:58:16 +0530] "GET /admin/carbon/server-admin/system_status_ajaxprocessor.jsp HTTP/1.1" 200 1279 "https://10.100.5.174:9443/admin/carbon/admin/index.jsp?loginStatus=true" "Mozilla/5.0 (Macintosh; Intel Mac OS X 10.9; rv:32.0) Gecko/20100101 Firefox/32.0"
10.100.5.174 - - [29/Sep/2014:17:58:22 +0530] "GET /admin/carbon/admin/jsp/session-validate.jsp HTTP/1.1" 200 2640 "https://10.100.5.174:9443/admin/carbon/admin/index.jsp?loginStatus=true" "Mozilla/5.0 (Macintosh; Intel Mac OS X 10.9; rv:32.0) Gecko/20100101 Firefox/32.0"
10.100.5.174 - - [29/Sep/2014:17:58:22 +0530] "POST /admin/services/ServerAdmin HTTP/1.1" 200 2216 "-" "Axis2"
10.100.5.174 - - [29/Sep/2014:17:58:22 +0530] "GET /admin/carbon/server-admin/system_status_ajaxprocessor.jsp HTTP/1.1" 200 1280 "https://10.100.5.174:9443/admin/carbon/admin/index.jsp?loginStatus=true" "Mozilla/5.0 (Macintosh; Intel Mac OS X 10.9; rv:32.0) Gecko/20100101 Firefox/32.0"
10.100.5.174 - - [29/Sep/2014:17:58:28 +0530] "GET /admin/carbon/admin/jsp/session-validate.jsp HTTP/1.1" 200 2640 "https://10.100.5.174:9443/admin/carbon/admin/index.jsp?loginStatus=true" "Mozilla/5.0 (Macintosh; Intel Mac OS X 10.9; rv:32.0) Gecko/20100101 Firefox/32.0"
10.100.5.174 - - [29/Sep/2014:17:58:28 +0530] "POST /admin/services/ServerAdmin HTTP/1.1" 200 2215 "-" "Axis2"
10.100.5.174 - - [29/Sep/2014:17:58:28 +0530] "GET /admin/carbon/server-admin/system_status_ajaxprocessor.jsp HTTP/1.1" 200 1280 "https://10.100.5.174:9443/admin/carbon/admin/index.jsp?loginStatus=true" "Mozilla/5.0 (Macintosh; Intel Mac OS X 10.9; rv:32.0) Gecko/20100101 Firefox/32.0"
10.100.5.174 - - [29/Sep/2014:17:58:34 +0530] "GET /admin/carbon/admin/jsp/session-validate.jsp HTTP/1.1" 200 2640 "https://10.100.5.174:9443/admin/carbon/admin/index.jsp?loginStatus=true" "Mozilla/5.0 (Macintosh; Intel Mac OS X 10.9; rv:32.0) Gecko/20100101 Firefox/32.0"
10.100.5.174 - - [29/Sep/2014:17:58:34 +0530] "POST /admin/services/ServerAdmin HTTP/1.1" 200 2215 "-" "Axis2"
10.100.5.174 - - [29/Sep/2014:17:58:34 +0530] "GET /admin/carbon/server-admin/system_status_ajaxprocessor.jsp HTTP/1.1" 200 1281 "https://10.100.5.174:9443/admin/carbon/admin/index.jsp?loginStatus=true" "Mozilla/5.0 (Macintosh; Intel Mac OS X 10.9; rv:32.0) Gecko/20100101 Firefox/32.0"
10.100.5.174 - - [29/Sep/2014:17:58:40 +0530] "GET /admin/carbon/admin/jsp/session-validate.jsp HTTP/1.1" 200 2640 "https://10.100.5.174:9443/admin/carbon/admin/index.jsp?loginStatus=true" "Mozilla/5.0 (Macintosh; Intel Mac OS X 10.9; rv:32.0) Gecko/20100101 Firefox/32.0"
10.100.5.174 - - [29/Sep/2014:17:58:40 +0530] "POST /admin/services/ServerAdmin HTTP/1.1" 200 2216 "-" "Axis2"
10.100.5.174 - - [29/Sep/2014:17:58:40 +0530] "GET /admin/carbon/server-admin/system_status_ajaxprocessor.jsp HTTP/1.1" 200 1281 "https://10.100.5.174:9443/admin/carbon/admin/index.jsp?loginStatus=true" "Mozilla/5.0 (Macintosh; Intel Mac OS X 10.9; rv:32.0) Gecko/20100101 Firefox/32.0"
10.100.5.174 - - [29/Sep/2014:17:58:46 +0530] "GET /admin/carbon/admin/jsp/session-validate.jsp HTTP/1.1" 200 2640 "https://10.100.5.174:9443/admin/carbon/admin/index.jsp?loginStatus=true" "Mozilla/5.0 (Macintosh; Intel Mac OS X 10.9; rv:32.0) Gecko/20100101 Firefox/32.0"
0:0:0:0:0:0:0:1 - - [29/Sep/2014:17:58:46 +0530] "GET /cep-dash/gadgets/Top_5_Groups/data-api.jag HTTP/1.1" 404 1035 "https://localhost:9443/shindig/gadgets/ifr?url=http%3A%2F%2Flocalhost%3A9763%2Fcep-dash%2Fgadgets%2FTop_5_Groups%2Fpublic%2Fbar-chart%2Fbar-chart.xml&container=default&view=default&lang=en&country=US&debug=1&nocache=1&sanitize=0&v=214468d299c47d27c0bb4826b63b9784&testmode=0&parent=https%3A%2F%2Flocalhost%3A9443&mid=0" "Mozilla/5.0 (Macintosh; Intel Mac OS X 10_9) AppleWebKit/537.71 (KHTML, like Gecko) Version/7.0 Safari/537.71"
10.100.5.174 - - [29/Sep/2014:17:58:46 +0530] "POST /admin/services/ServerAdmin HTTP/1.1" 200 2216 "-" "Axis2"
10.100.5.174 - - [29/Sep/2014:17:58:46 +0530] "GET /admin/carbon/server-admin/system_status_ajaxprocessor.jsp HTTP/1.1" 200 1280 "https://10.100.5.174:9443/admin/carbon/admin/index.jsp?loginStatus=true" "Mozilla/5.0 (Macintosh; Intel Mac OS X 10.9; rv:32.0) Gecko/20100101 Firefox/32.0"
10.100.5.174 - - [29/Sep/2014:17:58:52 +0530] "GET /admin/carbon/admin/jsp/session-validate.jsp HTTP/1.1" 200 2640 "https://10.100.5.174:9443/admin/carbon/admin/index.jsp?loginStatus=true" "Mozilla/5.0 (Macintosh; Intel Mac OS X 10.9; rv:32.0) Gecko/20100101 Firefox/32.0"
10.100.5.174 - - [29/Sep/2014:17:58:52 +0530] "POST /admin/services/ServerAdmin HTTP/1.1" 200 2216 "-" "Axis2"
10.100.5.174 - - [29/Sep/2014:17:58:52 +0530] "GET /admin/carbon/server-admin/system_status_ajaxprocessor.jsp HTTP/1.1" 200 1280 "https://10.100.5.174:9443/admin/carbon/admin/index.jsp?loginStatus=true" "Mozilla/5.0 (Macintosh; Intel Mac OS X 10.9; rv:32.0) Gecko/20100101 Firefox/32.0"
10.100.5.174 - - [29/Sep/2014:17:58:58 +0530] "GET /admin/carbon/admin/jsp/session-validate.jsp HTTP/1.1" 200 2640 "https://10.100.5.174:9443/admin/carbon/admin/index.jsp?loginStatus=true" "Mozilla/5.0 (Macintosh; Intel Mac OS X 10.9; rv:32.0) Gecko/20100101 Firefox/32.0"
10.100.5.174 - - [29/Sep/2014:17:58:58 +0530] "POST /admin/services/ServerAdmin HTTP/1.1" 200 2216 "-" "Axis2"
10.100.5.174 - - [29/Sep/2014:17:58:58 +0530] "GET /admin/carbon/server-admin/system_status_ajaxprocessor.jsp HTTP/1.1" 200 1281 "https://10.100.5.174:9443/admin/carbon/admin/index.jsp?loginStatus=true" "Mozilla/5.0 (Macintosh; Intel Mac OS X 10.9; rv:32.0) Gecko/20100101 Firefox/32.0"
10.100.5.174 - - [29/Sep/2014:17:59:04 +0530] "GET /admin/carbon/admin/jsp/session-validate.jsp HTTP/1.1" 200 2640 "https://10.100.5.174:9443/admin/carbon/admin/index.jsp?loginStatus=true" "Mozilla/5.0 (Macintosh; Intel Mac OS X 10.9; rv:32.0) Gecko/20100101 Firefox/32.0"
10.100.5.174 - - [29/Sep/2014:17:59:04 +0530] "POST /admin/services/ServerAdmin HTTP/1.1" 200 2216 "-" "Axis2"
10.100.5.174 - - [29/Sep/2014:17:59:04 +0530] "GET /admin/carbon/server-admin/system_status_ajaxprocessor.jsp HTTP/1.1" 200 1282 "https://10.100.5.174:9443/admin/carbon/admin/index.jsp?loginStatus=true" "Mozilla/5.0 (Macintosh; Intel Mac OS X 10.9; rv:32.0) Gecko/20100101 Firefox/32.0"
10.100.5.174 - - [29/Sep/2014:17:59:10 +0530] "GET /admin/carbon/admin/jsp/session-validate.jsp HTTP/1.1" 200 2640 "https://10.100.5.174:9443/admin/carbon/admin/index.jsp?loginStatus=true" "Mozilla/5.0 (Macintosh; Intel Mac OS X 10.9; rv:32.0) Gecko/20100101 Firefox/32.0"
10.100.5.174 - - [29/Sep/2014:17:59:10 +0530] "POST /admin/services/ServerAdmin HTTP/1.1" 200 2216 "-" "Axis2"
10.100.5.174 - - [29/Sep/2014:17:59:10 +0530] "GET /admin/carbon/server-admin/system_status_ajaxprocessor.jsp HTTP/1.1" 200 1281 "https://10.100.5.174:9443/admin/carbon/admin/index.jsp?loginStatus=true" "Mozilla/5.0 (Macintosh; Intel Mac OS X 10.9; rv:32.0) Gecko/20100101 Firefox/32.0"
10.100.5.174 - - [29/Sep/2014:17:59:16 +0530] "GET /admin/carbon/admin/jsp/session-validate.jsp HTTP/1.1" 200 2640 "https://10.100.5.174:9443/admin/carbon/admin/index.jsp?loginStatus=true" "Mozilla/5.0 (Macintosh; Intel Mac OS X 10.9; rv:32.0) Gecko/20100101 Firefox/32.0"
10.100.5.174 - - [29/Sep/2014:17:59:16 +0530] "POST /admin/services/ServerAdmin HTTP/1.1" 200 2216 "-" "Axis2"
10.100.5.174 - - [29/Sep/2014:17:59:16 +0530] "GET /admin/carbon/server-admin/system_status_ajaxprocessor.jsp HTTP/1.1" 200 1280 "https://10.100.5.174:9443/admin/carbon/admin/index.jsp?loginStatus=true" "Mozilla/5.0 (Macintosh; Intel Mac OS X 10.9; rv:32.0) Gecko/20100101 Firefox/32.0"
10.100.5.174 - - [29/Sep/2014:17:59:22 +0530] "GET /admin/carbon/admin/jsp/session-validate.jsp HTTP/1.1" 200 2640 "https://10.100.5.174:9443/admin/carbon/admin/index.jsp?loginStatus=true" "Mozilla/5.0 (Macintosh; Intel Mac OS X 10.9; rv:32.0) Gecko/20100101 Firefox/32.0"
10.100.5.174 - - [29/Sep/2014:17:59:22 +0530] "POST /admin/services/ServerAdmin HTTP/1.1" 200 2216 "-" "Axis2"
10.100.5.174 - - [29/Sep/2014:17:59:22 +0530] "GET /admin/carbon/server-admin/system_status_ajaxprocessor.jsp HTTP/1.1" 200 1280 "https://10.100.5.174:9443/admin/carbon/admin/index.jsp?loginStatus=true" "Mozilla/5.0 (Macintosh; Intel Mac OS X 10.9; rv:32.0) Gecko/20100101 Firefox/32.0"
10.100.5.174 - - [29/Sep/2014:17:59:28 +0530] "GET /admin/carbon/admin/jsp/session-validate.jsp HTTP/1.1" 200 2640 "https://10.100.5.174:9443/admin/carbon/admin/index.jsp?loginStatus=true" "Mozilla/5.0 (Macintosh; Intel Mac OS X 10.9; rv:32.0) Gecko/20100101 Firefox/32.0"
10.100.5.174 - - [29/Sep/2014:17:59:28 +0530] "POST /admin/services/ServerAdmin HTTP/1.1" 200 2215 "-" "Axis2"
10.100.5.174 - - [29/Sep/2014:17:59:28 +0530] "GET /admin/carbon/server-admin/system_status_ajaxprocessor.jsp HTTP/1.1" 200 1280 "https://10.100.5.174:9443/admin/carbon/admin/index.jsp?loginStatus=true" "Mozilla/5.0 (Macintosh; Intel Mac OS X 10.9; rv:32.0) Gecko/20100101 Firefox/32.0"
0:0:0:0:0:0:0:1 - - [29/Sep/2014:17:59:29 +0530] "GET /cep-dash/gadgets/Top_5_Groups/data-api.jag HTTP/1.1" 404 1035 "https://localhost:9443/shindig/gadgets/ifr?url=http%3A%2F%2Flocalhost%3A9763%2Fcep-dash%2Fgadgets%2FTop_5_Groups%2Fpublic%2Fbar-chart%2Fbar-chart.xml&container=default&view=default&lang=en&country=US&debug=1&nocache=1&sanitize=0&v=d8213105a7083aec18c9bce3596dddd0&testmode=0&parent=https%3A%2F%2Flocalhost%3A9443&mid=0" "Mozilla/5.0 (Macintosh; Intel Mac OS X 10.9; rv:32.0) Gecko/20100101 Firefox/32.0"
0:0:0:0:0:0:0:1 - - [29/Sep/2014:17:59:29 +0530] "GET /cep-dash/gadgets/Top_5/data-api.jag HTTP/1.1" 404 1021 "https://localhost:9443/shindig/gadgets/ifr?url=http%3A%2F%2Flocalhost%3A9763%2Fcep-dash%2Fgadgets%2FTop_5%2Fpublic%2Fpie-chart%2Fpie-chart.xml&container=default&view=default&lang=en&country=US&debug=1&nocache=1&sanitize=0&v=d8213105a7083aec18c9bce3596dddd0&testmode=0&parent=https%3A%2F%2Flocalhost%3A9443&mid=0" "Mozilla/5.0 (Macintosh; Intel Mac OS X 10.9; rv:32.0) Gecko/20100101 Firefox/32.0"
10.100.5.174 - - [29/Sep/2014:17:59:34 +0530] "GET /admin/carbon/admin/jsp/session-validate.jsp HTTP/1.1" 200 2640 "https://10.100.5.174:9443/admin/carbon/admin/index.jsp?loginStatus=true" "Mozilla/5.0 (Macintosh; Intel Mac OS X 10.9; rv:32.0) Gecko/20100101 Firefox/32.0"
10.100.5.174 - - [29/Sep/2014:17:59:34 +0530] "POST /admin/services/ServerAdmin HTTP/1.1" 200 2215 "-" "Axis2"
10.100.5.174 - - [29/Sep/2014:17:59:34 +0530] "GET /admin/carbon/server-admin/system_status_ajaxprocessor.jsp HTTP/1.1" 200 1280 "https://10.100.5.174:9443/admin/carbon/admin/index.jsp?loginStatus=true" "Mozilla/5.0 (Macintosh; Intel Mac OS X 10.9; rv:32.0) Gecko/20100101 Firefox/32.0"
10.100.5.174 - - [29/Sep/2014:17:59:40 +0530] "GET /admin/carbon/admin/jsp/session-validate.jsp HTTP/1.1" 200 2640 "https://10.100.5.174:9443/admin/carbon/admin/index.jsp?loginStatus=true" "Mozilla/5.0 (Macintosh; Intel Mac OS X 10.9; rv:32.0) Gecko/20100101 Firefox/32.0"
10.100.5.174 - - [29/Sep/2014:17:59:40 +0530] "POST /admin/services/ServerAdmin HTTP/1.1" 200 2216 "-" "Axis2"
10.100.5.174 - - [29/Sep/2014:17:59:40 +0530] "GET /admin/carbon/server-admin/system_status_ajaxprocessor.jsp HTTP/1.1" 200 1281 "https://10.100.5.174:9443/admin/carbon/admin/index.jsp?loginStatus=true" "Mozilla/5.0 (Macintosh; Intel Mac OS X 10.9; rv:32.0) Gecko/20100101 Firefox/32.0"
10.100.5.174 - - [29/Sep/2014:17:59:46 +0530] "GET /admin/carbon/admin/jsp/session-validate.jsp HTTP/1.1" 200 2640 "https://10.100.5.174:9443/admin/carbon/admin/index.jsp?loginStatus=true" "Mozilla/5.0 (Macintosh; Intel Mac OS X 10.9; rv:32.0) Gecko/20100101 Firefox/32.0"
10.100.5.174 - - [29/Sep/2014:17:59:46 +0530] "POST /admin/services/ServerAdmin HTTP/1.1" 200 2216 "-" "Axis2"
10.100.5.174 - - [29/Sep/2014:17:59:46 +0530] "GET /admin/carbon/server-admin/system_status_ajaxprocessor.jsp HTTP/1.1" 200 1280 "https://10.100.5.174:9443/admin/carbon/admin/index.jsp?loginStatus=true" "Mozilla/5.0 (Macintosh; Intel Mac OS X 10.9; rv:32.0) Gecko/20100101 Firefox/32.0"
0:0:0:0:0:0:0:1 - - [29/Sep/2014:18:14:51 +0530] "GET /cep-dash/gadgets/Top_5_Groups/data-api.jag HTTP/1.1" 404 1035 "https://localhost:9443/shindig/gadgets/ifr?url=http%3A%2F%2Flocalhost%3A9763%2Fcep-dash%2Fgadgets%2FTop_5_Groups%2Fpublic%2Fbar-chart%2Fbar-chart.xml&container=default&view=default&lang=en&country=US&debug=1&nocache=1&sanitize=0&v=214468d299c47d27c0bb4826b63b9784&testmode=0&parent=https%3A%2F%2Flocalhost%3A9443&mid=0" "Mozilla/5.0 (Macintosh; Intel Mac OS X 10_9) AppleWebKit/537.71 (KHTML, like Gecko) Version/7.0 Safari/537.71"
10.100.5.174 - - [29/Sep/2014:18:14:52 +0530] "GET /admin/carbon/admin/jsp/session-validate.jsp HTTP/1.1" 302 - "https://10.100.5.174:9443/admin/carbon/admin/index.jsp?loginStatus=true" "Mozilla/5.0 (Macintosh; Intel Mac OS X 10.9; rv:32.0) Gecko/20100101 Firefox/32.0"
10.100.5.174 - - [29/Sep/2014:18:14:52 +0530] "GET /admin/carbon/admin/jsp/session-validate.jsp HTTP/1.1" 302 - "https://10.100.5.174:9443/admin/carbon/admin/index.jsp?loginStatus=true" "Mozilla/5.0 (Macintosh; Intel Mac OS X 10.9; rv:32.0) Gecko/20100101 Firefox/32.0"
10.100.5.174 - - [29/Sep/2014:18:14:52 +0530] "GET /admin/carbon/admin/login.jsp HTTP/1.1" 200 3389 "https://10.100.5.174:9443/admin/carbon/admin/index.jsp?loginStatus=true" "Mozilla/5.0 (Macintosh; Intel Mac OS X 10.9; rv:32.0) Gecko/20100101 Firefox/32.0"
10.100.5.174 - - [29/Sep/2014:18:14:52 +0530] "GET /admin/carbon/admin/login.jsp HTTP/1.1" 200 3388 "https://10.100.5.174:9443/admin/carbon/admin/index.jsp?loginStatus=true" "Mozilla/5.0 (Macintosh; Intel Mac OS X 10.9; rv:32.0) Gecko/20100101 Firefox/32.0"
0:0:0:0:0:0:0:1 - - [29/Sep/2014:18:25:31 +0530] "GET /TestDashSite2/ HTTP/1.1" 302 - "-" "Mozilla/5.0 (Macintosh; Intel Mac OS X 10.9; rv:32.0) Gecko/20100101 Firefox/32.0"
0:0:0:0:0:0:0:1 - - [29/Sep/2014:18:25:32 +0530] "GET /TestDashSite2/login HTTP/1.1" 200 1372 "-" "Mozilla/5.0 (Macintosh; Intel Mac OS X 10.9; rv:32.0) Gecko/20100101 Firefox/32.0"
0:0:0:0:0:0:0:1 - - [29/Sep/2014:18:25:32 +0530] "POST /sso/samlsso.jag HTTP/1.1" 302 - "https://localhost:9443/TestDashSite2/login" "Mozilla/5.0 (Macintosh; Intel Mac OS X 10.9; rv:32.0) Gecko/20100101 Firefox/32.0"
0:0:0:0:0:0:0:1 - - [29/Sep/2014:18:25:32 +0530] "GET /sso/login.jag HTTP/1.1" 200 1670 "https://localhost:9443/TestDashSite2/login" "Mozilla/5.0 (Macintosh; Intel Mac OS X 10.9; rv:32.0) Gecko/20100101 Firefox/32.0"
0:0:0:0:0:0:0:1 - - [29/Sep/2014:18:25:35 +0530] "POST /sso/samlsso.jag HTTP/1.1" 200 2029 "https://localhost:9443/sso/login.jag" "Mozilla/5.0 (Macintosh; Intel Mac OS X 10.9; rv:32.0) Gecko/20100101 Firefox/32.0"
0:0:0:0:0:0:0:1 - - [29/Sep/2014:18:25:35 +0530] "POST /TestDashSite2/sso HTTP/1.1" 302 - "https://localhost:9443/sso/samlsso.jag" "Mozilla/5.0 (Macintosh; Intel Mac OS X 10.9; rv:32.0) Gecko/20100101 Firefox/32.0"
0:0:0:0:0:0:0:1 - - [29/Sep/2014:18:25:35 +0530] "GET /TestDashSite2 HTTP/1.1" 302 - "https://localhost:9443/sso/samlsso.jag" "Mozilla/5.0 (Macintosh; Intel Mac OS X 10.9; rv:32.0) Gecko/20100101 Firefox/32.0"
0:0:0:0:0:0:0:1 - - [29/Sep/2014:18:25:35 +0530] "GET /TestDashSite2/ HTTP/1.1" 200 2634 "https://localhost:9443/sso/samlsso.jag" "Mozilla/5.0 (Macintosh; Intel Mac OS X 10.9; rv:32.0) Gecko/20100101 Firefox/32.0"
0:0:0:0:0:0:0:1 - - [29/Sep/2014:18:25:36 +0530] "GET /TestDashSite2/apis/ues/layout/ HTTP/1.1" 200 806 "https://localhost:9443/TestDashSite2/" "Mozilla/5.0 (Macintosh; Intel Mac OS X 10.9; rv:32.0) Gecko/20100101 Firefox/32.0"
127.0.0.1 - - [29/Sep/2014:18:25:36 +0530] "GET /portal/gadgets/dummy-chat/dummy-chat.xml HTTP/1.1" 200 887 "-" "Apache Shindig"
127.0.0.1 - - [29/Sep/2014:18:25:36 +0530] "GET /portal/gadgets/dummy-chat/dummy-chat.xml HTTP/1.1" 200 887 "-" "Apache Shindig"
127.0.0.1 - - [29/Sep/2014:18:25:36 +0530] "GET /portal/gadgets/wso2-dev/wso2-dev.xml HTTP/1.1" 200 1018 "-" "Apache Shindig"
127.0.0.1 - - [29/Sep/2014:18:25:36 +0530] "GET /portal/gadgets/show-assets/show-assets.xml HTTP/1.1" 200 1769 "-" "Apache Shindig"
0:0:0:0:0:0:0:1 - - [29/Sep/2014:18:25:36 +0530] "POST //rpc?st=-1%3A-1%3A*%3A*%3A*%3A0%3Adefault HTTP/1.1" 200 1033 "https://localhost:9443/TestDashSite2/" "Mozilla/5.0 (Macintosh; Intel Mac OS X 10.9; rv:32.0) Gecko/20100101 Firefox/32.0"
0:0:0:0:0:0:0:1 - - [29/Sep/2014:18:25:36 +0530] "POST //rpc?st=-1%3A-1%3A*%3A*%3A*%3A0%3Adefault HTTP/1.1" 200 1033 "https://localhost:9443/TestDashSite2/" "Mozilla/5.0 (Macintosh; Intel Mac OS X 10.9; rv:32.0) Gecko/20100101 Firefox/32.0"
0:0:0:0:0:0:0:1 - - [29/Sep/2014:18:25:36 +0530] "POST //rpc?st=-1%3A-1%3A*%3A*%3A*%3A0%3Adefault HTTP/1.1" 200 1399 "https://localhost:9443/TestDashSite2/" "Mozilla/5.0 (Macintosh; Intel Mac OS X 10.9; rv:32.0) Gecko/20100101 Firefox/32.0"
0:0:0:0:0:0:0:1 - - [29/Sep/2014:18:25:36 +0530] "POST //rpc?st=-1%3A-1%3A*%3A*%3A*%3A0%3Adefault HTTP/1.1" 200 1473 "https://localhost:9443/TestDashSite2/" "Mozilla/5.0 (Macintosh; Intel Mac OS X 10.9; rv:32.0) Gecko/20100101 Firefox/32.0"
127.0.0.1 - - [29/Sep/2014:18:25:36 +0530] "GET /portal/gadgets/dummy-chat/dummy-chat.xml HTTP/1.1" 200 887 "-" "Apache Shindig"
127.0.0.1 - - [29/Sep/2014:18:25:36 +0530] "GET /portal/gadgets/wso2-dev/wso2-dev.xml HTTP/1.1" 200 1018 "-" "Apache Shindig"
127.0.0.1 - - [29/Sep/2014:18:25:36 +0530] "GET /portal/gadgets/show-assets/show-assets.xml HTTP/1.1" 200 1769 "-" "Apache Shindig"
0:0:0:0:0:0:0:1 - - [29/Sep/2014:18:25:36 +0530] "GET //gadgets/ifr?url=http%3A%2F%2Flocalhost%3A9763%2Fportal%2Fgadgets%2Fdummy-chat%2Fdummy-chat.xml&container=default&view=default&lang=en&country=US&debug=1&nocache=1&sanitize=0&v=d8213105a7083aec18c9bce3596dddd0&testmode=0&parent=https%3A%2F%2Flocalhost%3A9443&mid=0 HTTP/1.1" 304 - "https://localhost:9443/TestDashSite2/" "Mozilla/5.0 (Macintosh; Intel Mac OS X 10.9; rv:32.0) Gecko/20100101 Firefox/32.0"
0:0:0:0:0:0:0:1 - - [29/Sep/2014:18:25:36 +0530] "GET //gadgets/ifr?url=http%3A%2F%2Flocalhost%3A9763%2Fportal%2Fgadgets%2Fwso2-dev%2Fwso2-dev.xml&container=default&view=default&lang=en&country=US&debug=1&nocache=1&sanitize=0&v=d8213105a7083aec18c9bce3596dddd0&testmode=0&parent=https%3A%2F%2Flocalhost%3A9443&mid=0 HTTP/1.1" 304 - "https://localhost:9443/TestDashSite2/" "Mozilla/5.0 (Macintosh; Intel Mac OS X 10.9; rv:32.0) Gecko/20100101 Firefox/32.0"
0:0:0:0:0:0:0:1 - - [29/Sep/2014:18:25:36 +0530] "GET //gadgets/ifr?url=http%3A%2F%2Flocalhost%3A9763%2Fportal%2Fgadgets%2Fshow-assets%2Fshow-assets.xml&container=default&view=default&lang=en&country=US&debug=1&nocache=1&sanitize=0&v=d8213105a7083aec18c9bce3596dddd0&testmode=0&parent=https%3A%2F%2Flocalhost%3A9443&mid=0 HTTP/1.1" 304 - "https://localhost:9443/TestDashSite2/" "Mozilla/5.0 (Macintosh; Intel Mac OS X 10.9; rv:32.0) Gecko/20100101 Firefox/32.0"
127.0.0.1 - - [29/Sep/2014:18:25:36 +0530] "GET /portal/gadgets/dummy-chat/dummy-chat.xml HTTP/1.1" 200 887 "-" "Apache Shindig"
0:0:0:0:0:0:0:1 - - [29/Sep/2014:18:25:36 +0530] "GET //gadgets/ifr?url=http%3A%2F%2Flocalhost%3A9763%2Fportal%2Fgadgets%2Fdummy-chat%2Fdummy-chat.xml&container=default&view=default&lang=en&country=US&debug=1&nocache=1&sanitize=0&v=d8213105a7083aec18c9bce3596dddd0&testmode=0&parent=https%3A%2F%2Flocalhost%3A9443&mid=0 HTTP/1.1" 304 - "https://localhost:9443/TestDashSite2/" "Mozilla/5.0 (Macintosh; Intel Mac OS X 10.9; rv:32.0) Gecko/20100101 Firefox/32.0"
127.0.0.1 - - [29/Sep/2014:18:25:36 +0530] "GET /portal/gadgets/dummy-chat/js/dummy-chat.js HTTP/1.1" 200 783 "-" "Apache Shindig"
127.0.0.1 - - [29/Sep/2014:18:25:36 +0530] "GET /portal/gadgets/dummy-chat/dummy-chat.xml HTTP/1.1" 200 887 "-" "Apache Shindig"
0:0:0:0:0:0:0:1 - - [29/Sep/2014:18:25:36 +0530] "GET //gadgets/concat?container=default&gadget=http%3A%2F%2Flocalhost%3A9763%2Fportal%2Fgadgets%2Fdummy-chat%2Fdummy-chat.xml&debug=1&nocache=1&type=js&1=http%3A%2F%2Flocalhost%3A9763%2Fportal%2Fgadgets%2Fdummy-chat%2Fjs%2Fdummy-chat.js HTTP/1.1" 304 - "https://localhost:9443//gadgets/ifr?url=http%3A%2F%2Flocalhost%3A9763%2Fportal%2Fgadgets%2Fdummy-chat%2Fdummy-chat.xml&container=default&view=default&lang=en&country=US&debug=1&nocache=1&sanitize=0&v=d8213105a7083aec18c9bce3596dddd0&testmode=0&parent=https%3A%2F%2Flocalhost%3A9443&mid=0" "Mozilla/5.0 (Macintosh; Intel Mac OS X 10.9; rv:32.0) Gecko/20100101 Firefox/32.0"
127.0.0.1 - - [29/Sep/2014:18:25:36 +0530] "GET /portal/gadgets/wso2-dev/js/tmpl.js HTTP/1.1" 200 1229 "-" "Apache Shindig"
127.0.0.1 - - [29/Sep/2014:18:25:36 +0530] "GET /portal/gadgets/wso2-dev/js/jshashtable-2.1_src.js HTTP/1.1" 200 3039 "-" "Apache Shindig"
