0:0:0:0:0:0:0:1 - - [18/Sep/2014:14:48:42 +0530] "GET //gadgets/proxy?container=default&gadget=http%3A%2F%2Flocalhost%3A9763%2Fportal%2Fgadgets%2Fintro-gadget-2%2Fintro-gadget-2.xml&debug=1&nocache=1&html_tag_context=link&url=http%3A%2F%2Flocalhost%3A9763%2Fportal%2Fthemes%2Fportal%2Fcss%2Fflot-graph.css HTTP/1.1" 304 - "https://localhost:9443//gadgets/ifr?url=http%3A%2F%2Flocalhost%3A9763%2Fportal%2Fgadgets%2Fintro-gadget-2%2Fintro-gadget-2.xml&container=default&view=default&lang=en&country=US&debug=1&nocache=1&sanitize=0&v=d8213105a7083aec18c9bce3596dddd0&testmode=0&parent=https%3A%2F%2Flocalhost%3A9443&mid=0" "Mozilla/5.0 (Macintosh; Intel Mac OS X 10.9; rv:32.0) Gecko/20100101 Firefox/32.0"
0:0:0:0:0:0:0:1 - - [18/Sep/2014:14:48:42 +0530] "GET //gadgets/proxy?container=default&gadget=http%3A%2F%2Flocalhost%3A9763%2Fportal%2Fgadgets%2Fintro-gadget-1%2Fintro-gadget-1.xml&debug=1&nocache=1&html_tag_context=link&url=http%3A%2F%2Flocalhost%3A9763%2Fportal%2Fthemes%2Fportal%2Fcss%2Fflot-graph.css HTTP/1.1" 304 - "https://localhost:9443//gadgets/ifr?url=http%3A%2F%2Flocalhost%3A9763%2Fportal%2Fgadgets%2Fintro-gadget-1%2Fintro-gadget-1.xml&container=default&view=default&lang=en&country=US&debug=1&nocache=1&sanitize=0&v=d8213105a7083aec18c9bce3596dddd0&testmode=0&parent=https%3A%2F%2Flocalhost%3A9443&mid=0" "Mozilla/5.0 (Macintosh; Intel Mac OS X 10.9; rv:32.0) Gecko/20100101 Firefox/32.0"
127.0.0.1 - - [18/Sep/2014:14:48:42 +0530] "GET /portal/gadgets/intro-gadget-2/js/intro-gadget-2.js HTTP/1.1" 200 1866 "-" "Apache Shindig"
127.0.0.1 - - [18/Sep/2014:14:48:42 +0530] "GET /portal/js/flot/excanvas.min.js HTTP/1.1" 200 8433 "-" "Apache Shindig"
127.0.0.1 - - [18/Sep/2014:14:48:42 +0530] "GET /portal/js/flot/excanvas.min.js HTTP/1.1" 200 8433 "-" "Apache Shindig"
127.0.0.1 - - [18/Sep/2014:14:48:42 +0530] "GET /portal/gadgets/intro-gadget-1/js/intro-gadget-1.js HTTP/1.1" 200 1848 "-" "Apache Shindig"
127.0.0.1 - - [18/Sep/2014:14:48:42 +0530] "GET /portal/gadgets/intro-gadget-1/intro-gadget-1.xml HTTP/1.1" 200 881 "-" "Apache Shindig"
127.0.0.1 - - [18/Sep/2014:14:48:42 +0530] "GET /portal/js/flot/jquery.flot.js HTTP/1.1" 200 26419 "-" "Apache Shindig"
127.0.0.1 - - [18/Sep/2014:14:48:42 +0530] "GET /portal/js/flot/jquery.flot.js HTTP/1.1" 200 26419 "-" "Apache Shindig"
127.0.0.1 - - [18/Sep/2014:14:48:42 +0530] "GET /portal/gadgets/intro-gadget-2/intro-gadget-2.xml HTTP/1.1" 200 959 "-" "Apache Shindig"
127.0.0.1 - - [18/Sep/2014:14:48:42 +0530] "GET /portal/js/flot/jquery.js HTTP/1.1" 200 81076 "-" "Apache Shindig"
127.0.0.1 - - [18/Sep/2014:14:48:42 +0530] "GET /portal/js/flot/jquery.js HTTP/1.1" 200 81076 "-" "Apache Shindig"
127.0.0.1 - - [18/Sep/2014:14:48:42 +0530] "GET /portal/gadgets/intro-gadget-1/intro-gadget-1.xml HTTP/1.1" 200 881 "-" "Apache Shindig"
127.0.0.1 - - [18/Sep/2014:14:48:42 +0530] "GET /portal/gadgets/intro-gadget-2/intro-gadget-2.xml HTTP/1.1" 200 959 "-" "Apache Shindig"
127.0.0.1 - - [18/Sep/2014:14:48:42 +0530] "GET /portal/gadgets/intro-gadget-1/intro-gadget-1.xml HTTP/1.1" 200 881 "-" "Apache Shindig"
127.0.0.1 - - [18/Sep/2014:14:48:42 +0530] "GET /portal/gadgets/intro-gadget-2/intro-gadget-2.xml HTTP/1.1" 200 959 "-" "Apache Shindig"
127.0.0.1 - - [18/Sep/2014:14:48:42 +0530] "GET /portal/gadgets/intro-gadget-1/intro-gadget-1.xml HTTP/1.1" 200 881 "-" "Apache Shindig"
127.0.0.1 - - [18/Sep/2014:14:48:42 +0530] "GET /portal/gadgets/intro-gadget-2/intro-gadget-2.xml HTTP/1.1" 200 959 "-" "Apache Shindig"
0:0:0:0:0:0:0:1 - - [18/Sep/2014:14:48:42 +0530] "GET //gadgets/concat?container=default&gadget=http%3A%2F%2Flocalhost%3A9763%2Fportal%2Fgadgets%2Fintro-gadget-1%2Fintro-gadget-1.xml&debug=1&nocache=1&type=js&1=http%3A%2F%2Flocalhost%3A9763%2Fportal%2Fjs%2Fflot%2Fexcanvas.min.js&2=http%3A%2F%2Flocalhost%3A9763%2Fportal%2Fjs%2Fflot%2Fjquery.js&3=http%3A%2F%2Flocalhost%3A9763%2Fportal%2Fjs%2Fflot%2Fjquery.flot.js&4=http%3A%2F%2Flocalhost%3A9763%2Fportal%2Fgadgets%2Fintro-gadget-1%2Fjs%2Fintro-gadget-1.js HTTP/1.1" 304 - "https://localhost:9443//gadgets/ifr?url=http%3A%2F%2Flocalhost%3A9763%2Fportal%2Fgadgets%2Fintro-gadget-1%2Fintro-gadget-1.xml&container=default&view=default&lang=en&country=US&debug=1&nocache=1&sanitize=0&v=d8213105a7083aec18c9bce3596dddd0&testmode=0&parent=https%3A%2F%2Flocalhost%3A9443&mid=0" "Mozilla/5.0 (Macintosh; Intel Mac OS X 10.9; rv:32.0) Gecko/20100101 Firefox/32.0"
0:0:0:0:0:0:0:1 - - [18/Sep/2014:14:48:42 +0530] "GET //gadgets/concat?container=default&gadget=http%3A%2F%2Flocalhost%3A9763%2Fportal%2Fgadgets%2Fintro-gadget-2%2Fintro-gadget-2.xml&debug=1&nocache=1&type=js&1=http%3A%2F%2Flocalhost%3A9763%2Fportal%2Fjs%2Fflot%2Fexcanvas.min.js&2=http%3A%2F%2Flocalhost%3A9763%2Fportal%2Fjs%2Fflot%2Fjquery.js&3=http%3A%2F%2Flocalhost%3A9763%2Fportal%2Fjs%2Fflot%2Fjquery.flot.js&4=http%3A%2F%2Flocalhost%3A9763%2Fportal%2Fgadgets%2Fintro-gadget-2%2Fjs%2Fintro-gadget-2.js HTTP/1.1" 304 - "https://localhost:9443//gadgets/ifr?url=http%3A%2F%2Flocalhost%3A9763%2Fportal%2Fgadgets%2Fintro-gadget-2%2Fintro-gadget-2.xml&container=default&view=default&lang=en&country=US&debug=1&nocache=1&sanitize=0&v=d8213105a7083aec18c9bce3596dddd0&testmode=0&parent=https%3A%2F%2Flocalhost%3A9443&mid=0" "Mozilla/5.0 (Macintosh; Intel Mac OS X 10.9; rv:32.0) Gecko/20100101 Firefox/32.0"
127.0.0.1 - - [18/Sep/2014:14:48:42 +0530] "GET /portal/gadgets/intro-gadget-1/img/title.png HTTP/1.1" 200 4159 "-" "Apache Shindig"
127.0.0.1 - - [18/Sep/2014:14:48:42 +0530] "GET /portal/gadgets/intro-gadget-1/intro-gadget-1.xml HTTP/1.1" 200 881 "-" "Apache Shindig"
0:0:0:0:0:0:0:1 - - [18/Sep/2014:14:48:42 +0530] "GET //gadgets/proxy?container=default&gadget=http%3A%2F%2Flocalhost%3A9763%2Fportal%2Fgadgets%2Fintro-gadget-1%2Fintro-gadget-1.xml&debug=1&nocache=1&html_tag_context=img&url=http%3A%2F%2Flocalhost%3A9763%2Fportal%2Fgadgets%2Fintro-gadget-1%2Fimg%2Ftitle.png HTTP/1.1" 304 - "https://localhost:9443//gadgets/ifr?url=http%3A%2F%2Flocalhost%3A9763%2Fportal%2Fgadgets%2Fintro-gadget-1%2Fintro-gadget-1.xml&container=default&view=default&lang=en&country=US&debug=1&nocache=1&sanitize=0&v=d8213105a7083aec18c9bce3596dddd0&testmode=0&parent=https%3A%2F%2Flocalhost%3A9443&mid=0" "Mozilla/5.0 (Macintosh; Intel Mac OS X 10.9; rv:32.0) Gecko/20100101 Firefox/32.0"
127.0.0.1 - - [18/Sep/2014:14:48:42 +0530] "GET /portal/gadgets/intro-gadget-2/img/title.png HTTP/1.1" 200 3185 "-" "Apache Shindig"
127.0.0.1 - - [18/Sep/2014:14:48:42 +0530] "GET /portal/gadgets/intro-gadget-2/intro-gadget-2.xml HTTP/1.1" 200 959 "-" "Apache Shindig"
0:0:0:0:0:0:0:1 - - [18/Sep/2014:14:48:42 +0530] "GET //gadgets/proxy?container=default&gadget=http%3A%2F%2Flocalhost%3A9763%2Fportal%2Fgadgets%2Fintro-gadget-2%2Fintro-gadget-2.xml&debug=1&nocache=1&html_tag_context=img&url=http%3A%2F%2Flocalhost%3A9763%2Fportal%2Fgadgets%2Fintro-gadget-2%2Fimg%2Ftitle.png HTTP/1.1" 304 - "https://localhost:9443//gadgets/ifr?url=http%3A%2F%2Flocalhost%3A9763%2Fportal%2Fgadgets%2Fintro-gadget-2%2Fintro-gadget-2.xml&container=default&view=default&lang=en&country=US&debug=1&nocache=1&sanitize=0&v=d8213105a7083aec18c9bce3596dddd0&testmode=0&parent=https%3A%2F%2Flocalhost%3A9443&mid=0" "Mozilla/5.0 (Macintosh; Intel Mac OS X 10.9; rv:32.0) Gecko/20100101 Firefox/32.0"
0:0:0:0:0:0:0:1 - - [18/Sep/2014:14:57:30 +0530] "POST /sso/samlsso.jag HTTP/1.1" 200 2011 "https://localhost:9443/portal/?path=/portal/dashboard.jag" "Mozilla/5.0 (Macintosh; Intel Mac OS X 10.9; rv:32.0) Gecko/20100101 Firefox/32.0"
0:0:0:0:0:0:0:1 - - [18/Sep/2014:14:57:30 +0530] "POST /portal/sso.jag HTTP/1.1" 302 - "https://localhost:9443/sso/samlsso.jag" "Mozilla/5.0 (Macintosh; Intel Mac OS X 10.9; rv:32.0) Gecko/20100101 Firefox/32.0"
0:0:0:0:0:0:0:1 - - [18/Sep/2014:14:57:30 +0530] "GET /portal HTTP/1.1" 302 - "https://localhost:9443/sso/samlsso.jag" "Mozilla/5.0 (Macintosh; Intel Mac OS X 10.9; rv:32.0) Gecko/20100101 Firefox/32.0"
0:0:0:0:0:0:0:1 - - [18/Sep/2014:14:57:30 +0530] "GET /portal/ HTTP/1.1" 302 - "https://localhost:9443/sso/samlsso.jag" "Mozilla/5.0 (Macintosh; Intel Mac OS X 10.9; rv:32.0) Gecko/20100101 Firefox/32.0"
0:0:0:0:0:0:0:1 - - [18/Sep/2014:14:57:30 +0530] "GET /portal/dashboard.jag HTTP/1.1" 200 3114 "https://localhost:9443/sso/samlsso.jag" "Mozilla/5.0 (Macintosh; Intel Mac OS X 10.9; rv:32.0) Gecko/20100101 Firefox/32.0"
0:0:0:0:0:0:0:1 - - [18/Sep/2014:14:57:30 +0530] "GET /portal/apis/browser.jag?action=browse&cmd=open&target=&init=1&tree=1&_=1411032450963 HTTP/1.1" 200 3114 "https://localhost:9443/portal/dashboard.jag" "Mozilla/5.0 (Macintosh; Intel Mac OS X 10.9; rv:32.0) Gecko/20100101 Firefox/32.0"
0:0:0:0:0:0:0:1 - - [18/Sep/2014:14:57:35 +0530] "GET /portal/apis/browser.jag?action=browse&cmd=open&target=l1_cG9ydGFs&_=1411032455718 HTTP/1.1" 200 8221 "https://localhost:9443/portal/dashboard.jag" "Mozilla/5.0 (Macintosh; Intel Mac OS X 10.9; rv:32.0) Gecko/20100101 Firefox/32.0"
0:0:0:0:0:0:0:1 - - [18/Sep/2014:14:57:37 +0530] "GET /portal/apis/browser.jag?action=browse&cmd=open&target=l1_cG9ydGFsL2dhZGdldHM&_=1411032457398 HTTP/1.1" 200 7243 "https://localhost:9443/portal/dashboard.jag" "Mozilla/5.0 (Macintosh; Intel Mac OS X 10.9; rv:32.0) Gecko/20100101 Firefox/32.0"
0:0:0:0:0:0:0:1 - - [18/Sep/2014:14:57:39 +0530] "GET /portal/apis/browser.jag?action=browse&cmd=open&target=l1_cG9ydGFsL2dhZGdldHMvYmFyLWNoYXJ0&_=1411032459283 HTTP/1.1" 200 1931 "https://localhost:9443/portal/dashboard.jag" "Mozilla/5.0 (Macintosh; Intel Mac OS X 10.9; rv:32.0) Gecko/20100101 Firefox/32.0"
0:0:0:0:0:0:0:1 - - [18/Sep/2014:14:57:41 +0530] "GET /portal/editor.jag?sitehash=l1_cG9ydGFsL2dhZGdldHMvYmFyLWNoYXJ0L2Jhci1jaGFydC54bWw HTTP/1.1" 200 3402 "https://localhost:9443/portal/dashboard.jag" "Mozilla/5.0 (Macintosh; Intel Mac OS X 10.9; rv:32.0) Gecko/20100101 Firefox/32.0"
0:0:0:0:0:0:0:1 - - [18/Sep/2014:14:57:41 +0530] "GET /portal/themes/portal/css/portal-editor.css HTTP/1.1" 200 820 "https://localhost:9443/portal/editor.jag?sitehash=l1_cG9ydGFsL2dhZGdldHMvYmFyLWNoYXJ0L2Jhci1jaGFydC54bWw" "Mozilla/5.0 (Macintosh; Intel Mac OS X 10.9; rv:32.0) Gecko/20100101 Firefox/32.0"
0:0:0:0:0:0:0:1 - - [18/Sep/2014:14:57:41 +0530] "GET /portal/themes/portal/css/codemirror/codemirror.css HTTP/1.1" 200 1918 "https://localhost:9443/portal/editor.jag?sitehash=l1_cG9ydGFsL2dhZGdldHMvYmFyLWNoYXJ0L2Jhci1jaGFydC54bWw" "Mozilla/5.0 (Macintosh; Intel Mac OS X 10.9; rv:32.0) Gecko/20100101 Firefox/32.0"
0:0:0:0:0:0:0:1 - - [18/Sep/2014:14:57:41 +0530] "GET /portal/themes/portal/css/codemirror/show-hint.css HTTP/1.1" 200 660 "https://localhost:9443/portal/editor.jag?sitehash=l1_cG9ydGFsL2dhZGdldHMvYmFyLWNoYXJ0L2Jhci1jaGFydC54bWw" "Mozilla/5.0 (Macintosh; Intel Mac OS X 10.9; rv:32.0) Gecko/20100101 Firefox/32.0"
0:0:0:0:0:0:0:1 - - [18/Sep/2014:14:57:41 +0530] "GET /portal/themes/portal/js/codemirror/search/searchcursor.js HTTP/1.1" 200 1665 "https://localhost:9443/portal/editor.jag?sitehash=l1_cG9ydGFsL2dhZGdldHMvYmFyLWNoYXJ0L2Jhci1jaGFydC54bWw" "Mozilla/5.0 (Macintosh; Intel Mac OS X 10.9; rv:32.0) Gecko/20100101 Firefox/32.0"
0:0:0:0:0:0:0:1 - - [18/Sep/2014:14:57:41 +0530] "GET /portal/themes/portal/js/codemirror/mode/xml.js HTTP/1.1" 200 2626 "https://localhost:9443/portal/editor.jag?sitehash=l1_cG9ydGFsL2dhZGdldHMvYmFyLWNoYXJ0L2Jhci1jaGFydC54bWw" "Mozilla/5.0 (Macintosh; Intel Mac OS X 10.9; rv:32.0) Gecko/20100101 Firefox/32.0"
0:0:0:0:0:0:0:1 - - [18/Sep/2014:14:57:41 +0530] "GET /portal/themes/portal/js/codemirror/mode/javascript.js HTTP/1.1" 200 3925 "https://localhost:9443/portal/editor.jag?sitehash=l1_cG9ydGFsL2dhZGdldHMvYmFyLWNoYXJ0L2Jhci1jaGFydC54bWw" "Mozilla/5.0 (Macintosh; Intel Mac OS X 10.9; rv:32.0) Gecko/20100101 Firefox/32.0"
0:0:0:0:0:0:0:1 - - [18/Sep/2014:14:57:41 +0530] "GET /portal/themes/portal/js/codemirror/mode/htmlmixed.js HTTP/1.1" 200 1233 "https://localhost:9443/portal/editor.jag?sitehash=l1_cG9ydGFsL2dhZGdldHMvYmFyLWNoYXJ0L2Jhci1jaGFydC54bWw" "Mozilla/5.0 (Macintosh; Intel Mac OS X 10.9; rv:32.0) Gecko/20100101 Firefox/32.0"
0:0:0:0:0:0:0:1 - - [18/Sep/2014:14:57:41 +0530] "GET /portal/themes/portal/js/codemirror/mode/css.js HTTP/1.1" 200 7005 "https://localhost:9443/portal/editor.jag?sitehash=l1_cG9ydGFsL2dhZGdldHMvYmFyLWNoYXJ0L2Jhci1jaGFydC54bWw" "Mozilla/5.0 (Macintosh; Intel Mac OS X 10.9; rv:32.0) Gecko/20100101 Firefox/32.0"
0:0:0:0:0:0:0:1 - - [18/Sep/2014:14:57:41 +0530] "GET /portal/themes/portal/js/codemirror/hint/show-hint.js HTTP/1.1" 200 2122 "https://localhost:9443/portal/editor.jag?sitehash=l1_cG9ydGFsL2dhZGdldHMvYmFyLWNoYXJ0L2Jhci1jaGFydC54bWw" "Mozilla/5.0 (Macintosh; Intel Mac OS X 10.9; rv:32.0) Gecko/20100101 Firefox/32.0"
0:0:0:0:0:0:0:1 - - [18/Sep/2014:14:57:41 +0530] "GET /portal/themes/portal/js/codemirror/hint/javascript-hint.js HTTP/1.1" 200 1922 "https://localhost:9443/portal/editor.jag?sitehash=l1_cG9ydGFsL2dhZGdldHMvYmFyLWNoYXJ0L2Jhci1jaGFydC54bWw" "Mozilla/5.0 (Macintosh; Intel Mac OS X 10.9; rv:32.0) Gecko/20100101 Firefox/32.0"
0:0:0:0:0:0:0:1 - - [18/Sep/2014:14:57:41 +0530] "GET /portal/themes/portal/js/codemirror/mode/htmlembedded.js HTTP/1.1" 200 684 "https://localhost:9443/portal/editor.jag?sitehash=l1_cG9ydGFsL2dhZGdldHMvYmFyLWNoYXJ0L2Jhci1jaGFydC54bWw" "Mozilla/5.0 (Macintosh; Intel Mac OS X 10.9; rv:32.0) Gecko/20100101 Firefox/32.0"
0:0:0:0:0:0:0:1 - - [18/Sep/2014:14:57:41 +0530] "GET /portal/themes/portal/js/codemirror/hint/html-hint.js HTTP/1.1" 200 3979 "https://localhost:9443/portal/editor.jag?sitehash=l1_cG9ydGFsL2dhZGdldHMvYmFyLWNoYXJ0L2Jhci1jaGFydC54bWw" "Mozilla/5.0 (Macintosh; Intel Mac OS X 10.9; rv:32.0) Gecko/20100101 Firefox/32.0"
0:0:0:0:0:0:0:1 - - [18/Sep/2014:14:57:41 +0530] "GET /portal/themes/portal/js/codemirror/addon/formatting.js HTTP/1.1" 200 1526 "https://localhost:9443/portal/editor.jag?sitehash=l1_cG9ydGFsL2dhZGdldHMvYmFyLWNoYXJ0L2Jhci1jaGFydC54bWw" "Mozilla/5.0 (Macintosh; Intel Mac OS X 10.9; rv:32.0) Gecko/20100101 Firefox/32.0"
0:0:0:0:0:0:0:1 - - [18/Sep/2014:14:57:41 +0530] "GET /portal/themes/portal/js/gadgetInclude.js HTTP/1.1" 200 1236 "https://localhost:9443/portal/editor.jag?sitehash=l1_cG9ydGFsL2dhZGdldHMvYmFyLWNoYXJ0L2Jhci1jaGFydC54bWw" "Mozilla/5.0 (Macintosh; Intel Mac OS X 10.9; rv:32.0) Gecko/20100101 Firefox/32.0"
0:0:0:0:0:0:0:1 - - [18/Sep/2014:14:57:41 +0530] "GET /portal/themes/portal/js/autosave.js HTTP/1.1" 200 1579 "https://localhost:9443/portal/editor.jag?sitehash=l1_cG9ydGFsL2dhZGdldHMvYmFyLWNoYXJ0L2Jhci1jaGFydC54bWw" "Mozilla/5.0 (Macintosh; Intel Mac OS X 10.9; rv:32.0) Gecko/20100101 Firefox/32.0"
0:0:0:0:0:0:0:1 - - [18/Sep/2014:14:57:41 +0530] "GET /portal/themes/portal/js/gadgetContainer.js HTTP/1.1" 200 2564 "https://localhost:9443/portal/editor.jag?sitehash=l1_cG9ydGFsL2dhZGdldHMvYmFyLWNoYXJ0L2Jhci1jaGFydC54bWw" "Mozilla/5.0 (Macintosh; Intel Mac OS X 10.9; rv:32.0) Gecko/20100101 Firefox/32.0"
0:0:0:0:0:0:0:1 - - [18/Sep/2014:14:57:41 +0530] "GET /portal/themes/portal/js/diff/diff.js HTTP/1.1" 200 3411 "https://localhost:9443/portal/editor.jag?sitehash=l1_cG9ydGFsL2dhZGdldHMvYmFyLWNoYXJ0L2Jhci1jaGFydC54bWw" "Mozilla/5.0 (Macintosh; Intel Mac OS X 10.9; rv:32.0) Gecko/20100101 Firefox/32.0"
0:0:0:0:0:0:0:1 - - [18/Sep/2014:14:57:41 +0530] "GET /portal/themes/portal/js/alert.js HTTP/1.1" 200 205 "https://localhost:9443/portal/editor.jag?sitehash=l1_cG9ydGFsL2dhZGdldHMvYmFyLWNoYXJ0L2Jhci1jaGFydC54bWw" "Mozilla/5.0 (Macintosh; Intel Mac OS X 10.9; rv:32.0) Gecko/20100101 Firefox/32.0"
0:0:0:0:0:0:0:1 - - [18/Sep/2014:14:57:41 +0530] "GET /portal/themes/portal/js/portal-editor.js HTTP/1.1" 200 5011 "https://localhost:9443/portal/editor.jag?sitehash=l1_cG9ydGFsL2dhZGdldHMvYmFyLWNoYXJ0L2Jhci1jaGFydC54bWw" "Mozilla/5.0 (Macintosh; Intel Mac OS X 10.9; rv:32.0) Gecko/20100101 Firefox/32.0"
0:0:0:0:0:0:0:1 - - [18/Sep/2014:14:57:41 +0530] "GET /portal/themes/portal/img/logo-ide.png HTTP/1.1" 200 4901 "https://localhost:9443/portal/themes/portal/css/portal-editor.css" "Mozilla/5.0 (Macintosh; Intel Mac OS X 10.9; rv:32.0) Gecko/20100101 Firefox/32.0"
0:0:0:0:0:0:0:1 - - [18/Sep/2014:14:57:41 +0530] "GET /portal/themes/portal/js/portal-gadgets-js.jag HTTP/1.1" 200 268 "https://localhost:9443/portal/editor.jag?sitehash=l1_cG9ydGFsL2dhZGdldHMvYmFyLWNoYXJ0L2Jhci1jaGFydC54bWw" "Mozilla/5.0 (Macintosh; Intel Mac OS X 10.9; rv:32.0) Gecko/20100101 Firefox/32.0"
0:0:0:0:0:0:0:1 - - [18/Sep/2014:14:57:41 +0530] "GET /portal/themes/portal/js/codemirror/lib/codemirror.js HTTP/1.1" 200 57590 "https://localhost:9443/portal/editor.jag?sitehash=l1_cG9ydGFsL2dhZGdldHMvYmFyLWNoYXJ0L2Jhci1jaGFydC54bWw" "Mozilla/5.0 (Macintosh; Intel Mac OS X 10.9; rv:32.0) Gecko/20100101 Firefox/32.0"
127.0.0.1 - - [18/Sep/2014:14:57:41 +0530] "GET /portal/gadgets/show-assets/show-assets.xml HTTP/1.1" 200 1769 "-" "Apache Shindig"
0:0:0:0:0:0:0:1 - - [18/Sep/2014:14:57:41 +0530] "POST /rpc?st=-1%3A-1%3A*%3A*%3A*%3A0%3Adefault HTTP/1.1" 200 1473 "https://localhost:9443/portal/editor.jag?sitehash=l1_cG9ydGFsL2dhZGdldHMvYmFyLWNoYXJ0L2Jhci1jaGFydC54bWw" "Mozilla/5.0 (Macintosh; Intel Mac OS X 10.9; rv:32.0) Gecko/20100101 Firefox/32.0"
0:0:0:0:0:0:0:1 - - [18/Sep/2014:14:57:41 +0530] "GET /portal/apis/browser.jag?action=browse&cmd=open&target=l1_cG9ydGFs&init=1&tree=1&_=1411032461346 HTTP/1.1" 200 8394 "https://localhost:9443/portal/editor.jag?sitehash=l1_cG9ydGFsL2dhZGdldHMvYmFyLWNoYXJ0L2Jhci1jaGFydC54bWw" "Mozilla/5.0 (Macintosh; Intel Mac OS X 10.9; rv:32.0) Gecko/20100101 Firefox/32.0"
0:0:0:0:0:0:0:1 - - [18/Sep/2014:14:57:41 +0530] "GET /portal/apis/editor.jag?operation=get_content&page=portal&pathhash=l1_cG9ydGFsL2dhZGdldHMvYmFyLWNoYXJ0L2Jhci1jaGFydC54bWw&version=old HTTP/1.1" 200 885 "https://localhost:9443/portal/editor.jag?sitehash=l1_cG9ydGFsL2dhZGdldHMvYmFyLWNoYXJ0L2Jhci1jaGFydC54bWw" "Mozilla/5.0 (Macintosh; Intel Mac OS X 10.9; rv:32.0) Gecko/20100101 Firefox/32.0"
127.0.0.1 - - [18/Sep/2014:14:57:41 +0530] "GET /portal/gadgets/show-assets/show-assets.xml HTTP/1.1" 200 1769 "-" "Apache Shindig"
0:0:0:0:0:0:0:1 - - [18/Sep/2014:14:57:41 +0530] "GET /portal/apis/autosave.jag?action=getStatus&page=portal&pathhash=l1_cG9ydGFsL2dhZGdldHMvYmFyLWNoYXJ0L2Jhci1jaGFydC54bWw HTTP/1.1" 200 74 "https://localhost:9443/portal/editor.jag?sitehash=l1_cG9ydGFsL2dhZGdldHMvYmFyLWNoYXJ0L2Jhci1jaGFydC54bWw" "Mozilla/5.0 (Macintosh; Intel Mac OS X 10.9; rv:32.0) Gecko/20100101 Firefox/32.0"
0:0:0:0:0:0:0:1 - - [18/Sep/2014:14:57:41 +0530] "GET //gadgets/ifr?url=http%3A%2F%2Flocalhost%3A9763%2Fportal%2Fgadgets%2Fshow-assets%2Fshow-assets.xml&container=default&view=default&lang=en&country=US&debug=1&nocache=1&sanitize=0&v=d8213105a7083aec18c9bce3596dddd0&testmode=0&parent=https%3A%2F%2Flocalhost%3A9443&mid=0 HTTP/1.1" 304 - "https://localhost:9443/portal/editor.jag?sitehash=l1_cG9ydGFsL2dhZGdldHMvYmFyLWNoYXJ0L2Jhci1jaGFydC54bWw" "Mozilla/5.0 (Macintosh; Intel Mac OS X 10.9; rv:32.0) Gecko/20100101 Firefox/32.0"
127.0.0.1 - - [18/Sep/2014:14:57:41 +0530] "GET /portal/gadgets/show-assets/css/styles.css HTTP/1.1" 200 2062 "-" "Apache Shindig"
127.0.0.1 - - [18/Sep/2014:14:57:41 +0530] "GET /portal/gadgets/show-assets/css/bootstrap.min.css HTTP/1.1" 200 15959 "-" "Apache Shindig"
127.0.0.1 - - [18/Sep/2014:14:57:41 +0530] "GET /portal/gadgets/show-assets/show-assets.xml HTTP/1.1" 200 1769 "-" "Apache Shindig"
127.0.0.1 - - [18/Sep/2014:14:57:41 +0530] "GET /portal/gadgets/show-assets/show-assets.xml HTTP/1.1" 200 1769 "-" "Apache Shindig"
0:0:0:0:0:0:0:1 - - [18/Sep/2014:14:57:41 +0530] "GET //gadgets/concat?container=default&gadget=http%3A%2F%2Flocalhost%3A9763%2Fportal%2Fgadgets%2Fshow-assets%2Fshow-assets.xml&debug=1&nocache=1&type=css&1=http%3A%2F%2Flocalhost%3A9763%2Fportal%2Fgadgets%2Fshow-assets%2Fcss%2Fbootstrap.min.css&2=http%3A%2F%2Flocalhost%3A9763%2Fportal%2Fgadgets%2Fshow-assets%2Fcss%2Fstyles.css HTTP/1.1" 304 - "https://localhost:9443//gadgets/ifr?url=http%3A%2F%2Flocalhost%3A9763%2Fportal%2Fgadgets%2Fshow-assets%2Fshow-assets.xml&container=default&view=default&lang=en&country=US&debug=1&nocache=1&sanitize=0&v=d8213105a7083aec18c9bce3596dddd0&testmode=0&parent=https%3A%2F%2Flocalhost%3A9443&mid=0" "Mozilla/5.0 (Macintosh; Intel Mac OS X 10.9; rv:32.0) Gecko/20100101 Firefox/32.0"
127.0.0.1 - - [18/Sep/2014:14:57:41 +0530] "GET /portal/gadgets/show-assets/js/load-assets.js HTTP/1.1" 200 2901 "-" "Apache Shindig"
127.0.0.1 - - [18/Sep/2014:14:57:41 +0530] "GET /portal/gadgets/show-assets/js/bootstrap.min.js HTTP/1.1" 200 4218 "-" "Apache Shindig"
127.0.0.1 - - [18/Sep/2014:14:57:41 +0530] "GET /portal/gadgets/show-assets/js/jquery.validate.js HTTP/1.1" 200 10011 "-" "Apache Shindig"
127.0.0.1 - - [18/Sep/2014:14:57:41 +0530] "GET /portal/gadgets/show-assets/js/jquery.nicescroll.min.js HTTP/1.1" 200 14017 "-" "Apache Shindig"
127.0.0.1 - - [18/Sep/2014:14:57:41 +0530] "GET /portal/gadgets/show-assets/js/handlebars.js HTTP/1.1" 200 18303 "-" "Apache Shindig"
127.0.0.1 - - [18/Sep/2014:14:57:41 +0530] "GET /portal/gadgets/show-assets/js/jquery-1.8.3.min.js HTTP/1.1" 200 33942 "-" "Apache Shindig"
127.0.0.1 - - [18/Sep/2014:14:57:41 +0530] "GET /portal/gadgets/show-assets/show-assets.xml HTTP/1.1" 200 1769 "-" "Apache Shindig"
127.0.0.1 - - [18/Sep/2014:14:57:41 +0530] "GET /portal/gadgets/show-assets/show-assets.xml HTTP/1.1" 200 1769 "-" "Apache Shindig"
127.0.0.1 - - [18/Sep/2014:14:57:41 +0530] "GET /portal/gadgets/show-assets/show-assets.xml HTTP/1.1" 200 1769 "-" "Apache Shindig"
127.0.0.1 - - [18/Sep/2014:14:57:41 +0530] "GET /portal/gadgets/show-assets/show-assets.xml HTTP/1.1" 200 1769 "-" "Apache Shindig"
127.0.0.1 - - [18/Sep/2014:14:57:41 +0530] "GET /portal/gadgets/show-assets/show-assets.xml HTTP/1.1" 200 1769 "-" "Apache Shindig"
127.0.0.1 - - [18/Sep/2014:14:57:41 +0530] "GET /portal/gadgets/show-assets/show-assets.xml HTTP/1.1" 200 1769 "-" "Apache Shindig"
0:0:0:0:0:0:0:1 - - [18/Sep/2014:14:57:41 +0530] "GET //gadgets/concat?container=default&gadget=http%3A%2F%2Flocalhost%3A9763%2Fportal%2Fgadgets%2Fshow-assets%2Fshow-assets.xml&debug=1&nocache=1&type=js&1=http%3A%2F%2Flocalhost%3A9763%2Fportal%2Fgadgets%2Fshow-assets%2Fjs%2Fjquery-1.8.3.min.js&2=http%3A%2F%2Flocalhost%3A9763%2Fportal%2Fgadgets%2Fshow-assets%2Fjs%2Fjquery.validate.js&3=http%3A%2F%2Flocalhost%3A9763%2Fportal%2Fgadgets%2Fshow-assets%2Fjs%2Fhandlebars.js&4=http%3A%2F%2Flocalhost%3A9763%2Fportal%2Fgadgets%2Fshow-assets%2Fjs%2Fbootstrap.min.js&5=http%3A%2F%2Flocalhost%3A9763%2Fportal%2Fgadgets%2Fshow-assets%2Fjs%2Fload-assets.js&6=http%3A%2F%2Flocalhost%3A9763%2Fportal%2Fgadgets%2Fshow-assets%2Fjs%2Fjquery.nicescroll.min.js HTTP/1.1" 304 - "https://localhost:9443//gadgets/ifr?url=http%3A%2F%2Flocalhost%3A9763%2Fportal%2Fgadgets%2Fshow-assets%2Fshow-assets.xml&container=default&view=default&lang=en&country=US&debug=1&nocache=1&sanitize=0&v=d8213105a7083aec18c9bce3596dddd0&testmode=0&parent=https%3A%2F%2Flocalhost%3A9443&mid=0" "Mozilla/5.0 (Macintosh; Intel Mac OS X 10.9; rv:32.0) Gecko/20100101 Firefox/32.0"
0:0:0:0:0:0:0:1 - - [18/Sep/2014:14:57:41 +0530] "GET /store/apis/myAsset/ HTTP/1.1" 401 975 "https://localhost:9443//gadgets/ifr?url=http%3A%2F%2Flocalhost%3A9763%2Fportal%2Fgadgets%2Fshow-assets%2Fshow-assets.xml&container=default&view=default&lang=en&country=US&debug=1&nocache=1&sanitize=0&v=d8213105a7083aec18c9bce3596dddd0&testmode=0&parent=https%3A%2F%2Flocalhost%3A9443&mid=0" "Mozilla/5.0 (Macintosh; Intel Mac OS X 10.9; rv:32.0) Gecko/20100101 Firefox/32.0"
0:0:0:0:0:0:0:1 - - [18/Sep/2014:14:57:41 +0530] "GET /store/apis/tag/gadget HTTP/1.1" 200 462 "https://localhost:9443//gadgets/ifr?url=http%3A%2F%2Flocalhost%3A9763%2Fportal%2Fgadgets%2Fshow-assets%2Fshow-assets.xml&container=default&view=default&lang=en&country=US&debug=1&nocache=1&sanitize=0&v=d8213105a7083aec18c9bce3596dddd0&testmode=0&parent=https%3A%2F%2Flocalhost%3A9443&mid=0" "Mozilla/5.0 (Macintosh; Intel Mac OS X 10.9; rv:32.0) Gecko/20100101 Firefox/32.0"
0:0:0:0:0:0:0:1 - - [18/Sep/2014:14:58:43 +0530] "GET /portal/apis/browser.jag?action=browse&cmd=open&target=l1_cG9ydGFsL2dhZGdldHM&_=1411032523888 HTTP/1.1" 200 7243 "https://localhost:9443/portal/editor.jag?sitehash=l1_cG9ydGFsL2dhZGdldHMvYmFyLWNoYXJ0L2Jhci1jaGFydC54bWw" "Mozilla/5.0 (Macintosh; Intel Mac OS X 10.9; rv:32.0) Gecko/20100101 Firefox/32.0"
0:0:0:0:0:0:0:1 - - [18/Sep/2014:14:58:47 +0530] "GET /portal/apis/browser.jag?action=browse&cmd=open&target=l1_cG9ydGFsL2luY2x1ZGVz&_=1411032527629 HTTP/1.1" 200 1198 "https://localhost:9443/portal/editor.jag?sitehash=l1_cG9ydGFsL2dhZGdldHMvYmFyLWNoYXJ0L2Jhci1jaGFydC54bWw" "Mozilla/5.0 (Macintosh; Intel Mac OS X 10.9; rv:32.0) Gecko/20100101 Firefox/32.0"
0:0:0:0:0:0:0:1 - - [18/Sep/2014:14:58:47 +0530] "GET /portal/apis/browser.jag?action=browse&cmd=open&target=l1_cG9ydGFsL2dhZGdldHM&_=1411032527932 HTTP/1.1" 200 7243 "https://localhost:9443/portal/editor.jag?sitehash=l1_cG9ydGFsL2dhZGdldHMvYmFyLWNoYXJ0L2Jhci1jaGFydC54bWw" "Mozilla/5.0 (Macintosh; Intel Mac OS X 10.9; rv:32.0) Gecko/20100101 Firefox/32.0"
0:0:0:0:0:0:0:1 - - [18/Sep/2014:14:58:49 +0530] "GET /portal/apis/browser.jag?action=browse&cmd=open&target=l1_cG9ydGFsL2dhZGdldHMvYmFyLWNoYXJ0&_=1411032529860 HTTP/1.1" 200 1931 "https://localhost:9443/portal/editor.jag?sitehash=l1_cG9ydGFsL2dhZGdldHMvYmFyLWNoYXJ0L2Jhci1jaGFydC54bWw" "Mozilla/5.0 (Macintosh; Intel Mac OS X 10.9; rv:32.0) Gecko/20100101 Firefox/32.0"
0:0:0:0:0:0:0:1 - - [18/Sep/2014:14:58:51 +0530] "GET /portal/apis/browser.jag?action=browse&cmd=open&target=l1_cG9ydGFsL2dhZGdldHMvYmFyLWNoYXJ0L2pz&_=1411032531380 HTTP/1.1" 200 1004 "https://localhost:9443/portal/editor.jag?sitehash=l1_cG9ydGFsL2dhZGdldHMvYmFyLWNoYXJ0L2Jhci1jaGFydC54bWw" "Mozilla/5.0 (Macintosh; Intel Mac OS X 10.9; rv:32.0) Gecko/20100101 Firefox/32.0"
0:0:0:0:0:0:0:1 - - [18/Sep/2014:14:58:52 +0530] "GET /portal/apis/editor.jag?operation=get_content&page=portal&pathhash=l1_cG9ydGFsL2dhZGdldHMvYmFyLWNoYXJ0L2pzL29wdGlvbnMtYmFyLmpz&version=old HTTP/1.1" 200 857 "https://localhost:9443/portal/editor.jag?sitehash=l1_cG9ydGFsL2dhZGdldHMvYmFyLWNoYXJ0L2Jhci1jaGFydC54bWw" "Mozilla/5.0 (Macintosh; Intel Mac OS X 10.9; rv:32.0) Gecko/20100101 Firefox/32.0"
0:0:0:0:0:0:0:1 - - [18/Sep/2014:14:58:52 +0530] "GET /portal/apis/autosave.jag?action=getStatus&page=portal&pathhash=l1_cG9ydGFsL2dhZGdldHMvYmFyLWNoYXJ0L2pzL29wdGlvbnMtYmFyLmpz HTTP/1.1" 200 78 "https://localhost:9443/portal/editor.jag?sitehash=l1_cG9ydGFsL2dhZGdldHMvYmFyLWNoYXJ0L2Jhci1jaGFydC54bWw" "Mozilla/5.0 (Macintosh; Intel Mac OS X 10.9; rv:32.0) Gecko/20100101 Firefox/32.0"
0:0:0:0:0:0:0:1 - - [18/Sep/2014:14:59:25 +0530] "GET /TestDash/ HTTP/1.1" 200 2630 "-" "Mozilla/5.0 (Macintosh; Intel Mac OS X 10.9; rv:32.0) Gecko/20100101 Firefox/32.0"
0:0:0:0:0:0:0:1 - - [18/Sep/2014:14:59:25 +0530] "GET /TestDash/css/bootstrap.min.css HTTP/1.1" 304 - "https://localhost:9443/TestDash/" "Mozilla/5.0 (Macintosh; Intel Mac OS X 10.9; rv:32.0) Gecko/20100101 Firefox/32.0"
0:0:0:0:0:0:0:1 - - [18/Sep/2014:14:59:25 +0530] "GET /TestDash/css/bootstrap-responsive.min.css HTTP/1.1" 304 - "https://localhost:9443/TestDash/" "Mozilla/5.0 (Macintosh; Intel Mac OS X 10.9; rv:32.0) Gecko/20100101 Firefox/32.0"
0:0:0:0:0:0:0:1 - - [18/Sep/2014:14:59:25 +0530] "GET /TestDash/css/font-awesome-ie7.min.css HTTP/1.1" 304 - "https://localhost:9443/TestDash/" "Mozilla/5.0 (Macintosh; Intel Mac OS X 10.9; rv:32.0) Gecko/20100101 Firefox/32.0"
0:0:0:0:0:0:0:1 - - [18/Sep/2014:14:59:25 +0530] "GET /TestDash/css/navigation.css HTTP/1.1" 304 - "https://localhost:9443/TestDash/" "Mozilla/5.0 (Macintosh; Intel Mac OS X 10.9; rv:32.0) Gecko/20100101 Firefox/32.0"
0:0:0:0:0:0:0:1 - - [18/Sep/2014:14:59:25 +0530] "GET /TestDash/css/font-awesome.min.css HTTP/1.1" 304 - "https://localhost:9443/TestDash/" "Mozilla/5.0 (Macintosh; Intel Mac OS X 10.9; rv:32.0) Gecko/20100101 Firefox/32.0"
0:0:0:0:0:0:0:1 - - [18/Sep/2014:14:59:25 +0530] "GET /TestDash/css/styles.css HTTP/1.1" 304 - "https://localhost:9443/TestDash/" "Mozilla/5.0 (Macintosh; Intel Mac OS X 10.9; rv:32.0) Gecko/20100101 Firefox/32.0"
0:0:0:0:0:0:0:1 - - [18/Sep/2014:14:59:25 +0530] "GET /TestDash/css/portal-dashboard-designer.css HTTP/1.1" 304 - "https://localhost:9443/TestDash/" "Mozilla/5.0 (Macintosh; Intel Mac OS X 10.9; rv:32.0) Gecko/20100101 Firefox/32.0"
0:0:0:0:0:0:0:1 - - [18/Sep/2014:14:59:25 +0530] "GET /TestDash/css/jquery.gridster.min.css HTTP/1.1" 304 - "https://localhost:9443/TestDash/" "Mozilla/5.0 (Macintosh; Intel Mac OS X 10.9; rv:32.0) Gecko/20100101 Firefox/32.0"
0:0:0:0:0:0:0:1 - - [18/Sep/2014:14:59:25 +0530] "GET /TestDash/js/navigation.js HTTP/1.1" 200 1030 "https://localhost:9443/TestDash/" "Mozilla/5.0 (Macintosh; Intel Mac OS X 10.9; rv:32.0) Gecko/20100101 Firefox/32.0"
0:0:0:0:0:0:0:1 - - [18/Sep/2014:14:59:25 +0530] "GET /TestDash/js/bootstrap.min.js HTTP/1.1" 304 - "https://localhost:9443/TestDash/" "Mozilla/5.0 (Macintosh; Intel Mac OS X 10.9; rv:32.0) Gecko/20100101 Firefox/32.0"
0:0:0:0:0:0:0:1 - - [18/Sep/2014:14:59:25 +0530] "GET /TestDash/js/jquery-1.8.3.min.js HTTP/1.1" 304 - "https://localhost:9443/TestDash/" "Mozilla/5.0 (Macintosh; Intel Mac OS X 10.9; rv:32.0) Gecko/20100101 Firefox/32.0"
0:0:0:0:0:0:0:1 - - [18/Sep/2014:14:59:25 +0530] "GET /TestDash/js/UESContainer.js HTTP/1.1" 200 972 "https://localhost:9443/TestDash/" "Mozilla/5.0 (Macintosh; Intel Mac OS X 10.9; rv:32.0) Gecko/20100101 Firefox/32.0"
0:0:0:0:0:0:0:1 - - [18/Sep/2014:14:59:25 +0530] "GET /TestDash/js/handlebars.js HTTP/1.1" 200 12827 "https://localhost:9443/TestDash/" "Mozilla/5.0 (Macintosh; Intel Mac OS X 10.9; rv:32.0) Gecko/20100101 Firefox/32.0"
0:0:0:0:0:0:0:1 - - [18/Sep/2014:14:59:25 +0530] "GET /TestDash/js/portal-dashboard-designer.js HTTP/1.1" 200 4855 "https://localhost:9443/TestDash/" "Mozilla/5.0 (Macintosh; Intel Mac OS X 10.9; rv:32.0) Gecko/20100101 Firefox/32.0"
0:0:0:0:0:0:0:1 - - [18/Sep/2014:14:59:25 +0530] "GET /TestDash/js/jquery-ui-1.10.1.custom.min.js HTTP/1.1" 200 24620 "https://localhost:9443/TestDash/" "Mozilla/5.0 (Macintosh; Intel Mac OS X 10.9; rv:32.0) Gecko/20100101 Firefox/32.0"
0:0:0:0:0:0:0:1 - - [18/Sep/2014:14:59:25 +0530] "GET /TestDash/js/shindig.js HTTP/1.1" 200 34461 "https://localhost:9443/TestDash/" "Mozilla/5.0 (Macintosh; Intel Mac OS X 10.9; rv:32.0) Gecko/20100101 Firefox/32.0"
0:0:0:0:0:0:0:1 - - [18/Sep/2014:14:59:25 +0530] "GET /TestDash/js/jquery.gridster.with-extras.min.js HTTP/1.1" 200 22017 "https://localhost:9443/TestDash/" "Mozilla/5.0 (Macintosh; Intel Mac OS X 10.9; rv:32.0) Gecko/20100101 Firefox/32.0"
0:0:0:0:0:0:0:1 - - [18/Sep/2014:14:59:25 +0530] "GET /TestDash/img/logo.png HTTP/1.1" 200 4331 "https://localhost:9443/TestDash/css/navigation.css" "Mozilla/5.0 (Macintosh; Intel Mac OS X 10.9; rv:32.0) Gecko/20100101 Firefox/32.0"
0:0:0:0:0:0:0:1 - - [18/Sep/2014:14:59:25 +0530] "GET /TestDash/img/designer-sprite.png HTTP/1.1" 200 10674 "https://localhost:9443/TestDash/css/portal-dashboard-designer.css" "Mozilla/5.0 (Macintosh; Intel Mac OS X 10.9; rv:32.0) Gecko/20100101 Firefox/32.0"
0:0:0:0:0:0:0:1 - - [18/Sep/2014:14:59:25 +0530] "POST //rpc?st=-1%3A-1%3A*%3A*%3A*%3A0%3Adefault HTTP/1.1" 200 1473 "https://localhost:9443/TestDash/" "Mozilla/5.0 (Macintosh; Intel Mac OS X 10.9; rv:32.0) Gecko/20100101 Firefox/32.0"
127.0.0.1 - - [18/Sep/2014:14:59:25 +0530] "GET /portal/gadgets/show-assets/show-assets.xml HTTP/1.1" 200 1769 "-" "Apache Shindig"
0:0:0:0:0:0:0:1 - - [18/Sep/2014:14:59:25 +0530] "GET /TestDash/apis/ues/layout/ HTTP/1.1" 200 771 "https://localhost:9443/TestDash/" "Mozilla/5.0 (Macintosh; Intel Mac OS X 10.9; rv:32.0) Gecko/20100101 Firefox/32.0"
0:0:0:0:0:0:0:1 - - [18/Sep/2014:14:59:25 +0530] "GET //gadgets/ifr?url=http%3A%2F%2Flocalhost%3A9763%2Fportal%2Fgadgets%2Fshow-assets%2Fshow-assets.xml&container=default&view=default&lang=en&country=US&debug=1&nocache=1&sanitize=0&v=d8213105a7083aec18c9bce3596dddd0&testmode=0&parent=https%3A%2F%2Flocalhost%3A9443&mid=0 HTTP/1.1" 304 - "https://localhost:9443/TestDash/" "Mozilla/5.0 (Macintosh; Intel Mac OS X 10.9; rv:32.0) Gecko/20100101 Firefox/32.0"
127.0.0.1 - - [18/Sep/2014:14:59:25 +0530] "GET /portal/gadgets/dummy-chat/dummy-chat.xml HTTP/1.1" 200 887 "-" "Apache Shindig"
127.0.0.1 - - [18/Sep/2014:14:59:25 +0530] "GET /portal/gadgets/bar-chart/bar-chart.xml HTTP/1.1" 200 885 "-" "Apache Shindig"
0:0:0:0:0:0:0:1 - - [18/Sep/2014:14:59:25 +0530] "POST //rpc?st=-1%3A-1%3A*%3A*%3A*%3A0%3Adefault HTTP/1.1" 200 1033 "https://localhost:9443/TestDash/" "Mozilla/5.0 (Macintosh; Intel Mac OS X 10.9; rv:32.0) Gecko/20100101 Firefox/32.0"
0:0:0:0:0:0:0:1 - - [18/Sep/2014:14:59:25 +0530] "POST //rpc?st=-1%3A-1%3A*%3A*%3A*%3A0%3Adefault HTTP/1.1" 200 1583 "https://localhost:9443/TestDash/" "Mozilla/5.0 (Macintosh; Intel Mac OS X 10.9; rv:32.0) Gecko/20100101 Firefox/32.0"
127.0.0.1 - - [18/Sep/2014:14:59:25 +0530] "GET /portal/gadgets/dummy-chat/dummy-chat.xml HTTP/1.1" 200 887 "-" "Apache Shindig"
127.0.0.1 - - [18/Sep/2014:14:59:25 +0530] "GET /portal/gadgets/bar-chart/bar-chart.xml HTTP/1.1" 200 885 "-" "Apache Shindig"
0:0:0:0:0:0:0:1 - - [18/Sep/2014:14:59:25 +0530] "GET //gadgets/ifr?url=http%3A%2F%2Flocalhost%3A9763%2Fportal%2Fgadgets%2Fdummy-chat%2Fdummy-chat.xml&container=default&view=default&lang=en&country=US&debug=1&nocache=1&sanitize=0&v=d8213105a7083aec18c9bce3596dddd0&testmode=0&parent=https%3A%2F%2Flocalhost%3A9443&mid=0 HTTP/1.1" 304 - "https://localhost:9443/TestDash/" "Mozilla/5.0 (Macintosh; Intel Mac OS X 10.9; rv:32.0) Gecko/20100101 Firefox/32.0"
0:0:0:0:0:0:0:1 - - [18/Sep/2014:14:59:25 +0530] "GET //gadgets/ifr?url=http%3A%2F%2Flocalhost%3A9763%2Fportal%2Fgadgets%2Fbar-chart%2Fbar-chart.xml&container=default&view=default&lang=en&country=US&debug=1&nocache=1&sanitize=0&v=d8213105a7083aec18c9bce3596dddd0&testmode=0&parent=https%3A%2F%2Flocalhost%3A9443&mid=0 HTTP/1.1" 304 - "https://localhost:9443/TestDash/" "Mozilla/5.0 (Macintosh; Intel Mac OS X 10.9; rv:32.0) Gecko/20100101 Firefox/32.0"
127.0.0.1 - - [18/Sep/2014:14:59:25 +0530] "GET /portal/gadgets/show-assets/css/styles.css HTTP/1.1" 200 2062 "-" "Apache Shindig"
127.0.0.1 - - [18/Sep/2014:14:59:25 +0530] "GET /portal/gadgets/show-assets/css/bootstrap.min.css HTTP/1.1" 200 15959 "-" "Apache Shindig"
127.0.0.1 - - [18/Sep/2014:14:59:25 +0530] "GET /portal/gadgets/show-assets/show-assets.xml HTTP/1.1" 200 1769 "-" "Apache Shindig"
127.0.0.1 - - [18/Sep/2014:14:59:25 +0530] "GET /portal/gadgets/dummy-chat/js/dummy-chat.js HTTP/1.1" 200 783 "-" "Apache Shindig"
127.0.0.1 - - [18/Sep/2014:14:59:25 +0530] "GET /portal/gadgets/dummy-chat/dummy-chat.xml HTTP/1.1" 200 887 "-" "Apache Shindig"
0:0:0:0:0:0:0:1 - - [18/Sep/2014:14:59:25 +0530] "GET //gadgets/concat?container=default&gadget=http%3A%2F%2Flocalhost%3A9763%2Fportal%2Fgadgets%2Fdummy-chat%2Fdummy-chat.xml&debug=1&nocache=1&type=js&1=http%3A%2F%2Flocalhost%3A9763%2Fportal%2Fgadgets%2Fdummy-chat%2Fjs%2Fdummy-chat.js HTTP/1.1" 304 - "https://localhost:9443//gadgets/ifr?url=http%3A%2F%2Flocalhost%3A9763%2Fportal%2Fgadgets%2Fdummy-chat%2Fdummy-chat.xml&container=default&view=default&lang=en&country=US&debug=1&nocache=1&sanitize=0&v=d8213105a7083aec18c9bce3596dddd0&testmode=0&parent=https%3A%2F%2Flocalhost%3A9443&mid=0" "Mozilla/5.0 (Macintosh; Intel Mac OS X 10.9; rv:32.0) Gecko/20100101 Firefox/32.0"
127.0.0.1 - - [18/Sep/2014:14:59:25 +0530] "GET /portal/themes/portal/css/flot-graph.css HTTP/1.1" 200 1294 "-" "Apache Shindig"
127.0.0.1 - - [18/Sep/2014:14:59:25 +0530] "GET /portal/themes/portal/css/bootstrap.min.css HTTP/1.1" 200 18754 "-" "Apache Shindig"
127.0.0.1 - - [18/Sep/2014:14:59:25 +0530] "GET /portal/gadgets/bar-chart/bar-chart.xml HTTP/1.1" 200 885 "-" "Apache Shindig"
127.0.0.1 - - [18/Sep/2014:14:59:25 +0530] "GET /portal/gadgets/bar-chart/bar-chart.xml HTTP/1.1" 200 885 "-" "Apache Shindig"
127.0.0.1 - - [18/Sep/2014:14:59:25 +0530] "GET /portal/gadgets/show-assets/show-assets.xml HTTP/1.1" 200 1769 "-" "Apache Shindig"
0:0:0:0:0:0:0:1 - - [18/Sep/2014:14:59:25 +0530] "GET //gadgets/concat?container=default&gadget=http%3A%2F%2Flocalhost%3A9763%2Fportal%2Fgadgets%2Fshow-assets%2Fshow-assets.xml&debug=1&nocache=1&type=css&1=http%3A%2F%2Flocalhost%3A9763%2Fportal%2Fgadgets%2Fshow-assets%2Fcss%2Fbootstrap.min.css&2=http%3A%2F%2Flocalhost%3A9763%2Fportal%2Fgadgets%2Fshow-assets%2Fcss%2Fstyles.css HTTP/1.1" 304 - "https://localhost:9443//gadgets/ifr?url=http%3A%2F%2Flocalhost%3A9763%2Fportal%2Fgadgets%2Fshow-assets%2Fshow-assets.xml&container=default&view=default&lang=en&country=US&debug=1&nocache=1&sanitize=0&v=d8213105a7083aec18c9bce3596dddd0&testmode=0&parent=https%3A%2F%2Flocalhost%3A9443&mid=0" "Mozilla/5.0 (Macintosh; Intel Mac OS X 10.9; rv:32.0) Gecko/20100101 Firefox/32.0"
127.0.0.1 - - [18/Sep/2014:14:59:25 +0530] "GET /portal/gadgets/show-assets/js/bootstrap.min.js HTTP/1.1" 200 4218 "-" "Apache Shindig"
127.0.0.1 - - [18/Sep/2014:14:59:25 +0530] "GET /portal/gadgets/show-assets/js/jquery.validate.js HTTP/1.1" 200 10011 "-" "Apache Shindig"
127.0.0.1 - - [18/Sep/2014:14:59:25 +0530] "GET /portal/gadgets/show-assets/js/load-assets.js HTTP/1.1" 200 2901 "-" "Apache Shindig"
127.0.0.1 - - [18/Sep/2014:14:59:25 +0530] "GET /portal/gadgets/show-assets/js/jquery.nicescroll.min.js HTTP/1.1" 200 14017 "-" "Apache Shindig"
127.0.0.1 - - [18/Sep/2014:14:59:25 +0530] "GET /portal/gadgets/show-assets/js/jquery-1.8.3.min.js HTTP/1.1" 200 33942 "-" "Apache Shindig"
127.0.0.1 - - [18/Sep/2014:14:59:25 +0530] "GET /portal/gadgets/show-assets/js/handlebars.js HTTP/1.1" 200 18303 "-" "Apache Shindig"
127.0.0.1 - - [18/Sep/2014:14:59:25 +0530] "GET /portal/gadgets/show-assets/show-assets.xml HTTP/1.1" 200 1769 "-" "Apache Shindig"
127.0.0.1 - - [18/Sep/2014:14:59:25 +0530] "GET /portal/gadgets/show-assets/show-assets.xml HTTP/1.1" 200 1769 "-" "Apache Shindig"
127.0.0.1 - - [18/Sep/2014:14:59:25 +0530] "GET /portal/gadgets/show-assets/show-assets.xml HTTP/1.1" 200 1769 "-" "Apache Shindig"
127.0.0.1 - - [18/Sep/2014:14:59:25 +0530] "GET /portal/gadgets/show-assets/show-assets.xml HTTP/1.1" 200 1769 "-" "Apache Shindig"
127.0.0.1 - - [18/Sep/2014:14:59:25 +0530] "GET /portal/gadgets/show-assets/show-assets.xml HTTP/1.1" 200 1769 "-" "Apache Shindig"
127.0.0.1 - - [18/Sep/2014:14:59:25 +0530] "GET /portal/gadgets/show-assets/show-assets.xml HTTP/1.1" 200 1769 "-" "Apache Shindig"
0:0:0:0:0:0:0:1 - - [18/Sep/2014:14:59:25 +0530] "GET //gadgets/concat?container=default&gadget=http%3A%2F%2Flocalhost%3A9763%2Fportal%2Fgadgets%2Fbar-chart%2Fbar-chart.xml&debug=1&nocache=1&type=css&1=http%3A%2F%2Flocalhost%3A9763%2Fportal%2Fthemes%2Fportal%2Fcss%2Fflot-graph.css&2=http%3A%2F%2Flocalhost%3A9763%2Fportal%2Fthemes%2Fportal%2Fcss%2Fbootstrap.min.css HTTP/1.1" 304 - "https://localhost:9443//gadgets/ifr?url=http%3A%2F%2Flocalhost%3A9763%2Fportal%2Fgadgets%2Fbar-chart%2Fbar-chart.xml&container=default&view=default&lang=en&country=US&debug=1&nocache=1&sanitize=0&v=d8213105a7083aec18c9bce3596dddd0&testmode=0&parent=https%3A%2F%2Flocalhost%3A9443&mid=0" "Mozilla/5.0 (Macintosh; Intel Mac OS X 10.9; rv:32.0) Gecko/20100101 Firefox/32.0"
127.0.0.1 - - [18/Sep/2014:14:59:25 +0530] "GET /portal/js/flot/jquery.flot.resize.js HTTP/1.1" 200 1178 "-" "Apache Shindig"
127.0.0.1 - - [18/Sep/2014:14:59:25 +0530] "GET /portal/js/flot-chart-core.js HTTP/1.1" 200 1687 "-" "Apache Shindig"
127.0.0.1 - - [18/Sep/2014:14:59:25 +0530] "GET /portal/js/flot/excanvas.min.js HTTP/1.1" 200 8433 "-" "Apache Shindig"
0:0:0:0:0:0:0:1 - - [18/Sep/2014:14:59:25 +0530] "GET //gadgets/concat?container=default&gadget=http%3A%2F%2Flocalhost%3A9763%2Fportal%2Fgadgets%2Fshow-assets%2Fshow-assets.xml&debug=1&nocache=1&type=js&1=http%3A%2F%2Flocalhost%3A9763%2Fportal%2Fgadgets%2Fshow-assets%2Fjs%2Fjquery-1.8.3.min.js&2=http%3A%2F%2Flocalhost%3A9763%2Fportal%2Fgadgets%2Fshow-assets%2Fjs%2Fjquery.validate.js&3=http%3A%2F%2Flocalhost%3A9763%2Fportal%2Fgadgets%2Fshow-assets%2Fjs%2Fhandlebars.js&4=http%3A%2F%2Flocalhost%3A9763%2Fportal%2Fgadgets%2Fshow-assets%2Fjs%2Fbootstrap.min.js&5=http%3A%2F%2Flocalhost%3A9763%2Fportal%2Fgadgets%2Fshow-assets%2Fjs%2Fload-assets.js&6=http%3A%2F%2Flocalhost%3A9763%2Fportal%2Fgadgets%2Fshow-assets%2Fjs%2Fjquery.nicescroll.min.js HTTP/1.1" 304 - "https://localhost:9443//gadgets/ifr?url=http%3A%2F%2Flocalhost%3A9763%2Fportal%2Fgadgets%2Fshow-assets%2Fshow-assets.xml&container=default&view=default&lang=en&country=US&debug=1&nocache=1&sanitize=0&v=d8213105a7083aec18c9bce3596dddd0&testmode=0&parent=https%3A%2F%2Flocalhost%3A9443&mid=0" "Mozilla/5.0 (Macintosh; Intel Mac OS X 10.9; rv:32.0) Gecko/20100101 Firefox/32.0"
127.0.0.1 - - [18/Sep/2014:14:59:25 +0530] "GET /portal/gadgets/bar-chart/js/options-bar.js HTTP/1.1" 200 857 "-" "Apache Shindig"
127.0.0.1 - - [18/Sep/2014:14:59:25 +0530] "GET /portal/js/flot/jquery.flot.js HTTP/1.1" 200 26419 "-" "Apache Shindig"
127.0.0.1 - - [18/Sep/2014:14:59:25 +0530] "GET /portal/js/flot/jquery.flot.selection.js HTTP/1.1" 200 3861 "-" "Apache Shindig"
127.0.0.1 - - [18/Sep/2014:14:59:25 +0530] "GET /portal/gadgets/bar-chart/bar-chart.xml HTTP/1.1" 200 885 "-" "Apache Shindig"
127.0.0.1 - - [18/Sep/2014:14:59:25 +0530] "GET /portal/js/flot/jquery.js HTTP/1.1" 200 81076 "-" "Apache Shindig"
127.0.0.1 - - [18/Sep/2014:14:59:25 +0530] "GET /portal/gadgets/bar-chart/bar-chart.xml HTTP/1.1" 200 885 "-" "Apache Shindig"
127.0.0.1 - - [18/Sep/2014:14:59:25 +0530] "GET /portal/gadgets/bar-chart/bar-chart.xml HTTP/1.1" 200 885 "-" "Apache Shindig"
127.0.0.1 - - [18/Sep/2014:14:59:25 +0530] "GET /portal/gadgets/bar-chart/bar-chart.xml HTTP/1.1" 200 885 "-" "Apache Shindig"
127.0.0.1 - - [18/Sep/2014:14:59:25 +0530] "GET /portal/gadgets/bar-chart/bar-chart.xml HTTP/1.1" 200 885 "-" "Apache Shindig"
127.0.0.1 - - [18/Sep/2014:14:59:25 +0530] "GET /portal/gadgets/bar-chart/bar-chart.xml HTTP/1.1" 200 885 "-" "Apache Shindig"
127.0.0.1 - - [18/Sep/2014:14:59:25 +0530] "GET /portal/gadgets/bar-chart/bar-chart.xml HTTP/1.1" 200 885 "-" "Apache Shindig"
0:0:0:0:0:0:0:1 - - [18/Sep/2014:14:59:25 +0530] "GET //gadgets/concat?container=default&gadget=http%3A%2F%2Flocalhost%3A9763%2Fportal%2Fgadgets%2Fbar-chart%2Fbar-chart.xml&debug=1&nocache=1&type=js&1=http%3A%2F%2Flocalhost%3A9763%2Fportal%2Fjs%2Fflot%2Fexcanvas.min.js&2=http%3A%2F%2Flocalhost%3A9763%2Fportal%2Fjs%2Fflot%2Fjquery.js&3=http%3A%2F%2Flocalhost%3A9763%2Fportal%2Fjs%2Fflot%2Fjquery.flot.js&4=http%3A%2F%2Flocalhost%3A9763%2Fportal%2Fjs%2Fflot%2Fjquery.flot.selection.js&5=http%3A%2F%2Flocalhost%3A9763%2Fportal%2Fjs%2Fflot%2Fjquery.flot.resize.js&6=http%3A%2F%2Flocalhost%3A9763%2Fportal%2Fgadgets%2Fbar-chart%2Fjs%2Foptions-bar.js&7=http%3A%2F%2Flocalhost%3A9763%2Fportal%2Fjs%2Fflot-chart-core.js HTTP/1.1" 304 - "https://localhost:9443//gadgets/ifr?url=http%3A%2F%2Flocalhost%3A9763%2Fportal%2Fgadgets%2Fbar-chart%2Fbar-chart.xml&container=default&view=default&lang=en&country=US&debug=1&nocache=1&sanitize=0&v=d8213105a7083aec18c9bce3596dddd0&testmode=0&parent=https%3A%2F%2Flocalhost%3A9443&mid=0" "Mozilla/5.0 (Macintosh; Intel Mac OS X 10.9; rv:32.0) Gecko/20100101 Firefox/32.0"
0:0:0:0:0:0:0:1 - - [18/Sep/2014:14:59:25 +0530] "GET /ws-chat/server.jag HTTP/1.1" 101 - "-" "Mozilla/5.0 (Macintosh; Intel Mac OS X 10.9; rv:32.0) Gecko/20100101 Firefox/32.0"
0:0:0:0:0:0:0:1 - - [18/Sep/2014:14:59:25 +0530] "GET /store/apis/myAsset/ HTTP/1.1" 401 975 "https://localhost:9443//gadgets/ifr?url=http%3A%2F%2Flocalhost%3A9763%2Fportal%2Fgadgets%2Fshow-assets%2Fshow-assets.xml&container=default&view=default&lang=en&country=US&debug=1&nocache=1&sanitize=0&v=d8213105a7083aec18c9bce3596dddd0&testmode=0&parent=https%3A%2F%2Flocalhost%3A9443&mid=0" "Mozilla/5.0 (Macintosh; Intel Mac OS X 10.9; rv:32.0) Gecko/20100101 Firefox/32.0"
0:0:0:0:0:0:0:1 - - [18/Sep/2014:14:59:25 +0530] "GET /store/apis/tag/gadget HTTP/1.1" 200 462 "https://localhost:9443//gadgets/ifr?url=http%3A%2F%2Flocalhost%3A9763%2Fportal%2Fgadgets%2Fshow-assets%2Fshow-assets.xml&container=default&view=default&lang=en&country=US&debug=1&nocache=1&sanitize=0&v=d8213105a7083aec18c9bce3596dddd0&testmode=0&parent=https%3A%2F%2Flocalhost%3A9443&mid=0" "Mozilla/5.0 (Macintosh; Intel Mac OS X 10.9; rv:32.0) Gecko/20100101 Firefox/32.0"
0:0:0:0:0:0:0:1 - - [18/Sep/2014:14:59:25 +0530] "GET /portal/apis/flot-data-files/dataFile7.jag HTTP/1.1" 200 1361 "https://localhost:9443//gadgets/ifr?url=http%3A%2F%2Flocalhost%3A9763%2Fportal%2Fgadgets%2Fbar-chart%2Fbar-chart.xml&container=default&view=default&lang=en&country=US&debug=1&nocache=1&sanitize=0&v=d8213105a7083aec18c9bce3596dddd0&testmode=0&parent=https%3A%2F%2Flocalhost%3A9443&mid=0" "Mozilla/5.0 (Macintosh; Intel Mac OS X 10.9; rv:32.0) Gecko/20100101 Firefox/32.0"
0:0:0:0:0:0:0:1 - - [18/Sep/2014:14:59:52 +0530] "GET /TestDash/ HTTP/1.1" 200 2630 "-" "Mozilla/5.0 (Macintosh; Intel Mac OS X 10.9; rv:32.0) Gecko/20100101 Firefox/32.0"
0:0:0:0:0:0:0:1 - - [18/Sep/2014:14:59:52 +0530] "POST //rpc?st=-1%3A-1%3A*%3A*%3A*%3A0%3Adefault HTTP/1.1" 200 1473 "https://localhost:9443/TestDash/" "Mozilla/5.0 (Macintosh; Intel Mac OS X 10.9; rv:32.0) Gecko/20100101 Firefox/32.0"
127.0.0.1 - - [18/Sep/2014:14:59:52 +0530] "GET /portal/gadgets/show-assets/show-assets.xml HTTP/1.1" 200 1769 "-" "Apache Shindig"
0:0:0:0:0:0:0:1 - - [18/Sep/2014:14:59:52 +0530] "GET /TestDash/apis/ues/layout/ HTTP/1.1" 200 771 "https://localhost:9443/TestDash/" "Mozilla/5.0 (Macintosh; Intel Mac OS X 10.9; rv:32.0) Gecko/20100101 Firefox/32.0"
0:0:0:0:0:0:0:1 - - [18/Sep/2014:14:59:52 +0530] "GET //gadgets/ifr?url=http%3A%2F%2Flocalhost%3A9763%2Fportal%2Fgadgets%2Fshow-assets%2Fshow-assets.xml&container=default&view=default&lang=en&country=US&debug=1&nocache=1&sanitize=0&v=d8213105a7083aec18c9bce3596dddd0&testmode=0&parent=https%3A%2F%2Flocalhost%3A9443&mid=0 HTTP/1.1" 304 - "https://localhost:9443/TestDash/" "Mozilla/5.0 (Macintosh; Intel Mac OS X 10.9; rv:32.0) Gecko/20100101 Firefox/32.0"
0:0:0:0:0:0:0:1 - - [18/Sep/2014:14:59:52 +0530] "POST //rpc?st=-1%3A-1%3A*%3A*%3A*%3A0%3Adefault HTTP/1.1" 200 1583 "https://localhost:9443/TestDash/" "Mozilla/5.0 (Macintosh; Intel Mac OS X 10.9; rv:32.0) Gecko/20100101 Firefox/32.0"
0:0:0:0:0:0:0:1 - - [18/Sep/2014:14:59:52 +0530] "POST //rpc?st=-1%3A-1%3A*%3A*%3A*%3A0%3Adefault HTTP/1.1" 200 1033 "https://localhost:9443/TestDash/" "Mozilla/5.0 (Macintosh; Intel Mac OS X 10.9; rv:32.0) Gecko/20100101 Firefox/32.0"
127.0.0.1 - - [18/Sep/2014:14:59:52 +0530] "GET /portal/gadgets/bar-chart/bar-chart.xml HTTP/1.1" 200 885 "-" "Apache Shindig"
127.0.0.1 - - [18/Sep/2014:14:59:52 +0530] "GET /portal/gadgets/dummy-chat/dummy-chat.xml HTTP/1.1" 200 887 "-" "Apache Shindig"
0:0:0:0:0:0:0:1 - - [18/Sep/2014:14:59:52 +0530] "GET //gadgets/ifr?url=http%3A%2F%2Flocalhost%3A9763%2Fportal%2Fgadgets%2Fbar-chart%2Fbar-chart.xml&container=default&view=default&lang=en&country=US&debug=1&nocache=1&sanitize=0&v=d8213105a7083aec18c9bce3596dddd0&testmode=0&parent=https%3A%2F%2Flocalhost%3A9443&mid=0 HTTP/1.1" 304 - "https://localhost:9443/TestDash/" "Mozilla/5.0 (Macintosh; Intel Mac OS X 10.9; rv:32.0) Gecko/20100101 Firefox/32.0"
0:0:0:0:0:0:0:1 - - [18/Sep/2014:14:59:52 +0530] "GET //gadgets/ifr?url=http%3A%2F%2Flocalhost%3A9763%2Fportal%2Fgadgets%2Fdummy-chat%2Fdummy-chat.xml&container=default&view=default&lang=en&country=US&debug=1&nocache=1&sanitize=0&v=d8213105a7083aec18c9bce3596dddd0&testmode=0&parent=https%3A%2F%2Flocalhost%3A9443&mid=0 HTTP/1.1" 304 - "https://localhost:9443/TestDash/" "Mozilla/5.0 (Macintosh; Intel Mac OS X 10.9; rv:32.0) Gecko/20100101 Firefox/32.0"
127.0.0.1 - - [18/Sep/2014:14:59:52 +0530] "GET /portal/gadgets/show-assets/css/styles.css HTTP/1.1" 200 2062 "-" "Apache Shindig"
127.0.0.1 - - [18/Sep/2014:14:59:52 +0530] "GET /portal/gadgets/show-assets/css/bootstrap.min.css HTTP/1.1" 200 15959 "-" "Apache Shindig"
127.0.0.1 - - [18/Sep/2014:14:59:52 +0530] "GET /portal/gadgets/show-assets/show-assets.xml HTTP/1.1" 200 1769 "-" "Apache Shindig"
127.0.0.1 - - [18/Sep/2014:14:59:52 +0530] "GET /portal/themes/portal/css/flot-graph.css HTTP/1.1" 200 1294 "-" "Apache Shindig"
127.0.0.1 - - [18/Sep/2014:14:59:52 +0530] "GET /portal/themes/portal/css/bootstrap.min.css HTTP/1.1" 200 18754 "-" "Apache Shindig"
127.0.0.1 - - [18/Sep/2014:14:59:52 +0530] "GET /portal/gadgets/bar-chart/bar-chart.xml HTTP/1.1" 200 885 "-" "Apache Shindig"
127.0.0.1 - - [18/Sep/2014:14:59:52 +0530] "GET /portal/gadgets/dummy-chat/js/dummy-chat.js HTTP/1.1" 200 783 "-" "Apache Shindig"
127.0.0.1 - - [18/Sep/2014:14:59:52 +0530] "GET /portal/gadgets/dummy-chat/dummy-chat.xml HTTP/1.1" 200 887 "-" "Apache Shindig"
0:0:0:0:0:0:0:1 - - [18/Sep/2014:14:59:52 +0530] "GET //gadgets/concat?container=default&gadget=http%3A%2F%2Flocalhost%3A9763%2Fportal%2Fgadgets%2Fdummy-chat%2Fdummy-chat.xml&debug=1&nocache=1&type=js&1=http%3A%2F%2Flocalhost%3A9763%2Fportal%2Fgadgets%2Fdummy-chat%2Fjs%2Fdummy-chat.js HTTP/1.1" 304 - "https://localhost:9443//gadgets/ifr?url=http%3A%2F%2Flocalhost%3A9763%2Fportal%2Fgadgets%2Fdummy-chat%2Fdummy-chat.xml&container=default&view=default&lang=en&country=US&debug=1&nocache=1&sanitize=0&v=d8213105a7083aec18c9bce3596dddd0&testmode=0&parent=https%3A%2F%2Flocalhost%3A9443&mid=0" "Mozilla/5.0 (Macintosh; Intel Mac OS X 10.9; rv:32.0) Gecko/20100101 Firefox/32.0"
127.0.0.1 - - [18/Sep/2014:14:59:52 +0530] "GET /portal/gadgets/bar-chart/bar-chart.xml HTTP/1.1" 200 885 "-" "Apache Shindig"
127.0.0.1 - - [18/Sep/2014:14:59:52 +0530] "GET /portal/gadgets/show-assets/show-assets.xml HTTP/1.1" 200 1769 "-" "Apache Shindig"
