0:0:0:0:0:0:0:1 - - [19/Sep/2014:11:00:16 +0530] "GET //gadgets/proxy?container=default&gadget=http%3A%2F%2Flocalhost%3A9763%2Fportal%2Fgadgets%2Fshow-assets%2Fcss%2Fstyles.css&debug=0&nocache=1&url=http%3A%2F%2Flocalhost%3A9763%2Fportal%2Fgadgets%2Fshow-assets%2Fimg%2Fbanner-bg-pattern.jpg HTTP/1.1" 304 - "https://localhost:9443//gadgets/concat?container=default&gadget=http%3A%2F%2Flocalhost%3A9763%2Fportal%2Fgadgets%2Fshow-assets%2Fshow-assets.xml&debug=1&nocache=1&type=css&1=http%3A%2F%2Flocalhost%3A9763%2Fportal%2Fgadgets%2Fshow-assets%2Fcss%2Fbootstrap.min.css&2=http%3A%2F%2Flocalhost%3A9763%2Fportal%2Fgadgets%2Fshow-assets%2Fcss%2Fstyles.css" "Mozilla/5.0 (Macintosh; Intel Mac OS X 10.9; rv:32.0) Gecko/20100101 Firefox/32.0"
0:0:0:0:0:0:0:1 - - [19/Sep/2014:11:00:16 +0530] "GET //gadgets/proxy?container=default&gadget=http%3A%2F%2Flocalhost%3A9763%2Fportal%2Fgadgets%2Fshow-assets%2Fcss%2Fstyles.css&debug=0&nocache=1&url=http%3A%2F%2Flocalhost%3A9763%2Fportal%2Fgadgets%2Fshow-assets%2Fimg%2Ficons-sprite.png HTTP/1.1" 304 - "https://localhost:9443//gadgets/concat?container=default&gadget=http%3A%2F%2Flocalhost%3A9763%2Fportal%2Fgadgets%2Fshow-assets%2Fshow-assets.xml&debug=1&nocache=1&type=css&1=http%3A%2F%2Flocalhost%3A9763%2Fportal%2Fgadgets%2Fshow-assets%2Fcss%2Fbootstrap.min.css&2=http%3A%2F%2Flocalhost%3A9763%2Fportal%2Fgadgets%2Fshow-assets%2Fcss%2Fstyles.css" "Mozilla/5.0 (Macintosh; Intel Mac OS X 10.9; rv:32.0) Gecko/20100101 Firefox/32.0"
127.0.0.1 - - [19/Sep/2014:11:00:16 +0530] "GET /portal/gadgets/show-assets/font/Lato-Regular.ttf HTTP/1.1" 404 898 "-" "Apache Shindig"
127.0.0.1 - - [19/Sep/2014:11:00:16 +0530] "GET /portal/gadgets/show-assets/css/styles.css HTTP/1.1" 200 2062 "-" "Apache Shindig"
0:0:0:0:0:0:0:1 - - [19/Sep/2014:11:00:16 +0530] "GET //gadgets/proxy?container=default&gadget=http%3A%2F%2Flocalhost%3A9763%2Fportal%2Fgadgets%2Fshow-assets%2Fcss%2Fstyles.css&debug=0&nocache=1&url=http%3A%2F%2Flocalhost%3A9763%2Fportal%2Fgadgets%2Fshow-assets%2Ffont%2FLato-Regular.ttf HTTP/1.1" 304 - "https://localhost:9443//gadgets/concat?container=default&gadget=http%3A%2F%2Flocalhost%3A9763%2Fportal%2Fgadgets%2Fshow-assets%2Fshow-assets.xml&debug=1&nocache=1&type=css&1=http%3A%2F%2Flocalhost%3A9763%2Fportal%2Fgadgets%2Fshow-assets%2Fcss%2Fbootstrap.min.css&2=http%3A%2F%2Flocalhost%3A9763%2Fportal%2Fgadgets%2Fshow-assets%2Fcss%2Fstyles.css" "Mozilla/5.0 (Macintosh; Intel Mac OS X 10.9; rv:32.0) Gecko/20100101 Firefox/32.0"
0:0:0:0:0:0:0:1 - - [19/Sep/2014:11:00:18 +0530] "GET /store/apis/asset/gadget HTTP/1.1" 200 11734 "https://localhost:9443//gadgets/ifr?url=http%3A%2F%2Flocalhost%3A9763%2Fportal%2Fgadgets%2Fshow-assets%2Fshow-assets.xml&container=default&view=default&lang=en&country=US&debug=1&nocache=1&sanitize=0&v=d8213105a7083aec18c9bce3596dddd0&testmode=0&parent=https%3A%2F%2Flocalhost%3A9443&mid=0" "Mozilla/5.0 (Macintosh; Intel Mac OS X 10.9; rv:32.0) Gecko/20100101 Firefox/32.0"
0:0:0:0:0:0:0:1 - - [19/Sep/2014:11:00:18 +0530] "GET /store/apis/asset/gadget?id=%2F_system%2Fgovernance%2Fgadgets%2Fadmin%2FLine+Plus+Bar+Chart%2F1.0.0 HTTP/1.1" 200 1068 "https://localhost:9443//gadgets/ifr?url=http%3A%2F%2Flocalhost%3A9763%2Fportal%2Fgadgets%2Fshow-assets%2Fshow-assets.xml&container=default&view=default&lang=en&country=US&debug=1&nocache=1&sanitize=0&v=d8213105a7083aec18c9bce3596dddd0&testmode=0&parent=https%3A%2F%2Flocalhost%3A9443&mid=0" "Mozilla/5.0 (Macintosh; Intel Mac OS X 10.9; rv:32.0) Gecko/20100101 Firefox/32.0"
0:0:0:0:0:0:0:1 - - [19/Sep/2014:11:00:18 +0530] "GET /store/apis/asset/gadget?id=%2F_system%2Fgovernance%2Fgadgets%2Fadmin%2FWS+Dummy+chat+application%2F1.0.0 HTTP/1.1" 200 792 "https://localhost:9443//gadgets/ifr?url=http%3A%2F%2Flocalhost%3A9763%2Fportal%2Fgadgets%2Fshow-assets%2Fshow-assets.xml&container=default&view=default&lang=en&country=US&debug=1&nocache=1&sanitize=0&v=d8213105a7083aec18c9bce3596dddd0&testmode=0&parent=https%3A%2F%2Flocalhost%3A9443&mid=0" "Mozilla/5.0 (Macintosh; Intel Mac OS X 10.9; rv:32.0) Gecko/20100101 Firefox/32.0"
0:0:0:0:0:0:0:1 - - [19/Sep/2014:11:00:18 +0530] "GET /store/apis/asset/gadget?id=%2F_system%2Fgovernance%2Fgadgets%2Fadmin%2FLine+Chart%2F1.0.0 HTTP/1.1" 200 974 "https://localhost:9443//gadgets/ifr?url=http%3A%2F%2Flocalhost%3A9763%2Fportal%2Fgadgets%2Fshow-assets%2Fshow-assets.xml&container=default&view=default&lang=en&country=US&debug=1&nocache=1&sanitize=0&v=d8213105a7083aec18c9bce3596dddd0&testmode=0&parent=https%3A%2F%2Flocalhost%3A9443&mid=0" "Mozilla/5.0 (Macintosh; Intel Mac OS X 10.9; rv:32.0) Gecko/20100101 Firefox/32.0"
0:0:0:0:0:0:0:1 - - [19/Sep/2014:11:00:18 +0530] "GET /store/apis/asset/gadget?id=%2F_system%2Fgovernance%2Fgadgets%2Fadmin%2FHorizontal+Bar+Chart%2F1.0.0 HTTP/1.1" 200 1044 "https://localhost:9443//gadgets/ifr?url=http%3A%2F%2Flocalhost%3A9763%2Fportal%2Fgadgets%2Fshow-assets%2Fshow-assets.xml&container=default&view=default&lang=en&country=US&debug=1&nocache=1&sanitize=0&v=d8213105a7083aec18c9bce3596dddd0&testmode=0&parent=https%3A%2F%2Flocalhost%3A9443&mid=0" "Mozilla/5.0 (Macintosh; Intel Mac OS X 10.9; rv:32.0) Gecko/20100101 Firefox/32.0"
0:0:0:0:0:0:0:1 - - [19/Sep/2014:11:00:18 +0530] "GET /store/apis/asset/gadget?id=%2F_system%2Fgovernance%2Fgadgets%2Fadmin%2FBar+Chart%2F1.0.0 HTTP/1.1" 200 968 "https://localhost:9443//gadgets/ifr?url=http%3A%2F%2Flocalhost%3A9763%2Fportal%2Fgadgets%2Fshow-assets%2Fshow-assets.xml&container=default&view=default&lang=en&country=US&debug=1&nocache=1&sanitize=0&v=d8213105a7083aec18c9bce3596dddd0&testmode=0&parent=https%3A%2F%2Flocalhost%3A9443&mid=0" "Mozilla/5.0 (Macintosh; Intel Mac OS X 10.9; rv:32.0) Gecko/20100101 Firefox/32.0"
0:0:0:0:0:0:0:1 - - [19/Sep/2014:11:00:18 +0530] "GET /store/apis/asset/gadget?id=%2F_system%2Fgovernance%2Fgadgets%2Fadmin%2FBubble+Chart%2F1.0.0 HTTP/1.1" 200 988 "https://localhost:9443//gadgets/ifr?url=http%3A%2F%2Flocalhost%3A9763%2Fportal%2Fgadgets%2Fshow-assets%2Fshow-assets.xml&container=default&view=default&lang=en&country=US&debug=1&nocache=1&sanitize=0&v=d8213105a7083aec18c9bce3596dddd0&testmode=0&parent=https%3A%2F%2Flocalhost%3A9443&mid=0" "Mozilla/5.0 (Macintosh; Intel Mac OS X 10.9; rv:32.0) Gecko/20100101 Firefox/32.0"
0:0:0:0:0:0:0:1 - - [19/Sep/2014:11:00:18 +0530] "GET /store/apis/asset/gadget?id=%2F_system%2Fgovernance%2Fgadgets%2Fadmin%2FPie+Chart%2F1.0.0 HTTP/1.1" 200 967 "https://localhost:9443//gadgets/ifr?url=http%3A%2F%2Flocalhost%3A9763%2Fportal%2Fgadgets%2Fshow-assets%2Fshow-assets.xml&container=default&view=default&lang=en&country=US&debug=1&nocache=1&sanitize=0&v=d8213105a7083aec18c9bce3596dddd0&testmode=0&parent=https%3A%2F%2Flocalhost%3A9443&mid=0" "Mozilla/5.0 (Macintosh; Intel Mac OS X 10.9; rv:32.0) Gecko/20100101 Firefox/32.0"
127.0.0.1 - - [19/Sep/2014:11:00:18 +0530] "GET /portal/gadgets/line-plus-bar-chart/thumbnail.jpg HTTP/1.1" 200 4978 "-" "Mozilla/5.0 (Macintosh; Intel Mac OS X 10.9; rv:32.0) Gecko/20100101 Firefox/32.0"
127.0.0.1 - - [19/Sep/2014:11:00:18 +0530] "GET /portal/gadgets/dummy-chat/thumbnail.jpg HTTP/1.1" 404 898 "-" "Mozilla/5.0 (Macintosh; Intel Mac OS X 10.9; rv:32.0) Gecko/20100101 Firefox/32.0"
0:0:0:0:0:0:0:1 - - [19/Sep/2014:11:00:18 +0530] "GET /store/apis/asset/gadget?id=%2F_system%2Fgovernance%2Fgadgets%2Fadmin%2FWSO2+Jira%2F1.0.0 HTTP/1.1" 200 868 "https://localhost:9443//gadgets/ifr?url=http%3A%2F%2Flocalhost%3A9763%2Fportal%2Fgadgets%2Fshow-assets%2Fshow-assets.xml&container=default&view=default&lang=en&country=US&debug=1&nocache=1&sanitize=0&v=d8213105a7083aec18c9bce3596dddd0&testmode=0&parent=https%3A%2F%2Flocalhost%3A9443&mid=0" "Mozilla/5.0 (Macintosh; Intel Mac OS X 10.9; rv:32.0) Gecko/20100101 Firefox/32.0"
0:0:0:0:0:0:0:1 - - [19/Sep/2014:11:00:18 +0530] "GET /store/apis/asset/gadget?id=%2F_system%2Fgovernance%2Fgadgets%2Fadmin%2FWSO2+Dev+List+Discussion%2F1.0.0 HTTP/1.1" 200 878 "https://localhost:9443//gadgets/ifr?url=http%3A%2F%2Flocalhost%3A9763%2Fportal%2Fgadgets%2Fshow-assets%2Fshow-assets.xml&container=default&view=default&lang=en&country=US&debug=1&nocache=1&sanitize=0&v=d8213105a7083aec18c9bce3596dddd0&testmode=0&parent=https%3A%2F%2Flocalhost%3A9443&mid=0" "Mozilla/5.0 (Macintosh; Intel Mac OS X 10.9; rv:32.0) Gecko/20100101 Firefox/32.0"
0:0:0:0:0:0:0:1 - - [19/Sep/2014:11:00:18 +0530] "GET /store/apis/asset/gadget?id=%2F_system%2Fgovernance%2Fgadgets%2Fadmin%2FStacked+Chart%2F1.0.0 HTTP/1.1" 200 993 "https://localhost:9443//gadgets/ifr?url=http%3A%2F%2Flocalhost%3A9763%2Fportal%2Fgadgets%2Fshow-assets%2Fshow-assets.xml&container=default&view=default&lang=en&country=US&debug=1&nocache=1&sanitize=0&v=d8213105a7083aec18c9bce3596dddd0&testmode=0&parent=https%3A%2F%2Flocalhost%3A9443&mid=0" "Mozilla/5.0 (Macintosh; Intel Mac OS X 10.9; rv:32.0) Gecko/20100101 Firefox/32.0"
0:0:0:0:0:0:0:1 - - [19/Sep/2014:11:00:18 +0530] "GET /store/apis/asset/gadget?id=%2F_system%2Fgovernance%2Fgadgets%2Fadmin%2FWSO2+Architecture+List+Discussion%2F1.0.0 HTTP/1.1" 200 934 "https://localhost:9443//gadgets/ifr?url=http%3A%2F%2Flocalhost%3A9763%2Fportal%2Fgadgets%2Fshow-assets%2Fshow-assets.xml&container=default&view=default&lang=en&country=US&debug=1&nocache=1&sanitize=0&v=d8213105a7083aec18c9bce3596dddd0&testmode=0&parent=https%3A%2F%2Flocalhost%3A9443&mid=0" "Mozilla/5.0 (Macintosh; Intel Mac OS X 10.9; rv:32.0) Gecko/20100101 Firefox/32.0"
0:0:0:0:0:0:0:1 - - [19/Sep/2014:11:00:18 +0530] "GET /store/apis/asset/gadget?id=%2F_system%2Fgovernance%2Fgadgets%2Fadmin%2FWSO2+Carbon+Commits+List+Discussion%2F1.0.0 HTTP/1.1" 200 940 "https://localhost:9443//gadgets/ifr?url=http%3A%2F%2Flocalhost%3A9763%2Fportal%2Fgadgets%2Fshow-assets%2Fshow-assets.xml&container=default&view=default&lang=en&country=US&debug=1&nocache=1&sanitize=0&v=d8213105a7083aec18c9bce3596dddd0&testmode=0&parent=https%3A%2F%2Flocalhost%3A9443&mid=0" "Mozilla/5.0 (Macintosh; Intel Mac OS X 10.9; rv:32.0) Gecko/20100101 Firefox/32.0"
0:0:0:0:0:0:0:1 - - [19/Sep/2014:11:00:19 +0530] "POST //rpc?st=-1%3A-1%3A*%3A*%3A*%3A0%3Adefault HTTP/1.1" 200 1033 "https://localhost:9443/portal/designer.jag?dashboard=TestDashSite2&layout=grid" "Mozilla/5.0 (Macintosh; Intel Mac OS X 10.9; rv:32.0) Gecko/20100101 Firefox/32.0"
127.0.0.1 - - [19/Sep/2014:11:00:19 +0530] "GET /portal/gadgets/dummy-chat/dummy-chat.xml HTTP/1.1" 200 887 "-" "Apache Shindig"
0:0:0:0:0:0:0:1 - - [19/Sep/2014:11:00:19 +0530] "GET //gadgets/ifr?url=http%3A%2F%2Flocalhost%3A9763%2Fportal%2Fgadgets%2Fdummy-chat%2Fdummy-chat.xml&container=default&view=default&lang=en&country=US&debug=1&nocache=1&sanitize=0&v=d8213105a7083aec18c9bce3596dddd0&testmode=0&parent=https%3A%2F%2Flocalhost%3A9443&mid=0 HTTP/1.1" 304 - "https://localhost:9443/portal/designer.jag?dashboard=TestDashSite2&layout=grid" "Mozilla/5.0 (Macintosh; Intel Mac OS X 10.9; rv:32.0) Gecko/20100101 Firefox/32.0"
127.0.0.1 - - [19/Sep/2014:11:00:20 +0530] "GET /portal/gadgets/dummy-chat/js/dummy-chat.js HTTP/1.1" 200 783 "-" "Apache Shindig"
127.0.0.1 - - [19/Sep/2014:11:00:20 +0530] "GET /portal/gadgets/dummy-chat/dummy-chat.xml HTTP/1.1" 200 887 "-" "Apache Shindig"
0:0:0:0:0:0:0:1 - - [19/Sep/2014:11:00:20 +0530] "GET //gadgets/concat?container=default&gadget=http%3A%2F%2Flocalhost%3A9763%2Fportal%2Fgadgets%2Fdummy-chat%2Fdummy-chat.xml&debug=1&nocache=1&type=js&1=http%3A%2F%2Flocalhost%3A9763%2Fportal%2Fgadgets%2Fdummy-chat%2Fjs%2Fdummy-chat.js HTTP/1.1" 304 - "https://localhost:9443//gadgets/ifr?url=http%3A%2F%2Flocalhost%3A9763%2Fportal%2Fgadgets%2Fdummy-chat%2Fdummy-chat.xml&container=default&view=default&lang=en&country=US&debug=1&nocache=1&sanitize=0&v=d8213105a7083aec18c9bce3596dddd0&testmode=0&parent=https%3A%2F%2Flocalhost%3A9443&mid=0" "Mozilla/5.0 (Macintosh; Intel Mac OS X 10.9; rv:32.0) Gecko/20100101 Firefox/32.0"
0:0:0:0:0:0:0:1 - - [19/Sep/2014:11:00:20 +0530] "GET /ws-chat/server.jag HTTP/1.1" 101 - "-" "Mozilla/5.0 (Macintosh; Intel Mac OS X 10.9; rv:32.0) Gecko/20100101 Firefox/32.0"
0:0:0:0:0:0:0:1 - - [19/Sep/2014:11:00:22 +0530] "POST /portal/apis/dashboard/TestDashSite2 HTTP/1.1" 200 4 "https://localhost:9443/portal/designer.jag?dashboard=TestDashSite2&layout=grid" "Mozilla/5.0 (Macintosh; Intel Mac OS X 10.9; rv:32.0) Gecko/20100101 Firefox/32.0"
127.0.0.1 - - [19/Sep/2014:11:00:42 +0530] "GET /portal/gadgets/show-assets/font/Lato-Regular.ttf HTTP/1.1" 404 898 "-" "Apache Shindig"
127.0.0.1 - - [19/Sep/2014:11:00:42 +0530] "GET /portal/gadgets/show-assets/css/styles.css HTTP/1.1" 200 2062 "-" "Apache Shindig"
0:0:0:0:0:0:0:1 - - [19/Sep/2014:11:00:42 +0530] "GET //gadgets/proxy?container=default&gadget=http%3A%2F%2Flocalhost%3A9763%2Fportal%2Fgadgets%2Fshow-assets%2Fcss%2Fstyles.css&debug=0&nocache=1&url=http%3A%2F%2Flocalhost%3A9763%2Fportal%2Fgadgets%2Fshow-assets%2Ffont%2FLato-Regular.ttf HTTP/1.1" 304 - "https://localhost:9443//gadgets/concat?container=default&gadget=http%3A%2F%2Flocalhost%3A9763%2Fportal%2Fgadgets%2Fshow-assets%2Fshow-assets.xml&debug=1&nocache=1&type=css&1=http%3A%2F%2Flocalhost%3A9763%2Fportal%2Fgadgets%2Fshow-assets%2Fcss%2Fbootstrap.min.css&2=http%3A%2F%2Flocalhost%3A9763%2Fportal%2Fgadgets%2Fshow-assets%2Fcss%2Fstyles.css" "Mozilla/5.0 (Macintosh; Intel Mac OS X 10.9; rv:32.0) Gecko/20100101 Firefox/32.0"
127.0.0.1 - - [19/Sep/2014:11:00:44 +0530] "GET /portal/gadgets/dummy-chat/dummy-chat.xml HTTP/1.1" 200 887 "-" "Apache Shindig"
0:0:0:0:0:0:0:1 - - [19/Sep/2014:11:00:44 +0530] "GET //gadgets/ifr?url=http%3A%2F%2Flocalhost%3A9763%2Fportal%2Fgadgets%2Fdummy-chat%2Fdummy-chat.xml&container=default&view=default&lang=en&country=US&debug=1&nocache=1&sanitize=0&v=d8213105a7083aec18c9bce3596dddd0&testmode=0&parent=https%3A%2F%2Flocalhost%3A9443&mid=0 HTTP/1.1" 304 - "https://localhost:9443/portal/designer.jag?dashboard=TestDashSite2&layout=grid" "Mozilla/5.0 (Macintosh; Intel Mac OS X 10.9; rv:32.0) Gecko/20100101 Firefox/32.0"
127.0.0.1 - - [19/Sep/2014:11:00:44 +0530] "GET /portal/gadgets/dummy-chat/js/dummy-chat.js HTTP/1.1" 200 783 "-" "Apache Shindig"
127.0.0.1 - - [19/Sep/2014:11:00:44 +0530] "GET /portal/gadgets/dummy-chat/dummy-chat.xml HTTP/1.1" 200 887 "-" "Apache Shindig"
0:0:0:0:0:0:0:1 - - [19/Sep/2014:11:00:44 +0530] "GET //gadgets/concat?container=default&gadget=http%3A%2F%2Flocalhost%3A9763%2Fportal%2Fgadgets%2Fdummy-chat%2Fdummy-chat.xml&debug=1&nocache=1&type=js&1=http%3A%2F%2Flocalhost%3A9763%2Fportal%2Fgadgets%2Fdummy-chat%2Fjs%2Fdummy-chat.js HTTP/1.1" 304 - "https://localhost:9443//gadgets/ifr?url=http%3A%2F%2Flocalhost%3A9763%2Fportal%2Fgadgets%2Fdummy-chat%2Fdummy-chat.xml&container=default&view=default&lang=en&country=US&debug=1&nocache=1&sanitize=0&v=d8213105a7083aec18c9bce3596dddd0&testmode=0&parent=https%3A%2F%2Flocalhost%3A9443&mid=0" "Mozilla/5.0 (Macintosh; Intel Mac OS X 10.9; rv:32.0) Gecko/20100101 Firefox/32.0"
0:0:0:0:0:0:0:1 - - [19/Sep/2014:11:00:44 +0530] "GET /ws-chat/server.jag HTTP/1.1" 101 - "-" "Mozilla/5.0 (Macintosh; Intel Mac OS X 10.9; rv:32.0) Gecko/20100101 Firefox/32.0"
0:0:0:0:0:0:0:1 - - [19/Sep/2014:14:13:10 +0530] "GET /portal HTTP/1.1" 302 - "-" "Mozilla/5.0 (Macintosh; Intel Mac OS X 10.9; rv:32.0) Gecko/20100101 Firefox/32.0"
0:0:0:0:0:0:0:1 - - [19/Sep/2014:14:13:10 +0530] "GET /portal/ HTTP/1.1" 200 4479 "-" "Mozilla/5.0 (Macintosh; Intel Mac OS X 10.9; rv:32.0) Gecko/20100101 Firefox/32.0"
0:0:0:0:0:0:0:1 - - [19/Sep/2014:14:13:10 +0530] "GET /portal/themes/portal/js/portal-gadgets-js.jag HTTP/1.1" 200 268 "https://localhost:9443/portal/" "Mozilla/5.0 (Macintosh; Intel Mac OS X 10.9; rv:32.0) Gecko/20100101 Firefox/32.0"
127.0.0.1 - - [19/Sep/2014:14:13:10 +0530] "GET /portal/gadgets/intro-gadget-1/intro-gadget-1.xml HTTP/1.1" 200 881 "-" "Apache Shindig"
0:0:0:0:0:0:0:1 - - [19/Sep/2014:14:13:10 +0530] "POST //rpc?st=-1%3A-1%3A*%3A*%3A*%3A0%3Adefault HTTP/1.1" 200 1294 "https://localhost:9443/portal/" "Mozilla/5.0 (Macintosh; Intel Mac OS X 10.9; rv:32.0) Gecko/20100101 Firefox/32.0"
0:0:0:0:0:0:0:1 - - [19/Sep/2014:14:13:10 +0530] "GET /portal/themes/portal/img/jslider.png HTTP/1.1" 404 898 "https://localhost:9443/portal/themes/portal/css/jslider.css" "Mozilla/5.0 (Macintosh; Intel Mac OS X 10.9; rv:32.0) Gecko/20100101 Firefox/32.0"
0:0:0:0:0:0:0:1 - - [19/Sep/2014:14:13:10 +0530] "POST //rpc?st=-1%3A-1%3A*%3A*%3A*%3A0%3Adefault HTTP/1.1" 200 1273 "https://localhost:9443/portal/" "Mozilla/5.0 (Macintosh; Intel Mac OS X 10.9; rv:32.0) Gecko/20100101 Firefox/32.0"
127.0.0.1 - - [19/Sep/2014:14:13:10 +0530] "GET /portal/gadgets/intro-gadget-2/intro-gadget-2.xml HTTP/1.1" 200 959 "-" "Apache Shindig"
127.0.0.1 - - [19/Sep/2014:14:13:10 +0530] "GET /portal/gadgets/intro-gadget-1/intro-gadget-1.xml HTTP/1.1" 200 881 "-" "Apache Shindig"
127.0.0.1 - - [19/Sep/2014:14:13:10 +0530] "GET /portal/gadgets/intro-gadget-2/intro-gadget-2.xml HTTP/1.1" 200 959 "-" "Apache Shindig"
0:0:0:0:0:0:0:1 - - [19/Sep/2014:14:13:10 +0530] "GET //gadgets/ifr?url=http%3A%2F%2Flocalhost%3A9763%2Fportal%2Fgadgets%2Fintro-gadget-2%2Fintro-gadget-2.xml&container=default&view=default&lang=en&country=US&debug=1&nocache=1&sanitize=0&v=d8213105a7083aec18c9bce3596dddd0&testmode=0&parent=https%3A%2F%2Flocalhost%3A9443&mid=0 HTTP/1.1" 304 - "https://localhost:9443/portal/" "Mozilla/5.0 (Macintosh; Intel Mac OS X 10.9; rv:32.0) Gecko/20100101 Firefox/32.0"
0:0:0:0:0:0:0:1 - - [19/Sep/2014:14:13:10 +0530] "GET //gadgets/ifr?url=http%3A%2F%2Flocalhost%3A9763%2Fportal%2Fgadgets%2Fintro-gadget-1%2Fintro-gadget-1.xml&container=default&view=default&lang=en&country=US&debug=1&nocache=1&sanitize=0&v=d8213105a7083aec18c9bce3596dddd0&testmode=0&parent=https%3A%2F%2Flocalhost%3A9443&mid=0 HTTP/1.1" 304 - "https://localhost:9443/portal/" "Mozilla/5.0 (Macintosh; Intel Mac OS X 10.9; rv:32.0) Gecko/20100101 Firefox/32.0"
127.0.0.1 - - [19/Sep/2014:14:13:10 +0530] "GET /portal/themes/portal/css/flot-graph.css HTTP/1.1" 200 1294 "-" "Apache Shindig"
127.0.0.1 - - [19/Sep/2014:14:13:10 +0530] "GET /portal/gadgets/intro-gadget-2/intro-gadget-2.xml HTTP/1.1" 200 959 "-" "Apache Shindig"
0:0:0:0:0:0:0:1 - - [19/Sep/2014:14:13:10 +0530] "GET //gadgets/proxy?container=default&gadget=http%3A%2F%2Flocalhost%3A9763%2Fportal%2Fgadgets%2Fintro-gadget-2%2Fintro-gadget-2.xml&debug=1&nocache=1&html_tag_context=link&url=http%3A%2F%2Flocalhost%3A9763%2Fportal%2Fthemes%2Fportal%2Fcss%2Fflot-graph.css HTTP/1.1" 304 - "https://localhost:9443//gadgets/ifr?url=http%3A%2F%2Flocalhost%3A9763%2Fportal%2Fgadgets%2Fintro-gadget-2%2Fintro-gadget-2.xml&container=default&view=default&lang=en&country=US&debug=1&nocache=1&sanitize=0&v=d8213105a7083aec18c9bce3596dddd0&testmode=0&parent=https%3A%2F%2Flocalhost%3A9443&mid=0" "Mozilla/5.0 (Macintosh; Intel Mac OS X 10.9; rv:32.0) Gecko/20100101 Firefox/32.0"
127.0.0.1 - - [19/Sep/2014:14:13:10 +0530] "GET /portal/themes/portal/css/flot-graph.css HTTP/1.1" 200 1294 "-" "Apache Shindig"
127.0.0.1 - - [19/Sep/2014:14:13:10 +0530] "GET /portal/gadgets/intro-gadget-2/img/title.png HTTP/1.1" 200 3185 "-" "Apache Shindig"
127.0.0.1 - - [19/Sep/2014:14:13:10 +0530] "GET /portal/gadgets/intro-gadget-2/js/intro-gadget-2.js HTTP/1.1" 200 1866 "-" "Apache Shindig"
127.0.0.1 - - [19/Sep/2014:14:13:10 +0530] "GET /portal/gadgets/intro-gadget-1/intro-gadget-1.xml HTTP/1.1" 200 881 "-" "Apache Shindig"
127.0.0.1 - - [19/Sep/2014:14:13:10 +0530] "GET /portal/js/flot/excanvas.min.js HTTP/1.1" 200 8433 "-" "Apache Shindig"
127.0.0.1 - - [19/Sep/2014:14:13:10 +0530] "GET /portal/gadgets/intro-gadget-2/intro-gadget-2.xml HTTP/1.1" 200 959 "-" "Apache Shindig"
127.0.0.1 - - [19/Sep/2014:14:13:10 +0530] "GET /portal/js/flot/jquery.flot.js HTTP/1.1" 200 26419 "-" "Apache Shindig"
127.0.0.1 - - [19/Sep/2014:14:13:10 +0530] "GET /portal/gadgets/intro-gadget-2/intro-gadget-2.xml HTTP/1.1" 200 959 "-" "Apache Shindig"
0:0:0:0:0:0:0:1 - - [19/Sep/2014:14:13:10 +0530] "GET //gadgets/proxy?container=default&gadget=http%3A%2F%2Flocalhost%3A9763%2Fportal%2Fgadgets%2Fintro-gadget-2%2Fintro-gadget-2.xml&debug=1&nocache=1&html_tag_context=img&url=http%3A%2F%2Flocalhost%3A9763%2Fportal%2Fgadgets%2Fintro-gadget-2%2Fimg%2Ftitle.png HTTP/1.1" 304 - "https://localhost:9443//gadgets/ifr?url=http%3A%2F%2Flocalhost%3A9763%2Fportal%2Fgadgets%2Fintro-gadget-2%2Fintro-gadget-2.xml&container=default&view=default&lang=en&country=US&debug=1&nocache=1&sanitize=0&v=d8213105a7083aec18c9bce3596dddd0&testmode=0&parent=https%3A%2F%2Flocalhost%3A9443&mid=0" "Mozilla/5.0 (Macintosh; Intel Mac OS X 10.9; rv:32.0) Gecko/20100101 Firefox/32.0"
0:0:0:0:0:0:0:1 - - [19/Sep/2014:14:13:10 +0530] "GET //gadgets/proxy?container=default&gadget=http%3A%2F%2Flocalhost%3A9763%2Fportal%2Fgadgets%2Fintro-gadget-1%2Fintro-gadget-1.xml&debug=1&nocache=1&html_tag_context=link&url=http%3A%2F%2Flocalhost%3A9763%2Fportal%2Fthemes%2Fportal%2Fcss%2Fflot-graph.css HTTP/1.1" 304 - "https://localhost:9443//gadgets/ifr?url=http%3A%2F%2Flocalhost%3A9763%2Fportal%2Fgadgets%2Fintro-gadget-1%2Fintro-gadget-1.xml&container=default&view=default&lang=en&country=US&debug=1&nocache=1&sanitize=0&v=d8213105a7083aec18c9bce3596dddd0&testmode=0&parent=https%3A%2F%2Flocalhost%3A9443&mid=0" "Mozilla/5.0 (Macintosh; Intel Mac OS X 10.9; rv:32.0) Gecko/20100101 Firefox/32.0"
127.0.0.1 - - [19/Sep/2014:14:13:10 +0530] "GET /portal/js/flot/excanvas.min.js HTTP/1.1" 200 8433 "-" "Apache Shindig"
127.0.0.1 - - [19/Sep/2014:14:13:10 +0530] "GET /portal/gadgets/intro-gadget-1/js/intro-gadget-1.js HTTP/1.1" 200 1848 "-" "Apache Shindig"
127.0.0.1 - - [19/Sep/2014:14:13:10 +0530] "GET /portal/gadgets/intro-gadget-1/img/title.png HTTP/1.1" 200 4159 "-" "Apache Shindig"
127.0.0.1 - - [19/Sep/2014:14:13:10 +0530] "GET /portal/gadgets/intro-gadget-1/intro-gadget-1.xml HTTP/1.1" 200 881 "-" "Apache Shindig"
127.0.0.1 - - [19/Sep/2014:14:13:10 +0530] "GET /portal/gadgets/intro-gadget-1/intro-gadget-1.xml HTTP/1.1" 200 881 "-" "Apache Shindig"
127.0.0.1 - - [19/Sep/2014:14:13:10 +0530] "GET /portal/js/flot/jquery.flot.js HTTP/1.1" 200 26419 "-" "Apache Shindig"
127.0.0.1 - - [19/Sep/2014:14:13:10 +0530] "GET /portal/js/flot/jquery.js HTTP/1.1" 200 81076 "-" "Apache Shindig"
0:0:0:0:0:0:0:1 - - [19/Sep/2014:14:13:10 +0530] "GET //gadgets/proxy?container=default&gadget=http%3A%2F%2Flocalhost%3A9763%2Fportal%2Fgadgets%2Fintro-gadget-1%2Fintro-gadget-1.xml&debug=1&nocache=1&html_tag_context=img&url=http%3A%2F%2Flocalhost%3A9763%2Fportal%2Fgadgets%2Fintro-gadget-1%2Fimg%2Ftitle.png HTTP/1.1" 304 - "https://localhost:9443//gadgets/ifr?url=http%3A%2F%2Flocalhost%3A9763%2Fportal%2Fgadgets%2Fintro-gadget-1%2Fintro-gadget-1.xml&container=default&view=default&lang=en&country=US&debug=1&nocache=1&sanitize=0&v=d8213105a7083aec18c9bce3596dddd0&testmode=0&parent=https%3A%2F%2Flocalhost%3A9443&mid=0" "Mozilla/5.0 (Macintosh; Intel Mac OS X 10.9; rv:32.0) Gecko/20100101 Firefox/32.0"
127.0.0.1 - - [19/Sep/2014:14:13:10 +0530] "GET /portal/gadgets/intro-gadget-2/intro-gadget-2.xml HTTP/1.1" 200 959 "-" "Apache Shindig"
127.0.0.1 - - [19/Sep/2014:14:13:10 +0530] "GET /portal/js/flot/jquery.js HTTP/1.1" 200 81076 "-" "Apache Shindig"
127.0.0.1 - - [19/Sep/2014:14:13:10 +0530] "GET /portal/gadgets/intro-gadget-2/intro-gadget-2.xml HTTP/1.1" 200 959 "-" "Apache Shindig"
127.0.0.1 - - [19/Sep/2014:14:13:10 +0530] "GET /portal/gadgets/intro-gadget-2/intro-gadget-2.xml HTTP/1.1" 200 959 "-" "Apache Shindig"
127.0.0.1 - - [19/Sep/2014:14:13:10 +0530] "GET /portal/gadgets/intro-gadget-1/intro-gadget-1.xml HTTP/1.1" 200 881 "-" "Apache Shindig"
127.0.0.1 - - [19/Sep/2014:14:13:10 +0530] "GET /portal/gadgets/intro-gadget-1/intro-gadget-1.xml HTTP/1.1" 200 881 "-" "Apache Shindig"
127.0.0.1 - - [19/Sep/2014:14:13:10 +0530] "GET /portal/gadgets/intro-gadget-1/intro-gadget-1.xml HTTP/1.1" 200 881 "-" "Apache Shindig"
0:0:0:0:0:0:0:1 - - [19/Sep/2014:14:13:10 +0530] "GET //gadgets/concat?container=default&gadget=http%3A%2F%2Flocalhost%3A9763%2Fportal%2Fgadgets%2Fintro-gadget-2%2Fintro-gadget-2.xml&debug=1&nocache=1&type=js&1=http%3A%2F%2Flocalhost%3A9763%2Fportal%2Fjs%2Fflot%2Fexcanvas.min.js&2=http%3A%2F%2Flocalhost%3A9763%2Fportal%2Fjs%2Fflot%2Fjquery.js&3=http%3A%2F%2Flocalhost%3A9763%2Fportal%2Fjs%2Fflot%2Fjquery.flot.js&4=http%3A%2F%2Flocalhost%3A9763%2Fportal%2Fgadgets%2Fintro-gadget-2%2Fjs%2Fintro-gadget-2.js HTTP/1.1" 304 - "https://localhost:9443//gadgets/ifr?url=http%3A%2F%2Flocalhost%3A9763%2Fportal%2Fgadgets%2Fintro-gadget-2%2Fintro-gadget-2.xml&container=default&view=default&lang=en&country=US&debug=1&nocache=1&sanitize=0&v=d8213105a7083aec18c9bce3596dddd0&testmode=0&parent=https%3A%2F%2Flocalhost%3A9443&mid=0" "Mozilla/5.0 (Macintosh; Intel Mac OS X 10.9; rv:32.0) Gecko/20100101 Firefox/32.0"
0:0:0:0:0:0:0:1 - - [19/Sep/2014:14:13:10 +0530] "GET //gadgets/concat?container=default&gadget=http%3A%2F%2Flocalhost%3A9763%2Fportal%2Fgadgets%2Fintro-gadget-1%2Fintro-gadget-1.xml&debug=1&nocache=1&type=js&1=http%3A%2F%2Flocalhost%3A9763%2Fportal%2Fjs%2Fflot%2Fexcanvas.min.js&2=http%3A%2F%2Flocalhost%3A9763%2Fportal%2Fjs%2Fflot%2Fjquery.js&3=http%3A%2F%2Flocalhost%3A9763%2Fportal%2Fjs%2Fflot%2Fjquery.flot.js&4=http%3A%2F%2Flocalhost%3A9763%2Fportal%2Fgadgets%2Fintro-gadget-1%2Fjs%2Fintro-gadget-1.js HTTP/1.1" 304 - "https://localhost:9443//gadgets/ifr?url=http%3A%2F%2Flocalhost%3A9763%2Fportal%2Fgadgets%2Fintro-gadget-1%2Fintro-gadget-1.xml&container=default&view=default&lang=en&country=US&debug=1&nocache=1&sanitize=0&v=d8213105a7083aec18c9bce3596dddd0&testmode=0&parent=https%3A%2F%2Flocalhost%3A9443&mid=0" "Mozilla/5.0 (Macintosh; Intel Mac OS X 10.9; rv:32.0) Gecko/20100101 Firefox/32.0"
0:0:0:0:0:0:0:1 - - [19/Sep/2014:14:13:12 +0530] "POST /sso/samlsso.jag HTTP/1.1" 302 - "https://localhost:9443/portal/" "Mozilla/5.0 (Macintosh; Intel Mac OS X 10.9; rv:32.0) Gecko/20100101 Firefox/32.0"
0:0:0:0:0:0:0:1 - - [19/Sep/2014:14:13:12 +0530] "GET /sso/login.jag HTTP/1.1" 200 1670 "https://localhost:9443/portal/" "Mozilla/5.0 (Macintosh; Intel Mac OS X 10.9; rv:32.0) Gecko/20100101 Firefox/32.0"
0:0:0:0:0:0:0:1 - - [19/Sep/2014:14:13:12 +0530] "GET /sso/font/fontawesome-webfont.woff?v=3.2.1 HTTP/1.1" 304 - "https://localhost:9443/sso/css/font-awesome.min.css" "Mozilla/5.0 (Macintosh; Intel Mac OS X 10.9; rv:32.0) Gecko/20100101 Firefox/32.0"
0:0:0:0:0:0:0:1 - - [19/Sep/2014:14:13:14 +0530] "POST /sso/samlsso.jag HTTP/1.1" 200 2012 "https://localhost:9443/sso/login.jag" "Mozilla/5.0 (Macintosh; Intel Mac OS X 10.9; rv:32.0) Gecko/20100101 Firefox/32.0"
0:0:0:0:0:0:0:1 - - [19/Sep/2014:14:13:14 +0530] "POST /portal/sso.jag HTTP/1.1" 302 - "https://localhost:9443/sso/samlsso.jag" "Mozilla/5.0 (Macintosh; Intel Mac OS X 10.9; rv:32.0) Gecko/20100101 Firefox/32.0"
0:0:0:0:0:0:0:1 - - [19/Sep/2014:14:13:14 +0530] "GET /portal HTTP/1.1" 302 - "https://localhost:9443/sso/samlsso.jag" "Mozilla/5.0 (Macintosh; Intel Mac OS X 10.9; rv:32.0) Gecko/20100101 Firefox/32.0"
0:0:0:0:0:0:0:1 - - [19/Sep/2014:14:13:14 +0530] "GET /portal/ HTTP/1.1" 302 - "https://localhost:9443/sso/samlsso.jag" "Mozilla/5.0 (Macintosh; Intel Mac OS X 10.9; rv:32.0) Gecko/20100101 Firefox/32.0"
0:0:0:0:0:0:0:1 - - [19/Sep/2014:14:13:14 +0530] "GET /portal/dashboard.jag HTTP/1.1" 200 3114 "https://localhost:9443/sso/samlsso.jag" "Mozilla/5.0 (Macintosh; Intel Mac OS X 10.9; rv:32.0) Gecko/20100101 Firefox/32.0"
0:0:0:0:0:0:0:1 - - [19/Sep/2014:14:13:14 +0530] "GET /portal/apis/browser.jag?action=browse&cmd=open&target=&init=1&tree=1&_=1411116194342 HTTP/1.1" 200 3397 "https://localhost:9443/portal/dashboard.jag" "Mozilla/5.0 (Macintosh; Intel Mac OS X 10.9; rv:32.0) Gecko/20100101 Firefox/32.0"
0:0:0:0:0:0:0:1 - - [19/Sep/2014:14:13:21 +0530] "GET /store HTTP/1.1" 302 - "-" "Mozilla/5.0 (Macintosh; Intel Mac OS X 10.9; rv:32.0) Gecko/20100101 Firefox/32.0"
0:0:0:0:0:0:0:1 - - [19/Sep/2014:14:13:21 +0530] "GET /store/ HTTP/1.1" 302 - "-" "Mozilla/5.0 (Macintosh; Intel Mac OS X 10.9; rv:32.0) Gecko/20100101 Firefox/32.0"
0:0:0:0:0:0:0:1 - - [19/Sep/2014:14:13:22 +0530] "GET /store/assets/all HTTP/1.1" 200 4007 "-" "Mozilla/5.0 (Macintosh; Intel Mac OS X 10.9; rv:32.0) Gecko/20100101 Firefox/32.0"
0:0:0:0:0:0:0:1 - - [19/Sep/2014:14:13:22 +0530] "GET /store/themes/store/css/bootstrap-responsive.css HTTP/1.1" 200 4251 "https://localhost:9443/store/assets/all" "Mozilla/5.0 (Macintosh; Intel Mac OS X 10.9; rv:32.0) Gecko/20100101 Firefox/32.0"
0:0:0:0:0:0:0:1 - - [19/Sep/2014:14:13:22 +0530] "GET /store/themes/store/css/font-awesome-ie7.min.css HTTP/1.1" 200 3385 "https://localhost:9443/store/assets/all" "Mozilla/5.0 (Macintosh; Intel Mac OS X 10.9; rv:32.0) Gecko/20100101 Firefox/32.0"
0:0:0:0:0:0:0:1 - - [19/Sep/2014:14:13:22 +0530] "GET /store/themes/store/css/font-awesome.min.css HTTP/1.1" 200 4456 "https://localhost:9443/store/assets/all" "Mozilla/5.0 (Macintosh; Intel Mac OS X 10.9; rv:32.0) Gecko/20100101 Firefox/32.0"
0:0:0:0:0:0:0:1 - - [19/Sep/2014:14:13:22 +0530] "GET /store/themes/store/css/assets.css HTTP/1.1" 200 418 "https://localhost:9443/store/assets/all" "Mozilla/5.0 (Macintosh; Intel Mac OS X 10.9; rv:32.0) Gecko/20100101 Firefox/32.0"
0:0:0:0:0:0:0:1 - - [19/Sep/2014:14:13:22 +0530] "GET /store/themes/store/css/navigation.css HTTP/1.1" 200 1307 "https://localhost:9443/store/assets/all" "Mozilla/5.0 (Macintosh; Intel Mac OS X 10.9; rv:32.0) Gecko/20100101 Firefox/32.0"
0:0:0:0:0:0:0:1 - - [19/Sep/2014:14:13:22 +0530] "GET /store/themes/store/css/styles.css HTTP/1.1" 200 5106 "https://localhost:9443/store/assets/all" "Mozilla/5.0 (Macintosh; Intel Mac OS X 10.9; rv:32.0) Gecko/20100101 Firefox/32.0"
0:0:0:0:0:0:0:1 - - [19/Sep/2014:14:13:22 +0530] "GET /store/themes/store/css/top-assets.css HTTP/1.1" 200 807 "https://localhost:9443/store/assets/all" "Mozilla/5.0 (Macintosh; Intel Mac OS X 10.9; rv:32.0) Gecko/20100101 Firefox/32.0"
0:0:0:0:0:0:0:1 - - [19/Sep/2014:14:13:22 +0530] "GET /store/themes/store/css/bootstrap.css HTTP/1.1" 200 19874 "https://localhost:9443/store/assets/all" "Mozilla/5.0 (Macintosh; Intel Mac OS X 10.9; rv:32.0) Gecko/20100101 Firefox/32.0"
0:0:0:0:0:0:0:1 - - [19/Sep/2014:14:13:22 +0530] "GET /store/themes/store/css/jslider.round.plastic.css HTTP/1.1" 200 248 "https://localhost:9443/store/assets/all" "Mozilla/5.0 (Macintosh; Intel Mac OS X 10.9; rv:32.0) Gecko/20100101 Firefox/32.0"
0:0:0:0:0:0:0:1 - - [19/Sep/2014:14:13:22 +0530] "GET /store/themes/store/css/jslider.css HTTP/1.1" 200 736 "https://localhost:9443/store/assets/all" "Mozilla/5.0 (Macintosh; Intel Mac OS X 10.9; rv:32.0) Gecko/20100101 Firefox/32.0"
0:0:0:0:0:0:0:1 - - [19/Sep/2014:14:13:22 +0530] "GET /store/themes/store/favicon.ico HTTP/1.1" 404 898 "-" "Mozilla/5.0 (Macintosh; Intel Mac OS X 10.9; rv:32.0) Gecko/20100101 Firefox/32.0"
0:0:0:0:0:0:0:1 - - [19/Sep/2014:14:13:22 +0530] "GET /store/themes/store/js/bootstrap-popover.js HTTP/1.1" 200 1274 "https://localhost:9443/store/assets/all" "Mozilla/5.0 (Macintosh; Intel Mac OS X 10.9; rv:32.0) Gecko/20100101 Firefox/32.0"
0:0:0:0:0:0:0:1 - - [19/Sep/2014:14:13:22 +0530] "GET /store/themes/store/js/bootstrap-tooltip.js HTTP/1.1" 200 2892 "https://localhost:9443/store/assets/all" "Mozilla/5.0 (Macintosh; Intel Mac OS X 10.9; rv:32.0) Gecko/20100101 Firefox/32.0"
0:0:0:0:0:0:0:1 - - [19/Sep/2014:14:13:22 +0530] "GET /store/themes/store/js/bootstrap.min.js HTTP/1.1" 200 7004 "https://localhost:9443/store/assets/all" "Mozilla/5.0 (Macintosh; Intel Mac OS X 10.9; rv:32.0) Gecko/20100101 Firefox/32.0"
0:0:0:0:0:0:0:1 - - [19/Sep/2014:14:13:22 +0530] "GET /store/themes/store/js/async.min.js HTTP/1.1" 200 2159 "https://localhost:9443/store/assets/all" "Mozilla/5.0 (Macintosh; Intel Mac OS X 10.9; rv:32.0) Gecko/20100101 Firefox/32.0"
127.0.0.1 - - [19/Sep/2014:14:13:22 +0530] "GET /portal/gadgets/horizontal-bar-chart/banner.jpg HTTP/1.1" 200 23325 "-" "Mozilla/5.0 (Macintosh; Intel Mac OS X 10.9; rv:32.0) Gecko/20100101 Firefox/32.0"
127.0.0.1 - - [19/Sep/2014:14:13:22 +0530] "GET /portal/gadgets/bar-chart/banner.jpg HTTP/1.1" 200 20901 "-" "Mozilla/5.0 (Macintosh; Intel Mac OS X 10.9; rv:32.0) Gecko/20100101 Firefox/32.0"
127.0.0.1 - - [19/Sep/2014:14:13:22 +0530] "GET /portal/gadgets/bubble-chart/banner.jpg HTTP/1.1" 200 16672 "-" "Mozilla/5.0 (Macintosh; Intel Mac OS X 10.9; rv:32.0) Gecko/20100101 Firefox/32.0"
127.0.0.1 - - [19/Sep/2014:14:13:22 +0530] "GET /portal/sites/ceo-dash/banner.jpg HTTP/1.1" 200 22309 "-" "Mozilla/5.0 (Macintosh; Intel Mac OS X 10.9; rv:32.0) Gecko/20100101 Firefox/32.0"
0:0:0:0:0:0:0:1 - - [19/Sep/2014:14:13:22 +0530] "GET /store/themes/store/js/handlebars.js HTTP/1.1" 200 12827 "https://localhost:9443/store/assets/all" "Mozilla/5.0 (Macintosh; Intel Mac OS X 10.9; rv:32.0) Gecko/20100101 Firefox/32.0"
0:0:0:0:0:0:0:1 - - [19/Sep/2014:14:13:22 +0530] "GET /store/themes/store/js/theme.js HTTP/1.1" 200 827 "https://localhost:9443/store/assets/all" "Mozilla/5.0 (Macintosh; Intel Mac OS X 10.9; rv:32.0) Gecko/20100101 Firefox/32.0"
0:0:0:0:0:0:0:1 - - [19/Sep/2014:14:13:22 +0530] "GET /store/themes/store/js/jquery.event.mousestop.js HTTP/1.1" 200 1927 "https://localhost:9443/store/assets/all" "Mozilla/5.0 (Macintosh; Intel Mac OS X 10.9; rv:32.0) Gecko/20100101 Firefox/32.0"
127.0.0.1 - - [19/Sep/2014:14:13:22 +0530] "GET /portal/gadgets/line-plus-bar-chart/banner.jpg HTTP/1.1" 200 30321 "-" "Mozilla/5.0 (Macintosh; Intel Mac OS X 10.9; rv:32.0) Gecko/20100101 Firefox/32.0"
127.0.0.1 - - [19/Sep/2014:14:13:22 +0530] "GET /portal/gadgets/line-chart/banner.jpg HTTP/1.1" 200 24779 "-" "Mozilla/5.0 (Macintosh; Intel Mac OS X 10.9; rv:32.0) Gecko/20100101 Firefox/32.0"
0:0:0:0:0:0:0:1 - - [19/Sep/2014:14:13:22 +0530] "GET /store/themes/store/js/jquery.history.js HTTP/1.1" 200 6503 "https://localhost:9443/store/assets/all" "Mozilla/5.0 (Macintosh; Intel Mac OS X 10.9; rv:32.0) Gecko/20100101 Firefox/32.0"
0:0:0:0:0:0:0:1 - - [19/Sep/2014:14:13:22 +0530] "GET /store/themes/store/js/history-fix.js HTTP/1.1" 200 666 "https://localhost:9443/store/assets/all" "Mozilla/5.0 (Macintosh; Intel Mac OS X 10.9; rv:32.0) Gecko/20100101 Firefox/32.0"
0:0:0:0:0:0:0:1 - - [19/Sep/2014:14:13:22 +0530] "GET /store/themes/store/js/jquery-1.8.3.min.js HTTP/1.1" 200 33942 "https://localhost:9443/store/assets/all" "Mozilla/5.0 (Macintosh; Intel Mac OS X 10.9; rv:32.0) Gecko/20100101 Firefox/32.0"
127.0.0.1 - - [19/Sep/2014:14:13:22 +0530] "GET /portal/sites/mark-mail/thumbnail.jpg HTTP/1.1" 200 6406 "-" "Mozilla/5.0 (Macintosh; Intel Mac OS X 10.9; rv:32.0) Gecko/20100101 Firefox/32.0"
0:0:0:0:0:0:0:1 - - [19/Sep/2014:14:13:22 +0530] "GET /store/themes/store/js/navigation.js HTTP/1.1" 200 682 "https://localhost:9443/store/assets/all" "Mozilla/5.0 (Macintosh; Intel Mac OS X 10.9; rv:32.0) Gecko/20100101 Firefox/32.0"
127.0.0.1 - - [19/Sep/2014:14:13:22 +0530] "GET /portal/sites/ceo-dash/thumbnail.png HTTP/1.1" 200 8618 "-" "Mozilla/5.0 (Macintosh; Intel Mac OS X 10.9; rv:32.0) Gecko/20100101 Firefox/32.0"
0:0:0:0:0:0:0:1 - - [19/Sep/2014:14:13:22 +0530] "GET /store/themes/store/js/asset-helpers.js HTTP/1.1" 200 805 "https://localhost:9443/store/assets/all" "Mozilla/5.0 (Macintosh; Intel Mac OS X 10.9; rv:32.0) Gecko/20100101 Firefox/32.0"
0:0:0:0:0:0:0:1 - - [19/Sep/2014:14:13:22 +0530] "GET /store/themes/store/js/search.js HTTP/1.1" 200 1014 "https://localhost:9443/store/assets/all" "Mozilla/5.0 (Macintosh; Intel Mac OS X 10.9; rv:32.0) Gecko/20100101 Firefox/32.0"
127.0.0.1 - - [19/Sep/2014:14:13:22 +0530] "GET /portal/sites/climate/banner.jpg HTTP/1.1" 200 27497 "-" "Mozilla/5.0 (Macintosh; Intel Mac OS X 10.9; rv:32.0) Gecko/20100101 Firefox/32.0"
127.0.0.1 - - [19/Sep/2014:14:13:22 +0530] "GET /portal/sites/mark-mail/banner.jpg HTTP/1.1" 200 22512 "-" "Mozilla/5.0 (Macintosh; Intel Mac OS X 10.9; rv:32.0) Gecko/20100101 Firefox/32.0"
0:0:0:0:0:0:0:1 - - [19/Sep/2014:14:13:22 +0530] "GET /store/themes/store/js/jquery.validate.js HTTP/1.1" 200 10011 "https://localhost:9443/store/assets/all" "Mozilla/5.0 (Macintosh; Intel Mac OS X 10.9; rv:32.0) Gecko/20100101 Firefox/32.0"
127.0.0.1 - - [19/Sep/2014:14:13:22 +0530] "GET /portal/sites/climate/thumbnail.jpg HTTP/1.1" 200 2458 "-" "Mozilla/5.0 (Macintosh; Intel Mac OS X 10.9; rv:32.0) Gecko/20100101 Firefox/32.0"
0:0:0:0:0:0:0:1 - - [19/Sep/2014:14:13:22 +0530] "GET /store/themes/store/js/top-assets.js HTTP/1.1" 200 836 "https://localhost:9443/store/assets/all" "Mozilla/5.0 (Macintosh; Intel Mac OS X 10.9; rv:32.0) Gecko/20100101 Firefox/32.0"
127.0.0.1 - - [19/Sep/2014:14:13:22 +0530] "GET /portal/gadgets/dummy-chat/thumbnail.jpg HTTP/1.1" 404 898 "-" "Mozilla/5.0 (Macintosh; Intel Mac OS X 10.9; rv:32.0) Gecko/20100101 Firefox/32.0"
0:0:0:0:0:0:0:1 - - [19/Sep/2014:14:13:22 +0530] "GET /store/themes/store/js/asset-core.js HTTP/1.1" 200 354 "https://localhost:9443/store/assets/all" "Mozilla/5.0 (Macintosh; Intel Mac OS X 10.9; rv:32.0) Gecko/20100101 Firefox/32.0"
0:0:0:0:0:0:0:1 - - [19/Sep/2014:14:13:22 +0530] "GET /store/themes/store/js/caramel-client.js HTTP/1.1" 200 768 "https://localhost:9443/store/assets/all" "Mozilla/5.0 (Macintosh; Intel Mac OS X 10.9; rv:32.0) Gecko/20100101 Firefox/32.0"
0:0:0:0:0:0:0:1 - - [19/Sep/2014:14:13:22 +0530] "GET /store/themes/store/js/caramel.handlebars.client.js HTTP/1.1" 200 1793 "https://localhost:9443/store/assets/all" "Mozilla/5.0 (Macintosh; Intel Mac OS X 10.9; rv:32.0) Gecko/20100101 Firefox/32.0"
0:0:0:0:0:0:0:1 - - [19/Sep/2014:14:13:22 +0530] "GET /store/themes/store/js/jquery.carouFredSel-6.2.1-packed.js HTTP/1.1" 200 13875 "https://localhost:9443/store/assets/all" "Mozilla/5.0 (Macintosh; Intel Mac OS X 10.9; rv:32.0) Gecko/20100101 Firefox/32.0"
0:0:0:0:0:0:0:1 - - [19/Sep/2014:14:13:22 +0530] "GET /store/themes/store/img/search-bg.png HTTP/1.1" 200 951 "https://localhost:9443/store/themes/store/css/styles.css" "Mozilla/5.0 (Macintosh; Intel Mac OS X 10.9; rv:32.0) Gecko/20100101 Firefox/32.0"
0:0:0:0:0:0:0:1 - - [19/Sep/2014:14:13:22 +0530] "GET /store/themes/store/img/logo.png HTTP/1.1" 200 4859 "https://localhost:9443/store/themes/store/css/navigation.css" "Mozilla/5.0 (Macintosh; Intel Mac OS X 10.9; rv:32.0) Gecko/20100101 Firefox/32.0"
0:0:0:0:0:0:0:1 - - [19/Sep/2014:14:13:22 +0530] "GET /store/themes/store/img/asset_slideshow_controls_right.png HTTP/1.1" 200 1890 "https://localhost:9443/store/themes/store/css/styles.css" "Mozilla/5.0 (Macintosh; Intel Mac OS X 10.9; rv:32.0) Gecko/20100101 Firefox/32.0"
0:0:0:0:0:0:0:1 - - [19/Sep/2014:14:13:22 +0530] "GET /store/themes/store/img/asset_slideshow_controls_left.png HTTP/1.1" 200 1916 "https://localhost:9443/store/themes/store/css/styles.css" "Mozilla/5.0 (Macintosh; Intel Mac OS X 10.9; rv:32.0) Gecko/20100101 Firefox/32.0"
0:0:0:0:0:0:0:1 - - [19/Sep/2014:14:13:22 +0530] "GET /store/themes/store/img/icon-bar-gadget.png HTTP/1.1" 200 1613 "https://localhost:9443/store/themes/store/css/styles.css" "Mozilla/5.0 (Macintosh; Intel Mac OS X 10.9; rv:32.0) Gecko/20100101 Firefox/32.0"
0:0:0:0:0:0:0:1 - - [19/Sep/2014:14:13:22 +0530] "GET /store/themes/store/img/store-stars.png HTTP/1.1" 200 5311 "https://localhost:9443/store/themes/store/css/styles.css" "Mozilla/5.0 (Macintosh; Intel Mac OS X 10.9; rv:32.0) Gecko/20100101 Firefox/32.0"
0:0:0:0:0:0:0:1 - - [19/Sep/2014:14:13:22 +0530] "GET /store/themes/store/img/icon-bar-site.png HTTP/1.1" 200 1691 "https://localhost:9443/store/themes/store/css/styles.css" "Mozilla/5.0 (Macintosh; Intel Mac OS X 10.9; rv:32.0) Gecko/20100101 Firefox/32.0"
0:0:0:0:0:0:0:1 - - [19/Sep/2014:14:13:22 +0530] "GET /store/themes/store/img/wso2-logo-small.png HTTP/1.1" 200 3000 "https://localhost:9443/store/themes/store/css/styles.css" "Mozilla/5.0 (Macintosh; Intel Mac OS X 10.9; rv:32.0) Gecko/20100101 Firefox/32.0"
0:0:0:0:0:0:0:1 - - [19/Sep/2014:14:13:22 +0530] "GET /store/themes/store/font/Lato-Reg-webfont.woff HTTP/1.1" 200 19260 "https://localhost:9443/store/themes/store/css/styles.css" "Mozilla/5.0 (Macintosh; Intel Mac OS X 10.9; rv:32.0) Gecko/20100101 Firefox/32.0"
0:0:0:0:0:0:0:1 - - [19/Sep/2014:14:13:22 +0530] "GET /store/themes/store/font/Lato-Bol-webfont.woff HTTP/1.1" 200 19432 "https://localhost:9443/store/themes/store/css/styles.css" "Mozilla/5.0 (Macintosh; Intel Mac OS X 10.9; rv:32.0) Gecko/20100101 Firefox/32.0"
0:0:0:0:0:0:0:1 - - [19/Sep/2014:14:13:22 +0530] "GET /store/themes/store/font/fontawesome-webfont.woff?v=3.2.1 HTTP/1.1" 200 43572 "https://localhost:9443/store/themes/store/css/font-awesome.min.css" "Mozilla/5.0 (Macintosh; Intel Mac OS X 10.9; rv:32.0) Gecko/20100101 Firefox/32.0"
0:0:0:0:0:0:0:1 - - [19/Sep/2014:14:13:22 +0530] "GET /store/themes/store/img/asset-slideshow-pag.png HTTP/1.1" 200 1091 "https://localhost:9443/store/themes/store/css/top-assets.css" "Mozilla/5.0 (Macintosh; Intel Mac OS X 10.9; rv:32.0) Gecko/20100101 Firefox/32.0"
0:0:0:0:0:0:0:1 - - [19/Sep/2014:14:13:45 +0530] "GET /store/asset/site?asset=/_system/governance/sites/admin/CEO%20Dashboard/1.0.0 HTTP/1.1" 200 3653 "https://localhost:9443/store/assets/all" "Mozilla/5.0 (Macintosh; Intel Mac OS X 10.9; rv:32.0) Gecko/20100101 Firefox/32.0"
0:0:0:0:0:0:0:1 - - [19/Sep/2014:14:13:45 +0530] "GET /store/themes/store/css/jquery.rating.css HTTP/1.1" 200 850 "https://localhost:9443/store/asset/site?asset=/_system/governance/sites/admin/CEO%20Dashboard/1.0.0" "Mozilla/5.0 (Macintosh; Intel Mac OS X 10.9; rv:32.0) Gecko/20100101 Firefox/32.0"
0:0:0:0:0:0:0:1 - - [19/Sep/2014:14:13:45 +0530] "GET /store/themes/store/css/asset.css HTTP/1.1" 200 932 "https://localhost:9443/store/asset/site?asset=/_system/governance/sites/admin/CEO%20Dashboard/1.0.0" "Mozilla/5.0 (Macintosh; Intel Mac OS X 10.9; rv:32.0) Gecko/20100101 Firefox/32.0"
0:0:0:0:0:0:0:1 - - [19/Sep/2014:14:13:45 +0530] "GET /store/themes/store/js/jquery.MetaData.js HTTP/1.1" 200 1500 "https://localhost:9443/store/asset/site?asset=/_system/governance/sites/admin/CEO%20Dashboard/1.0.0" "Mozilla/5.0 (Macintosh; Intel Mac OS X 10.9; rv:32.0) Gecko/20100101 Firefox/32.0"
0:0:0:0:0:0:0:1 - - [19/Sep/2014:14:13:45 +0530] "GET /store/themes/store/js/jquery.rating.pack.js HTTP/1.1" 200 2234 "https://localhost:9443/store/asset/site?asset=/_system/governance/sites/admin/CEO%20Dashboard/1.0.0" "Mozilla/5.0 (Macintosh; Intel Mac OS X 10.9; rv:32.0) Gecko/20100101 Firefox/32.0"
0:0:0:0:0:0:0:1 - - [19/Sep/2014:14:13:45 +0530] "GET /store/themes/store/js/tags.js HTTP/1.1" 200 893 "https://localhost:9443/store/asset/site?asset=/_system/governance/sites/admin/CEO%20Dashboard/1.0.0" "Mozilla/5.0 (Macintosh; Intel Mac OS X 10.9; rv:32.0) Gecko/20100101 Firefox/32.0"
0:0:0:0:0:0:0:1 - - [19/Sep/2014:14:13:45 +0530] "GET /store/themes/store/js/asset.js HTTP/1.1" 200 1897 "https://localhost:9443/store/asset/site?asset=/_system/governance/sites/admin/CEO%20Dashboard/1.0.0" "Mozilla/5.0 (Macintosh; Intel Mac OS X 10.9; rv:32.0) Gecko/20100101 Firefox/32.0"
0:0:0:0:0:0:0:1 - - [19/Sep/2014:14:13:45 +0530] "GET /store/themes/store/js/moment.min.js HTTP/1.1" 200 5592 "https://localhost:9443/store/asset/site?asset=/_system/governance/sites/admin/CEO%20Dashboard/1.0.0" "Mozilla/5.0 (Macintosh; Intel Mac OS X 10.9; rv:32.0) Gecko/20100101 Firefox/32.0"
127.0.0.1 - - [19/Sep/2014:14:13:47 +0530] "GET /ceo-dash/ HTTP/1.1" 302 - "-" "Mozilla/5.0 (Macintosh; Intel Mac OS X 10.9; rv:32.0) Gecko/20100101 Firefox/32.0"
127.0.0.1 - - [19/Sep/2014:14:13:47 +0530] "GET /ceo-dash/login HTTP/1.1" 200 1348 "-" "Mozilla/5.0 (Macintosh; Intel Mac OS X 10.9; rv:32.0) Gecko/20100101 Firefox/32.0"
0:0:0:0:0:0:0:1 - - [19/Sep/2014:14:13:47 +0530] "POST /sso/samlsso.jag HTTP/1.1" 200 2019 "http://localhost:9763/ceo-dash/login" "Mozilla/5.0 (Macintosh; Intel Mac OS X 10.9; rv:32.0) Gecko/20100101 Firefox/32.0"
127.0.0.1 - - [19/Sep/2014:14:13:47 +0530] "GET /favicon.ico HTTP/1.1" 404 973 "-" "Mozilla/5.0 (Macintosh; Intel Mac OS X 10.9; rv:32.0) Gecko/20100101 Firefox/32.0"
0:0:0:0:0:0:0:1 - - [19/Sep/2014:14:13:47 +0530] "POST /ceo-dash/sso.jag HTTP/1.1" 302 - "https://localhost:9443/sso/samlsso.jag" "Mozilla/5.0 (Macintosh; Intel Mac OS X 10.9; rv:32.0) Gecko/20100101 Firefox/32.0"
0:0:0:0:0:0:0:1 - - [19/Sep/2014:14:13:47 +0530] "GET /ceo-dash HTTP/1.1" 302 - "https://localhost:9443/sso/samlsso.jag" "Mozilla/5.0 (Macintosh; Intel Mac OS X 10.9; rv:32.0) Gecko/20100101 Firefox/32.0"
0:0:0:0:0:0:0:1 - - [19/Sep/2014:14:13:47 +0530] "GET /ceo-dash/ HTTP/1.1" 200 2781 "https://localhost:9443/sso/samlsso.jag" "Mozilla/5.0 (Macintosh; Intel Mac OS X 10.9; rv:32.0) Gecko/20100101 Firefox/32.0"
0:0:0:0:0:0:0:1 - - [19/Sep/2014:14:13:47 +0530] "GET /ceo-dash/css/navigation.css HTTP/1.1" 200 1095 "https://localhost:9443/ceo-dash/" "Mozilla/5.0 (Macintosh; Intel Mac OS X 10.9; rv:32.0) Gecko/20100101 Firefox/32.0"
0:0:0:0:0:0:0:1 - - [19/Sep/2014:14:13:47 +0530] "GET /ceo-dash/css/font-awesome-ie7.min.css HTTP/1.1" 200 3385 "https://localhost:9443/ceo-dash/" "Mozilla/5.0 (Macintosh; Intel Mac OS X 10.9; rv:32.0) Gecko/20100101 Firefox/32.0"
0:0:0:0:0:0:0:1 - - [19/Sep/2014:14:13:47 +0530] "GET /ceo-dash/css/font-awesome.min.css HTTP/1.1" 200 4456 "https://localhost:9443/ceo-dash/" "Mozilla/5.0 (Macintosh; Intel Mac OS X 10.9; rv:32.0) Gecko/20100101 Firefox/32.0"
0:0:0:0:0:0:0:1 - - [19/Sep/2014:14:13:47 +0530] "GET /ceo-dash/css/jquery.gridster.min.css HTTP/1.1" 200 1220 "https://localhost:9443/ceo-dash/" "Mozilla/5.0 (Macintosh; Intel Mac OS X 10.9; rv:32.0) Gecko/20100101 Firefox/32.0"
0:0:0:0:0:0:0:1 - - [19/Sep/2014:14:13:47 +0530] "GET /ceo-dash/css/bootstrap-responsive.min.css HTTP/1.1" 200 4003 "https://localhost:9443/ceo-dash/" "Mozilla/5.0 (Macintosh; Intel Mac OS X 10.9; rv:32.0) Gecko/20100101 Firefox/32.0"
0:0:0:0:0:0:0:1 - - [19/Sep/2014:14:13:47 +0530] "GET /ceo-dash/css/portal-dashboard-designer.css HTTP/1.1" 200 3085 "https://localhost:9443/ceo-dash/" "Mozilla/5.0 (Macintosh; Intel Mac OS X 10.9; rv:32.0) Gecko/20100101 Firefox/32.0"
0:0:0:0:0:0:0:1 - - [19/Sep/2014:14:13:47 +0530] "GET /ceo-dash/css/styles.css HTTP/1.1" 200 2304 "https://localhost:9443/ceo-dash/" "Mozilla/5.0 (Macintosh; Intel Mac OS X 10.9; rv:32.0) Gecko/20100101 Firefox/32.0"
0:0:0:0:0:0:0:1 - - [19/Sep/2014:14:13:47 +0530] "GET /ceo-dash/css/bootstrap.min.css HTTP/1.1" 200 18754 "https://localhost:9443/ceo-dash/" "Mozilla/5.0 (Macintosh; Intel Mac OS X 10.9; rv:32.0) Gecko/20100101 Firefox/32.0"
0:0:0:0:0:0:0:1 - - [19/Sep/2014:14:13:47 +0530] "GET /ceo-dash/js/navigation.js HTTP/1.1" 200 1030 "https://localhost:9443/ceo-dash/" "Mozilla/5.0 (Macintosh; Intel Mac OS X 10.9; rv:32.0) Gecko/20100101 Firefox/32.0"
0:0:0:0:0:0:0:1 - - [19/Sep/2014:14:13:47 +0530] "GET /ceo-dash/js/bootstrap.min.js HTTP/1.1" 200 7004 "https://localhost:9443/ceo-dash/" "Mozilla/5.0 (Macintosh; Intel Mac OS X 10.9; rv:32.0) Gecko/20100101 Firefox/32.0"
0:0:0:0:0:0:0:1 - - [19/Sep/2014:14:13:47 +0530] "GET /ceo-dash/js/UESContainer.js HTTP/1.1" 200 972 "https://localhost:9443/ceo-dash/" "Mozilla/5.0 (Macintosh; Intel Mac OS X 10.9; rv:32.0) Gecko/20100101 Firefox/32.0"
0:0:0:0:0:0:0:1 - - [19/Sep/2014:14:13:47 +0530] "GET /ceo-dash/js/handlebars.js HTTP/1.1" 200 12827 "https://localhost:9443/ceo-dash/" "Mozilla/5.0 (Macintosh; Intel Mac OS X 10.9; rv:32.0) Gecko/20100101 Firefox/32.0"
0:0:0:0:0:0:0:1 - - [19/Sep/2014:14:13:47 +0530] "GET /ceo-dash/js/portal-dashboard-designer.js HTTP/1.1" 200 5225 "https://localhost:9443/ceo-dash/" "Mozilla/5.0 (Macintosh; Intel Mac OS X 10.9; rv:32.0) Gecko/20100101 Firefox/32.0"
0:0:0:0:0:0:0:1 - - [19/Sep/2014:14:13:47 +0530] "GET /ceo-dash/js/jquery-ui-1.10.1.custom.min.js HTTP/1.1" 200 24620 "https://localhost:9443/ceo-dash/" "Mozilla/5.0 (Macintosh; Intel Mac OS X 10.9; rv:32.0) Gecko/20100101 Firefox/32.0"
0:0:0:0:0:0:0:1 - - [19/Sep/2014:14:13:47 +0530] "GET /ceo-dash/js/jquery.gridster.with-extras.min.js HTTP/1.1" 200 22017 "https://localhost:9443/ceo-dash/" "Mozilla/5.0 (Macintosh; Intel Mac OS X 10.9; rv:32.0) Gecko/20100101 Firefox/32.0"
0:0:0:0:0:0:0:1 - - [19/Sep/2014:14:13:47 +0530] "GET /ceo-dash/js/jquery-1.8.3.min.js HTTP/1.1" 200 33942 "https://localhost:9443/ceo-dash/" "Mozilla/5.0 (Macintosh; Intel Mac OS X 10.9; rv:32.0) Gecko/20100101 Firefox/32.0"
0:0:0:0:0:0:0:1 - - [19/Sep/2014:14:13:47 +0530] "GET /ceo-dash/js/shindig.js HTTP/1.1" 200 34461 "https://localhost:9443/ceo-dash/" "Mozilla/5.0 (Macintosh; Intel Mac OS X 10.9; rv:32.0) Gecko/20100101 Firefox/32.0"
0:0:0:0:0:0:0:1 - - [19/Sep/2014:14:13:47 +0530] "GET /ceo-dash/img/logo.png HTTP/1.1" 200 4331 "https://localhost:9443/ceo-dash/css/navigation.css" "Mozilla/5.0 (Macintosh; Intel Mac OS X 10.9; rv:32.0) Gecko/20100101 Firefox/32.0"
0:0:0:0:0:0:0:1 - - [19/Sep/2014:14:13:47 +0530] "GET /ceo-dash/img/designer-sprite.png HTTP/1.1" 200 10674 "https://localhost:9443/ceo-dash/css/portal-dashboard-designer.css" "Mozilla/5.0 (Macintosh; Intel Mac OS X 10.9; rv:32.0) Gecko/20100101 Firefox/32.0"
0:0:0:0:0:0:0:1 - - [19/Sep/2014:14:13:47 +0530] "GET /ceo-dash/font/Lato-Reg-webfont.woff HTTP/1.1" 200 19260 "https://localhost:9443/ceo-dash/css/styles.css" "Mozilla/5.0 (Macintosh; Intel Mac OS X 10.9; rv:32.0) Gecko/20100101 Firefox/32.0"
0:0:0:0:0:0:0:1 - - [19/Sep/2014:14:13:47 +0530] "GET /ceo-dash/font/fontawesome-webfont.woff?v=3.2.1 HTTP/1.1" 200 43572 "https://localhost:9443/ceo-dash/css/font-awesome.min.css" "Mozilla/5.0 (Macintosh; Intel Mac OS X 10.9; rv:32.0) Gecko/20100101 Firefox/32.0"
0:0:0:0:0:0:0:1 - - [19/Sep/2014:14:13:47 +0530] "GET /ceo-dash/font/Lato-Bol-webfont.woff HTTP/1.1" 200 19432 "https://localhost:9443/ceo-dash/css/styles.css" "Mozilla/5.0 (Macintosh; Intel Mac OS X 10.9; rv:32.0) Gecko/20100101 Firefox/32.0"
127.0.0.1 - - [19/Sep/2014:14:13:47 +0530] "GET /portal/gadgets/show-assets/show-assets.xml HTTP/1.1" 200 1769 "-" "Apache Shindig"
0:0:0:0:0:0:0:1 - - [19/Sep/2014:14:13:47 +0530] "POST //rpc?st=-1%3A-1%3A*%3A*%3A*%3A0%3Adefault HTTP/1.1" 200 1473 "https://localhost:9443/ceo-dash/" "Mozilla/5.0 (Macintosh; Intel Mac OS X 10.9; rv:32.0) Gecko/20100101 Firefox/32.0"
