0:0:0:0:0:0:0:1 - - [07/Oct/2014:11:22:09 +0530] "GET /cep-dash/gadgets/Vacation_Group_test/data-api.jag HTTP/1.1" 404 1049 "https://localhost:9443/shindig/gadgets/ifr?url=http%3A%2F%2Flocalhost%3A9763%2Fcep-dash%2Fgadgets%2FVacation_Group_test%2Fpublic%2Fstacked-bar-chart%2Fstacked-bar-chart.xml&container=default&view=default&lang=en&country=US&debug=1&nocache=1&sanitize=0&v=d8213105a7083aec18c9bce3596dddd0&testmode=0&parent=https%3A%2F%2Flocalhost%3A9443&mid=0" "Mozilla/5.0 (Macintosh; Intel Mac OS X 10.9; rv:32.0) Gecko/20100101 Firefox/32.0"
0:0:0:0:0:0:0:1 - - [07/Oct/2014:11:22:19 +0530] "GET /cep-dash/gadgets/Vacation_Group_test/data-api.jag HTTP/1.1" 404 1049 "https://localhost:9443/shindig/gadgets/ifr?url=http%3A%2F%2Flocalhost%3A9763%2Fcep-dash%2Fgadgets%2FVacation_Group_test%2Fpublic%2Fstacked-bar-chart%2Fstacked-bar-chart.xml&container=default&view=default&lang=en&country=US&debug=1&nocache=1&sanitize=0&v=d8213105a7083aec18c9bce3596dddd0&testmode=0&parent=https%3A%2F%2Flocalhost%3A9443&mid=0" "Mozilla/5.0 (Macintosh; Intel Mac OS X 10.9; rv:32.0) Gecko/20100101 Firefox/32.0"
10.100.5.174 - - [07/Oct/2014:11:22:22 +0530] "GET /admin/carbon/ HTTP/1.1" 302 - "-" "Mozilla/5.0 (Macintosh; Intel Mac OS X 10.9; rv:32.0) Gecko/20100101 Firefox/32.0"
10.100.5.174 - - [07/Oct/2014:11:22:22 +0530] "GET /admin/carbon/admin/index.jsp HTTP/1.1" 302 - "-" "Mozilla/5.0 (Macintosh; Intel Mac OS X 10.9; rv:32.0) Gecko/20100101 Firefox/32.0"
10.100.5.174 - - [07/Oct/2014:11:22:24 +0530] "GET /admin/carbon/admin/login.jsp HTTP/1.1" 200 3388 "-" "Mozilla/5.0 (Macintosh; Intel Mac OS X 10.9; rv:32.0) Gecko/20100101 Firefox/32.0"
10.100.5.174 - - [07/Oct/2014:11:22:24 +0530] "GET /admin/carbon/admin/css/global.css HTTP/1.1" 200 5268 "https://10.100.5.174:9443/admin/carbon/admin/login.jsp" "Mozilla/5.0 (Macintosh; Intel Mac OS X 10.9; rv:32.0) Gecko/20100101 Firefox/32.0"
10.100.5.174 - - [07/Oct/2014:11:22:24 +0530] "GET /admin/carbon/styles/css/main.css HTTP/1.1" 200 1405 "https://10.100.5.174:9443/admin/carbon/admin/login.jsp" "Mozilla/5.0 (Macintosh; Intel Mac OS X 10.9; rv:32.0) Gecko/20100101 Firefox/32.0"
10.100.5.174 - - [07/Oct/2014:11:22:24 +0530] "GET /admin/carbon/dialog/css/dialog.css HTTP/1.1" 200 556 "https://10.100.5.174:9443/admin/carbon/admin/login.jsp" "Mozilla/5.0 (Macintosh; Intel Mac OS X 10.9; rv:32.0) Gecko/20100101 Firefox/32.0"
10.100.5.174 - - [07/Oct/2014:11:22:24 +0530] "GET /admin/carbon/admin/css/carbonFormStyles.css HTTP/1.1" 200 1970 "https://10.100.5.174:9443/admin/carbon/admin/login.jsp" "Mozilla/5.0 (Macintosh; Intel Mac OS X 10.9; rv:32.0) Gecko/20100101 Firefox/32.0"
10.100.5.174 - - [07/Oct/2014:11:22:24 +0530] "GET /admin/carbon/dialog/css/jqueryui/jqueryui-themeroller.css HTTP/1.1" 200 4020 "https://10.100.5.174:9443/admin/carbon/admin/login.jsp" "Mozilla/5.0 (Macintosh; Intel Mac OS X 10.9; rv:32.0) Gecko/20100101 Firefox/32.0"
10.100.5.174 - - [07/Oct/2014:11:22:24 +0530] "GET /admin/carbon/admin/js/jquery.cookie.js HTTP/1.1" 200 1529 "https://10.100.5.174:9443/admin/carbon/admin/login.jsp" "Mozilla/5.0 (Macintosh; Intel Mac OS X 10.9; rv:32.0) Gecko/20100101 Firefox/32.0"
10.100.5.174 - - [07/Oct/2014:11:22:24 +0530] "GET /admin/carbon/admin/js/jquery.ui.core.min.js HTTP/1.1" 200 1996 "https://10.100.5.174:9443/admin/carbon/admin/login.jsp" "Mozilla/5.0 (Macintosh; Intel Mac OS X 10.9; rv:32.0) Gecko/20100101 Firefox/32.0"
10.100.5.174 - - [07/Oct/2014:11:22:24 +0530] "GET /admin/carbon/admin/js/jquery.form.js HTTP/1.1" 200 6750 "https://10.100.5.174:9443/admin/carbon/admin/login.jsp" "Mozilla/5.0 (Macintosh; Intel Mac OS X 10.9; rv:32.0) Gecko/20100101 Firefox/32.0"
10.100.5.174 - - [07/Oct/2014:11:22:24 +0530] "GET /admin/carbon/admin/js/jquery.ui.widget.min.js HTTP/1.1" 200 1344 "https://10.100.5.174:9443/admin/carbon/admin/login.jsp" "Mozilla/5.0 (Macintosh; Intel Mac OS X 10.9; rv:32.0) Gecko/20100101 Firefox/32.0"
10.100.5.174 - - [07/Oct/2014:11:22:24 +0530] "GET /admin/carbon/admin/js/jquery.ui.tabs.min.js HTTP/1.1" 200 3594 "https://10.100.5.174:9443/admin/carbon/admin/login.jsp" "Mozilla/5.0 (Macintosh; Intel Mac OS X 10.9; rv:32.0) Gecko/20100101 Firefox/32.0"
10.100.5.174 - - [07/Oct/2014:11:22:24 +0530] "GET /admin/carbon/admin/js/jquery.validate.js HTTP/1.1" 200 10290 "https://10.100.5.174:9443/admin/carbon/admin/login.jsp" "Mozilla/5.0 (Macintosh; Intel Mac OS X 10.9; rv:32.0) Gecko/20100101 Firefox/32.0"
10.100.5.174 - - [07/Oct/2014:11:22:24 +0530] "GET /admin/carbon/admin/js/cookies.js HTTP/1.1" 200 1136 "https://10.100.5.174:9443/admin/carbon/admin/login.jsp" "Mozilla/5.0 (Macintosh; Intel Mac OS X 10.9; rv:32.0) Gecko/20100101 Firefox/32.0"
10.100.5.174 - - [07/Oct/2014:11:22:24 +0530] "GET /admin/carbon/admin/js/customControls.js HTTP/1.1" 200 1193 "https://10.100.5.174:9443/admin/carbon/admin/login.jsp" "Mozilla/5.0 (Macintosh; Intel Mac OS X 10.9; rv:32.0) Gecko/20100101 Firefox/32.0"
10.100.5.174 - - [07/Oct/2014:11:22:24 +0530] "GET /admin/carbon/admin/js/jquery-1.5.2.min.js HTTP/1.1" 200 30375 "https://10.100.5.174:9443/admin/carbon/admin/login.jsp" "Mozilla/5.0 (Macintosh; Intel Mac OS X 10.9; rv:32.0) Gecko/20100101 Firefox/32.0"
10.100.5.174 - - [07/Oct/2014:11:22:24 +0530] "GET /admin/carbon/dialog/js/jqueryui/jquery-ui.min.js HTTP/1.1" 200 25705 "https://10.100.5.174:9443/admin/carbon/admin/login.jsp" "Mozilla/5.0 (Macintosh; Intel Mac OS X 10.9; rv:32.0) Gecko/20100101 Firefox/32.0"
10.100.5.174 - - [07/Oct/2014:11:22:24 +0530] "GET /admin/carbon/admin/js/WSRequest.js HTTP/1.1" 200 12981 "https://10.100.5.174:9443/admin/carbon/admin/login.jsp" "Mozilla/5.0 (Macintosh; Intel Mac OS X 10.9; rv:32.0) Gecko/20100101 Firefox/32.0"
10.100.5.174 - - [07/Oct/2014:11:22:24 +0530] "GET /admin/carbon/admin/js/main.js HTTP/1.1" 200 15361 "https://10.100.5.174:9443/admin/carbon/admin/login.jsp" "Mozilla/5.0 (Macintosh; Intel Mac OS X 10.9; rv:32.0) Gecko/20100101 Firefox/32.0"
10.100.5.174 - - [07/Oct/2014:11:22:24 +0530] "GET /admin/carbon/admin/images/favicon.ico HTTP/1.1" 200 9889 "-" "Mozilla/5.0 (Macintosh; Intel Mac OS X 10.9; rv:32.0) Gecko/20100101 Firefox/32.0"
10.100.5.174 - - [07/Oct/2014:11:22:24 +0530] "GET /admin/carbon/dialog/js/dialog.js HTTP/1.1" 200 2127 "https://10.100.5.174:9443/admin/carbon/admin/login.jsp" "Mozilla/5.0 (Macintosh; Intel Mac OS X 10.9; rv:32.0) Gecko/20100101 Firefox/32.0"
10.100.5.174 - - [07/Oct/2014:11:22:24 +0530] "GET /admin/carbon/yui/build/yahoo/yahoo-min.js HTTP/1.1" 200 2523 "https://10.100.5.174:9443/admin/carbon/admin/login.jsp" "Mozilla/5.0 (Macintosh; Intel Mac OS X 10.9; rv:32.0) Gecko/20100101 Firefox/32.0"
10.100.5.174 - - [07/Oct/2014:11:22:24 +0530] "GET /admin/carbon/admin/js/template.js HTTP/1.1" 200 3390 "https://10.100.5.174:9443/admin/carbon/admin/login.jsp" "Mozilla/5.0 (Macintosh; Intel Mac OS X 10.9; rv:32.0) Gecko/20100101 Firefox/32.0"
10.100.5.174 - - [07/Oct/2014:11:22:24 +0530] "GET /admin/carbon/yui/build/animation/animation-min.js HTTP/1.1" 200 4768 "https://10.100.5.174:9443/admin/carbon/admin/login.jsp" "Mozilla/5.0 (Macintosh; Intel Mac OS X 10.9; rv:32.0) Gecko/20100101 Firefox/32.0"
10.100.5.174 - - [07/Oct/2014:11:22:24 +0530] "GET /admin/carbon/yui/build/yahoo-dom-event/yahoo-dom-event.js HTTP/1.1" 200 10684 "https://10.100.5.174:9443/admin/carbon/admin/login.jsp" "Mozilla/5.0 (Macintosh; Intel Mac OS X 10.9; rv:32.0) Gecko/20100101 Firefox/32.0"
10.100.5.174 - - [07/Oct/2014:11:22:24 +0530] "GET /admin/carbon/yui/build/selector/selector-min.js HTTP/1.1" 200 2895 "https://10.100.5.174:9443/admin/carbon/admin/login.jsp" "Mozilla/5.0 (Macintosh; Intel Mac OS X 10.9; rv:32.0) Gecko/20100101 Firefox/32.0"
10.100.5.174 - - [07/Oct/2014:11:22:24 +0530] "GET /admin/carbon/admin/images/1px.gif HTTP/1.1" 200 43 "https://10.100.5.174:9443/admin/carbon/admin/login.jsp" "Mozilla/5.0 (Macintosh; Intel Mac OS X 10.9; rv:32.0) Gecko/20100101 Firefox/32.0"
10.100.5.174 - - [07/Oct/2014:11:22:24 +0530] "GET /admin/carbon/admin/images/forum.gif HTTP/1.1" 200 1977 "https://10.100.5.174:9443/admin/carbon/admin/login.jsp" "Mozilla/5.0 (Macintosh; Intel Mac OS X 10.9; rv:32.0) Gecko/20100101 Firefox/32.0"
10.100.5.174 - - [07/Oct/2014:11:22:24 +0530] "GET /admin/carbon/admin/images/user-guide.gif HTTP/1.1" 200 2228 "https://10.100.5.174:9443/admin/carbon/admin/login.jsp" "Mozilla/5.0 (Macintosh; Intel Mac OS X 10.9; rv:32.0) Gecko/20100101 Firefox/32.0"
10.100.5.174 - - [07/Oct/2014:11:22:24 +0530] "GET /admin/carbon/admin/images/issue-tracker.gif HTTP/1.1" 200 1821 "https://10.100.5.174:9443/admin/carbon/admin/login.jsp" "Mozilla/5.0 (Macintosh; Intel Mac OS X 10.9; rv:32.0) Gecko/20100101 Firefox/32.0"
10.100.5.174 - - [07/Oct/2014:11:22:24 +0530] "GET /admin/carbon/admin/images/mailing-list.gif HTTP/1.1" 200 2131 "https://10.100.5.174:9443/admin/carbon/admin/login.jsp" "Mozilla/5.0 (Macintosh; Intel Mac OS X 10.9; rv:32.0) Gecko/20100101 Firefox/32.0"
10.100.5.174 - - [07/Oct/2014:11:22:24 +0530] "GET /admin/carbon/styles/images/logo.png HTTP/1.1" 200 4331 "https://10.100.5.174:9443/admin/carbon/styles/css/main.css" "Mozilla/5.0 (Macintosh; Intel Mac OS X 10.9; rv:32.0) Gecko/20100101 Firefox/32.0"
10.100.5.174 - - [07/Oct/2014:11:22:24 +0530] "GET /admin/carbon/admin/images/help.gif HTTP/1.1" 200 411 "https://10.100.5.174:9443/admin/carbon/admin/css/global.css" "Mozilla/5.0 (Macintosh; Intel Mac OS X 10.9; rv:32.0) Gecko/20100101 Firefox/32.0"
10.100.5.174 - - [07/Oct/2014:11:22:26 +0530] "POST /admin/services/LoggedUserInfoAdmin HTTP/1.1" 200 584 "-" "Axis2"
10.100.5.174 - - [07/Oct/2014:11:22:26 +0530] "POST /admin/carbon/admin/login_action.jsp HTTP/1.1" 302 - "https://10.100.5.174:9443/admin/carbon/admin/login.jsp" "Mozilla/5.0 (Macintosh; Intel Mac OS X 10.9; rv:32.0) Gecko/20100101 Firefox/32.0"
10.100.5.174 - - [07/Oct/2014:11:22:26 +0530] "GET /admin/carbon/admin/index.jsp?loginStatus=true HTTP/1.1" 200 3235 "https://10.100.5.174:9443/admin/carbon/admin/login.jsp" "Mozilla/5.0 (Macintosh; Intel Mac OS X 10.9; rv:32.0) Gecko/20100101 Firefox/32.0"
10.100.5.174 - - [07/Oct/2014:11:22:26 +0530] "POST /admin/services/RegistryAdminService HTTP/1.1" 200 321 "-" "Axis2"
10.100.5.174 - - [07/Oct/2014:11:22:26 +0530] "GET /admin/carbon/admin/jsp/registry_styles_ajaxprocessor.jsp HTTP/1.1" 200 118 "https://10.100.5.174:9443/admin/carbon/admin/index.jsp?loginStatus=true" "Mozilla/5.0 (Macintosh; Intel Mac OS X 10.9; rv:32.0) Gecko/20100101 Firefox/32.0"
10.100.5.174 - - [07/Oct/2014:11:22:26 +0530] "GET /admin/carbon/admin/images/up-arrow.gif HTTP/1.1" 200 615 "https://10.100.5.174:9443/admin/carbon/admin/index.jsp?loginStatus=true" "Mozilla/5.0 (Macintosh; Intel Mac OS X 10.9; rv:32.0) Gecko/20100101 Firefox/32.0"
10.100.5.174 - - [07/Oct/2014:11:22:26 +0530] "GET /admin/carbon/userstore/images/user-store.gif HTTP/1.1" 200 617 "https://10.100.5.174:9443/admin/carbon/admin/index.jsp?loginStatus=true" "Mozilla/5.0 (Macintosh; Intel Mac OS X 10.9; rv:32.0) Gecko/20100101 Firefox/32.0"
10.100.5.174 - - [07/Oct/2014:11:22:26 +0530] "GET /admin/carbon/feature-mgt/images/comp-manager.gif HTTP/1.1" 200 580 "https://10.100.5.174:9443/admin/carbon/admin/index.jsp?loginStatus=true" "Mozilla/5.0 (Macintosh; Intel Mac OS X 10.9; rv:32.0) Gecko/20100101 Firefox/32.0"
10.100.5.174 - - [07/Oct/2014:11:22:26 +0530] "GET /admin/carbon/keystoremgt/images/keystore.gif HTTP/1.1" 200 604 "https://10.100.5.174:9443/admin/carbon/admin/index.jsp?loginStatus=true" "Mozilla/5.0 (Macintosh; Intel Mac OS X 10.9; rv:32.0) Gecko/20100101 Firefox/32.0"
10.100.5.174 - - [07/Oct/2014:11:22:26 +0530] "GET /admin/carbon/roles-mgt/images/server-role.gif HTTP/1.1" 200 1073 "https://10.100.5.174:9443/admin/carbon/admin/index.jsp?loginStatus=true" "Mozilla/5.0 (Macintosh; Intel Mac OS X 10.9; rv:32.0) Gecko/20100101 Firefox/32.0"
10.100.5.174 - - [07/Oct/2014:11:22:26 +0530] "GET /admin/carbon/webapp-list/images/application.png HTTP/1.1" 200 691 "https://10.100.5.174:9443/admin/carbon/admin/index.jsp?loginStatus=true" "Mozilla/5.0 (Macintosh; Intel Mac OS X 10.9; rv:32.0) Gecko/20100101 Firefox/32.0"
10.100.5.174 - - [07/Oct/2014:11:22:26 +0530] "GET /admin/carbon/webapp-list/images/list.gif HTTP/1.1" 200 216 "https://10.100.5.174:9443/admin/carbon/admin/index.jsp?loginStatus=true" "Mozilla/5.0 (Macintosh; Intel Mac OS X 10.9; rv:32.0) Gecko/20100101 Firefox/32.0"
10.100.5.174 - - [07/Oct/2014:11:22:26 +0530] "GET /admin/carbon/webapp-list/images/add.gif HTTP/1.1" 200 407 "https://10.100.5.174:9443/admin/carbon/admin/index.jsp?loginStatus=true" "Mozilla/5.0 (Macintosh; Intel Mac OS X 10.9; rv:32.0) Gecko/20100101 Firefox/32.0"
10.100.5.174 - - [07/Oct/2014:11:22:26 +0530] "GET /admin/carbon/jax-webapp-mgt/images/jax_type.gif HTTP/1.1" 200 622 "https://10.100.5.174:9443/admin/carbon/admin/index.jsp?loginStatus=true" "Mozilla/5.0 (Macintosh; Intel Mac OS X 10.9; rv:32.0) Gecko/20100101 Firefox/32.0"
10.100.5.174 - - [07/Oct/2014:11:22:26 +0530] "GET /admin/carbon/jaggeryapp-mgt/images/webapps.gif HTTP/1.1" 200 809 "https://10.100.5.174:9443/admin/carbon/admin/index.jsp?loginStatus=true" "Mozilla/5.0 (Macintosh; Intel Mac OS X 10.9; rv:32.0) Gecko/20100101 Firefox/32.0"
10.100.5.174 - - [07/Oct/2014:11:22:26 +0530] "GET /admin/carbon/sso-saml/images/sso.gif HTTP/1.1" 200 394 "https://10.100.5.174:9443/admin/carbon/admin/index.jsp?loginStatus=true" "Mozilla/5.0 (Macintosh; Intel Mac OS X 10.9; rv:32.0) Gecko/20100101 Firefox/32.0"
10.100.5.174 - - [07/Oct/2014:11:22:26 +0530] "GET /admin/carbon/server-admin/images/restart.gif HTTP/1.1" 200 631 "https://10.100.5.174:9443/admin/carbon/admin/index.jsp?loginStatus=true" "Mozilla/5.0 (Macintosh; Intel Mac OS X 10.9; rv:32.0) Gecko/20100101 Firefox/32.0"
10.100.5.174 - - [07/Oct/2014:11:22:26 +0530] "GET /admin/carbon/resources/images/resources.gif HTTP/1.1" 200 1028 "https://10.100.5.174:9443/admin/carbon/admin/index.jsp?loginStatus=true" "Mozilla/5.0 (Macintosh; Intel Mac OS X 10.9; rv:32.0) Gecko/20100101 Firefox/32.0"
10.100.5.174 - - [07/Oct/2014:11:22:26 +0530] "GET /admin/carbon/search/images/search-top.png HTTP/1.1" 200 785 "https://10.100.5.174:9443/admin/carbon/admin/index.jsp?loginStatus=true" "Mozilla/5.0 (Macintosh; Intel Mac OS X 10.9; rv:32.0) Gecko/20100101 Firefox/32.0"
10.100.5.174 - - [07/Oct/2014:11:22:26 +0530] "GET /admin/carbon/admin/images/leftRightSlider-dark.png HTTP/1.1" 200 1421 "https://10.100.5.174:9443/admin/carbon/admin/css/global.css" "Mozilla/5.0 (Macintosh; Intel Mac OS X 10.9; rv:32.0) Gecko/20100101 Firefox/32.0"
10.100.5.174 - - [07/Oct/2014:11:22:26 +0530] "GET /admin/carbon/admin/jsp/session-validate.jsp HTTP/1.1" 200 2640 "https://10.100.5.174:9443/admin/carbon/admin/index.jsp?loginStatus=true" "Mozilla/5.0 (Macintosh; Intel Mac OS X 10.9; rv:32.0) Gecko/20100101 Firefox/32.0"
10.100.5.174 - - [07/Oct/2014:11:22:26 +0530] "POST /admin/services/ServerAdmin HTTP/1.1" 200 2216 "-" "Axis2"
10.100.5.174 - - [07/Oct/2014:11:22:26 +0530] "GET /admin/carbon/server-admin/system_status_ajaxprocessor.jsp HTTP/1.1" 200 1279 "https://10.100.5.174:9443/admin/carbon/admin/index.jsp?loginStatus=true" "Mozilla/5.0 (Macintosh; Intel Mac OS X 10.9; rv:32.0) Gecko/20100101 Firefox/32.0"
0:0:0:0:0:0:0:1 - - [07/Oct/2014:11:22:29 +0530] "GET /cep-dash/gadgets/Vacation_Group_test/data-api.jag HTTP/1.1" 404 1049 "https://localhost:9443/shindig/gadgets/ifr?url=http%3A%2F%2Flocalhost%3A9763%2Fcep-dash%2Fgadgets%2FVacation_Group_test%2Fpublic%2Fstacked-bar-chart%2Fstacked-bar-chart.xml&container=default&view=default&lang=en&country=US&debug=1&nocache=1&sanitize=0&v=d8213105a7083aec18c9bce3596dddd0&testmode=0&parent=https%3A%2F%2Flocalhost%3A9443&mid=0" "Mozilla/5.0 (Macintosh; Intel Mac OS X 10.9; rv:32.0) Gecko/20100101 Firefox/32.0"
10.100.5.174 - - [07/Oct/2014:11:22:32 +0530] "GET /admin/carbon/admin/jsp/session-validate.jsp HTTP/1.1" 200 2640 "https://10.100.5.174:9443/admin/carbon/admin/index.jsp?loginStatus=true" "Mozilla/5.0 (Macintosh; Intel Mac OS X 10.9; rv:32.0) Gecko/20100101 Firefox/32.0"
10.100.5.174 - - [07/Oct/2014:11:22:32 +0530] "POST /admin/services/ServerAdmin HTTP/1.1" 200 2216 "-" "Axis2"
10.100.5.174 - - [07/Oct/2014:11:22:32 +0530] "GET /admin/carbon/server-admin/system_status_ajaxprocessor.jsp HTTP/1.1" 200 1279 "https://10.100.5.174:9443/admin/carbon/admin/index.jsp?loginStatus=true" "Mozilla/5.0 (Macintosh; Intel Mac OS X 10.9; rv:32.0) Gecko/20100101 Firefox/32.0"
10.100.5.174 - - [07/Oct/2014:11:22:38 +0530] "GET /admin/carbon/admin/jsp/session-validate.jsp HTTP/1.1" 200 2640 "https://10.100.5.174:9443/admin/carbon/admin/index.jsp?loginStatus=true" "Mozilla/5.0 (Macintosh; Intel Mac OS X 10.9; rv:32.0) Gecko/20100101 Firefox/32.0"
10.100.5.174 - - [07/Oct/2014:11:22:38 +0530] "POST /admin/services/ServerAdmin HTTP/1.1" 200 2216 "-" "Axis2"
10.100.5.174 - - [07/Oct/2014:11:22:38 +0530] "GET /admin/carbon/server-admin/system_status_ajaxprocessor.jsp HTTP/1.1" 200 1279 "https://10.100.5.174:9443/admin/carbon/admin/index.jsp?loginStatus=true" "Mozilla/5.0 (Macintosh; Intel Mac OS X 10.9; rv:32.0) Gecko/20100101 Firefox/32.0"
0:0:0:0:0:0:0:1 - - [07/Oct/2014:11:22:39 +0530] "GET /cep-dash/gadgets/Vacation_Group_test/data-api.jag HTTP/1.1" 404 1049 "https://localhost:9443/shindig/gadgets/ifr?url=http%3A%2F%2Flocalhost%3A9763%2Fcep-dash%2Fgadgets%2FVacation_Group_test%2Fpublic%2Fstacked-bar-chart%2Fstacked-bar-chart.xml&container=default&view=default&lang=en&country=US&debug=1&nocache=1&sanitize=0&v=d8213105a7083aec18c9bce3596dddd0&testmode=0&parent=https%3A%2F%2Flocalhost%3A9443&mid=0" "Mozilla/5.0 (Macintosh; Intel Mac OS X 10.9; rv:32.0) Gecko/20100101 Firefox/32.0"
0:0:0:0:0:0:0:1 - - [07/Oct/2014:11:22:40 +0530] "GET /portal HTTP/1.1" 302 - "-" "Mozilla/5.0 (Macintosh; Intel Mac OS X 10.9; rv:32.0) Gecko/20100101 Firefox/32.0"
0:0:0:0:0:0:0:1 - - [07/Oct/2014:11:22:42 +0530] "GET /portal/ HTTP/1.1" 200 4486 "-" "Mozilla/5.0 (Macintosh; Intel Mac OS X 10.9; rv:32.0) Gecko/20100101 Firefox/32.0"
0:0:0:0:0:0:0:1 - - [07/Oct/2014:11:22:42 +0530] "GET /portal/themes/portal/css/bootstrap-responsive.css HTTP/1.1" 200 4251 "http://localhost:9763/portal/" "Mozilla/5.0 (Macintosh; Intel Mac OS X 10.9; rv:32.0) Gecko/20100101 Firefox/32.0"
0:0:0:0:0:0:0:1 - - [07/Oct/2014:11:22:42 +0530] "GET /portal/themes/portal/css/styles.css HTTP/1.1" 200 2323 "http://localhost:9763/portal/" "Mozilla/5.0 (Macintosh; Intel Mac OS X 10.9; rv:32.0) Gecko/20100101 Firefox/32.0"
0:0:0:0:0:0:0:1 - - [07/Oct/2014:11:22:42 +0530] "GET /portal/themes/portal/css/font-awesome-ie7.min.css HTTP/1.1" 200 3385 "http://localhost:9763/portal/" "Mozilla/5.0 (Macintosh; Intel Mac OS X 10.9; rv:32.0) Gecko/20100101 Firefox/32.0"
0:0:0:0:0:0:0:1 - - [07/Oct/2014:11:22:42 +0530] "GET /portal/themes/portal/css/navigation.css HTTP/1.1" 200 1095 "http://localhost:9763/portal/" "Mozilla/5.0 (Macintosh; Intel Mac OS X 10.9; rv:32.0) Gecko/20100101 Firefox/32.0"
0:0:0:0:0:0:0:1 - - [07/Oct/2014:11:22:42 +0530] "GET /portal/themes/portal/css/font-awesome.min.css HTTP/1.1" 200 4456 "http://localhost:9763/portal/" "Mozilla/5.0 (Macintosh; Intel Mac OS X 10.9; rv:32.0) Gecko/20100101 Firefox/32.0"
0:0:0:0:0:0:0:1 - - [07/Oct/2014:11:22:42 +0530] "GET /portal/themes/portal/css/jslider.css HTTP/1.1" 200 736 "http://localhost:9763/portal/" "Mozilla/5.0 (Macintosh; Intel Mac OS X 10.9; rv:32.0) Gecko/20100101 Firefox/32.0"
0:0:0:0:0:0:0:1 - - [07/Oct/2014:11:22:42 +0530] "GET /portal/themes/portal/css/jslider.round.plastic.css HTTP/1.1" 200 248 "http://localhost:9763/portal/" "Mozilla/5.0 (Macintosh; Intel Mac OS X 10.9; rv:32.0) Gecko/20100101 Firefox/32.0"
0:0:0:0:0:0:0:1 - - [07/Oct/2014:11:22:42 +0530] "GET /portal/themes/portal/css/bootstrap.css HTTP/1.1" 200 19862 "http://localhost:9763/portal/" "Mozilla/5.0 (Macintosh; Intel Mac OS X 10.9; rv:32.0) Gecko/20100101 Firefox/32.0"
0:0:0:0:0:0:0:1 - - [07/Oct/2014:11:22:42 +0530] "GET /portal/themes/portal/css/portal-homepage.css HTTP/1.1" 200 2513 "http://localhost:9763/portal/" "Mozilla/5.0 (Macintosh; Intel Mac OS X 10.9; rv:32.0) Gecko/20100101 Firefox/32.0"
0:0:0:0:0:0:0:1 - - [07/Oct/2014:11:22:42 +0530] "GET /portal/themes/portal/img/logo-banner.png HTTP/1.1" 200 7386 "http://localhost:9763/portal/" "Mozilla/5.0 (Macintosh; Intel Mac OS X 10.9; rv:32.0) Gecko/20100101 Firefox/32.0"
0:0:0:0:0:0:0:1 - - [07/Oct/2014:11:22:42 +0530] "GET /portal/themes/portal/img/portal-feature-jaggery.png HTTP/1.1" 200 45647 "http://localhost:9763/portal/" "Mozilla/5.0 (Macintosh; Intel Mac OS X 10.9; rv:32.0) Gecko/20100101 Firefox/32.0"
0:0:0:0:0:0:0:1 - - [07/Oct/2014:11:22:42 +0530] "GET /portal/themes/portal/img/portal-feature-ide.png HTTP/1.1" 200 53284 "http://localhost:9763/portal/" "Mozilla/5.0 (Macintosh; Intel Mac OS X 10.9; rv:32.0) Gecko/20100101 Firefox/32.0"
0:0:0:0:0:0:0:1 - - [07/Oct/2014:11:22:42 +0530] "GET /portal/themes/portal/img/portal-feature-dashboard.png HTTP/1.1" 200 41359 "http://localhost:9763/portal/" "Mozilla/5.0 (Macintosh; Intel Mac OS X 10.9; rv:32.0) Gecko/20100101 Firefox/32.0"
0:0:0:0:0:0:0:1 - - [07/Oct/2014:11:22:42 +0530] "GET /portal/themes/portal/img/portal-feature-store.png HTTP/1.1" 200 69295 "http://localhost:9763/portal/" "Mozilla/5.0 (Macintosh; Intel Mac OS X 10.9; rv:32.0) Gecko/20100101 Firefox/32.0"
0:0:0:0:0:0:0:1 - - [07/Oct/2014:11:22:42 +0530] "GET /portal/themes/portal/img/banner.png HTTP/1.1" 200 135059 "http://localhost:9763/portal/" "Mozilla/5.0 (Macintosh; Intel Mac OS X 10.9; rv:32.0) Gecko/20100101 Firefox/32.0"
0:0:0:0:0:0:0:1 - - [07/Oct/2014:11:22:42 +0530] "GET /portal/themes/portal/js/theme.js HTTP/1.1" 200 749 "http://localhost:9763/portal/" "Mozilla/5.0 (Macintosh; Intel Mac OS X 10.9; rv:32.0) Gecko/20100101 Firefox/32.0"
0:0:0:0:0:0:0:1 - - [07/Oct/2014:11:22:42 +0530] "GET /portal/themes/portal/js/async.min.js HTTP/1.1" 200 2159 "http://localhost:9763/portal/" "Mozilla/5.0 (Macintosh; Intel Mac OS X 10.9; rv:32.0) Gecko/20100101 Firefox/32.0"
0:0:0:0:0:0:0:1 - - [07/Oct/2014:11:22:42 +0530] "GET /portal/themes/portal/js/bootstrap.min.js HTTP/1.1" 200 7004 "http://localhost:9763/portal/" "Mozilla/5.0 (Macintosh; Intel Mac OS X 10.9; rv:32.0) Gecko/20100101 Firefox/32.0"
0:0:0:0:0:0:0:1 - - [07/Oct/2014:11:22:42 +0530] "GET /portal/themes/portal/js/UESContainer.js HTTP/1.1" 200 972 "http://localhost:9763/portal/" "Mozilla/5.0 (Macintosh; Intel Mac OS X 10.9; rv:32.0) Gecko/20100101 Firefox/32.0"
0:0:0:0:0:0:0:1 - - [07/Oct/2014:11:22:42 +0530] "GET /portal/themes/portal/js/navigation.js HTTP/1.1" 200 1030 "http://localhost:9763/portal/" "Mozilla/5.0 (Macintosh; Intel Mac OS X 10.9; rv:32.0) Gecko/20100101 Firefox/32.0"
0:0:0:0:0:0:0:1 - - [07/Oct/2014:11:22:42 +0530] "GET /portal/themes/portal/js/handlebars.js HTTP/1.1" 200 12827 "http://localhost:9763/portal/" "Mozilla/5.0 (Macintosh; Intel Mac OS X 10.9; rv:32.0) Gecko/20100101 Firefox/32.0"
0:0:0:0:0:0:0:1 - - [07/Oct/2014:11:22:42 +0530] "GET /portal/themes/portal/js/jquery-1.8.3.min.js HTTP/1.1" 200 33942 "http://localhost:9763/portal/" "Mozilla/5.0 (Macintosh; Intel Mac OS X 10.9; rv:32.0) Gecko/20100101 Firefox/32.0"
0:0:0:0:0:0:0:1 - - [07/Oct/2014:11:22:42 +0530] "GET /portal/themes/portal/js/jshashtable-2.1_src.js HTTP/1.1" 200 3039 "http://localhost:9763/portal/" "Mozilla/5.0 (Macintosh; Intel Mac OS X 10.9; rv:32.0) Gecko/20100101 Firefox/32.0"
0:0:0:0:0:0:0:1 - - [07/Oct/2014:11:22:42 +0530] "GET /portal/themes/portal/js/tmpl.js HTTP/1.1" 200 1229 "http://localhost:9763/portal/" "Mozilla/5.0 (Macintosh; Intel Mac OS X 10.9; rv:32.0) Gecko/20100101 Firefox/32.0"
0:0:0:0:0:0:0:1 - - [07/Oct/2014:11:22:42 +0530] "GET /portal/themes/portal/js/jquery.numberformatter-1.2.3.js HTTP/1.1" 200 4811 "http://localhost:9763/portal/" "Mozilla/5.0 (Macintosh; Intel Mac OS X 10.9; rv:32.0) Gecko/20100101 Firefox/32.0"
0:0:0:0:0:0:0:1 - - [07/Oct/2014:11:22:42 +0530] "GET /portal/themes/portal/js/jquery.dependClass-0.1.js HTTP/1.1" 200 1467 "http://localhost:9763/portal/" "Mozilla/5.0 (Macintosh; Intel Mac OS X 10.9; rv:32.0) Gecko/20100101 Firefox/32.0"
0:0:0:0:0:0:0:1 - - [07/Oct/2014:11:22:42 +0530] "GET /portal/themes/portal/js/draggable-0.1.js HTTP/1.1" 200 1371 "http://localhost:9763/portal/" "Mozilla/5.0 (Macintosh; Intel Mac OS X 10.9; rv:32.0) Gecko/20100101 Firefox/32.0"
0:0:0:0:0:0:0:1 - - [07/Oct/2014:11:22:42 +0530] "GET /portal/themes/portal/js/shindig.js HTTP/1.1" 200 34461 "http://localhost:9763/portal/" "Mozilla/5.0 (Macintosh; Intel Mac OS X 10.9; rv:32.0) Gecko/20100101 Firefox/32.0"
0:0:0:0:0:0:0:1 - - [07/Oct/2014:11:22:42 +0530] "GET /portal/themes/portal/js/jquery.slider.js HTTP/1.1" 200 4882 "http://localhost:9763/portal/" "Mozilla/5.0 (Macintosh; Intel Mac OS X 10.9; rv:32.0) Gecko/20100101 Firefox/32.0"
0:0:0:0:0:0:0:1 - - [07/Oct/2014:11:22:42 +0530] "GET /portal/themes/portal/js/portal-homepage.js HTTP/1.1" 200 977 "http://localhost:9763/portal/" "Mozilla/5.0 (Macintosh; Intel Mac OS X 10.9; rv:32.0) Gecko/20100101 Firefox/32.0"
0:0:0:0:0:0:0:1 - - [07/Oct/2014:11:22:42 +0530] "GET /portal/themes/portal/js/jquery.scrollorama.js HTTP/1.1" 200 4650 "http://localhost:9763/portal/" "Mozilla/5.0 (Macintosh; Intel Mac OS X 10.9; rv:32.0) Gecko/20100101 Firefox/32.0"
0:0:0:0:0:0:0:1 - - [07/Oct/2014:11:22:42 +0530] "GET /portal/themes/portal/js/intro.js HTTP/1.1" 200 1054 "http://localhost:9763/portal/" "Mozilla/5.0 (Macintosh; Intel Mac OS X 10.9; rv:32.0) Gecko/20100101 Firefox/32.0"
0:0:0:0:0:0:0:1 - - [07/Oct/2014:11:22:42 +0530] "GET /portal/themes/portal/js/caramel-client.js HTTP/1.1" 200 768 "http://localhost:9763/portal/" "Mozilla/5.0 (Macintosh; Intel Mac OS X 10.9; rv:32.0) Gecko/20100101 Firefox/32.0"
0:0:0:0:0:0:0:1 - - [07/Oct/2014:11:22:42 +0530] "GET /portal/themes/portal/img/portal-feature-browser.png HTTP/1.1" 200 27408 "http://localhost:9763/portal/" "Mozilla/5.0 (Macintosh; Intel Mac OS X 10.9; rv:32.0) Gecko/20100101 Firefox/32.0"
0:0:0:0:0:0:0:1 - - [07/Oct/2014:11:22:42 +0530] "GET /portal/themes/portal/img/portal-feature-responsive.png HTTP/1.1" 200 54172 "http://localhost:9763/portal/" "Mozilla/5.0 (Macintosh; Intel Mac OS X 10.9; rv:32.0) Gecko/20100101 Firefox/32.0"
0:0:0:0:0:0:0:1 - - [07/Oct/2014:11:22:42 +0530] "GET /portal/themes/portal/js/jquery.validate.js HTTP/1.1" 200 10011 "http://localhost:9763/portal/" "Mozilla/5.0 (Macintosh; Intel Mac OS X 10.9; rv:32.0) Gecko/20100101 Firefox/32.0"
0:0:0:0:0:0:0:1 - - [07/Oct/2014:11:22:42 +0530] "GET /portal/themes/portal/js/portal-gadgets-js.jag HTTP/1.1" 200 268 "http://localhost:9763/portal/" "Mozilla/5.0 (Macintosh; Intel Mac OS X 10.9; rv:32.0) Gecko/20100101 Firefox/32.0"
0:0:0:0:0:0:0:1 - - [07/Oct/2014:11:22:42 +0530] "GET /portal/themes/portal/img/banner-bg-office.jpg HTTP/1.1" 200 28510 "http://localhost:9763/portal/themes/portal/css/portal-homepage.css" "Mozilla/5.0 (Macintosh; Intel Mac OS X 10.9; rv:32.0) Gecko/20100101 Firefox/32.0"
0:0:0:0:0:0:0:1 - - [07/Oct/2014:11:22:42 +0530] "GET /portal/themes/portal/img/wso2-logo-small.png HTTP/1.1" 200 3416 "http://localhost:9763/portal/themes/portal/css/styles.css" "Mozilla/5.0 (Macintosh; Intel Mac OS X 10.9; rv:32.0) Gecko/20100101 Firefox/32.0"
0:0:0:0:0:0:0:1 - - [07/Oct/2014:11:22:42 +0530] "GET /portal/themes/portal/font/Lato-Reg-webfont.woff HTTP/1.1" 200 19260 "http://localhost:9763/portal/themes/portal/css/styles.css" "Mozilla/5.0 (Macintosh; Intel Mac OS X 10.9; rv:32.0) Gecko/20100101 Firefox/32.0"
0:0:0:0:0:0:0:1 - - [07/Oct/2014:11:22:42 +0530] "GET /portal/themes/portal/font/Lato-Bol-webfont.woff HTTP/1.1" 200 19432 "http://localhost:9763/portal/themes/portal/css/styles.css" "Mozilla/5.0 (Macintosh; Intel Mac OS X 10.9; rv:32.0) Gecko/20100101 Firefox/32.0"
0:0:0:0:0:0:0:1 - - [07/Oct/2014:11:22:42 +0530] "GET /portal/themes/portal/font/fontawesome-webfont.woff?v=3.2.1 HTTP/1.1" 200 43572 "http://localhost:9763/portal/themes/portal/css/font-awesome.min.css" "Mozilla/5.0 (Macintosh; Intel Mac OS X 10.9; rv:32.0) Gecko/20100101 Firefox/32.0"
0:0:0:0:0:0:0:1 - - [07/Oct/2014:11:22:42 +0530] "GET /portal/themes/portal/favicon.ico HTTP/1.1" 404 898 "-" "Mozilla/5.0 (Macintosh; Intel Mac OS X 10.9; rv:32.0) Gecko/20100101 Firefox/32.0"
0:0:0:0:0:0:0:1 - - [07/Oct/2014:11:22:42 +0530] "GET /portal/themes/portal/img/jslider.png HTTP/1.1" 404 898 "http://localhost:9763/portal/themes/portal/css/jslider.css" "Mozilla/5.0 (Macintosh; Intel Mac OS X 10.9; rv:32.0) Gecko/20100101 Firefox/32.0"
0:0:0:0:0:0:0:1 - - [07/Oct/2014:11:22:42 +0530] "GET /portal/themes/portal/img/jslider.round.plastic.png HTTP/1.1" 200 3721 "http://localhost:9763/portal/themes/portal/css/jslider.round.plastic.css" "Mozilla/5.0 (Macintosh; Intel Mac OS X 10.9; rv:32.0) Gecko/20100101 Firefox/32.0"
127.0.0.1 - - [07/Oct/2014:11:22:42 +0530] "GET /portal/gadgets/intro-gadget-1/intro-gadget-1.xml HTTP/1.1" 200 881 "-" "Apache Shindig"
127.0.0.1 - - [07/Oct/2014:11:22:42 +0530] "GET /portal/gadgets/intro-gadget-2/intro-gadget-2.xml HTTP/1.1" 200 959 "-" "Apache Shindig"
0:0:0:0:0:0:0:1 - - [07/Oct/2014:11:22:42 +0530] "POST //rpc?st=-1%3A-1%3A*%3A*%3A*%3A0%3Adefault HTTP/1.1" 200 1273 "http://localhost:9763/portal/" "Mozilla/5.0 (Macintosh; Intel Mac OS X 10.9; rv:32.0) Gecko/20100101 Firefox/32.0"
0:0:0:0:0:0:0:1 - - [07/Oct/2014:11:22:42 +0530] "POST //rpc?st=-1%3A-1%3A*%3A*%3A*%3A0%3Adefault HTTP/1.1" 200 1294 "http://localhost:9763/portal/" "Mozilla/5.0 (Macintosh; Intel Mac OS X 10.9; rv:32.0) Gecko/20100101 Firefox/32.0"
127.0.0.1 - - [07/Oct/2014:11:22:42 +0530] "GET /portal/gadgets/intro-gadget-2/intro-gadget-2.xml HTTP/1.1" 200 959 "-" "Apache Shindig"
127.0.0.1 - - [07/Oct/2014:11:22:42 +0530] "GET /portal/gadgets/intro-gadget-1/intro-gadget-1.xml HTTP/1.1" 200 881 "-" "Apache Shindig"
0:0:0:0:0:0:0:1 - - [07/Oct/2014:11:22:42 +0530] "GET //gadgets/ifr?url=http%3A%2F%2Flocalhost%3A9763%2Fportal%2Fgadgets%2Fintro-gadget-1%2Fintro-gadget-1.xml&container=default&view=default&lang=en&country=US&debug=1&nocache=1&sanitize=0&v=d8213105a7083aec18c9bce3596dddd0&testmode=0&parent=http%3A%2F%2Flocalhost%3A9763&mid=0 HTTP/1.1" 200 1519 "http://localhost:9763/portal/" "Mozilla/5.0 (Macintosh; Intel Mac OS X 10.9; rv:32.0) Gecko/20100101 Firefox/32.0"
0:0:0:0:0:0:0:1 - - [07/Oct/2014:11:22:42 +0530] "GET //gadgets/ifr?url=http%3A%2F%2Flocalhost%3A9763%2Fportal%2Fgadgets%2Fintro-gadget-2%2Fintro-gadget-2.xml&container=default&view=default&lang=en&country=US&debug=1&nocache=1&sanitize=0&v=d8213105a7083aec18c9bce3596dddd0&testmode=0&parent=http%3A%2F%2Flocalhost%3A9763&mid=0 HTTP/1.1" 200 1589 "http://localhost:9763/portal/" "Mozilla/5.0 (Macintosh; Intel Mac OS X 10.9; rv:32.0) Gecko/20100101 Firefox/32.0"
127.0.0.1 - - [07/Oct/2014:11:22:42 +0530] "GET /portal/themes/portal/css/flot-graph.css HTTP/1.1" 200 1294 "-" "Apache Shindig"
127.0.0.1 - - [07/Oct/2014:11:22:42 +0530] "GET /portal/themes/portal/css/flot-graph.css HTTP/1.1" 200 1294 "-" "Apache Shindig"
127.0.0.1 - - [07/Oct/2014:11:22:42 +0530] "GET /portal/gadgets/intro-gadget-2/intro-gadget-2.xml HTTP/1.1" 200 959 "-" "Apache Shindig"
127.0.0.1 - - [07/Oct/2014:11:22:42 +0530] "GET /portal/gadgets/intro-gadget-1/intro-gadget-1.xml HTTP/1.1" 200 881 "-" "Apache Shindig"
0:0:0:0:0:0:0:1 - - [07/Oct/2014:11:22:43 +0530] "GET //gadgets/proxy?container=default&gadget=http%3A%2F%2Flocalhost%3A9763%2Fportal%2Fgadgets%2Fintro-gadget-1%2Fintro-gadget-1.xml&debug=1&nocache=1&html_tag_context=link&url=http%3A%2F%2Flocalhost%3A9763%2Fportal%2Fthemes%2Fportal%2Fcss%2Fflot-graph.css HTTP/1.1" 200 1261 "http://localhost:9763//gadgets/ifr?url=http%3A%2F%2Flocalhost%3A9763%2Fportal%2Fgadgets%2Fintro-gadget-1%2Fintro-gadget-1.xml&container=default&view=default&lang=en&country=US&debug=1&nocache=1&sanitize=0&v=d8213105a7083aec18c9bce3596dddd0&testmode=0&parent=http%3A%2F%2Flocalhost%3A9763&mid=0" "Mozilla/5.0 (Macintosh; Intel Mac OS X 10.9; rv:32.0) Gecko/20100101 Firefox/32.0"
0:0:0:0:0:0:0:1 - - [07/Oct/2014:11:22:43 +0530] "GET //gadgets/proxy?container=default&gadget=http%3A%2F%2Flocalhost%3A9763%2Fportal%2Fgadgets%2Fintro-gadget-2%2Fintro-gadget-2.xml&debug=1&nocache=1&html_tag_context=link&url=http%3A%2F%2Flocalhost%3A9763%2Fportal%2Fthemes%2Fportal%2Fcss%2Fflot-graph.css HTTP/1.1" 200 1261 "http://localhost:9763//gadgets/ifr?url=http%3A%2F%2Flocalhost%3A9763%2Fportal%2Fgadgets%2Fintro-gadget-2%2Fintro-gadget-2.xml&container=default&view=default&lang=en&country=US&debug=1&nocache=1&sanitize=0&v=d8213105a7083aec18c9bce3596dddd0&testmode=0&parent=http%3A%2F%2Flocalhost%3A9763&mid=0" "Mozilla/5.0 (Macintosh; Intel Mac OS X 10.9; rv:32.0) Gecko/20100101 Firefox/32.0"
127.0.0.1 - - [07/Oct/2014:11:22:43 +0530] "GET /portal/gadgets/intro-gadget-2/img/title.png HTTP/1.1" 200 3185 "-" "Apache Shindig"
127.0.0.1 - - [07/Oct/2014:11:22:43 +0530] "GET /portal/gadgets/intro-gadget-2/intro-gadget-2.xml HTTP/1.1" 200 959 "-" "Apache Shindig"
127.0.0.1 - - [07/Oct/2014:11:22:43 +0530] "GET /portal/gadgets/intro-gadget-2/js/intro-gadget-2.js HTTP/1.1" 200 1866 "-" "Apache Shindig"
127.0.0.1 - - [07/Oct/2014:11:22:43 +0530] "GET /portal/js/flot/excanvas.min.js HTTP/1.1" 200 8433 "-" "Apache Shindig"
0:0:0:0:0:0:0:1 - - [07/Oct/2014:11:22:43 +0530] "GET //gadgets/proxy?container=default&gadget=http%3A%2F%2Flocalhost%3A9763%2Fportal%2Fgadgets%2Fintro-gadget-2%2Fintro-gadget-2.xml&debug=1&nocache=1&html_tag_context=img&url=http%3A%2F%2Flocalhost%3A9763%2Fportal%2Fgadgets%2Fintro-gadget-2%2Fimg%2Ftitle.png HTTP/1.1" 200 3185 "http://localhost:9763//gadgets/ifr?url=http%3A%2F%2Flocalhost%3A9763%2Fportal%2Fgadgets%2Fintro-gadget-2%2Fintro-gadget-2.xml&container=default&view=default&lang=en&country=US&debug=1&nocache=1&sanitize=0&v=d8213105a7083aec18c9bce3596dddd0&testmode=0&parent=http%3A%2F%2Flocalhost%3A9763&mid=0" "Mozilla/5.0 (Macintosh; Intel Mac OS X 10.9; rv:32.0) Gecko/20100101 Firefox/32.0"
127.0.0.1 - - [07/Oct/2014:11:22:43 +0530] "GET /portal/js/flot/jquery.flot.js HTTP/1.1" 200 26419 "-" "Apache Shindig"
127.0.0.1 - - [07/Oct/2014:11:22:43 +0530] "GET /portal/gadgets/intro-gadget-2/intro-gadget-2.xml HTTP/1.1" 200 959 "-" "Apache Shindig"
127.0.0.1 - - [07/Oct/2014:11:22:43 +0530] "GET /portal/js/flot/jquery.js HTTP/1.1" 200 81076 "-" "Apache Shindig"
127.0.0.1 - - [07/Oct/2014:11:22:43 +0530] "GET /portal/gadgets/intro-gadget-2/intro-gadget-2.xml HTTP/1.1" 200 959 "-" "Apache Shindig"
0:0:0:0:0:0:0:1 - - [07/Oct/2014:11:22:43 +0530] "GET //gadgets/js/pubsub-2:dynamic-height:core!core:rpc.js?container=default&nocache=0&debug=1&c=0&v=1026902a266299e7832e6c212a82f9fc&jsload=0 HTTP/1.1" 200 23879 "http://localhost:9763//gadgets/ifr?url=http%3A%2F%2Flocalhost%3A9763%2Fportal%2Fgadgets%2Fintro-gadget-1%2Fintro-gadget-1.xml&container=default&view=default&lang=en&country=US&debug=1&nocache=1&sanitize=0&v=d8213105a7083aec18c9bce3596dddd0&testmode=0&parent=http%3A%2F%2Flocalhost%3A9763&mid=0" "Mozilla/5.0 (Macintosh; Intel Mac OS X 10.9; rv:32.0) Gecko/20100101 Firefox/32.0"
127.0.0.1 - - [07/Oct/2014:11:22:43 +0530] "GET /portal/gadgets/intro-gadget-2/intro-gadget-2.xml HTTP/1.1" 200 959 "-" "Apache Shindig"
127.0.0.1 - - [07/Oct/2014:11:22:43 +0530] "GET /portal/gadgets/intro-gadget-2/intro-gadget-2.xml HTTP/1.1" 200 959 "-" "Apache Shindig"
0:0:0:0:0:0:0:1 - - [07/Oct/2014:11:22:43 +0530] "GET //gadgets/js/core:rpc.js?container=default&nocache=0&debug=1&c=0&v=0340451bd365756d7f0c9f9ea168177b&jsload=0 HTTP/1.1" 200 58354 "http://localhost:9763//gadgets/ifr?url=http%3A%2F%2Flocalhost%3A9763%2Fportal%2Fgadgets%2Fintro-gadget-1%2Fintro-gadget-1.xml&container=default&view=default&lang=en&country=US&debug=1&nocache=1&sanitize=0&v=d8213105a7083aec18c9bce3596dddd0&testmode=0&parent=http%3A%2F%2Flocalhost%3A9763&mid=0" "Mozilla/5.0 (Macintosh; Intel Mac OS X 10.9; rv:32.0) Gecko/20100101 Firefox/32.0"
127.0.0.1 - - [07/Oct/2014:11:22:43 +0530] "GET /portal/js/flot/excanvas.min.js HTTP/1.1" 200 8433 "-" "Apache Shindig"
127.0.0.1 - - [07/Oct/2014:11:22:43 +0530] "GET /portal/gadgets/intro-gadget-1/js/intro-gadget-1.js HTTP/1.1" 200 1848 "-" "Apache Shindig"
127.0.0.1 - - [07/Oct/2014:11:22:43 +0530] "GET /portal/gadgets/intro-gadget-1/img/title.png HTTP/1.1" 200 4159 "-" "Apache Shindig"
127.0.0.1 - - [07/Oct/2014:11:22:43 +0530] "GET /portal/js/flot/jquery.flot.js HTTP/1.1" 200 26419 "-" "Apache Shindig"
127.0.0.1 - - [07/Oct/2014:11:22:43 +0530] "GET /portal/gadgets/intro-gadget-1/intro-gadget-1.xml HTTP/1.1" 200 881 "-" "Apache Shindig"
127.0.0.1 - - [07/Oct/2014:11:22:43 +0530] "GET /portal/gadgets/intro-gadget-1/intro-gadget-1.xml HTTP/1.1" 200 881 "-" "Apache Shindig"
0:0:0:0:0:0:0:1 - - [07/Oct/2014:11:22:43 +0530] "GET //gadgets/proxy?container=default&gadget=http%3A%2F%2Flocalhost%3A9763%2Fportal%2Fgadgets%2Fintro-gadget-1%2Fintro-gadget-1.xml&debug=1&nocache=1&html_tag_context=img&url=http%3A%2F%2Flocalhost%3A9763%2Fportal%2Fgadgets%2Fintro-gadget-1%2Fimg%2Ftitle.png HTTP/1.1" 200 4159 "http://localhost:9763//gadgets/ifr?url=http%3A%2F%2Flocalhost%3A9763%2Fportal%2Fgadgets%2Fintro-gadget-1%2Fintro-gadget-1.xml&container=default&view=default&lang=en&country=US&debug=1&nocache=1&sanitize=0&v=d8213105a7083aec18c9bce3596dddd0&testmode=0&parent=http%3A%2F%2Flocalhost%3A9763&mid=0" "Mozilla/5.0 (Macintosh; Intel Mac OS X 10.9; rv:32.0) Gecko/20100101 Firefox/32.0"
127.0.0.1 - - [07/Oct/2014:11:22:43 +0530] "GET /portal/js/flot/jquery.js HTTP/1.1" 200 81076 "-" "Apache Shindig"
127.0.0.1 - - [07/Oct/2014:11:22:43 +0530] "GET /portal/gadgets/intro-gadget-1/intro-gadget-1.xml HTTP/1.1" 200 881 "-" "Apache Shindig"
127.0.0.1 - - [07/Oct/2014:11:22:43 +0530] "GET /portal/gadgets/intro-gadget-1/intro-gadget-1.xml HTTP/1.1" 200 881 "-" "Apache Shindig"
0:0:0:0:0:0:0:1 - - [07/Oct/2014:11:22:43 +0530] "GET //gadgets/concat?container=default&gadget=http%3A%2F%2Flocalhost%3A9763%2Fportal%2Fgadgets%2Fintro-gadget-2%2Fintro-gadget-2.xml&debug=1&nocache=1&type=js&1=http%3A%2F%2Flocalhost%3A9763%2Fportal%2Fjs%2Fflot%2Fexcanvas.min.js&2=http%3A%2F%2Flocalhost%3A9763%2Fportal%2Fjs%2Fflot%2Fjquery.js&3=http%3A%2F%2Flocalhost%3A9763%2Fportal%2Fjs%2Fflot%2Fjquery.flot.js&4=http%3A%2F%2Flocalhost%3A9763%2Fportal%2Fgadgets%2Fintro-gadget-2%2Fjs%2Fintro-gadget-2.js HTTP/1.1" 200 116250 "http://localhost:9763//gadgets/ifr?url=http%3A%2F%2Flocalhost%3A9763%2Fportal%2Fgadgets%2Fintro-gadget-2%2Fintro-gadget-2.xml&container=default&view=default&lang=en&country=US&debug=1&nocache=1&sanitize=0&v=d8213105a7083aec18c9bce3596dddd0&testmode=0&parent=http%3A%2F%2Flocalhost%3A9763&mid=0" "Mozilla/5.0 (Macintosh; Intel Mac OS X 10.9; rv:32.0) Gecko/20100101 Firefox/32.0"
127.0.0.1 - - [07/Oct/2014:11:22:43 +0530] "GET /portal/gadgets/intro-gadget-1/intro-gadget-1.xml HTTP/1.1" 200 881 "-" "Apache Shindig"
0:0:0:0:0:0:0:1 - - [07/Oct/2014:11:22:43 +0530] "GET //gadgets/concat?container=default&gadget=http%3A%2F%2Flocalhost%3A9763%2Fportal%2Fgadgets%2Fintro-gadget-1%2Fintro-gadget-1.xml&debug=1&nocache=1&type=js&1=http%3A%2F%2Flocalhost%3A9763%2Fportal%2Fjs%2Fflot%2Fexcanvas.min.js&2=http%3A%2F%2Flocalhost%3A9763%2Fportal%2Fjs%2Fflot%2Fjquery.js&3=http%3A%2F%2Flocalhost%3A9763%2Fportal%2Fjs%2Fflot%2Fjquery.flot.js&4=http%3A%2F%2Flocalhost%3A9763%2Fportal%2Fgadgets%2Fintro-gadget-1%2Fjs%2Fintro-gadget-1.js HTTP/1.1" 200 116230 "http://localhost:9763//gadgets/ifr?url=http%3A%2F%2Flocalhost%3A9763%2Fportal%2Fgadgets%2Fintro-gadget-1%2Fintro-gadget-1.xml&container=default&view=default&lang=en&country=US&debug=1&nocache=1&sanitize=0&v=d8213105a7083aec18c9bce3596dddd0&testmode=0&parent=http%3A%2F%2Flocalhost%3A9763&mid=0" "Mozilla/5.0 (Macintosh; Intel Mac OS X 10.9; rv:32.0) Gecko/20100101 Firefox/32.0"
0:0:0:0:0:0:0:1 - - [07/Oct/2014:11:22:44 +0530] "POST /sso/samlsso.jag HTTP/1.1" 302 - "http://localhost:9763/portal/" "Mozilla/5.0 (Macintosh; Intel Mac OS X 10.9; rv:32.0) Gecko/20100101 Firefox/32.0"
0:0:0:0:0:0:0:1 - - [07/Oct/2014:11:22:44 +0530] "GET /sso/login.jag HTTP/1.1" 200 1670 "http://localhost:9763/portal/" "Mozilla/5.0 (Macintosh; Intel Mac OS X 10.9; rv:32.0) Gecko/20100101 Firefox/32.0"
0:0:0:0:0:0:0:1 - - [07/Oct/2014:11:22:44 +0530] "GET /sso/css/bootstrap.min.css HTTP/1.1" 200 18754 "https://localhost:9443/sso/login.jag" "Mozilla/5.0 (Macintosh; Intel Mac OS X 10.9; rv:32.0) Gecko/20100101 Firefox/32.0"
0:0:0:0:0:0:0:1 - - [07/Oct/2014:11:22:44 +0530] "GET /sso/css/bootstrap-responsive.css HTTP/1.1" 200 4251 "https://localhost:9443/sso/login.jag" "Mozilla/5.0 (Macintosh; Intel Mac OS X 10.9; rv:32.0) Gecko/20100101 Firefox/32.0"
0:0:0:0:0:0:0:1 - - [07/Oct/2014:11:22:44 +0530] "GET /assets/ico/favicon.png HTTP/1.1" 404 995 "-" "Mozilla/5.0 (Macintosh; Intel Mac OS X 10.9; rv:32.0) Gecko/20100101 Firefox/32.0"
0:0:0:0:0:0:0:1 - - [07/Oct/2014:11:22:44 +0530] "GET /sso/css/styles.css HTTP/1.1" 200 1090 "https://localhost:9443/sso/login.jag" "Mozilla/5.0 (Macintosh; Intel Mac OS X 10.9; rv:32.0) Gecko/20100101 Firefox/32.0"
0:0:0:0:0:0:0:1 - - [07/Oct/2014:11:22:44 +0530] "GET /sso/css/font-awesome.min.css HTTP/1.1" 200 4456 "https://localhost:9443/sso/login.jag" "Mozilla/5.0 (Macintosh; Intel Mac OS X 10.9; rv:32.0) Gecko/20100101 Firefox/32.0"
0:0:0:0:0:0:0:1 - - [07/Oct/2014:11:22:44 +0530] "GET /sso/js/bootstrap.min.js HTTP/1.1" 200 7004 "https://localhost:9443/sso/login.jag" "Mozilla/5.0 (Macintosh; Intel Mac OS X 10.9; rv:32.0) Gecko/20100101 Firefox/32.0"
0:0:0:0:0:0:0:1 - - [07/Oct/2014:11:22:44 +0530] "GET /sso/js/jquery.validate.js HTTP/1.1" 200 10011 "https://localhost:9443/sso/login.jag" "Mozilla/5.0 (Macintosh; Intel Mac OS X 10.9; rv:32.0) Gecko/20100101 Firefox/32.0"
0:0:0:0:0:0:0:1 - - [07/Oct/2014:11:22:44 +0530] "GET /sso/js/jquery-1.8.3.min.js HTTP/1.1" 200 33942 "https://localhost:9443/sso/login.jag" "Mozilla/5.0 (Macintosh; Intel Mac OS X 10.9; rv:32.0) Gecko/20100101 Firefox/32.0"
0:0:0:0:0:0:0:1 - - [07/Oct/2014:11:22:44 +0530] "GET /sso/img/logo-banner.png HTTP/1.1" 200 4826 "https://localhost:9443/sso/login.jag" "Mozilla/5.0 (Macintosh; Intel Mac OS X 10.9; rv:32.0) Gecko/20100101 Firefox/32.0"
0:0:0:0:0:0:0:1 - - [07/Oct/2014:11:22:44 +0530] "GET /sso/img/form-separator.png HTTP/1.1" 200 921 "https://localhost:9443/sso/css/styles.css" "Mozilla/5.0 (Macintosh; Intel Mac OS X 10.9; rv:32.0) Gecko/20100101 Firefox/32.0"
0:0:0:0:0:0:0:1 - - [07/Oct/2014:11:22:44 +0530] "GET /sso/img/wso2-logo-small.png HTTP/1.1" 200 3416 "https://localhost:9443/sso/css/styles.css" "Mozilla/5.0 (Macintosh; Intel Mac OS X 10.9; rv:32.0) Gecko/20100101 Firefox/32.0"
0:0:0:0:0:0:0:1 - - [07/Oct/2014:11:22:44 +0530] "GET /sso/img/banner-bg-pattern.jpg HTTP/1.1" 200 5203 "https://localhost:9443/sso/css/styles.css" "Mozilla/5.0 (Macintosh; Intel Mac OS X 10.9; rv:32.0) Gecko/20100101 Firefox/32.0"
0:0:0:0:0:0:0:1 - - [07/Oct/2014:11:22:44 +0530] "GET /sso/font/Lato-Reg-webfont.woff HTTP/1.1" 200 19260 "https://localhost:9443/sso/css/styles.css" "Mozilla/5.0 (Macintosh; Intel Mac OS X 10.9; rv:32.0) Gecko/20100101 Firefox/32.0"
0:0:0:0:0:0:0:1 - - [07/Oct/2014:11:22:44 +0530] "GET /sso/font/Lato-Bol-webfont.woff HTTP/1.1" 200 19432 "https://localhost:9443/sso/css/styles.css" "Mozilla/5.0 (Macintosh; Intel Mac OS X 10.9; rv:32.0) Gecko/20100101 Firefox/32.0"
0:0:0:0:0:0:0:1 - - [07/Oct/2014:11:22:44 +0530] "GET /sso/font/fontawesome-webfont.woff?v=3.2.1 HTTP/1.1" 200 43572 "https://localhost:9443/sso/css/font-awesome.min.css" "Mozilla/5.0 (Macintosh; Intel Mac OS X 10.9; rv:32.0) Gecko/20100101 Firefox/32.0"
0:0:0:0:0:0:0:1 - - [07/Oct/2014:11:22:48 +0530] "POST /sso/samlsso.jag HTTP/1.1" 200 2016 "https://localhost:9443/sso/login.jag" "Mozilla/5.0 (Macintosh; Intel Mac OS X 10.9; rv:32.0) Gecko/20100101 Firefox/32.0"
0:0:0:0:0:0:0:1 - - [07/Oct/2014:11:22:48 +0530] "POST /portal/sso.jag HTTP/1.1" 302 - "https://localhost:9443/sso/samlsso.jag" "Mozilla/5.0 (Macintosh; Intel Mac OS X 10.9; rv:32.0) Gecko/20100101 Firefox/32.0"
0:0:0:0:0:0:0:1 - - [07/Oct/2014:11:22:48 +0530] "GET /portal HTTP/1.1" 302 - "https://localhost:9443/sso/samlsso.jag" "Mozilla/5.0 (Macintosh; Intel Mac OS X 10.9; rv:32.0) Gecko/20100101 Firefox/32.0"
0:0:0:0:0:0:0:1 - - [07/Oct/2014:11:22:48 +0530] "GET /portal/ HTTP/1.1" 302 - "https://localhost:9443/sso/samlsso.jag" "Mozilla/5.0 (Macintosh; Intel Mac OS X 10.9; rv:32.0) Gecko/20100101 Firefox/32.0"
0:0:0:0:0:0:0:1 - - [07/Oct/2014:11:22:49 +0530] "GET /portal/dashboard.jag HTTP/1.1" 200 3114 "https://localhost:9443/sso/samlsso.jag" "Mozilla/5.0 (Macintosh; Intel Mac OS X 10.9; rv:32.0) Gecko/20100101 Firefox/32.0"
0:0:0:0:0:0:0:1 - - [07/Oct/2014:11:22:49 +0530] "GET /portal/themes/portal/css/bootstrap-responsive.css HTTP/1.1" 200 4251 "https://localhost:9443/portal/dashboard.jag" "Mozilla/5.0 (Macintosh; Intel Mac OS X 10.9; rv:32.0) Gecko/20100101 Firefox/32.0"
0:0:0:0:0:0:0:1 - - [07/Oct/2014:11:22:49 +0530] "GET /portal/themes/portal/css/font-awesome.min.css HTTP/1.1" 200 4456 "https://localhost:9443/portal/dashboard.jag" "Mozilla/5.0 (Macintosh; Intel Mac OS X 10.9; rv:32.0) Gecko/20100101 Firefox/32.0"
0:0:0:0:0:0:0:1 - - [07/Oct/2014:11:22:49 +0530] "GET /portal/themes/portal/css/font-awesome-ie7.min.css HTTP/1.1" 200 3385 "https://localhost:9443/portal/dashboard.jag" "Mozilla/5.0 (Macintosh; Intel Mac OS X 10.9; rv:32.0) Gecko/20100101 Firefox/32.0"
0:0:0:0:0:0:0:1 - - [07/Oct/2014:11:22:49 +0530] "GET /portal/themes/portal/css/styles.css HTTP/1.1" 200 2323 "https://localhost:9443/portal/dashboard.jag" "Mozilla/5.0 (Macintosh; Intel Mac OS X 10.9; rv:32.0) Gecko/20100101 Firefox/32.0"
0:0:0:0:0:0:0:1 - - [07/Oct/2014:11:22:49 +0530] "GET /portal/themes/portal/css/navigation.css HTTP/1.1" 200 1095 "https://localhost:9443/portal/dashboard.jag" "Mozilla/5.0 (Macintosh; Intel Mac OS X 10.9; rv:32.0) Gecko/20100101 Firefox/32.0"
0:0:0:0:0:0:0:1 - - [07/Oct/2014:11:22:49 +0530] "GET /portal/themes/portal/css/bootstrap.css HTTP/1.1" 200 19862 "https://localhost:9443/portal/dashboard.jag" "Mozilla/5.0 (Macintosh; Intel Mac OS X 10.9; rv:32.0) Gecko/20100101 Firefox/32.0"
0:0:0:0:0:0:0:1 - - [07/Oct/2014:11:22:49 +0530] "GET /portal/themes/portal/css/elfinderTheme.css HTTP/1.1" 200 4580 "https://localhost:9443/portal/dashboard.jag" "Mozilla/5.0 (Macintosh; Intel Mac OS X 10.9; rv:32.0) Gecko/20100101 Firefox/32.0"
0:0:0:0:0:0:0:1 - - [07/Oct/2014:11:22:49 +0530] "GET /portal/themes/portal/css/elfinder.min.css HTTP/1.1" 200 6044 "https://localhost:9443/portal/dashboard.jag" "Mozilla/5.0 (Macintosh; Intel Mac OS X 10.9; rv:32.0) Gecko/20100101 Firefox/32.0"
0:0:0:0:0:0:0:1 - - [07/Oct/2014:11:22:49 +0530] "GET /portal/themes/portal/css/theme.css HTTP/1.1" 200 2500 "https://localhost:9443/portal/dashboard.jag" "Mozilla/5.0 (Macintosh; Intel Mac OS X 10.9; rv:32.0) Gecko/20100101 Firefox/32.0"
0:0:0:0:0:0:0:1 - - [07/Oct/2014:11:22:49 +0530] "GET /portal/themes/portal/css/portal-dashboard.css HTTP/1.1" 200 756 "https://localhost:9443/portal/dashboard.jag" "Mozilla/5.0 (Macintosh; Intel Mac OS X 10.9; rv:32.0) Gecko/20100101 Firefox/32.0"
0:0:0:0:0:0:0:1 - - [07/Oct/2014:11:22:49 +0530] "GET /portal/themes/portal/css/token-input.css HTTP/1.1" 200 675 "https://localhost:9443/portal/dashboard.jag" "Mozilla/5.0 (Macintosh; Intel Mac OS X 10.9; rv:32.0) Gecko/20100101 Firefox/32.0"
0:0:0:0:0:0:0:1 - - [07/Oct/2014:11:22:49 +0530] "GET /portal/themes/portal/css/token-input-facebook.css HTTP/1.1" 200 680 "https://localhost:9443/portal/dashboard.jag" "Mozilla/5.0 (Macintosh; Intel Mac OS X 10.9; rv:32.0) Gecko/20100101 Firefox/32.0"
0:0:0:0:0:0:0:1 - - [07/Oct/2014:11:22:49 +0530] "GET /portal/themes/portal/js/async.min.js HTTP/1.1" 200 2159 "https://localhost:9443/portal/dashboard.jag" "Mozilla/5.0 (Macintosh; Intel Mac OS X 10.9; rv:32.0) Gecko/20100101 Firefox/32.0"
0:0:0:0:0:0:0:1 - - [07/Oct/2014:11:22:49 +0530] "GET /portal/themes/portal/js/bootstrap.min.js HTTP/1.1" 200 7004 "https://localhost:9443/portal/dashboard.jag" "Mozilla/5.0 (Macintosh; Intel Mac OS X 10.9; rv:32.0) Gecko/20100101 Firefox/32.0"
0:0:0:0:0:0:0:1 - - [07/Oct/2014:11:22:49 +0530] "GET /portal/themes/portal/js/theme.js HTTP/1.1" 200 749 "https://localhost:9443/portal/dashboard.jag" "Mozilla/5.0 (Macintosh; Intel Mac OS X 10.9; rv:32.0) Gecko/20100101 Firefox/32.0"
0:0:0:0:0:0:0:1 - - [07/Oct/2014:11:22:49 +0530] "GET /portal/themes/portal/js/navigation.js HTTP/1.1" 200 1030 "https://localhost:9443/portal/dashboard.jag" "Mozilla/5.0 (Macintosh; Intel Mac OS X 10.9; rv:32.0) Gecko/20100101 Firefox/32.0"
0:0:0:0:0:0:0:1 - - [07/Oct/2014:11:22:49 +0530] "GET /portal/themes/portal/js/portal-dashboard-browser.js HTTP/1.1" 200 3150 "https://localhost:9443/portal/dashboard.jag" "Mozilla/5.0 (Macintosh; Intel Mac OS X 10.9; rv:32.0) Gecko/20100101 Firefox/32.0"
0:0:0:0:0:0:0:1 - - [07/Oct/2014:11:22:49 +0530] "GET /portal/themes/portal/js/handlebars.js HTTP/1.1" 200 12827 "https://localhost:9443/portal/dashboard.jag" "Mozilla/5.0 (Macintosh; Intel Mac OS X 10.9; rv:32.0) Gecko/20100101 Firefox/32.0"
0:0:0:0:0:0:0:1 - - [07/Oct/2014:11:22:49 +0530] "GET /portal/themes/portal/js/jquery-1.8.3.min.js HTTP/1.1" 200 33942 "https://localhost:9443/portal/dashboard.jag" "Mozilla/5.0 (Macintosh; Intel Mac OS X 10.9; rv:32.0) Gecko/20100101 Firefox/32.0"
0:0:0:0:0:0:0:1 - - [07/Oct/2014:11:22:49 +0530] "GET /portal/themes/portal/js/jquery.nicescroll.min.js HTTP/1.1" 200 14017 "https://localhost:9443/portal/dashboard.jag" "Mozilla/5.0 (Macintosh; Intel Mac OS X 10.9; rv:32.0) Gecko/20100101 Firefox/32.0"
0:0:0:0:0:0:0:1 - - [07/Oct/2014:11:22:49 +0530] "GET /portal/themes/portal/js/jquery.validate.js HTTP/1.1" 200 10011 "https://localhost:9443/portal/dashboard.jag" "Mozilla/5.0 (Macintosh; Intel Mac OS X 10.9; rv:32.0) Gecko/20100101 Firefox/32.0"
0:0:0:0:0:0:0:1 - - [07/Oct/2014:11:22:49 +0530] "GET /portal/themes/portal/js/caramel-client.js HTTP/1.1" 200 768 "https://localhost:9443/portal/dashboard.jag" "Mozilla/5.0 (Macintosh; Intel Mac OS X 10.9; rv:32.0) Gecko/20100101 Firefox/32.0"
