0:0:0:0:0:0:0:1 - - [10/Oct/2014:00:00:03 +0530] "POST /Top-5/data-api.jag HTTP/1.1" 200 1437 "https://localhost:9443//gadgets/ifr?url=https%3A%2F%2Flocalhost%3A9443%2FTop-5%2Fpublic%2Fpie-chart%2Fpie-chart.xml&container=default&view=default&lang=en&country=US&debug=1&nocache=1&sanitize=0&v=d8213105a7083aec18c9bce3596dddd0&testmode=0&parent=https%3A%2F%2Flocalhost%3A9443&mid=0" "Mozilla/5.0 (Macintosh; Intel Mac OS X 10.9; rv:32.0) Gecko/20100101 Firefox/32.0"
0:0:0:0:0:0:0:1 - - [10/Oct/2014:00:00:08 +0530] "POST /Top-5/data-api.jag HTTP/1.1" 200 1463 "https://localhost:9443//gadgets/ifr?url=https%3A%2F%2Flocalhost%3A9443%2FTop-5%2Fpublic%2Fpie-chart%2Fpie-chart.xml&container=default&view=default&lang=en&country=US&debug=1&nocache=1&sanitize=0&v=d8213105a7083aec18c9bce3596dddd0&testmode=0&parent=https%3A%2F%2Flocalhost%3A9443&mid=0" "Mozilla/5.0 (Macintosh; Intel Mac OS X 10.9; rv:32.0) Gecko/20100101 Firefox/32.0"
0:0:0:0:0:0:0:1 - - [10/Oct/2014:00:00:13 +0530] "POST /Top-5/data-api.jag HTTP/1.1" 200 1217 "https://localhost:9443//gadgets/ifr?url=https%3A%2F%2Flocalhost%3A9443%2FTop-5%2Fpublic%2Fpie-chart%2Fpie-chart.xml&container=default&view=default&lang=en&country=US&debug=1&nocache=1&sanitize=0&v=d8213105a7083aec18c9bce3596dddd0&testmode=0&parent=https%3A%2F%2Flocalhost%3A9443&mid=0" "Mozilla/5.0 (Macintosh; Intel Mac OS X 10.9; rv:32.0) Gecko/20100101 Firefox/32.0"
0:0:0:0:0:0:0:1 - - [10/Oct/2014:00:00:18 +0530] "POST /Top-5/data-api.jag HTTP/1.1" 200 1419 "https://localhost:9443//gadgets/ifr?url=https%3A%2F%2Flocalhost%3A9443%2FTop-5%2Fpublic%2Fpie-chart%2Fpie-chart.xml&container=default&view=default&lang=en&country=US&debug=1&nocache=1&sanitize=0&v=d8213105a7083aec18c9bce3596dddd0&testmode=0&parent=https%3A%2F%2Flocalhost%3A9443&mid=0" "Mozilla/5.0 (Macintosh; Intel Mac OS X 10.9; rv:32.0) Gecko/20100101 Firefox/32.0"
0:0:0:0:0:0:0:1 - - [10/Oct/2014:00:00:23 +0530] "POST /Top-5/data-api.jag HTTP/1.1" 200 1422 "https://localhost:9443//gadgets/ifr?url=https%3A%2F%2Flocalhost%3A9443%2FTop-5%2Fpublic%2Fpie-chart%2Fpie-chart.xml&container=default&view=default&lang=en&country=US&debug=1&nocache=1&sanitize=0&v=d8213105a7083aec18c9bce3596dddd0&testmode=0&parent=https%3A%2F%2Flocalhost%3A9443&mid=0" "Mozilla/5.0 (Macintosh; Intel Mac OS X 10.9; rv:32.0) Gecko/20100101 Firefox/32.0"
0:0:0:0:0:0:0:1 - - [10/Oct/2014:00:00:28 +0530] "POST /Top-5/data-api.jag HTTP/1.1" 200 1217 "https://localhost:9443//gadgets/ifr?url=https%3A%2F%2Flocalhost%3A9443%2FTop-5%2Fpublic%2Fpie-chart%2Fpie-chart.xml&container=default&view=default&lang=en&country=US&debug=1&nocache=1&sanitize=0&v=d8213105a7083aec18c9bce3596dddd0&testmode=0&parent=https%3A%2F%2Flocalhost%3A9443&mid=0" "Mozilla/5.0 (Macintosh; Intel Mac OS X 10.9; rv:32.0) Gecko/20100101 Firefox/32.0"
0:0:0:0:0:0:0:1 - - [10/Oct/2014:00:00:33 +0530] "POST /Top-5/data-api.jag HTTP/1.1" 200 1301 "https://localhost:9443//gadgets/ifr?url=https%3A%2F%2Flocalhost%3A9443%2FTop-5%2Fpublic%2Fpie-chart%2Fpie-chart.xml&container=default&view=default&lang=en&country=US&debug=1&nocache=1&sanitize=0&v=d8213105a7083aec18c9bce3596dddd0&testmode=0&parent=https%3A%2F%2Flocalhost%3A9443&mid=0" "Mozilla/5.0 (Macintosh; Intel Mac OS X 10.9; rv:32.0) Gecko/20100101 Firefox/32.0"
0:0:0:0:0:0:0:1 - - [10/Oct/2014:00:00:38 +0530] "POST /Top-5/data-api.jag HTTP/1.1" 200 1211 "https://localhost:9443//gadgets/ifr?url=https%3A%2F%2Flocalhost%3A9443%2FTop-5%2Fpublic%2Fpie-chart%2Fpie-chart.xml&container=default&view=default&lang=en&country=US&debug=1&nocache=1&sanitize=0&v=d8213105a7083aec18c9bce3596dddd0&testmode=0&parent=https%3A%2F%2Flocalhost%3A9443&mid=0" "Mozilla/5.0 (Macintosh; Intel Mac OS X 10.9; rv:32.0) Gecko/20100101 Firefox/32.0"
0:0:0:0:0:0:0:1 - - [10/Oct/2014:00:00:43 +0530] "POST /Top-5/data-api.jag HTTP/1.1" 200 1222 "https://localhost:9443//gadgets/ifr?url=https%3A%2F%2Flocalhost%3A9443%2FTop-5%2Fpublic%2Fpie-chart%2Fpie-chart.xml&container=default&view=default&lang=en&country=US&debug=1&nocache=1&sanitize=0&v=d8213105a7083aec18c9bce3596dddd0&testmode=0&parent=https%3A%2F%2Flocalhost%3A9443&mid=0" "Mozilla/5.0 (Macintosh; Intel Mac OS X 10.9; rv:32.0) Gecko/20100101 Firefox/32.0"
0:0:0:0:0:0:0:1 - - [10/Oct/2014:00:00:48 +0530] "POST /Top-5/data-api.jag HTTP/1.1" 200 1175 "https://localhost:9443//gadgets/ifr?url=https%3A%2F%2Flocalhost%3A9443%2FTop-5%2Fpublic%2Fpie-chart%2Fpie-chart.xml&container=default&view=default&lang=en&country=US&debug=1&nocache=1&sanitize=0&v=d8213105a7083aec18c9bce3596dddd0&testmode=0&parent=https%3A%2F%2Flocalhost%3A9443&mid=0" "Mozilla/5.0 (Macintosh; Intel Mac OS X 10.9; rv:32.0) Gecko/20100101 Firefox/32.0"
0:0:0:0:0:0:0:1 - - [10/Oct/2014:00:00:53 +0530] "POST /Top-5/data-api.jag HTTP/1.1" 200 1435 "https://localhost:9443//gadgets/ifr?url=https%3A%2F%2Flocalhost%3A9443%2FTop-5%2Fpublic%2Fpie-chart%2Fpie-chart.xml&container=default&view=default&lang=en&country=US&debug=1&nocache=1&sanitize=0&v=d8213105a7083aec18c9bce3596dddd0&testmode=0&parent=https%3A%2F%2Flocalhost%3A9443&mid=0" "Mozilla/5.0 (Macintosh; Intel Mac OS X 10.9; rv:32.0) Gecko/20100101 Firefox/32.0"
0:0:0:0:0:0:0:1 - - [10/Oct/2014:00:00:58 +0530] "POST /Top-5/data-api.jag HTTP/1.1" 200 1117 "https://localhost:9443//gadgets/ifr?url=https%3A%2F%2Flocalhost%3A9443%2FTop-5%2Fpublic%2Fpie-chart%2Fpie-chart.xml&container=default&view=default&lang=en&country=US&debug=1&nocache=1&sanitize=0&v=d8213105a7083aec18c9bce3596dddd0&testmode=0&parent=https%3A%2F%2Flocalhost%3A9443&mid=0" "Mozilla/5.0 (Macintosh; Intel Mac OS X 10.9; rv:32.0) Gecko/20100101 Firefox/32.0"
0:0:0:0:0:0:0:1 - - [10/Oct/2014:00:01:03 +0530] "POST /Top-5/data-api.jag HTTP/1.1" 200 1299 "https://localhost:9443//gadgets/ifr?url=https%3A%2F%2Flocalhost%3A9443%2FTop-5%2Fpublic%2Fpie-chart%2Fpie-chart.xml&container=default&view=default&lang=en&country=US&debug=1&nocache=1&sanitize=0&v=d8213105a7083aec18c9bce3596dddd0&testmode=0&parent=https%3A%2F%2Flocalhost%3A9443&mid=0" "Mozilla/5.0 (Macintosh; Intel Mac OS X 10.9; rv:32.0) Gecko/20100101 Firefox/32.0"
0:0:0:0:0:0:0:1 - - [10/Oct/2014:00:01:08 +0530] "POST /Top-5/data-api.jag HTTP/1.1" 200 1136 "https://localhost:9443//gadgets/ifr?url=https%3A%2F%2Flocalhost%3A9443%2FTop-5%2Fpublic%2Fpie-chart%2Fpie-chart.xml&container=default&view=default&lang=en&country=US&debug=1&nocache=1&sanitize=0&v=d8213105a7083aec18c9bce3596dddd0&testmode=0&parent=https%3A%2F%2Flocalhost%3A9443&mid=0" "Mozilla/5.0 (Macintosh; Intel Mac OS X 10.9; rv:32.0) Gecko/20100101 Firefox/32.0"
0:0:0:0:0:0:0:1 - - [10/Oct/2014:00:01:18 +0530] "POST /Top-5/data-api.jag HTTP/1.1" 200 1437 "https://localhost:9443//gadgets/ifr?url=https%3A%2F%2Flocalhost%3A9443%2FTop-5%2Fpublic%2Fpie-chart%2Fpie-chart.xml&container=default&view=default&lang=en&country=US&debug=1&nocache=1&sanitize=0&v=d8213105a7083aec18c9bce3596dddd0&testmode=0&parent=https%3A%2F%2Flocalhost%3A9443&mid=0" "Mozilla/5.0 (Macintosh; Intel Mac OS X 10.9; rv:32.0) Gecko/20100101 Firefox/32.0"
0:0:0:0:0:0:0:1 - - [10/Oct/2014:00:01:23 +0530] "POST /Top-5/data-api.jag HTTP/1.1" 200 1463 "https://localhost:9443//gadgets/ifr?url=https%3A%2F%2Flocalhost%3A9443%2FTop-5%2Fpublic%2Fpie-chart%2Fpie-chart.xml&container=default&view=default&lang=en&country=US&debug=1&nocache=1&sanitize=0&v=d8213105a7083aec18c9bce3596dddd0&testmode=0&parent=https%3A%2F%2Flocalhost%3A9443&mid=0" "Mozilla/5.0 (Macintosh; Intel Mac OS X 10.9; rv:32.0) Gecko/20100101 Firefox/32.0"
0:0:0:0:0:0:0:1 - - [10/Oct/2014:00:01:28 +0530] "POST /Top-5/data-api.jag HTTP/1.1" 200 1217 "https://localhost:9443//gadgets/ifr?url=https%3A%2F%2Flocalhost%3A9443%2FTop-5%2Fpublic%2Fpie-chart%2Fpie-chart.xml&container=default&view=default&lang=en&country=US&debug=1&nocache=1&sanitize=0&v=d8213105a7083aec18c9bce3596dddd0&testmode=0&parent=https%3A%2F%2Flocalhost%3A9443&mid=0" "Mozilla/5.0 (Macintosh; Intel Mac OS X 10.9; rv:32.0) Gecko/20100101 Firefox/32.0"
0:0:0:0:0:0:0:1 - - [10/Oct/2014:00:01:33 +0530] "POST /Top-5/data-api.jag HTTP/1.1" 200 1419 "https://localhost:9443//gadgets/ifr?url=https%3A%2F%2Flocalhost%3A9443%2FTop-5%2Fpublic%2Fpie-chart%2Fpie-chart.xml&container=default&view=default&lang=en&country=US&debug=1&nocache=1&sanitize=0&v=d8213105a7083aec18c9bce3596dddd0&testmode=0&parent=https%3A%2F%2Flocalhost%3A9443&mid=0" "Mozilla/5.0 (Macintosh; Intel Mac OS X 10.9; rv:32.0) Gecko/20100101 Firefox/32.0"
0:0:0:0:0:0:0:1 - - [10/Oct/2014:00:01:38 +0530] "POST /Top-5/data-api.jag HTTP/1.1" 200 1422 "https://localhost:9443//gadgets/ifr?url=https%3A%2F%2Flocalhost%3A9443%2FTop-5%2Fpublic%2Fpie-chart%2Fpie-chart.xml&container=default&view=default&lang=en&country=US&debug=1&nocache=1&sanitize=0&v=d8213105a7083aec18c9bce3596dddd0&testmode=0&parent=https%3A%2F%2Flocalhost%3A9443&mid=0" "Mozilla/5.0 (Macintosh; Intel Mac OS X 10.9; rv:32.0) Gecko/20100101 Firefox/32.0"
0:0:0:0:0:0:0:1 - - [10/Oct/2014:00:01:43 +0530] "POST /Top-5/data-api.jag HTTP/1.1" 200 1217 "https://localhost:9443//gadgets/ifr?url=https%3A%2F%2Flocalhost%3A9443%2FTop-5%2Fpublic%2Fpie-chart%2Fpie-chart.xml&container=default&view=default&lang=en&country=US&debug=1&nocache=1&sanitize=0&v=d8213105a7083aec18c9bce3596dddd0&testmode=0&parent=https%3A%2F%2Flocalhost%3A9443&mid=0" "Mozilla/5.0 (Macintosh; Intel Mac OS X 10.9; rv:32.0) Gecko/20100101 Firefox/32.0"
0:0:0:0:0:0:0:1 - - [10/Oct/2014:00:01:48 +0530] "POST /Top-5/data-api.jag HTTP/1.1" 200 1301 "https://localhost:9443//gadgets/ifr?url=https%3A%2F%2Flocalhost%3A9443%2FTop-5%2Fpublic%2Fpie-chart%2Fpie-chart.xml&container=default&view=default&lang=en&country=US&debug=1&nocache=1&sanitize=0&v=d8213105a7083aec18c9bce3596dddd0&testmode=0&parent=https%3A%2F%2Flocalhost%3A9443&mid=0" "Mozilla/5.0 (Macintosh; Intel Mac OS X 10.9; rv:32.0) Gecko/20100101 Firefox/32.0"
0:0:0:0:0:0:0:1 - - [10/Oct/2014:00:01:53 +0530] "POST /Top-5/data-api.jag HTTP/1.1" 200 1211 "https://localhost:9443//gadgets/ifr?url=https%3A%2F%2Flocalhost%3A9443%2FTop-5%2Fpublic%2Fpie-chart%2Fpie-chart.xml&container=default&view=default&lang=en&country=US&debug=1&nocache=1&sanitize=0&v=d8213105a7083aec18c9bce3596dddd0&testmode=0&parent=https%3A%2F%2Flocalhost%3A9443&mid=0" "Mozilla/5.0 (Macintosh; Intel Mac OS X 10.9; rv:32.0) Gecko/20100101 Firefox/32.0"
0:0:0:0:0:0:0:1 - - [10/Oct/2014:00:01:58 +0530] "POST /Top-5/data-api.jag HTTP/1.1" 200 1222 "https://localhost:9443//gadgets/ifr?url=https%3A%2F%2Flocalhost%3A9443%2FTop-5%2Fpublic%2Fpie-chart%2Fpie-chart.xml&container=default&view=default&lang=en&country=US&debug=1&nocache=1&sanitize=0&v=d8213105a7083aec18c9bce3596dddd0&testmode=0&parent=https%3A%2F%2Flocalhost%3A9443&mid=0" "Mozilla/5.0 (Macintosh; Intel Mac OS X 10.9; rv:32.0) Gecko/20100101 Firefox/32.0"
0:0:0:0:0:0:0:1 - - [10/Oct/2014:00:02:03 +0530] "POST /Top-5/data-api.jag HTTP/1.1" 200 1175 "https://localhost:9443//gadgets/ifr?url=https%3A%2F%2Flocalhost%3A9443%2FTop-5%2Fpublic%2Fpie-chart%2Fpie-chart.xml&container=default&view=default&lang=en&country=US&debug=1&nocache=1&sanitize=0&v=d8213105a7083aec18c9bce3596dddd0&testmode=0&parent=https%3A%2F%2Flocalhost%3A9443&mid=0" "Mozilla/5.0 (Macintosh; Intel Mac OS X 10.9; rv:32.0) Gecko/20100101 Firefox/32.0"
0:0:0:0:0:0:0:1 - - [10/Oct/2014:00:02:08 +0530] "POST /Top-5/data-api.jag HTTP/1.1" 200 1435 "https://localhost:9443//gadgets/ifr?url=https%3A%2F%2Flocalhost%3A9443%2FTop-5%2Fpublic%2Fpie-chart%2Fpie-chart.xml&container=default&view=default&lang=en&country=US&debug=1&nocache=1&sanitize=0&v=d8213105a7083aec18c9bce3596dddd0&testmode=0&parent=https%3A%2F%2Flocalhost%3A9443&mid=0" "Mozilla/5.0 (Macintosh; Intel Mac OS X 10.9; rv:32.0) Gecko/20100101 Firefox/32.0"
0:0:0:0:0:0:0:1 - - [10/Oct/2014:00:02:13 +0530] "POST /Top-5/data-api.jag HTTP/1.1" 200 1117 "https://localhost:9443//gadgets/ifr?url=https%3A%2F%2Flocalhost%3A9443%2FTop-5%2Fpublic%2Fpie-chart%2Fpie-chart.xml&container=default&view=default&lang=en&country=US&debug=1&nocache=1&sanitize=0&v=d8213105a7083aec18c9bce3596dddd0&testmode=0&parent=https%3A%2F%2Flocalhost%3A9443&mid=0" "Mozilla/5.0 (Macintosh; Intel Mac OS X 10.9; rv:32.0) Gecko/20100101 Firefox/32.0"
0:0:0:0:0:0:0:1 - - [10/Oct/2014:00:02:18 +0530] "POST /Top-5/data-api.jag HTTP/1.1" 200 1299 "https://localhost:9443//gadgets/ifr?url=https%3A%2F%2Flocalhost%3A9443%2FTop-5%2Fpublic%2Fpie-chart%2Fpie-chart.xml&container=default&view=default&lang=en&country=US&debug=1&nocache=1&sanitize=0&v=d8213105a7083aec18c9bce3596dddd0&testmode=0&parent=https%3A%2F%2Flocalhost%3A9443&mid=0" "Mozilla/5.0 (Macintosh; Intel Mac OS X 10.9; rv:32.0) Gecko/20100101 Firefox/32.0"
0:0:0:0:0:0:0:1 - - [10/Oct/2014:00:02:20 +0530] "GET /portal/apis/autosave.jag?page=TestSite&diff=Index%3A+l1_VGVzdFNpdGUvZ2FkZXRzL1RvcC01LWludGVyYWN0aXZlLU5PTi1XU08yLWluZGl2aWR1YWxzL2NoYXJ0LW9wdGlvbnMuanNvbg%0A%3D%3D%3D%3D%3D%3D%3D%3D%3D%3D%3D%3D%3D%3D%3D%3D%3D%3D%3D%3D%3D%3D%3D%3D%3D%3D%3D%3D%3D%3D%3D%3D%3D%3D%3D%3D%3D%3D%3D%3D%3D%3D%3D%3D%3D%3D%3D%3D%3D%3D%3D%3D%3D%3D%3D%3D%3D%3D%3D%3D%3D%3D%3D%3D%3D%3D%3D%0A---+l1_VGVzdFNpdGUvZ2FkZXRzL1RvcC01LWludGVyYWN0aXZlLU5PTi1XU08yLWluZGl2aWR1YWxzL2NoYXJ0LW9wdGlvbnMuanNvbg%0A%2B%2B%2B+l1_VGVzdFNpdGUvZ2FkZXRzL1RvcC01LWludGVyYWN0aXZlLU5PTi1XU08yLWluZGl2aWR1YWxzL2NoYXJ0LW9wdGlvbnMuanNvbg%0A%40%40+-2%2C9+%2B2%2C9+%40%40%0A+++++%22legend%22%3A+%7B%0A+++++++++%22show%22%3A+true%2C%0A+++++++++%22labelFormatter%22%3A+null%2C%0A+++++++++%22labelBoxBorderColor%22%3A+%22%23E9E8E8%22%2C%0A%2B++++++++%22noColumns%22%3A+0%2C%0A-++++++++%22noColumns%22%3A+1%2C%0A+++++++++%22position%22%3A+%22ne%22%2C%0A+++++++++%22backgroundColor%22%3A+%22%23FFFFFF%22%2C%0A+++++++++%22backgroundOpacity%22%3A+0.8%2C%0A+++++++++%22container%22%3A+null%0A%40%40+-37%2C9+%2B37%2C9+%40%40%0A+++++%7D%2C%0A+++++%22yaxis%22%3A+%7B%0A+%0A+++++++++%22show%22%3A+true%2C%0A%2B++++++++%22position%22%3A+%22rig%22%2C%0A-++++++++%22position%22%3A+%22left%22%2C%0A+++++++++%22mode%22%3A+null%2C%0A+%0A+++++++++%22color%22%3A+null%2C%0A+++++++++%22tickColor%22%3A+null%2C%0A HTTP/1.1" 200 19 "https://localhost:9443/portal/editor.jag?sitehash=l1_VGVzdFNpdGUvZ2FkZXRzL1RvcC01LWludGVyYWN0aXZlLU5PTi1XU08yLWluZGl2aWR1YWxzL2NoYXJ0LW9wdGlvbnMuanNvbg" "Mozilla/5.0 (Macintosh; Intel Mac OS X 10.9; rv:32.0) Gecko/20100101 Firefox/32.0"
0:0:0:0:0:0:0:1 - - [10/Oct/2014:00:02:23 +0530] "POST /Top-5/data-api.jag HTTP/1.1" 200 1136 "https://localhost:9443//gadgets/ifr?url=https%3A%2F%2Flocalhost%3A9443%2FTop-5%2Fpublic%2Fpie-chart%2Fpie-chart.xml&container=default&view=default&lang=en&country=US&debug=1&nocache=1&sanitize=0&v=d8213105a7083aec18c9bce3596dddd0&testmode=0&parent=https%3A%2F%2Flocalhost%3A9443&mid=0" "Mozilla/5.0 (Macintosh; Intel Mac OS X 10.9; rv:32.0) Gecko/20100101 Firefox/32.0"
0:0:0:0:0:0:0:1 - - [10/Oct/2014:00:02:24 +0530] "POST /portal/apis/editor.jag HTTP/1.1" 200 17 "https://localhost:9443/portal/editor.jag?sitehash=l1_VGVzdFNpdGUvZ2FkZXRzL1RvcC01LWludGVyYWN0aXZlLU5PTi1XU08yLWluZGl2aWR1YWxzL2NoYXJ0LW9wdGlvbnMuanNvbg" "Mozilla/5.0 (Macintosh; Intel Mac OS X 10.9; rv:32.0) Gecko/20100101 Firefox/32.0"
0:0:0:0:0:0:0:1 - - [10/Oct/2014:00:02:24 +0530] "POST /portal/apis/editor.jag HTTP/1.1" 200 17 "https://localhost:9443/portal/editor.jag?sitehash=l1_VGVzdFNpdGUvZ2FkZXRzL1RvcC01LWludGVyYWN0aXZlLU5PTi1XU08yLWluZGl2aWR1YWxzL2NoYXJ0LW9wdGlvbnMuanNvbg" "Mozilla/5.0 (Macintosh; Intel Mac OS X 10.9; rv:32.0) Gecko/20100101 Firefox/32.0"
0:0:0:0:0:0:0:1 - - [10/Oct/2014:00:02:25 +0530] "GET /portal/apis/autosave.jag?page=TestSite&diff=Index%3A+l1_VGVzdFNpdGUvZ2FkZXRzL1RvcC01LWludGVyYWN0aXZlLU5PTi1XU08yLWluZGl2aWR1YWxzL2NoYXJ0LW9wdGlvbnMuanNvbg%0A%3D%3D%3D%3D%3D%3D%3D%3D%3D%3D%3D%3D%3D%3D%3D%3D%3D%3D%3D%3D%3D%3D%3D%3D%3D%3D%3D%3D%3D%3D%3D%3D%3D%3D%3D%3D%3D%3D%3D%3D%3D%3D%3D%3D%3D%3D%3D%3D%3D%3D%3D%3D%3D%3D%3D%3D%3D%3D%3D%3D%3D%3D%3D%3D%3D%3D%3D%0A---+l1_VGVzdFNpdGUvZ2FkZXRzL1RvcC01LWludGVyYWN0aXZlLU5PTi1XU08yLWluZGl2aWR1YWxzL2NoYXJ0LW9wdGlvbnMuanNvbg%0A%2B%2B%2B+l1_VGVzdFNpdGUvZ2FkZXRzL1RvcC01LWludGVyYWN0aXZlLU5PTi1XU08yLWluZGl2aWR1YWxzL2NoYXJ0LW9wdGlvbnMuanNvbg%0A%40%40+-2%2C9+%2B2%2C9+%40%40%0A+++++%22legend%22%3A+%7B%0A+++++++++%22show%22%3A+true%2C%0A+++++++++%22labelFormatter%22%3A+null%2C%0A+++++++++%22labelBoxBorderColor%22%3A+%22%23E9E8E8%22%2C%0A%2B++++++++%22noColumns%22%3A+0%2C%0A-++++++++%22noColumns%22%3A+1%2C%0A+++++++++%22position%22%3A+%22ne%22%2C%0A+++++++++%22backgroundColor%22%3A+%22%23FFFFFF%22%2C%0A+++++++++%22backgroundOpacity%22%3A+0.8%2C%0A+++++++++%22container%22%3A+null%0A%40%40+-37%2C9+%2B37%2C9+%40%40%0A+++++%7D%2C%0A+++++%22yaxis%22%3A+%7B%0A+%0A+++++++++%22show%22%3A+true%2C%0A%2B++++++++%22position%22%3A+%22right%22%2C%0A-++++++++%22position%22%3A+%22left%22%2C%0A+++++++++%22mode%22%3A+null%2C%0A+%0A+++++++++%22color%22%3A+null%2C%0A+++++++++%22tickColor%22%3A+null%2C%0A HTTP/1.1" 200 19 "https://localhost:9443/portal/editor.jag?sitehash=l1_VGVzdFNpdGUvZ2FkZXRzL1RvcC01LWludGVyYWN0aXZlLU5PTi1XU08yLWluZGl2aWR1YWxzL2NoYXJ0LW9wdGlvbnMuanNvbg" "Mozilla/5.0 (Macintosh; Intel Mac OS X 10.9; rv:32.0) Gecko/20100101 Firefox/32.0"
0:0:0:0:0:0:0:1 - - [10/Oct/2014:00:02:26 +0530] "GET /TestSite/ HTTP/1.1" 200 1670 "https://localhost:9443/portal/dashboard.jag" "Mozilla/5.0 (Macintosh; Intel Mac OS X 10.9; rv:32.0) Gecko/20100101 Firefox/32.0"
0:0:0:0:0:0:0:1 - - [10/Oct/2014:00:02:26 +0530] "GET /portal/themes/portal/js/UESContainer.js HTTP/1.1" 200 972 "https://localhost:9443/TestSite/" "Mozilla/5.0 (Macintosh; Intel Mac OS X 10.9; rv:32.0) Gecko/20100101 Firefox/32.0"
0:0:0:0:0:0:0:1 - - [10/Oct/2014:00:02:26 +0530] "GET /portal/themes/portal/js/shindig.js HTTP/1.1" 200 34461 "https://localhost:9443/TestSite/" "Mozilla/5.0 (Macintosh; Intel Mac OS X 10.9; rv:32.0) Gecko/20100101 Firefox/32.0"
0:0:0:0:0:0:0:1 - - [10/Oct/2014:00:02:26 +0530] "POST //rpc?st=-1%3A-1%3A*%3A*%3A*%3A0%3Adefault HTTP/1.1" 200 1527 "https://localhost:9443/TestSite/" "Mozilla/5.0 (Macintosh; Intel Mac OS X 10.9; rv:32.0) Gecko/20100101 Firefox/32.0"
0:0:0:0:0:0:0:1 - - [10/Oct/2014:00:02:26 +0530] "POST //rpc?st=-1%3A-1%3A*%3A*%3A*%3A0%3Adefault HTTP/1.1" 200 1583 "https://localhost:9443/TestSite/" "Mozilla/5.0 (Macintosh; Intel Mac OS X 10.9; rv:32.0) Gecko/20100101 Firefox/32.0"
0:0:0:0:0:0:0:1 - - [10/Oct/2014:00:02:26 +0530] "POST //rpc?st=-1%3A-1%3A*%3A*%3A*%3A0%3Adefault HTTP/1.1" 200 1589 "https://localhost:9443/TestSite/" "Mozilla/5.0 (Macintosh; Intel Mac OS X 10.9; rv:32.0) Gecko/20100101 Firefox/32.0"
0:0:0:0:0:0:0:1 - - [10/Oct/2014:00:02:26 +0530] "POST //rpc?st=-1%3A-1%3A*%3A*%3A*%3A0%3Adefault HTTP/1.1" 200 1761 "https://localhost:9443/TestSite/" "Mozilla/5.0 (Macintosh; Intel Mac OS X 10.9; rv:32.0) Gecko/20100101 Firefox/32.0"
127.0.0.1 - - [10/Oct/2014:00:02:26 +0530] "GET /Top-5/public/pie-chart/pie-chart.xml HTTP/1.1" 200 1081 "-" "Apache Shindig"
127.0.0.1 - - [10/Oct/2014:00:02:26 +0530] "GET /TestSite/gadets/IDLE-MAILS/public/pie-chart/pie-chart.xml HTTP/1.1" 200 957 "-" "Apache Shindig"
0:0:0:0:0:0:0:1 - - [10/Oct/2014:00:02:26 +0530] "GET //gadgets/ifr?url=https%3A%2F%2Flocalhost%3A9443%2FTop-5%2Fpublic%2Fpie-chart%2Fpie-chart.xml&container=default&view=default&lang=en&country=US&debug=1&nocache=1&sanitize=0&v=d8213105a7083aec18c9bce3596dddd0&testmode=0&parent=https%3A%2F%2Flocalhost%3A9443&mid=0 HTTP/1.1" 200 1434 "https://localhost:9443/TestSite/" "Mozilla/5.0 (Macintosh; Intel Mac OS X 10.9; rv:32.0) Gecko/20100101 Firefox/32.0"
127.0.0.1 - - [10/Oct/2014:00:02:26 +0530] "GET /TestSite/gadets/Top-5-Groups/public/bar-chart/bar-chart.xml HTTP/1.1" 200 1073 "-" "Apache Shindig"
0:0:0:0:0:0:0:1 - - [10/Oct/2014:00:02:26 +0530] "GET //gadgets/ifr?url=https%3A%2F%2Flocalhost%3A9443%2FTestSite%2Fgadets%2FIDLE-MAILS%2Fpublic%2Fpie-chart%2Fpie-chart.xml&container=default&view=default&lang=en&country=US&debug=1&nocache=1&sanitize=0&v=d8213105a7083aec18c9bce3596dddd0&testmode=0&parent=https%3A%2F%2Flocalhost%3A9443&mid=0 HTTP/1.1" 200 1352 "https://localhost:9443/TestSite/" "Mozilla/5.0 (Macintosh; Intel Mac OS X 10.9; rv:32.0) Gecko/20100101 Firefox/32.0"
127.0.0.1 - - [10/Oct/2014:00:02:26 +0530] "GET /TestSite/gadets/Top-5-interactive-NON-WSO2-individuals/public/horizontal-bar-chart/horizontal-bar-chart.xml HTTP/1.1" 200 1125 "-" "Apache Shindig"
0:0:0:0:0:0:0:1 - - [10/Oct/2014:00:02:26 +0530] "GET //gadgets/ifr?url=https%3A%2F%2Flocalhost%3A9443%2FTestSite%2Fgadets%2FTop-5-Groups%2Fpublic%2Fbar-chart%2Fbar-chart.xml&container=default&view=default&lang=en&country=US&debug=1&nocache=1&sanitize=0&v=d8213105a7083aec18c9bce3596dddd0&testmode=0&parent=https%3A%2F%2Flocalhost%3A9443&mid=0 HTTP/1.1" 200 1453 "https://localhost:9443/TestSite/" "Mozilla/5.0 (Macintosh; Intel Mac OS X 10.9; rv:32.0) Gecko/20100101 Firefox/32.0"
0:0:0:0:0:0:0:1 - - [10/Oct/2014:00:02:26 +0530] "GET //gadgets/ifr?url=https%3A%2F%2Flocalhost%3A9443%2FTestSite%2Fgadets%2FTop-5-interactive-NON-WSO2-individuals%2Fpublic%2Fhorizontal-bar-chart%2Fhorizontal-bar-chart.xml&container=default&view=default&lang=en&country=US&debug=1&nocache=1&sanitize=0&v=d8213105a7083aec18c9bce3596dddd0&testmode=0&parent=https%3A%2F%2Flocalhost%3A9443&mid=0 HTTP/1.1" 200 1497 "https://localhost:9443/TestSite/" "Mozilla/5.0 (Macintosh; Intel Mac OS X 10.9; rv:32.0) Gecko/20100101 Firefox/32.0"
0:0:0:0:0:0:0:1 - - [10/Oct/2014:00:02:26 +0530] "GET //gadgets/js/core!core:rpc.js?container=default&nocache=0&debug=1&c=0&v=10ffc1a5848b6380548a5e2dcd177677&jsload=0 HTTP/1.1" 200 404 "https://localhost:9443//gadgets/ifr?url=https%3A%2F%2Flocalhost%3A9443%2FTop-5%2Fpublic%2Fpie-chart%2Fpie-chart.xml&container=default&view=default&lang=en&country=US&debug=1&nocache=1&sanitize=0&v=d8213105a7083aec18c9bce3596dddd0&testmode=0&parent=https%3A%2F%2Flocalhost%3A9443&mid=0" "Mozilla/5.0 (Macintosh; Intel Mac OS X 10.9; rv:32.0) Gecko/20100101 Firefox/32.0"
127.0.0.1 - - [10/Oct/2014:00:02:26 +0530] "GET /Top-5/public/pie-chart/css/flot-graph.css HTTP/1.1" 200 1294 "-" "Apache Shindig"
0:0:0:0:0:0:0:1 - - [10/Oct/2014:00:02:26 +0530] "GET //gadgets/js/core!core:rpc.js?container=default&nocache=0&debug=1&c=0&v=10ffc1a5848b6380548a5e2dcd177677&jsload=0 HTTP/1.1" 200 404 "https://localhost:9443//gadgets/ifr?url=https%3A%2F%2Flocalhost%3A9443%2FTestSite%2Fgadets%2FIDLE-MAILS%2Fpublic%2Fpie-chart%2Fpie-chart.xml&container=default&view=default&lang=en&country=US&debug=1&nocache=1&sanitize=0&v=d8213105a7083aec18c9bce3596dddd0&testmode=0&parent=https%3A%2F%2Flocalhost%3A9443&mid=0" "Mozilla/5.0 (Macintosh; Intel Mac OS X 10.9; rv:32.0) Gecko/20100101 Firefox/32.0"
127.0.0.1 - - [10/Oct/2014:00:02:26 +0530] "GET /Top-5/public/pie-chart/pie-chart.xml HTTP/1.1" 200 1081 "-" "Apache Shindig"
127.0.0.1 - - [10/Oct/2014:00:02:26 +0530] "GET /Top-5/public/pie-chart/css/bootstrap.min.css HTTP/1.1" 200 18754 "-" "Apache Shindig"
127.0.0.1 - - [10/Oct/2014:00:02:26 +0530] "GET /Top-5/public/pie-chart/pie-chart.xml HTTP/1.1" 200 1081 "-" "Apache Shindig"
0:0:0:0:0:0:0:1 - - [10/Oct/2014:00:02:26 +0530] "GET //gadgets/js/core:rpc.js?container=default&nocache=0&debug=1&c=0&v=0340451bd365756d7f0c9f9ea168177b&jsload=0 HTTP/1.1" 200 58354 "https://localhost:9443//gadgets/ifr?url=https%3A%2F%2Flocalhost%3A9443%2FTop-5%2Fpublic%2Fpie-chart%2Fpie-chart.xml&container=default&view=default&lang=en&country=US&debug=1&nocache=1&sanitize=0&v=d8213105a7083aec18c9bce3596dddd0&testmode=0&parent=https%3A%2F%2Flocalhost%3A9443&mid=0" "Mozilla/5.0 (Macintosh; Intel Mac OS X 10.9; rv:32.0) Gecko/20100101 Firefox/32.0"
127.0.0.1 - - [10/Oct/2014:00:02:26 +0530] "GET /TestSite/gadets/IDLE-MAILS/public/pie-chart/css/flot-graph.css HTTP/1.1" 200 1315 "-" "Apache Shindig"
127.0.0.1 - - [10/Oct/2014:00:02:26 +0530] "GET /TestSite/gadets/IDLE-MAILS/public/pie-chart/css/style2.css HTTP/1.1" 200 788 "-" "Apache Shindig"
127.0.0.1 - - [10/Oct/2014:00:02:26 +0530] "GET /TestSite/gadets/IDLE-MAILS/public/pie-chart/css/drop_down.css HTTP/1.1" 200 1028 "-" "Apache Shindig"
127.0.0.1 - - [10/Oct/2014:00:02:26 +0530] "GET /TestSite/gadets/IDLE-MAILS/public/pie-chart/pie-chart.xml HTTP/1.1" 200 957 "-" "Apache Shindig"
0:0:0:0:0:0:0:1 - - [10/Oct/2014:00:02:26 +0530] "GET //gadgets/js/core:rpc.js?container=default&nocache=0&debug=1&c=0&v=0340451bd365756d7f0c9f9ea168177b&jsload=0 HTTP/1.1" 200 58354 "https://localhost:9443//gadgets/ifr?url=https%3A%2F%2Flocalhost%3A9443%2FTestSite%2Fgadets%2FIDLE-MAILS%2Fpublic%2Fpie-chart%2Fpie-chart.xml&container=default&view=default&lang=en&country=US&debug=1&nocache=1&sanitize=0&v=d8213105a7083aec18c9bce3596dddd0&testmode=0&parent=https%3A%2F%2Flocalhost%3A9443&mid=0" "Mozilla/5.0 (Macintosh; Intel Mac OS X 10.9; rv:32.0) Gecko/20100101 Firefox/32.0"
127.0.0.1 - - [10/Oct/2014:00:02:26 +0530] "GET /TestSite/gadets/IDLE-MAILS/public/pie-chart/css/dataTables.bootstrap.css HTTP/1.1" 200 893 "-" "Apache Shindig"
127.0.0.1 - - [10/Oct/2014:00:02:26 +0530] "GET /TestSite/gadets/IDLE-MAILS/public/pie-chart/css/bootstrap.min.css HTTP/1.1" 200 18754 "-" "Apache Shindig"
127.0.0.1 - - [10/Oct/2014:00:02:26 +0530] "GET /TestSite/gadets/IDLE-MAILS/public/pie-chart/pie-chart.xml HTTP/1.1" 200 957 "-" "Apache Shindig"
0:0:0:0:0:0:0:1 - - [10/Oct/2014:00:02:26 +0530] "GET //gadgets/js/core!core:rpc.js?container=default&nocache=0&debug=1&c=0&v=10ffc1a5848b6380548a5e2dcd177677&jsload=0 HTTP/1.1" 200 404 "https://localhost:9443//gadgets/ifr?url=https%3A%2F%2Flocalhost%3A9443%2FTestSite%2Fgadets%2FTop-5-Groups%2Fpublic%2Fbar-chart%2Fbar-chart.xml&container=default&view=default&lang=en&country=US&debug=1&nocache=1&sanitize=0&v=d8213105a7083aec18c9bce3596dddd0&testmode=0&parent=https%3A%2F%2Flocalhost%3A9443&mid=0" "Mozilla/5.0 (Macintosh; Intel Mac OS X 10.9; rv:32.0) Gecko/20100101 Firefox/32.0"
0:0:0:0:0:0:0:1 - - [10/Oct/2014:00:02:26 +0530] "GET //gadgets/js/core!core:rpc.js?container=default&nocache=0&debug=1&c=0&v=10ffc1a5848b6380548a5e2dcd177677&jsload=0 HTTP/1.1" 200 404 "https://localhost:9443//gadgets/ifr?url=https%3A%2F%2Flocalhost%3A9443%2FTestSite%2Fgadets%2FTop-5-interactive-NON-WSO2-individuals%2Fpublic%2Fhorizontal-bar-chart%2Fhorizontal-bar-chart.xml&container=default&view=default&lang=en&country=US&debug=1&nocache=1&sanitize=0&v=d8213105a7083aec18c9bce3596dddd0&testmode=0&parent=https%3A%2F%2Flocalhost%3A9443&mid=0" "Mozilla/5.0 (Macintosh; Intel Mac OS X 10.9; rv:32.0) Gecko/20100101 Firefox/32.0"
127.0.0.1 - - [10/Oct/2014:00:02:26 +0530] "GET /TestSite/gadets/Top-5-Groups/public/bar-chart/css/flot-graph.css HTTP/1.1" 200 1294 "-" "Apache Shindig"
127.0.0.1 - - [10/Oct/2014:00:02:26 +0530] "GET /TestSite/gadets/IDLE-MAILS/public/pie-chart/pie-chart.xml HTTP/1.1" 200 957 "-" "Apache Shindig"
127.0.0.1 - - [10/Oct/2014:00:02:26 +0530] "GET /TestSite/gadets/Top-5-Groups/public/bar-chart/css/bootstrap.min.css HTTP/1.1" 200 18754 "-" "Apache Shindig"
0:0:0:0:0:0:0:1 - - [10/Oct/2014:00:02:26 +0530] "GET //gadgets/js/core:rpc.js?container=default&nocache=0&debug=1&c=0&v=0340451bd365756d7f0c9f9ea168177b&jsload=0 HTTP/1.1" 200 58354 "https://localhost:9443//gadgets/ifr?url=https%3A%2F%2Flocalhost%3A9443%2FTestSite%2Fgadets%2FTop-5-Groups%2Fpublic%2Fbar-chart%2Fbar-chart.xml&container=default&view=default&lang=en&country=US&debug=1&nocache=1&sanitize=0&v=d8213105a7083aec18c9bce3596dddd0&testmode=0&parent=https%3A%2F%2Flocalhost%3A9443&mid=0" "Mozilla/5.0 (Macintosh; Intel Mac OS X 10.9; rv:32.0) Gecko/20100101 Firefox/32.0"
127.0.0.1 - - [10/Oct/2014:00:02:26 +0530] "GET /TestSite/gadets/Top-5-Groups/public/bar-chart/bar-chart.xml HTTP/1.1" 200 1073 "-" "Apache Shindig"
127.0.0.1 - - [10/Oct/2014:00:02:26 +0530] "GET /TestSite/gadets/Top-5-interactive-NON-WSO2-individuals/public/horizontal-bar-chart/css/flot-graph.css HTTP/1.1" 200 1294 "-" "Apache Shindig"
127.0.0.1 - - [10/Oct/2014:00:02:26 +0530] "GET /TestSite/gadets/IDLE-MAILS/public/pie-chart/pie-chart.xml HTTP/1.1" 200 957 "-" "Apache Shindig"
127.0.0.1 - - [10/Oct/2014:00:02:26 +0530] "GET /TestSite/gadets/Top-5-interactive-NON-WSO2-individuals/public/horizontal-bar-chart/horizontal-bar-chart.xml HTTP/1.1" 200 1125 "-" "Apache Shindig"
127.0.0.1 - - [10/Oct/2014:00:02:26 +0530] "GET /TestSite/gadets/Top-5-Groups/public/bar-chart/bar-chart.xml HTTP/1.1" 200 1073 "-" "Apache Shindig"
127.0.0.1 - - [10/Oct/2014:00:02:26 +0530] "GET /TestSite/gadets/IDLE-MAILS/public/pie-chart/pie-chart.xml HTTP/1.1" 200 957 "-" "Apache Shindig"
127.0.0.1 - - [10/Oct/2014:00:02:26 +0530] "GET /TestSite/gadets/Top-5-interactive-NON-WSO2-individuals/public/horizontal-bar-chart/css/bootstrap.min.css HTTP/1.1" 200 18754 "-" "Apache Shindig"
127.0.0.1 - - [10/Oct/2014:00:02:26 +0530] "GET /TestSite/gadets/Top-5-interactive-NON-WSO2-individuals/public/horizontal-bar-chart/horizontal-bar-chart.xml HTTP/1.1" 200 1125 "-" "Apache Shindig"
0:0:0:0:0:0:0:1 - - [10/Oct/2014:00:02:26 +0530] "GET //gadgets/js/core:rpc.js?container=default&nocache=0&debug=1&c=0&v=0340451bd365756d7f0c9f9ea168177b&jsload=0 HTTP/1.1" 200 58354 "https://localhost:9443//gadgets/ifr?url=https%3A%2F%2Flocalhost%3A9443%2FTestSite%2Fgadets%2FTop-5-interactive-NON-WSO2-individuals%2Fpublic%2Fhorizontal-bar-chart%2Fhorizontal-bar-chart.xml&container=default&view=default&lang=en&country=US&debug=1&nocache=1&sanitize=0&v=d8213105a7083aec18c9bce3596dddd0&testmode=0&parent=https%3A%2F%2Flocalhost%3A9443&mid=0" "Mozilla/5.0 (Macintosh; Intel Mac OS X 10.9; rv:32.0) Gecko/20100101 Firefox/32.0"
0:0:0:0:0:0:0:1 - - [10/Oct/2014:00:02:26 +0530] "GET //gadgets/concat?container=default&gadget=https%3A%2F%2Flocalhost%3A9443%2FTop-5%2Fpublic%2Fpie-chart%2Fpie-chart.xml&debug=1&nocache=1&type=css&1=https%3A%2F%2Flocalhost%3A9443%2FTop-5%2Fpublic%2Fpie-chart%2Fcss%2Fflot-graph.css&2=https%3A%2F%2Flocalhost%3A9443%2FTop-5%2Fpublic%2Fpie-chart%2Fcss%2Fbootstrap.min.css HTTP/1.1" 200 16249 "https://localhost:9443//gadgets/ifr?url=https%3A%2F%2Flocalhost%3A9443%2FTop-5%2Fpublic%2Fpie-chart%2Fpie-chart.xml&container=default&view=default&lang=en&country=US&debug=1&nocache=1&sanitize=0&v=d8213105a7083aec18c9bce3596dddd0&testmode=0&parent=https%3A%2F%2Flocalhost%3A9443&mid=0" "Mozilla/5.0 (Macintosh; Intel Mac OS X 10.9; rv:32.0) Gecko/20100101 Firefox/32.0"
127.0.0.1 - - [10/Oct/2014:00:02:26 +0530] "GET /Top-5/public/pie-chart/js/excanvas.min.js HTTP/1.1" 200 8433 "-" "Apache Shindig"
127.0.0.1 - - [10/Oct/2014:00:02:26 +0530] "GET /Top-5/public/pie-chart/js/flot/jquery.flot.pie.js HTTP/1.1" 200 7094 "-" "Apache Shindig"
127.0.0.1 - - [10/Oct/2014:00:02:26 +0530] "GET /Top-5/public/pie-chart/js/bootstrap.js HTTP/1.1" 200 10558 "-" "Apache Shindig"
127.0.0.1 - - [10/Oct/2014:00:02:26 +0530] "GET /Top-5/public/pie-chart/js/flot/jquery.flot.resize.js HTTP/1.1" 200 1167 "-" "Apache Shindig"
127.0.0.1 - - [10/Oct/2014:00:02:26 +0530] "GET /Top-5/public/pie-chart/js/flot/flot-chart-core.js HTTP/1.1" 200 1885 "-" "Apache Shindig"
127.0.0.1 - - [10/Oct/2014:00:02:26 +0530] "GET /Top-5/public/pie-chart/pie-chart.xml HTTP/1.1" 200 1081 "-" "Apache Shindig"
127.0.0.1 - - [10/Oct/2014:00:02:26 +0530] "GET /Top-5/public/pie-chart/js/flot/jquery.flot.js HTTP/1.1" 200 26298 "-" "Apache Shindig"
0:0:0:0:0:0:0:1 - - [10/Oct/2014:00:02:26 +0530] "GET //gadgets/concat?container=default&gadget=https%3A%2F%2Flocalhost%3A9443%2FTestSite%2Fgadets%2FIDLE-MAILS%2Fpublic%2Fpie-chart%2Fpie-chart.xml&debug=1&nocache=1&type=css&1=https%3A%2F%2Flocalhost%3A9443%2FTestSite%2Fgadets%2FIDLE-MAILS%2Fpublic%2Fpie-chart%2Fcss%2Fflot-graph.css&2=https%3A%2F%2Flocalhost%3A9443%2FTestSite%2Fgadets%2FIDLE-MAILS%2Fpublic%2Fpie-chart%2Fcss%2Fstyle2.css&3=https%3A%2F%2Flocalhost%3A9443%2FTestSite%2Fgadets%2FIDLE-MAILS%2Fpublic%2Fpie-chart%2Fcss%2Fdrop_down.css&4=https%3A%2F%2Flocalhost%3A9443%2FTestSite%2Fgadets%2FIDLE-MAILS%2Fpublic%2Fpie-chart%2Fcss%2FdataTables.bootstrap.css&5=https%3A%2F%2Flocalhost%3A9443%2FTestSite%2Fgadets%2FIDLE-MAILS%2Fpublic%2Fpie-chart%2Fcss%2Fbootstrap.min.css HTTP/1.1" 200 17191 "https://localhost:9443//gadgets/ifr?url=https%3A%2F%2Flocalhost%3A9443%2FTestSite%2Fgadets%2FIDLE-MAILS%2Fpublic%2Fpie-chart%2Fpie-chart.xml&container=default&view=default&lang=en&country=US&debug=1&nocache=1&sanitize=0&v=d8213105a7083aec18c9bce3596dddd0&testmode=0&parent=https%3A%2F%2Flocalhost%3A9443&mid=0" "Mozilla/5.0 (Macintosh; Intel Mac OS X 10.9; rv:32.0) Gecko/20100101 Firefox/32.0"
127.0.0.1 - - [10/Oct/2014:00:02:26 +0530] "GET /Top-5/public/pie-chart/js/jquery.js HTTP/1.1" 200 81076 "-" "Apache Shindig"
127.0.0.1 - - [10/Oct/2014:00:02:26 +0530] "GET /TestSite/gadets/IDLE-MAILS/public/pie-chart/js/excanvas.min.js HTTP/1.1" 200 8433 "-" "Apache Shindig"
127.0.0.1 - - [10/Oct/2014:00:02:26 +0530] "GET /TestSite/gadets/IDLE-MAILS/public/pie-chart/js/flot/jquery.flot.resize.js HTTP/1.1" 200 1178 "-" "Apache Shindig"
127.0.0.1 - - [10/Oct/2014:00:02:26 +0530] "GET /TestSite/gadets/IDLE-MAILS/public/pie-chart/js/flot/jquery.flot.pie.js HTTP/1.1" 200 7094 "-" "Apache Shindig"
0:0:0:0:0:0:0:1 - - [10/Oct/2014:00:02:26 +0530] "GET //gadgets/concat?container=default&gadget=https%3A%2F%2Flocalhost%3A9443%2FTestSite%2Fgadets%2FTop-5-Groups%2Fpublic%2Fbar-chart%2Fbar-chart.xml&debug=1&nocache=1&type=css&1=https%3A%2F%2Flocalhost%3A9443%2FTestSite%2Fgadets%2FTop-5-Groups%2Fpublic%2Fbar-chart%2Fcss%2Fflot-graph.css&2=https%3A%2F%2Flocalhost%3A9443%2FTestSite%2Fgadets%2FTop-5-Groups%2Fpublic%2Fbar-chart%2Fcss%2Fbootstrap.min.css HTTP/1.1" 200 16297 "https://localhost:9443//gadgets/ifr?url=https%3A%2F%2Flocalhost%3A9443%2FTestSite%2Fgadets%2FTop-5-Groups%2Fpublic%2Fbar-chart%2Fbar-chart.xml&container=default&view=default&lang=en&country=US&debug=1&nocache=1&sanitize=0&v=d8213105a7083aec18c9bce3596dddd0&testmode=0&parent=https%3A%2F%2Flocalhost%3A9443&mid=0" "Mozilla/5.0 (Macintosh; Intel Mac OS X 10.9; rv:32.0) Gecko/20100101 Firefox/32.0"
127.0.0.1 - - [10/Oct/2014:00:02:26 +0530] "GET /TestSite/gadets/IDLE-MAILS/public/pie-chart/js/bootstrap.js HTTP/1.1" 200 10558 "-" "Apache Shindig"
127.0.0.1 - - [10/Oct/2014:00:02:26 +0530] "GET /TestSite/gadets/IDLE-MAILS/public/pie-chart/js/flot/flot-chart-core.js HTTP/1.1" 200 1070 "-" "Apache Shindig"
127.0.0.1 - - [10/Oct/2014:00:02:26 +0530] "GET /Top-5/public/pie-chart/pie-chart.xml HTTP/1.1" 200 1081 "-" "Apache Shindig"
127.0.0.1 - - [10/Oct/2014:00:02:26 +0530] "GET /TestSite/gadets/IDLE-MAILS/public/pie-chart/pie-chart.xml HTTP/1.1" 200 957 "-" "Apache Shindig"
127.0.0.1 - - [10/Oct/2014:00:02:26 +0530] "GET /TestSite/gadets/IDLE-MAILS/public/pie-chart/js/flot/jquery.flot.js HTTP/1.1" 200 26419 "-" "Apache Shindig"
127.0.0.1 - - [10/Oct/2014:00:02:26 +0530] "GET /TestSite/gadets/Top-5-Groups/public/bar-chart/js/flot/jquery.flot.axislabels.js HTTP/1.1" 200 919 "-" "Apache Shindig"
127.0.0.1 - - [10/Oct/2014:00:02:26 +0530] "GET /TestSite/gadets/Top-5-Groups/public/bar-chart/js/flot/jquery.flot.tickrotor.js HTTP/1.1" 200 2742 "-" "Apache Shindig"
0:0:0:0:0:0:0:1 - - [10/Oct/2014:00:02:26 +0530] "GET //gadgets/concat?container=default&gadget=https%3A%2F%2Flocalhost%3A9443%2FTestSite%2Fgadets%2FTop-5-interactive-NON-WSO2-individuals%2Fpublic%2Fhorizontal-bar-chart%2Fhorizontal-bar-chart.xml&debug=1&nocache=1&type=css&1=https%3A%2F%2Flocalhost%3A9443%2FTestSite%2Fgadets%2FTop-5-interactive-NON-WSO2-individuals%2Fpublic%2Fhorizontal-bar-chart%2Fcss%2Fflot-graph.css&2=https%3A%2F%2Flocalhost%3A9443%2FTestSite%2Fgadets%2FTop-5-interactive-NON-WSO2-individuals%2Fpublic%2Fhorizontal-bar-chart%2Fcss%2Fbootstrap.min.css HTTP/1.1" 200 16352 "https://localhost:9443//gadgets/ifr?url=https%3A%2F%2Flocalhost%3A9443%2FTestSite%2Fgadets%2FTop-5-interactive-NON-WSO2-individuals%2Fpublic%2Fhorizontal-bar-chart%2Fhorizontal-bar-chart.xml&container=default&view=default&lang=en&country=US&debug=1&nocache=1&sanitize=0&v=d8213105a7083aec18c9bce3596dddd0&testmode=0&parent=https%3A%2F%2Flocalhost%3A9443&mid=0" "Mozilla/5.0 (Macintosh; Intel Mac OS X 10.9; rv:32.0) Gecko/20100101 Firefox/32.0"
127.0.0.1 - - [10/Oct/2014:00:02:26 +0530] "GET /TestSite/gadets/Top-5-Groups/public/bar-chart/js/flot/flot-chart-core.js HTTP/1.1" 200 1620 "-" "Apache Shindig"
127.0.0.1 - - [10/Oct/2014:00:02:26 +0530] "GET /TestSite/gadets/Top-5-Groups/public/bar-chart/js/flot/jquery.flot.resize.js HTTP/1.1" 200 1178 "-" "Apache Shindig"
127.0.0.1 - - [10/Oct/2014:00:02:26 +0530] "GET /TestSite/gadets/Top-5-Groups/public/bar-chart/js/bootstrap.js HTTP/1.1" 200 10558 "-" "Apache Shindig"
127.0.0.1 - - [10/Oct/2014:00:02:26 +0530] "GET /TestSite/gadets/Top-5-Groups/public/bar-chart/js/excanvas.min.js HTTP/1.1" 200 8433 "-" "Apache Shindig"
127.0.0.1 - - [10/Oct/2014:00:02:26 +0530] "GET /TestSite/gadets/Top-5-Groups/public/bar-chart/js/flot/jquery.flot.selection.js HTTP/1.1" 200 3861 "-" "Apache Shindig"
127.0.0.1 - - [10/Oct/2014:00:02:26 +0530] "GET /Top-5/public/pie-chart/pie-chart.xml HTTP/1.1" 200 1081 "-" "Apache Shindig"
127.0.0.1 - - [10/Oct/2014:00:02:26 +0530] "GET /TestSite/gadets/IDLE-MAILS/public/pie-chart/js/jquery.js HTTP/1.1" 200 81076 "-" "Apache Shindig"
127.0.0.1 - - [10/Oct/2014:00:02:26 +0530] "GET /TestSite/gadets/Top-5-interactive-NON-WSO2-individuals/public/horizontal-bar-chart/js/excanvas.min.js HTTP/1.1" 200 8433 "-" "Apache Shindig"
127.0.0.1 - - [10/Oct/2014:00:02:26 +0530] "GET /TestSite/gadets/Top-5-Groups/public/bar-chart/bar-chart.xml HTTP/1.1" 200 1073 "-" "Apache Shindig"
127.0.0.1 - - [10/Oct/2014:00:02:26 +0530] "GET /TestSite/gadets/Top-5-interactive-NON-WSO2-individuals/public/horizontal-bar-chart/js/flot/jquery.flot.selection.js HTTP/1.1" 200 3861 "-" "Apache Shindig"
127.0.0.1 - - [10/Oct/2014:00:02:26 +0530] "GET /TestSite/gadets/Top-5-Groups/public/bar-chart/js/flot/jquery.flot.orderBars.js HTTP/1.1" 200 1790 "-" "Apache Shindig"
127.0.0.1 - - [10/Oct/2014:00:02:26 +0530] "GET /TestSite/gadets/Top-5-interactive-NON-WSO2-individuals/public/horizontal-bar-chart/js/bootstrap.js HTTP/1.1" 200 10558 "-" "Apache Shindig"
127.0.0.1 - - [10/Oct/2014:00:02:26 +0530] "GET /TestSite/gadets/Top-5-interactive-NON-WSO2-individuals/public/horizontal-bar-chart/js/flot/jquery.flot.js HTTP/1.1" 200 27483 "-" "Apache Shindig"
127.0.0.1 - - [10/Oct/2014:00:02:26 +0530] "GET /TestSite/gadets/Top-5-Groups/public/bar-chart/js/flot/jquery.flot.js HTTP/1.1" 200 27483 "-" "Apache Shindig"
127.0.0.1 - - [10/Oct/2014:00:02:26 +0530] "GET /Top-5/public/pie-chart/pie-chart.xml HTTP/1.1" 200 1081 "-" "Apache Shindig"
127.0.0.1 - - [10/Oct/2014:00:02:26 +0530] "GET /TestSite/gadets/Top-5-interactive-NON-WSO2-individuals/public/horizontal-bar-chart/js/flot/jquery.flot.orderBars.js HTTP/1.1" 200 1790 "-" "Apache Shindig"
127.0.0.1 - - [10/Oct/2014:00:02:26 +0530] "GET /TestSite/gadets/Top-5-interactive-NON-WSO2-individuals/public/horizontal-bar-chart/js/flot/jquery.flot.resize.js HTTP/1.1" 200 1178 "-" "Apache Shindig"
127.0.0.1 - - [10/Oct/2014:00:02:26 +0530] "GET /TestSite/gadets/Top-5-Groups/public/bar-chart/js/flot/jquery.flot.time.js HTTP/1.1" 200 3752 "-" "Apache Shindig"
127.0.0.1 - - [10/Oct/2014:00:02:26 +0530] "GET /TestSite/gadets/IDLE-MAILS/public/pie-chart/pie-chart.xml HTTP/1.1" 200 957 "-" "Apache Shindig"
127.0.0.1 - - [10/Oct/2014:00:02:26 +0530] "GET /TestSite/gadets/Top-5-interactive-NON-WSO2-individuals/public/horizontal-bar-chart/js/flot/flot-chart-core.js HTTP/1.1" 200 1620 "-" "Apache Shindig"
127.0.0.1 - - [10/Oct/2014:00:02:26 +0530] "GET /TestSite/gadets/Top-5-Groups/public/bar-chart/js/jquery.js HTTP/1.1" 200 81076 "-" "Apache Shindig"
127.0.0.1 - - [10/Oct/2014:00:02:26 +0530] "GET /TestSite/gadets/Top-5-interactive-NON-WSO2-individuals/public/horizontal-bar-chart/js/flot/jquery.flot.tickrotor.js HTTP/1.1" 200 2742 "-" "Apache Shindig"
127.0.0.1 - - [10/Oct/2014:00:02:26 +0530] "GET /TestSite/gadets/Top-5-interactive-NON-WSO2-individuals/public/horizontal-bar-chart/js/flot/jquery.flot.navigate.js HTTP/1.1" 200 4603 "-" "Apache Shindig"
127.0.0.1 - - [10/Oct/2014:00:02:26 +0530] "GET /TestSite/gadets/Top-5-interactive-NON-WSO2-individuals/public/horizontal-bar-chart/horizontal-bar-chart.xml HTTP/1.1" 200 1125 "-" "Apache Shindig"
127.0.0.1 - - [10/Oct/2014:00:02:26 +0530] "GET /Top-5/public/pie-chart/pie-chart.xml HTTP/1.1" 200 1081 "-" "Apache Shindig"
127.0.0.1 - - [10/Oct/2014:00:02:26 +0530] "GET /TestSite/gadets/Top-5-interactive-NON-WSO2-individuals/public/horizontal-bar-chart/js/flot/jquery.flot.axislabels.js HTTP/1.1" 200 919 "-" "Apache Shindig"
127.0.0.1 - - [10/Oct/2014:00:02:26 +0530] "GET /TestSite/gadets/IDLE-MAILS/public/pie-chart/pie-chart.xml HTTP/1.1" 200 957 "-" "Apache Shindig"
127.0.0.1 - - [10/Oct/2014:00:02:26 +0530] "GET /Top-5/public/pie-chart/pie-chart.xml HTTP/1.1" 200 1081 "-" "Apache Shindig"
127.0.0.1 - - [10/Oct/2014:00:02:26 +0530] "GET /TestSite/gadets/Top-5-interactive-NON-WSO2-individuals/public/horizontal-bar-chart/horizontal-bar-chart.xml HTTP/1.1" 200 1125 "-" "Apache Shindig"
127.0.0.1 - - [10/Oct/2014:00:02:26 +0530] "GET /TestSite/gadets/Top-5-Groups/public/bar-chart/bar-chart.xml HTTP/1.1" 200 1073 "-" "Apache Shindig"
127.0.0.1 - - [10/Oct/2014:00:02:26 +0530] "GET /TestSite/gadets/IDLE-MAILS/public/pie-chart/pie-chart.xml HTTP/1.1" 200 957 "-" "Apache Shindig"
127.0.0.1 - - [10/Oct/2014:00:02:26 +0530] "GET /TestSite/gadets/Top-5-interactive-NON-WSO2-individuals/public/horizontal-bar-chart/horizontal-bar-chart.xml HTTP/1.1" 200 1125 "-" "Apache Shindig"
127.0.0.1 - - [10/Oct/2014:00:02:26 +0530] "GET /Top-5/public/pie-chart/pie-chart.xml HTTP/1.1" 200 1081 "-" "Apache Shindig"
127.0.0.1 - - [10/Oct/2014:00:02:26 +0530] "GET /TestSite/gadets/Top-5-Groups/public/bar-chart/bar-chart.xml HTTP/1.1" 200 1073 "-" "Apache Shindig"
127.0.0.1 - - [10/Oct/2014:00:02:26 +0530] "GET /TestSite/gadets/Top-5-interactive-NON-WSO2-individuals/public/horizontal-bar-chart/js/jquery.js HTTP/1.1" 200 81076 "-" "Apache Shindig"
127.0.0.1 - - [10/Oct/2014:00:02:26 +0530] "GET /TestSite/gadets/Top-5-interactive-NON-WSO2-individuals/public/horizontal-bar-chart/horizontal-bar-chart.xml HTTP/1.1" 200 1125 "-" "Apache Shindig"
127.0.0.1 - - [10/Oct/2014:00:02:26 +0530] "GET /TestSite/gadets/IDLE-MAILS/public/pie-chart/pie-chart.xml HTTP/1.1" 200 957 "-" "Apache Shindig"
127.0.0.1 - - [10/Oct/2014:00:02:26 +0530] "GET /TestSite/gadets/Top-5-Groups/public/bar-chart/bar-chart.xml HTTP/1.1" 200 1073 "-" "Apache Shindig"
0:0:0:0:0:0:0:1 - - [10/Oct/2014:00:02:26 +0530] "GET //gadgets/concat?container=default&gadget=https%3A%2F%2Flocalhost%3A9443%2FTestSite%2Fgadets%2FTop-5-interactive-NON-WSO2-individuals%2Fpublic%2Fhorizontal-bar-chart%2Fhorizontal-bar-chart.xml&debug=1&nocache=1&type=js&1=https%3A%2F%2Flocalhost%3A9443%2FTestSite%2Fgadets%2FTop-5-interactive-NON-WSO2-individuals%2Fpublic%2Fhorizontal-bar-chart%2Fjs%2Fflot%2Fjquery.flot.axislabels.js&2=https%3A%2F%2Flocalhost%3A9443%2FTestSite%2Fgadets%2FTop-5-interactive-NON-WSO2-individuals%2Fpublic%2Fhorizontal-bar-chart%2Fjs%2Fflot%2Fjquery.flot.orderBars.js&3=https%3A%2F%2Flocalhost%3A9443%2FTestSite%2Fgadets%2FTop-5-interactive-NON-WSO2-individuals%2Fpublic%2Fhorizontal-bar-chart%2Fjs%2Fflot%2Fflot-chart-core.js HTTP/1.1" 200 4213 "https://localhost:9443//gadgets/ifr?url=https%3A%2F%2Flocalhost%3A9443%2FTestSite%2Fgadets%2FTop-5-interactive-NON-WSO2-individuals%2Fpublic%2Fhorizontal-bar-chart%2Fhorizontal-bar-chart.xml&container=default&view=default&lang=en&country=US&debug=1&nocache=1&sanitize=0&v=d8213105a7083aec18c9bce3596dddd0&testmode=0&parent=https%3A%2F%2Flocalhost%3A9443&mid=0" "Mozilla/5.0 (Macintosh; Intel Mac OS X 10.9; rv:32.0) Gecko/20100101 Firefox/32.0"
127.0.0.1 - - [10/Oct/2014:00:02:26 +0530] "GET /TestSite/gadets/Top-5-interactive-NON-WSO2-individuals/public/horizontal-bar-chart/horizontal-bar-chart.xml HTTP/1.1" 200 1125 "-" "Apache Shindig"
127.0.0.1 - - [10/Oct/2014:00:02:26 +0530] "GET /TestSite/gadets/IDLE-MAILS/public/pie-chart/pie-chart.xml HTTP/1.1" 200 957 "-" "Apache Shindig"
127.0.0.1 - - [10/Oct/2014:00:02:26 +0530] "GET /TestSite/gadets/Top-5-Groups/public/bar-chart/bar-chart.xml HTTP/1.1" 200 1073 "-" "Apache Shindig"
127.0.0.1 - - [10/Oct/2014:00:02:26 +0530] "GET /TestSite/gadets/IDLE-MAILS/public/pie-chart/pie-chart.xml HTTP/1.1" 200 957 "-" "Apache Shindig"
127.0.0.1 - - [10/Oct/2014:00:02:26 +0530] "GET /TestSite/gadets/Top-5-Groups/public/bar-chart/bar-chart.xml HTTP/1.1" 200 1073 "-" "Apache Shindig"
127.0.0.1 - - [10/Oct/2014:00:02:26 +0530] "GET /TestSite/gadets/Top-5-interactive-NON-WSO2-individuals/public/horizontal-bar-chart/horizontal-bar-chart.xml HTTP/1.1" 200 1125 "-" "Apache Shindig"
127.0.0.1 - - [10/Oct/2014:00:02:26 +0530] "GET /TestSite/gadets/Top-5-Groups/public/bar-chart/bar-chart.xml HTTP/1.1" 200 1073 "-" "Apache Shindig"
127.0.0.1 - - [10/Oct/2014:00:02:26 +0530] "GET /TestSite/gadets/Top-5-interactive-NON-WSO2-individuals/public/horizontal-bar-chart/horizontal-bar-chart.xml HTTP/1.1" 200 1125 "-" "Apache Shindig"
127.0.0.1 - - [10/Oct/2014:00:02:26 +0530] "GET /TestSite/gadets/Top-5-Groups/public/bar-chart/bar-chart.xml HTTP/1.1" 200 1073 "-" "Apache Shindig"
127.0.0.1 - - [10/Oct/2014:00:02:26 +0530] "GET /TestSite/gadets/Top-5-interactive-NON-WSO2-individuals/public/horizontal-bar-chart/horizontal-bar-chart.xml HTTP/1.1" 200 1125 "-" "Apache Shindig"
127.0.0.1 - - [10/Oct/2014:00:02:26 +0530] "GET /TestSite/gadets/Top-5-Groups/public/bar-chart/bar-chart.xml HTTP/1.1" 200 1073 "-" "Apache Shindig"
127.0.0.1 - - [10/Oct/2014:00:02:26 +0530] "GET /TestSite/gadets/Top-5-interactive-NON-WSO2-individuals/public/horizontal-bar-chart/horizontal-bar-chart.xml HTTP/1.1" 200 1125 "-" "Apache Shindig"
127.0.0.1 - - [10/Oct/2014:00:02:26 +0530] "GET /TestSite/gadets/Top-5-Groups/public/bar-chart/bar-chart.xml HTTP/1.1" 200 1073 "-" "Apache Shindig"
127.0.0.1 - - [10/Oct/2014:00:02:26 +0530] "GET /TestSite/gadets/Top-5-interactive-NON-WSO2-individuals/public/horizontal-bar-chart/horizontal-bar-chart.xml HTTP/1.1" 200 1125 "-" "Apache Shindig"
127.0.0.1 - - [10/Oct/2014:00:02:26 +0530] "GET /TestSite/gadets/Top-5-Groups/public/bar-chart/bar-chart.xml HTTP/1.1" 200 1073 "-" "Apache Shindig"
127.0.0.1 - - [10/Oct/2014:00:02:26 +0530] "GET /TestSite/gadets/Top-5-interactive-NON-WSO2-individuals/public/horizontal-bar-chart/horizontal-bar-chart.xml HTTP/1.1" 200 1125 "-" "Apache Shindig"
0:0:0:0:0:0:0:1 - - [10/Oct/2014:00:02:26 +0530] "GET //gadgets/concat?container=default&gadget=https%3A%2F%2Flocalhost%3A9443%2FTop-5%2Fpublic%2Fpie-chart%2Fpie-chart.xml&debug=1&nocache=1&type=js&1=https%3A%2F%2Flocalhost%3A9443%2FTop-5%2Fpublic%2Fpie-chart%2Fjs%2Fexcanvas.min.js&2=https%3A%2F%2Flocalhost%3A9443%2FTop-5%2Fpublic%2Fpie-chart%2Fjs%2Fjquery.js&3=https%3A%2F%2Flocalhost%3A9443%2FTop-5%2Fpublic%2Fpie-chart%2Fjs%2Fbootstrap.js&4=https%3A%2F%2Flocalhost%3A9443%2FTop-5%2Fpublic%2Fpie-chart%2Fjs%2Fflot%2Fjquery.flot.js&5=https%3A%2F%2Flocalhost%3A9443%2FTop-5%2Fpublic%2Fpie-chart%2Fjs%2Fflot%2Fjquery.flot.pie.js&6=https%3A%2F%2Flocalhost%3A9443%2FTop-5%2Fpublic%2Fpie-chart%2Fjs%2Fflot%2Fjquery.flot.resize.js&7=https%3A%2F%2Flocalhost%3A9443%2FTop-5%2Fpublic%2Fpie-chart%2Fjs%2Fflot%2Fflot-chart-core.js HTTP/1.1" 200 135012 "https://localhost:9443//gadgets/ifr?url=https%3A%2F%2Flocalhost%3A9443%2FTop-5%2Fpublic%2Fpie-chart%2Fpie-chart.xml&container=default&view=default&lang=en&country=US&debug=1&nocache=1&sanitize=0&v=d8213105a7083aec18c9bce3596dddd0&testmode=0&parent=https%3A%2F%2Flocalhost%3A9443&mid=0" "Mozilla/5.0 (Macintosh; Intel Mac OS X 10.9; rv:32.0) Gecko/20100101 Firefox/32.0"
0:0:0:0:0:0:0:1 - - [10/Oct/2014:00:02:26 +0530] "GET //gadgets/concat?container=default&gadget=https%3A%2F%2Flocalhost%3A9443%2FTestSite%2Fgadets%2FIDLE-MAILS%2Fpublic%2Fpie-chart%2Fpie-chart.xml&debug=1&nocache=1&type=js&1=https%3A%2F%2Flocalhost%3A9443%2FTestSite%2Fgadets%2FIDLE-MAILS%2Fpublic%2Fpie-chart%2Fjs%2Fexcanvas.min.js&2=https%3A%2F%2Flocalhost%3A9443%2FTestSite%2Fgadets%2FIDLE-MAILS%2Fpublic%2Fpie-chart%2Fjs%2Fjquery.js&3=https%3A%2F%2Flocalhost%3A9443%2FTestSite%2Fgadets%2FIDLE-MAILS%2Fpublic%2Fpie-chart%2Fjs%2Fbootstrap.js&4=https%3A%2F%2Flocalhost%3A9443%2FTestSite%2Fgadets%2FIDLE-MAILS%2Fpublic%2Fpie-chart%2Fjs%2Fflot%2Fjquery.flot.js&5=https%3A%2F%2Flocalhost%3A9443%2FTestSite%2Fgadets%2FIDLE-MAILS%2Fpublic%2Fpie-chart%2Fjs%2Fflot%2Fjquery.flot.pie.js&6=https%3A%2F%2Flocalhost%3A9443%2FTestSite%2Fgadets%2FIDLE-MAILS%2Fpublic%2Fpie-chart%2Fjs%2Fflot%2Fjquery.flot.resize.js&7=https%3A%2F%2Flocalhost%3A9443%2FTestSite%2Fgadets%2FIDLE-MAILS%2Fpublic%2Fpie-chart%2Fjs%2Fflot%2Fflot-chart-core.js HTTP/1.1" 200 134462 "https://localhost:9443//gadgets/ifr?url=https%3A%2F%2Flocalhost%3A9443%2FTestSite%2Fgadets%2FIDLE-MAILS%2Fpublic%2Fpie-chart%2Fpie-chart.xml&container=default&view=default&lang=en&country=US&debug=1&nocache=1&sanitize=0&v=d8213105a7083aec18c9bce3596dddd0&testmode=0&parent=https%3A%2F%2Flocalhost%3A9443&mid=0" "Mozilla/5.0 (Macintosh; Intel Mac OS X 10.9; rv:32.0) Gecko/20100101 Firefox/32.0"
